******************************************************************************
             TMS320C2000 Linker PC v6.2.7                      
******************************************************************************
>> Linked Sat Nov 01 22:45:49 2014

OUTPUT FILE NAME:   <guitarEffects.out>
ENTRY POINT SYMBOL: "_c_int00"  address: 00009fba


MEMORY CONFIGURATION

         name            origin    length      used     unused   attr    fill
----------------------  --------  ---------  --------  --------  ----  --------
PAGE 0:
  BEGIN                 00000000   00000002  00000002  00000000  RWIX
  BOOT_RSVD             00000002   0000004e  00000000  0000004e  RWIX
  RAMM0                 00000050   000003b0  000000d8  000002d8  RWIX
  RAML0                 00008000   00001000  00000004  00000ffc  RWIX
  RAML1                 00009000   00001000  00001000  00000000  RWIX
  RAML2                 0000a000   00001000  00000b7d  00000483  RWIX
  RAML3                 0000b000   00001000  00000000  00001000  RWIX
  ZONE7A                00200000   0000fc00  00000000  0000fc00  RWIX
  CSM_RSVD              0033ff80   00000076  00000000  00000076  RWIX
  CSM_PWL               0033fff8   00000008  00000000  00000008  RWIX
  ADC_CAL               00380080   00000009  00000007  00000002  RWIX
  IQTABLES              003fe000   00000b50  00000000  00000b50  RWIX
  IQTABLES2             003feb50   0000008c  00000000  0000008c  RWIX
  FPUTABLES             003febdc   000006a0  00000000  000006a0  RWIX
  BOOTROM               003ff27c   00000d44  00000000  00000d44  RWIX
  RESET                 003fffc0   00000002  00000000  00000002  RWIX

PAGE 1:
  RAMM1                 00000400   00000400  00000300  00000100  RWIX
  DEV_EMU               00000880   00000180  000000d0  000000b0  RWIX
  FLASH_REGS            00000a80   00000060  00000008  00000058  RWIX
  CSM                   00000ae0   00000010  00000010  00000000  RWIX
  ADC_MIRROR            00000b00   00000010  00000010  00000000  RWIX
  XINTF                 00000b20   00000020  0000001e  00000002  RWIX
  CPU_TIMER0            00000c00   00000008  00000008  00000000  RWIX
  CPU_TIMER1            00000c08   00000008  00000008  00000000  RWIX
  CPU_TIMER2            00000c10   00000008  00000008  00000000  RWIX
  PIE_CTRL              00000ce0   00000020  0000001a  00000006  RWIX
  PIE_VECT              00000d00   00000100  00000100  00000000  RWIX
  DMA                   00001000   00000200  000000e0  00000120  RWIX
  MCBSPA                00005000   00000040  00000025  0000001b  RWIX
  MCBSPB                00005040   00000040  00000025  0000001b  RWIX
  ECANA                 00006000   00000040  00000034  0000000c  RWIX
  ECANA_LAM             00006040   00000040  00000040  00000000  RWIX
  ECANA_MOTS            00006080   00000040  00000040  00000000  RWIX
  ECANA_MOTO            000060c0   00000040  00000040  00000000  RWIX
  ECANA_MBOX            00006100   00000100  00000100  00000000  RWIX
  ECANB                 00006200   00000040  00000034  0000000c  RWIX
  ECANB_LAM             00006240   00000040  00000040  00000000  RWIX
  ECANB_MOTS            00006280   00000040  00000040  00000000  RWIX
  ECANB_MOTO            000062c0   00000040  00000040  00000000  RWIX
  ECANB_MBOX            00006300   00000100  00000100  00000000  RWIX
  EPWM1                 00006800   00000022  00000022  00000000  RWIX
  EPWM2                 00006840   00000022  00000022  00000000  RWIX
  EPWM3                 00006880   00000022  00000022  00000000  RWIX
  EPWM4                 000068c0   00000022  00000022  00000000  RWIX
  EPWM5                 00006900   00000022  00000022  00000000  RWIX
  EPWM6                 00006940   00000022  00000022  00000000  RWIX
  ECAP1                 00006a00   00000020  00000020  00000000  RWIX
  ECAP2                 00006a20   00000020  00000020  00000000  RWIX
  ECAP3                 00006a40   00000020  00000020  00000000  RWIX
  ECAP4                 00006a60   00000020  00000020  00000000  RWIX
  ECAP5                 00006a80   00000020  00000020  00000000  RWIX
  ECAP6                 00006aa0   00000020  00000020  00000000  RWIX
  EQEP1                 00006b00   00000040  00000040  00000000  RWIX
  EQEP2                 00006b40   00000040  00000040  00000000  RWIX
  GPIOCTRL              00006f80   00000040  0000002e  00000012  RWIX
  GPIODAT               00006fc0   00000020  00000020  00000000  RWIX
  GPIOINT               00006fe0   00000020  0000000a  00000016  RWIX
  SYSTEM                00007010   00000020  00000020  00000000  RWIX
  SPIA                  00007040   00000010  00000010  00000000  RWIX
  SCIA                  00007050   00000010  00000010  00000000  RWIX
  XINTRUPT              00007070   00000010  00000010  00000000  RWIX
  ADC                   00007100   00000020  0000001e  00000002  RWIX
  SCIB                  00007750   00000010  00000010  00000000  RWIX
  SCIC                  00007770   00000010  00000010  00000000  RWIX
  I2CA                  00007900   00000040  00000022  0000001e  RWIX
  RAML4                 0000c000   00001000  00000d36  000002ca  RWIX
  RAML5                 0000d000   00001000  00000100  00000f00  RWIX
  RAML6                 0000e000   00001000  00000000  00001000  RWIX
  RAML7                 0000f000   00001000  00000000  00001000  RWIX
  ZONE7B                0020fc00   00000400  00000000  00000400  RWIX
  CSM_PWL               0033fff8   00000008  00000008  00000000  RWIX
  PARTID                00380090   00000001  00000001  00000000  RWIX


SECTION ALLOCATION MAP

 output                                  attributes/
section   page    origin      length       input sections
--------  ----  ----------  ----------   ----------------
codestart 
*          0    00000000    00000002     
                  00000000    00000002     DSP2833x_CodeStartBranch.obj (codestart)

.cinit     0    00000050    000000d8     
                  00000050    0000009f     main.obj (.cinit)
                  000000ef    00000017     lowpass.obj (.cinit)
                  00000106    0000000a     rts2800_fpu32.lib : _lock.obj (.cinit)
                  00000110    0000000a                       : exit.obj (.cinit)
                  0000011a    00000004     effect.obj (.cinit)
                  0000011e    00000004     rts2800_fpu32.lib : errno.obj (.cinit)
                  00000122    00000004                       : memory.obj (.cinit)
                  00000126    00000002     --HOLE-- [fill = 0]

ramfuncs   0    00008000    00000004     
                  00008000    00000004     DSP2833x_usDelay.obj (ramfuncs)

.text.1    0    00009000    00001000     
                  00009000    000003ec     main.obj (.text:retain)
                  000093ec    00000381     lcd.obj (.text)
                  0000976d    00000345     DSP2833x_DefaultIsr.obj (.text:retain)
                  00009ab2    000001c0     effect.obj (.text)
                  00009c72    0000015a     DSP2833x_Mcbsp.obj (.text)
                  00009dcc    00000150     bp_iir.obj (.text)
                  00009f1c    0000009e     RFFT_adc_f32u.obj (.text)
                  00009fba    00000046     rts2800_fpu32.lib : boot.obj (.text)

.data      0    0000a000    00000000     UNINITIALIZED

.text.2    0    0000a000    00000b7d     
                  0000a000    00000138     C28x_FPU_Lib.lib : RFFT_adc_f32.obj (.text)
                  0000a138    00000125     main.obj (.text)
                  0000a25d    00000119     sys.obj (.text)
                  0000a376    00000115     autoWah.obj (.text)
                  0000a48b    000000f7     DSP2833x_SysCtrl.obj (.text)
                  0000a582    00000089     spi.obj (.text)
                  0000a60b    00000088     rts2800_fpu32.lib : fs_div.obj (.text)
                  0000a693    00000078     eeprom.obj (.text)
                  0000a70b    00000076     effect.obj (.text:retain)
                  0000a781    00000074     DSP2833x_CpuTimers.obj (.text)
                  0000a7f5    00000068     rts2800_fpu32.lib : exp.obj (.text)
                  0000a85d    00000061                       : cos.obj (.text)
                  0000a8be    00000061                       : tan.obj (.text)
                  0000a91f    0000005a                       : pow.obj (.text)
                  0000a979    00000050                       : _log.obj (.text)
                  0000a9c9    00000031                       : ldexp.obj (.text)
                  0000a9fa    0000002e                       : fmod.obj (.text)
                  0000aa28    0000002d     adc.obj (.text)
                  0000aa55    00000028     DSP2833x_PieCtrl.obj (.text)
                  0000aa7d    00000001     --HOLE-- [fill = 0]
                  0000aa7e    00000023     rts2800_fpu32.lib : sqrt.obj (.text)
                  0000aaa1    00000022                       : i_div.obj (.text)
                  0000aac3    0000001a                       : modf.obj (.text)
                  0000aadd    00000019     DSP2833x_Spi.obj (.text)
                  0000aaf6    00000019     rts2800_fpu32.lib : args_main.obj (.text)
                  0000ab0f    00000019                       : exit.obj (.text)
                  0000ab28    00000017     DSP2833x_I2C.obj (.text)
                  0000ab3f    00000016     rts2800_fpu32.lib : frexp.obj (.text)
                  0000ab55    00000014     DSP2833x_Adc.obj (.text)
                  0000ab69    00000009     rts2800_fpu32.lib : _lock.obj (.text)
                  0000ab72    00000008     DSP2833x_CodeStartBranch.obj (.text)
                  0000ab7a    00000003     DSP2833x_DBGIER.obj (.text)

.bss       0    0000b000    00000000     UNINITIALIZED

csm_rsvd   0    0033ff80    00000000     DSECT

csmpasswds 
*          0    0033fff8    00000000     DSECT

.adc_cal   0    00380080    00000007     NOLOAD SECTION
                  00380080    00000007     DSP2833x_ADC_cal.obj (.adc_cal)

.reset     0    003fffc0    00000002     DSECT
                  003fffc0    00000002     rts2800_fpu32.lib : boot.obj (.reset)

.stack     1    00000400    00000300     UNINITIALIZED
                  00000400    00000300     --HOLE--

DevEmuRegsFile 
*          1    00000880    000000d0     UNINITIALIZED
                  00000880    000000d0     DSP2833x_GlobalVariableDefs.obj (DevEmuRegsFile)

FlashRegsFile 
*          1    00000a80    00000008     UNINITIALIZED
                  00000a80    00000008     DSP2833x_GlobalVariableDefs.obj (FlashRegsFile)

CsmRegsFile 
*          1    00000ae0    00000010     UNINITIALIZED
                  00000ae0    00000010     DSP2833x_GlobalVariableDefs.obj (CsmRegsFile)

AdcMirrorFile 
*          1    00000b00    00000010     UNINITIALIZED
                  00000b00    00000010     DSP2833x_GlobalVariableDefs.obj (AdcMirrorFile)

XintfRegsFile 
*          1    00000b20    0000001e     UNINITIALIZED
                  00000b20    0000001e     DSP2833x_GlobalVariableDefs.obj (XintfRegsFile)

CpuTimer0RegsFile 
*          1    00000c00    00000008     UNINITIALIZED
                  00000c00    00000008     DSP2833x_GlobalVariableDefs.obj (CpuTimer0RegsFile)

CpuTimer1RegsFile 
*          1    00000c08    00000008     UNINITIALIZED
                  00000c08    00000008     DSP2833x_GlobalVariableDefs.obj (CpuTimer1RegsFile)

CpuTimer2RegsFile 
*          1    00000c10    00000008     UNINITIALIZED
                  00000c10    00000008     DSP2833x_GlobalVariableDefs.obj (CpuTimer2RegsFile)

PieCtrlRegsFile 
*          1    00000ce0    0000001a     UNINITIALIZED
                  00000ce0    0000001a     DSP2833x_GlobalVariableDefs.obj (PieCtrlRegsFile)

PieVectTableFile 
*          1    00000d00    00000100     UNINITIALIZED
                  00000d00    00000100     DSP2833x_GlobalVariableDefs.obj (PieVectTableFile)

DmaRegsFile 
*          1    00001000    000000e0     UNINITIALIZED
                  00001000    000000e0     DSP2833x_GlobalVariableDefs.obj (DmaRegsFile)

McbspaRegsFile 
*          1    00005000    00000025     UNINITIALIZED
                  00005000    00000025     DSP2833x_GlobalVariableDefs.obj (McbspaRegsFile)

McbspbRegsFile 
*          1    00005040    00000025     UNINITIALIZED
                  00005040    00000025     DSP2833x_GlobalVariableDefs.obj (McbspbRegsFile)

ECanaRegsFile 
*          1    00006000    00000034     UNINITIALIZED
                  00006000    00000034     DSP2833x_GlobalVariableDefs.obj (ECanaRegsFile)

ECanaLAMRegsFile 
*          1    00006040    00000040     UNINITIALIZED
                  00006040    00000040     DSP2833x_GlobalVariableDefs.obj (ECanaLAMRegsFile)

ECanaMOTSRegsFile 
*          1    00006080    00000040     UNINITIALIZED
                  00006080    00000040     DSP2833x_GlobalVariableDefs.obj (ECanaMOTSRegsFile)

ECanaMOTORegsFile 
*          1    000060c0    00000040     UNINITIALIZED
                  000060c0    00000040     DSP2833x_GlobalVariableDefs.obj (ECanaMOTORegsFile)

ECanaMboxesFile 
*          1    00006100    00000100     UNINITIALIZED
                  00006100    00000100     DSP2833x_GlobalVariableDefs.obj (ECanaMboxesFile)

ECanbRegsFile 
*          1    00006200    00000034     UNINITIALIZED
                  00006200    00000034     DSP2833x_GlobalVariableDefs.obj (ECanbRegsFile)

ECanbLAMRegsFile 
*          1    00006240    00000040     UNINITIALIZED
                  00006240    00000040     DSP2833x_GlobalVariableDefs.obj (ECanbLAMRegsFile)

ECanbMOTSRegsFile 
*          1    00006280    00000040     UNINITIALIZED
                  00006280    00000040     DSP2833x_GlobalVariableDefs.obj (ECanbMOTSRegsFile)

ECanbMOTORegsFile 
*          1    000062c0    00000040     UNINITIALIZED
                  000062c0    00000040     DSP2833x_GlobalVariableDefs.obj (ECanbMOTORegsFile)

ECanbMboxesFile 
*          1    00006300    00000100     UNINITIALIZED
                  00006300    00000100     DSP2833x_GlobalVariableDefs.obj (ECanbMboxesFile)

EPwm1RegsFile 
*          1    00006800    00000022     UNINITIALIZED
                  00006800    00000022     DSP2833x_GlobalVariableDefs.obj (EPwm1RegsFile)

EPwm2RegsFile 
*          1    00006840    00000022     UNINITIALIZED
                  00006840    00000022     DSP2833x_GlobalVariableDefs.obj (EPwm2RegsFile)

EPwm3RegsFile 
*          1    00006880    00000022     UNINITIALIZED
                  00006880    00000022     DSP2833x_GlobalVariableDefs.obj (EPwm3RegsFile)

EPwm4RegsFile 
*          1    000068c0    00000022     UNINITIALIZED
                  000068c0    00000022     DSP2833x_GlobalVariableDefs.obj (EPwm4RegsFile)

EPwm5RegsFile 
*          1    00006900    00000022     UNINITIALIZED
                  00006900    00000022     DSP2833x_GlobalVariableDefs.obj (EPwm5RegsFile)

EPwm6RegsFile 
*          1    00006940    00000022     UNINITIALIZED
                  00006940    00000022     DSP2833x_GlobalVariableDefs.obj (EPwm6RegsFile)

ECap1RegsFile 
*          1    00006a00    00000020     UNINITIALIZED
                  00006a00    00000020     DSP2833x_GlobalVariableDefs.obj (ECap1RegsFile)

ECap2RegsFile 
*          1    00006a20    00000020     UNINITIALIZED
                  00006a20    00000020     DSP2833x_GlobalVariableDefs.obj (ECap2RegsFile)

ECap3RegsFile 
*          1    00006a40    00000020     UNINITIALIZED
                  00006a40    00000020     DSP2833x_GlobalVariableDefs.obj (ECap3RegsFile)

ECap4RegsFile 
*          1    00006a60    00000020     UNINITIALIZED
                  00006a60    00000020     DSP2833x_GlobalVariableDefs.obj (ECap4RegsFile)

ECap5RegsFile 
*          1    00006a80    00000020     UNINITIALIZED
                  00006a80    00000020     DSP2833x_GlobalVariableDefs.obj (ECap5RegsFile)

ECap6RegsFile 
*          1    00006aa0    00000020     UNINITIALIZED
                  00006aa0    00000020     DSP2833x_GlobalVariableDefs.obj (ECap6RegsFile)

EQep1RegsFile 
*          1    00006b00    00000040     UNINITIALIZED
                  00006b00    00000040     DSP2833x_GlobalVariableDefs.obj (EQep1RegsFile)

EQep2RegsFile 
*          1    00006b40    00000040     UNINITIALIZED
                  00006b40    00000040     DSP2833x_GlobalVariableDefs.obj (EQep2RegsFile)

GpioCtrlRegsFile 
*          1    00006f80    0000002e     UNINITIALIZED
                  00006f80    0000002e     DSP2833x_GlobalVariableDefs.obj (GpioCtrlRegsFile)

GpioDataRegsFile 
*          1    00006fc0    00000020     UNINITIALIZED
                  00006fc0    00000020     DSP2833x_GlobalVariableDefs.obj (GpioDataRegsFile)

GpioIntRegsFile 
*          1    00006fe0    0000000a     UNINITIALIZED
                  00006fe0    0000000a     DSP2833x_GlobalVariableDefs.obj (GpioIntRegsFile)

SysCtrlRegsFile 
*          1    00007010    00000020     UNINITIALIZED
                  00007010    00000020     DSP2833x_GlobalVariableDefs.obj (SysCtrlRegsFile)

SpiaRegsFile 
*          1    00007040    00000010     UNINITIALIZED
                  00007040    00000010     DSP2833x_GlobalVariableDefs.obj (SpiaRegsFile)

SciaRegsFile 
*          1    00007050    00000010     UNINITIALIZED
                  00007050    00000010     DSP2833x_GlobalVariableDefs.obj (SciaRegsFile)

XIntruptRegsFile 
*          1    00007070    00000010     UNINITIALIZED
                  00007070    00000010     DSP2833x_GlobalVariableDefs.obj (XIntruptRegsFile)

AdcRegsFile 
*          1    00007100    0000001e     UNINITIALIZED
                  00007100    0000001e     DSP2833x_GlobalVariableDefs.obj (AdcRegsFile)

ScibRegsFile 
*          1    00007750    00000010     UNINITIALIZED
                  00007750    00000010     DSP2833x_GlobalVariableDefs.obj (ScibRegsFile)

ScicRegsFile 
*          1    00007770    00000010     UNINITIALIZED
                  00007770    00000010     DSP2833x_GlobalVariableDefs.obj (ScicRegsFile)

I2caRegsFile 
*          1    00007900    00000022     UNINITIALIZED
                  00007900    00000022     DSP2833x_GlobalVariableDefs.obj (I2caRegsFile)

.ebss      1    0000c000    00000936     UNINITIALIZED
                  0000c000    000004b0     bp_iir.obj (.ebss)
                  0000c4b0    00000008     rts2800_fpu32.lib : memory.obj (.ebss)
                  0000c4b8    00000004     lcd.obj (.ebss)
                  0000c4bc    00000004     rts2800_fpu32.lib : _lock.obj (.ebss)
                  0000c4c0    000003a6     main.obj (.ebss)
                  0000c866    00000018     DSP2833x_CpuTimers.obj (.ebss)
                  0000c87e    00000001     rts2800_fpu32.lib : errno.obj (.ebss)
                  0000c87f    00000001     --HOLE--
                  0000c880    0000005a     effect.obj (.ebss)
                  0000c8da    00000014     lowpass.obj (.ebss)
                  0000c8ee    00000004     rts2800_fpu32.lib : exit.obj (.ebss)
                  0000c8f2    0000000e     --HOLE--
                  0000c900    00000036     autoWah.obj (.ebss)

.sysmem    1    0000c936    00000400     UNINITIALIZED
                  0000c936    00000001     rts2800_fpu32.lib : memory.obj (.sysmem)
                  0000c937    000003ff     --HOLE--

.econst    1    0000d000    00000100     
                  0000d000    00000100     DSP2833x_PieVect.obj (.econst)

CsmPwlFile 
*          1    0033fff8    00000008     UNINITIALIZED
                  0033fff8    00000008     DSP2833x_GlobalVariableDefs.obj (CsmPwlFile)

PartIdRegsFile 
*          1    00380090    00000001     UNINITIALIZED
                  00380090    00000001     DSP2833x_GlobalVariableDefs.obj (PartIdRegsFile)


GLOBAL DATA SYMBOLS: SORTED BY DATA PAGE

address     data page           name
--------    ----------------    ----
00000400      10 (00000400)     __stack

00000880      22 (00000880)     _DevEmuRegs

00000a80      2a (00000a80)     _FlashRegs

00000ae0      2b (00000ac0)     _CsmRegs

00000b00      2c (00000b00)     _AdcMirror
00000b20      2c (00000b00)     _XintfRegs

00000c00      30 (00000c00)     _CpuTimer0Regs
00000c08      30 (00000c00)     _CpuTimer1Regs
00000c10      30 (00000c00)     _CpuTimer2Regs

00000ce0      33 (00000cc0)     _PieCtrlRegs

00000d00      34 (00000d00)     _PieVectTable

00001000      40 (00001000)     _DmaRegs

00005000     140 (00005000)     _McbspaRegs

00005040     141 (00005040)     _McbspbRegs

00006000     180 (00006000)     _ECanaRegs

00006040     181 (00006040)     _ECanaLAMRegs

00006080     182 (00006080)     _ECanaMOTSRegs

000060c0     183 (000060c0)     _ECanaMOTORegs

00006100     184 (00006100)     _ECanaMboxes

00006200     188 (00006200)     _ECanbRegs

00006240     189 (00006240)     _ECanbLAMRegs

00006280     18a (00006280)     _ECanbMOTSRegs

000062c0     18b (000062c0)     _ECanbMOTORegs

00006300     18c (00006300)     _ECanbMboxes

00006800     1a0 (00006800)     _EPwm1Regs

00006840     1a1 (00006840)     _EPwm2Regs

00006880     1a2 (00006880)     _EPwm3Regs

000068c0     1a3 (000068c0)     _EPwm4Regs

00006900     1a4 (00006900)     _EPwm5Regs

00006940     1a5 (00006940)     _EPwm6Regs

00006a00     1a8 (00006a00)     _ECap1Regs
00006a20     1a8 (00006a00)     _ECap2Regs

00006a40     1a9 (00006a40)     _ECap3Regs
00006a60     1a9 (00006a40)     _ECap4Regs

00006a80     1aa (00006a80)     _ECap5Regs
00006aa0     1aa (00006a80)     _ECap6Regs

00006b00     1ac (00006b00)     _EQep1Regs

00006b40     1ad (00006b40)     _EQep2Regs

00006f80     1be (00006f80)     _GpioCtrlRegs

00006fc0     1bf (00006fc0)     _GpioDataRegs
00006fe0     1bf (00006fc0)     _GpioIntRegs

00007010     1c0 (00007000)     _SysCtrlRegs

00007040     1c1 (00007040)     _SpiaRegs
00007050     1c1 (00007040)     _SciaRegs
00007070     1c1 (00007040)     _XIntruptRegs

00007100     1c4 (00007100)     _AdcRegs

00007750     1dd (00007740)     _ScibRegs
00007770     1dd (00007740)     _ScicRegs

00007900     1e4 (00007900)     _I2caRegs

0000c4b8     312 (0000c480)     _tunerScreen
0000c4b9     312 (0000c480)     _currentPreset
0000c4ba     312 (0000c480)     _numInMainDisplay
0000c4bb     312 (0000c480)     _presetScreen
0000c4bc     312 (0000c480)     __unlock
0000c4be     312 (0000c480)     __lock

0000c4c0     313 (0000c4c0)     _updateCode
0000c4c1     313 (0000c4c0)     _updateLcd
0000c4c2     313 (0000c4c0)     _sysStart
0000c4c3     313 (0000c4c0)     _newLevel
0000c4c4     313 (0000c4c0)     _updateChange
0000c4c5     313 (0000c4c0)     _oldLevel
0000c4c6     313 (0000c4c0)     _indexToToggle
0000c4c7     313 (0000c4c0)     _tuner
0000c4c8     313 (0000c4c0)     _toggle
0000c4c9     313 (0000c4c0)     _currentChangeScreen
0000c4ca     313 (0000c4c0)     _resetTimer
0000c4cb     313 (0000c4c0)     _effectToToggle
0000c4cc     313 (0000c4c0)     _preset
0000c4cd     313 (0000c4c0)     _volumeLevel
0000c4ce     313 (0000c4c0)     _reverbLevel
0000c4cf     313 (0000c4c0)     _numQueued
0000c4d0     313 (0000c4c0)     _bassLevel
0000c4d1     313 (0000c4c0)     _midLevel
0000c4d2     313 (0000c4c0)     _tremoloLevel
0000c4d3     313 (0000c4c0)     _trebleLevel
0000c4d4     313 (0000c4c0)     _volumeChange
0000c4d5     313 (0000c4c0)     _bassChange
0000c4d6     313 (0000c4c0)     _midChange
0000c4d7     313 (0000c4c0)     _chorusLevel
0000c4d8     313 (0000c4c0)     _delayLevel
0000c4d9     313 (0000c4c0)     _trebleChange
0000c4da     313 (0000c4c0)     _flangeLevel
0000c4db     313 (0000c4c0)     _save
0000c4dc     313 (0000c4c0)     _reverbChange
0000c4dd     313 (0000c4c0)     _updateVolume
0000c4de     313 (0000c4c0)     _delayChange
0000c4df     313 (0000c4c0)     _flangeChange
0000c4e0     313 (0000c4c0)     _tremoloChange
0000c4e1     313 (0000c4c0)     _chorusChange
0000c4e2     313 (0000c4c0)     _load
0000c4e3     313 (0000c4c0)     _newVolumeLevel
0000c4e4     313 (0000c4c0)     _presetNumber
0000c4e5     313 (0000c4c0)     _location
0000c4ef     313 (0000c4c0)     _adcVals

0000c500     314 (0000c500)     _mainDisplay
0000c50a     314 (0000c500)     _on_off
0000c514     314 (0000c500)     _pipeline
0000c528     314 (0000c500)     _list

0000c866     321 (0000c840)     _CpuTimer1
0000c86e     321 (0000c840)     _CpuTimer2
0000c876     321 (0000c840)     _CpuTimer0
0000c87e     321 (0000c840)     _errno

0000c880     322 (0000c880)     _readDone
0000c881     322 (0000c880)     _Error
0000c882     322 (0000c880)     _writeDone
0000c884     322 (0000c880)     _CurrentMsgPtr
0000c886     322 (0000c880)     _adcVal
0000c88b     322 (0000c880)     _messageOut
0000c8a0     322 (0000c880)     _messageIn

0000c8c0     323 (0000c8c0)     _returnArray
0000c8da     323 (0000c8c0)     _lowpass_coefficients
0000c8ee     323 (0000c8c0)     ___TI_cleanup_ptr
0000c8f0     323 (0000c8c0)     ___TI_dtors_ptr

0000c908     324 (0000c900)     _x
0000c90e     324 (0000c900)     _y
0000c936     324 (0000c900)     __sys_memory

0000d000     340 (0000d000)     _PieVectTableInit

0033fff8    cfff (0033ffc0)     _CsmPwl

00380090    e002 (00380080)     _PartIdRegs


GLOBAL SYMBOLS: SORTED ALPHABETICALLY BY Name 

address    name
--------   ----
0000b000   .bss
0000a000   .data
ffffffff   .text
0000ab0f   C$$EXIT
0000a60b   FS$$DIV
0000aaa1   I$$DIV
0000aab2   I$$MOD
00009853   _ADCINT_ISR
00380080   _ADC_cal
00000b00   _AdcMirror
00007100   _AdcRegs
0000a376   _AutoWah_init
0000a3f8   _AutoWah_process
0000a409   _AutoWah_sweep
0000a7ba   _ConfigCpuTimer
0000c876   _CpuTimer0
00000c00   _CpuTimer0Regs
0000c866   _CpuTimer1
00000c08   _CpuTimer1Regs
0000c86e   _CpuTimer2
00000c10   _CpuTimer2Regs
0033fff8   _CsmPwl
00000ae0   _CsmRegs
0000a551   _CsmUnlock
0000c884   _CurrentMsgPtr
00009781   _DATALOG_ISR
000099a4   _DINTCH1_ISR
000099ae   _DINTCH2_ISR
000099b8   _DINTCH3_ISR
000099c2   _DINTCH4_ISR
000099cc   _DINTCH5_ISR
000099d6   _DINTCH6_ISR
00008000   _DSP28x_usDelay
00000880   _DevEmuRegs
0000a49e   _DisableDog
00001000   _DmaRegs
00009a30   _ECAN0INTA_ISR
00009a44   _ECAN0INTB_ISR
00009a3a   _ECAN1INTA_ISR
00009a4e   _ECAN1INTB_ISR
000098ec   _ECAP1_INT_ISR
000098f6   _ECAP2_INT_ISR
00009900   _ECAP3_INT_ISR
0000990a   _ECAP4_INT_ISR
00009914   _ECAP5_INT_ISR
0000991e   _ECAP6_INT_ISR
00006040   _ECanaLAMRegs
000060c0   _ECanaMOTORegs
00006080   _ECanaMOTSRegs
00006100   _ECanaMboxes
00006000   _ECanaRegs
00006240   _ECanbLAMRegs
000062c0   _ECanbMOTORegs
00006280   _ECanbMOTSRegs
00006300   _ECanbMboxes
00006200   _ECanbRegs
00006a00   _ECap1Regs
00006a20   _ECap2Regs
00006a40   _ECap3Regs
00006a60   _ECap4Regs
00006a80   _ECap5Regs
00006aa0   _ECap6Regs
00009795   _EMUINT_ISR
000098b0   _EPWM1_INT_ISR
00009874   _EPWM1_TZINT_ISR
000098ba   _EPWM2_INT_ISR
0000987e   _EPWM2_TZINT_ISR
000098c4   _EPWM3_INT_ISR
00009888   _EPWM3_TZINT_ISR
000098ce   _EPWM4_INT_ISR
00009892   _EPWM4_TZINT_ISR
000098d8   _EPWM5_INT_ISR
0000989c   _EPWM5_TZINT_ISR
000098e2   _EPWM6_INT_ISR
000098a6   _EPWM6_TZINT_ISR
00006800   _EPwm1Regs
00006840   _EPwm2Regs
00006880   _EPwm3Regs
000068c0   _EPwm4Regs
00006900   _EPwm5Regs
00006940   _EPwm6Regs
00009928   _EQEP1_INT_ISR
00009932   _EQEP2_INT_ISR
00006b00   _EQep1Regs
00006b40   _EQep2Regs
0000aa74   _EnableInterrupts
0000c881   _Error
00000a80   _FlashRegs
00006f80   _GpioCtrlRegs
00006fc0   _GpioDataRegs
00006fe0   _GpioIntRegs
0000a693   _I2CA_Init
0000a6d9   _I2CA_ReadData
0000a6a6   _I2CA_WriteData
000099e0   _I2CINT1A_ISR
000099ea   _I2CINT2A_ISR
00007900   _I2caRegs
000097a9   _ILLEGAL_ISR
0000976d   _INT13_ISR
00009777   _INT14_ISR
0000ab55   _InitAdc
0000a781   _InitCpuTimers
0000ab28   _InitI2C
0000ab29   _InitI2CGpio
00009c72   _InitMcbsp
00009d4b   _InitMcbspGpio
00009c77   _InitMcbspa
00009cd6   _InitMcbspa12bit
00009ce1   _InitMcbspa16bit
00009cec   _InitMcbspa20bit
00009cf7   _InitMcbspa24bit
00009d02   _InitMcbspa32bit
00009ccf   _InitMcbspa8bit
00009d50   _InitMcbspaGpio
00009ca3   _InitMcbspb
00009d14   _InitMcbspb12bit
00009d1f   _InitMcbspb16bit
00009d2a   _InitMcbspb20bit
00009d35   _InitMcbspb24bit
00009d40   _InitMcbspb32bit
00009d0d   _InitMcbspb8bit
00009d8a   _InitMcbspbGpio
0000a4f6   _InitPeripheralClocks
0000aa55   _InitPieCtrl
0000a4a6   _InitPll
0000aadd   _InitSpi
0000aade   _InitSpiGpio
0000aae1   _InitSpiaGpio
0000a48b   _InitSysCtrl
00009a94   _LUF_ISR
00009a8a   _LVF_ISR
00009979   _MRINTA_ISR
00009950   _MRINTB_ISR
0000998a   _MXINTA_ISR
00009967   _MXINTB_ISR
00005000   _McbspaRegs
00005040   _McbspbRegs
0000979f   _NMI_ISR
00009a9e   _PIE_RESERVED
00380090   _PartIdRegs
00000ce0   _PieCtrlRegs
00000d00   _PieVectTable
0000d000   _PieVectTableInit
0000a000   _RFFT_adc_f32
00009f1c   _RFFT_adc_f32u
0000978b   _RTOSINT_ISR
00009a08   _SCIRXINTA_ISR
00009a1c   _SCIRXINTB_ISR
000099f4   _SCIRXINTC_ISR
00009a12   _SCITXINTA_ISR
00009a26   _SCITXINTB_ISR
000099fe   _SCITXINTC_ISR
0000982b   _SEQ1INT_ISR
00009835   _SEQ2INT_ISR
0000993c   _SPIRXINTA_ISR
00009946   _SPITXINTA_ISR
00007050   _SciaRegs
00007750   _ScibRegs
00007770   _ScicRegs
0000a494   _ServiceDog
0000ab7a   _SetDBGIER
00007040   _SpiaRegs
00007010   _SysCtrlRegs
0000985d   _TINT0_ISR
0000980d   _USER10_ISR
00009817   _USER11_ISR
00009821   _USER12_ISR
000097b3   _USER1_ISR
000097bd   _USER2_ISR
000097c7   _USER3_ISR
000097d1   _USER4_ISR
000097db   _USER5_ISR
000097e5   _USER6_ISR
000097ef   _USER7_ISR
000097f9   _USER8_ISR
00009803   _USER9_ISR
00009867   _WAKEINT_ISR
0000983f   _XINT1_ISR
00009849   _XINT2_ISR
00009a58   _XINT3_ISR
00009a62   _XINT4_ISR
00009a6c   _XINT5_ISR
00009a76   _XINT6_ISR
00009a80   _XINT7_ISR
00007070   _XIntruptRegs
00000b20   _XintfRegs
00000700   __STACK_END
00000300   __STACK_SIZE
00000400   __SYSMEM_SIZE
00000001   __TI_args_main
0000c8ee   ___TI_cleanup_ptr
0000c8f0   ___TI_dtors_ptr
ffffffff   ___binit__
0000b000   ___bss__
ffffffff   ___c_args__
00000050   ___cinit__
0000a000   ___data__
0000a000   ___edata__
0000b000   ___end__
ffffffff   ___etext__
ffffffff   ___pinit__
ffffffff   ___text__
0000aaf6   __args_main
0000c4be   __lock
0000a979   __log
0000ab71   __nop
0000ab6d   __register_lock
0000ab69   __register_unlock
00000400   __stack
0000c936   __sys_memory
0000c4bc   __unlock
0000ab0f   _abort
0000c886   _adcVal
0000c4ef   _adcVals
0000906f   _adc_isr
00009616   _addToLCD
0000c4d5   _bassChange
0000c4d0   _bassLevel
00009ebc   _bp_iir_filter
00009dcc   _bp_iir_init
00009e89   _bp_iir_setup
00009fba   _c_int00
0000c4e1   _chorusChange
0000c4d7   _chorusLevel
0000a200   _clearPipeline
00009db6   _clkg_delay_loop
0000973b   _controlLCD
0000a85d   _cos
00009000   _cpu_timer0_isr
00009045   _cpu_timer1_isr
0000c4c9   _currentChangeScreen
0000c4b9   _currentPreset
0000c4de   _delayChange
0000c4d8   _delayLevel
00009da0   _delay_loop
00009c48   _eepromRead
00009c2d   _eepromWrite
0000c4cb   _effectToToggle
0000c87e   _errno
0000ab11   _exit
0000a7f5   _exp
0000c4df   _flangeChange
0000c4da   _flangeLevel
0000a9fa   _fmod
0000ab3f   _frexp
0000aa50   _getAdc
000095c8   _goToMain
0000a70b   _i2c_int1a_isr
0000a238   _indexLookup
0000c4c6   _indexToToggle
0000aa28   _initAdc
00009ab2   _initEffects
0000a25d   _initINTS
0000970a   _initLCD
0000a5a5   _init_adc_spi
0000a5bd   _init_mcbsp_spi
0000a9c9   _ldexp
0000c528   _list
0000c4e2   _load
00009c29   _loadPreset
00009596   _loadPresetScreen
0000c4e5   _location
0000c8da   _lowpass_coefficients
0000a138   _main
0000c500   _mainDisplay
0000a5f8   _mcbsp_xmit
0000c8a0   _messageIn
0000c88b   _messageOut
0000c4d6   _midChange
0000c4d1   _midLevel
0000aac3   _modf
0000c4c3   _newLevel
0000c4e3   _newVolumeLevel
0000c4ba   _numInMainDisplay
0000c4cf   _numQueued
0000c4c5   _oldLevel
0000c50a   _on_off
0000c514   _pipeline
0000a91f   _pow
0000c4cc   _preset
0000c4e4   _presetNumber
0000c4bb   _presetScreen
0000945c   _printChorus
00009427   _printDelay
00009440   _printFlange
000096bb   _printFreq
00009754   _printLCD
0000940b   _printReverb
000093ec   _printTremolo
00009ada   _process
00009c1b   _processChorus
00009b14   _processCrunch
00009afb   _processDelay
00009b00   _processDistortion
00009b8f   _processFlange
00009b8a   _processPhaser
00009c20   _processPitchShift
00009b94   _processReverb
00009b28   _processTremolo
00009b81   _processWah
0000a1dc   _queueEffect
0000c880   _readDone
0000a591   _read_adc
0000c4ca   _resetTimer
0000c8c0   _returnArray
0000c4dc   _reverbChange
0000c4ce   _reverbLevel
0000a090   _rfft_adc_f32_Stages4andUp
00009aa8   _rsvd_ISR
0000c4db   _save
00009c25   _savePreset
00009608   _shiftCursor
0000aa7e   _sqrt
0000c4c2   _sysStart
0000a8be   _tan
0000c4c8   _toggle
0000a222   _toggleEffectOnDisplay
0000967c   _toggleLCD
0000a1c0   _toggleOn_Off
0000c4d9   _trebleChange
0000c4d3   _trebleLevel
0000c4e0   _tremoloChange
0000c4d2   _tremoloLevel
0000c4c7   _tuner
0000c4b8   _tunerScreen
0000c4c4   _updateChange
0000c4c0   _updateCode
00009495   _updateLCD
0000c4c1   _updateLcd
00009478   _updateLevel
0000a365   _updateTimer0
0000c4dd   _updateVolume
0000c4d4   _volumeChange
0000c4cd   _volumeLevel
00009701   _wait
0000c882   _writeDone
0000a582   _write_dac
0000c908   _x
0000923d   _xint1_isr
00009296   _xint2_isr
000092ee   _xint3_isr
0000932c   _xint4_isr
0000936a   _xint5_isr
0000c90e   _y
ffffffff   binit
00000050   cinit
00000000   code_start
0000a000   edata
0000b000   end
ffffffff   etext
ffffffff   pinit


GLOBAL SYMBOLS: SORTED BY Symbol Address 

address    name
--------   ----
00000000   code_start
00000001   __TI_args_main
00000050   ___cinit__
00000050   cinit
00000300   __STACK_SIZE
00000400   __SYSMEM_SIZE
00000400   __stack
00000700   __STACK_END
00000880   _DevEmuRegs
00000a80   _FlashRegs
00000ae0   _CsmRegs
00000b00   _AdcMirror
00000b20   _XintfRegs
00000c00   _CpuTimer0Regs
00000c08   _CpuTimer1Regs
00000c10   _CpuTimer2Regs
00000ce0   _PieCtrlRegs
00000d00   _PieVectTable
00001000   _DmaRegs
00005000   _McbspaRegs
00005040   _McbspbRegs
00006000   _ECanaRegs
00006040   _ECanaLAMRegs
00006080   _ECanaMOTSRegs
000060c0   _ECanaMOTORegs
00006100   _ECanaMboxes
00006200   _ECanbRegs
00006240   _ECanbLAMRegs
00006280   _ECanbMOTSRegs
000062c0   _ECanbMOTORegs
00006300   _ECanbMboxes
00006800   _EPwm1Regs
00006840   _EPwm2Regs
00006880   _EPwm3Regs
000068c0   _EPwm4Regs
00006900   _EPwm5Regs
00006940   _EPwm6Regs
00006a00   _ECap1Regs
00006a20   _ECap2Regs
00006a40   _ECap3Regs
00006a60   _ECap4Regs
00006a80   _ECap5Regs
00006aa0   _ECap6Regs
00006b00   _EQep1Regs
00006b40   _EQep2Regs
00006f80   _GpioCtrlRegs
00006fc0   _GpioDataRegs
00006fe0   _GpioIntRegs
00007010   _SysCtrlRegs
00007040   _SpiaRegs
00007050   _SciaRegs
00007070   _XIntruptRegs
00007100   _AdcRegs
00007750   _ScibRegs
00007770   _ScicRegs
00007900   _I2caRegs
00008000   _DSP28x_usDelay
00009000   _cpu_timer0_isr
00009045   _cpu_timer1_isr
0000906f   _adc_isr
0000923d   _xint1_isr
00009296   _xint2_isr
000092ee   _xint3_isr
0000932c   _xint4_isr
0000936a   _xint5_isr
000093ec   _printTremolo
0000940b   _printReverb
00009427   _printDelay
00009440   _printFlange
0000945c   _printChorus
00009478   _updateLevel
00009495   _updateLCD
00009596   _loadPresetScreen
000095c8   _goToMain
00009608   _shiftCursor
00009616   _addToLCD
0000967c   _toggleLCD
000096bb   _printFreq
00009701   _wait
0000970a   _initLCD
0000973b   _controlLCD
00009754   _printLCD
0000976d   _INT13_ISR
00009777   _INT14_ISR
00009781   _DATALOG_ISR
0000978b   _RTOSINT_ISR
00009795   _EMUINT_ISR
0000979f   _NMI_ISR
000097a9   _ILLEGAL_ISR
000097b3   _USER1_ISR
000097bd   _USER2_ISR
000097c7   _USER3_ISR
000097d1   _USER4_ISR
000097db   _USER5_ISR
000097e5   _USER6_ISR
000097ef   _USER7_ISR
000097f9   _USER8_ISR
00009803   _USER9_ISR
0000980d   _USER10_ISR
00009817   _USER11_ISR
00009821   _USER12_ISR
0000982b   _SEQ1INT_ISR
00009835   _SEQ2INT_ISR
0000983f   _XINT1_ISR
00009849   _XINT2_ISR
00009853   _ADCINT_ISR
0000985d   _TINT0_ISR
00009867   _WAKEINT_ISR
00009874   _EPWM1_TZINT_ISR
0000987e   _EPWM2_TZINT_ISR
00009888   _EPWM3_TZINT_ISR
00009892   _EPWM4_TZINT_ISR
0000989c   _EPWM5_TZINT_ISR
000098a6   _EPWM6_TZINT_ISR
000098b0   _EPWM1_INT_ISR
000098ba   _EPWM2_INT_ISR
000098c4   _EPWM3_INT_ISR
000098ce   _EPWM4_INT_ISR
000098d8   _EPWM5_INT_ISR
000098e2   _EPWM6_INT_ISR
000098ec   _ECAP1_INT_ISR
000098f6   _ECAP2_INT_ISR
00009900   _ECAP3_INT_ISR
0000990a   _ECAP4_INT_ISR
00009914   _ECAP5_INT_ISR
0000991e   _ECAP6_INT_ISR
00009928   _EQEP1_INT_ISR
00009932   _EQEP2_INT_ISR
0000993c   _SPIRXINTA_ISR
00009946   _SPITXINTA_ISR
00009950   _MRINTB_ISR
00009967   _MXINTB_ISR
00009979   _MRINTA_ISR
0000998a   _MXINTA_ISR
000099a4   _DINTCH1_ISR
000099ae   _DINTCH2_ISR
000099b8   _DINTCH3_ISR
000099c2   _DINTCH4_ISR
000099cc   _DINTCH5_ISR
000099d6   _DINTCH6_ISR
000099e0   _I2CINT1A_ISR
000099ea   _I2CINT2A_ISR
000099f4   _SCIRXINTC_ISR
000099fe   _SCITXINTC_ISR
00009a08   _SCIRXINTA_ISR
00009a12   _SCITXINTA_ISR
00009a1c   _SCIRXINTB_ISR
00009a26   _SCITXINTB_ISR
00009a30   _ECAN0INTA_ISR
00009a3a   _ECAN1INTA_ISR
00009a44   _ECAN0INTB_ISR
00009a4e   _ECAN1INTB_ISR
00009a58   _XINT3_ISR
00009a62   _XINT4_ISR
00009a6c   _XINT5_ISR
00009a76   _XINT6_ISR
00009a80   _XINT7_ISR
00009a8a   _LVF_ISR
00009a94   _LUF_ISR
00009a9e   _PIE_RESERVED
00009aa8   _rsvd_ISR
00009ab2   _initEffects
00009ada   _process
00009afb   _processDelay
00009b00   _processDistortion
00009b14   _processCrunch
00009b28   _processTremolo
00009b81   _processWah
00009b8a   _processPhaser
00009b8f   _processFlange
00009b94   _processReverb
00009c1b   _processChorus
00009c20   _processPitchShift
00009c25   _savePreset
00009c29   _loadPreset
00009c2d   _eepromWrite
00009c48   _eepromRead
00009c72   _InitMcbsp
00009c77   _InitMcbspa
00009ca3   _InitMcbspb
00009ccf   _InitMcbspa8bit
00009cd6   _InitMcbspa12bit
00009ce1   _InitMcbspa16bit
00009cec   _InitMcbspa20bit
00009cf7   _InitMcbspa24bit
00009d02   _InitMcbspa32bit
00009d0d   _InitMcbspb8bit
00009d14   _InitMcbspb12bit
00009d1f   _InitMcbspb16bit
00009d2a   _InitMcbspb20bit
00009d35   _InitMcbspb24bit
00009d40   _InitMcbspb32bit
00009d4b   _InitMcbspGpio
00009d50   _InitMcbspaGpio
00009d8a   _InitMcbspbGpio
00009da0   _delay_loop
00009db6   _clkg_delay_loop
00009dcc   _bp_iir_init
00009e89   _bp_iir_setup
00009ebc   _bp_iir_filter
00009f1c   _RFFT_adc_f32u
00009fba   _c_int00
0000a000   .data
0000a000   _RFFT_adc_f32
0000a000   ___data__
0000a000   ___edata__
0000a000   edata
0000a090   _rfft_adc_f32_Stages4andUp
0000a138   _main
0000a1c0   _toggleOn_Off
0000a1dc   _queueEffect
0000a200   _clearPipeline
0000a222   _toggleEffectOnDisplay
0000a238   _indexLookup
0000a25d   _initINTS
0000a365   _updateTimer0
0000a376   _AutoWah_init
0000a3f8   _AutoWah_process
0000a409   _AutoWah_sweep
0000a48b   _InitSysCtrl
0000a494   _ServiceDog
0000a49e   _DisableDog
0000a4a6   _InitPll
0000a4f6   _InitPeripheralClocks
0000a551   _CsmUnlock
0000a582   _write_dac
0000a591   _read_adc
0000a5a5   _init_adc_spi
0000a5bd   _init_mcbsp_spi
0000a5f8   _mcbsp_xmit
0000a60b   FS$$DIV
0000a693   _I2CA_Init
0000a6a6   _I2CA_WriteData
0000a6d9   _I2CA_ReadData
0000a70b   _i2c_int1a_isr
0000a781   _InitCpuTimers
0000a7ba   _ConfigCpuTimer
0000a7f5   _exp
0000a85d   _cos
0000a8be   _tan
0000a91f   _pow
0000a979   __log
0000a9c9   _ldexp
0000a9fa   _fmod
0000aa28   _initAdc
0000aa50   _getAdc
0000aa55   _InitPieCtrl
0000aa74   _EnableInterrupts
0000aa7e   _sqrt
0000aaa1   I$$DIV
0000aab2   I$$MOD
0000aac3   _modf
0000aadd   _InitSpi
0000aade   _InitSpiGpio
0000aae1   _InitSpiaGpio
0000aaf6   __args_main
0000ab0f   C$$EXIT
0000ab0f   _abort
0000ab11   _exit
0000ab28   _InitI2C
0000ab29   _InitI2CGpio
0000ab3f   _frexp
0000ab55   _InitAdc
0000ab69   __register_unlock
0000ab6d   __register_lock
0000ab71   __nop
0000ab7a   _SetDBGIER
0000b000   .bss
0000b000   ___bss__
0000b000   ___end__
0000b000   end
0000c4b8   _tunerScreen
0000c4b9   _currentPreset
0000c4ba   _numInMainDisplay
0000c4bb   _presetScreen
0000c4bc   __unlock
0000c4be   __lock
0000c4c0   _updateCode
0000c4c1   _updateLcd
0000c4c2   _sysStart
0000c4c3   _newLevel
0000c4c4   _updateChange
0000c4c5   _oldLevel
0000c4c6   _indexToToggle
0000c4c7   _tuner
0000c4c8   _toggle
0000c4c9   _currentChangeScreen
0000c4ca   _resetTimer
0000c4cb   _effectToToggle
0000c4cc   _preset
0000c4cd   _volumeLevel
0000c4ce   _reverbLevel
0000c4cf   _numQueued
0000c4d0   _bassLevel
0000c4d1   _midLevel
0000c4d2   _tremoloLevel
0000c4d3   _trebleLevel
0000c4d4   _volumeChange
0000c4d5   _bassChange
0000c4d6   _midChange
0000c4d7   _chorusLevel
0000c4d8   _delayLevel
0000c4d9   _trebleChange
0000c4da   _flangeLevel
0000c4db   _save
0000c4dc   _reverbChange
0000c4dd   _updateVolume
0000c4de   _delayChange
0000c4df   _flangeChange
0000c4e0   _tremoloChange
0000c4e1   _chorusChange
0000c4e2   _load
0000c4e3   _newVolumeLevel
0000c4e4   _presetNumber
0000c4e5   _location
0000c4ef   _adcVals
0000c500   _mainDisplay
0000c50a   _on_off
0000c514   _pipeline
0000c528   _list
0000c866   _CpuTimer1
0000c86e   _CpuTimer2
0000c876   _CpuTimer0
0000c87e   _errno
0000c880   _readDone
0000c881   _Error
0000c882   _writeDone
0000c884   _CurrentMsgPtr
0000c886   _adcVal
0000c88b   _messageOut
0000c8a0   _messageIn
0000c8c0   _returnArray
0000c8da   _lowpass_coefficients
0000c8ee   ___TI_cleanup_ptr
0000c8f0   ___TI_dtors_ptr
0000c908   _x
0000c90e   _y
0000c936   __sys_memory
0000d000   _PieVectTableInit
0033fff8   _CsmPwl
00380080   _ADC_cal
00380090   _PartIdRegs
ffffffff   .text
ffffffff   ___binit__
ffffffff   ___c_args__
ffffffff   ___etext__
ffffffff   ___pinit__
ffffffff   ___text__
ffffffff   binit
ffffffff   etext
ffffffff   pinit

[351 symbols]
