******************************************************************************
             TMS320C2000 Linker PC v6.2.7                      
******************************************************************************
>> Linked Fri Nov 28 11:10:53 2014

OUTPUT FILE NAME:   <guitarEffects.out>
ENTRY POINT SYMBOL: "_c_int00"  address: 00301eae


MEMORY CONFIGURATION

         name            origin    length      used     unused   attr    fill
----------------------  --------  ---------  --------  --------  ----  --------
PAGE 0:
  BEGIN_M0              00000000   00000002  00000000  00000002  RWIX
  L0123SARAM            00008000   00004000  00000a2d  000035d3  RWIX
  FLASH_ABCDEFGH        00300000   0003ff80  000022a3  0003dcdd  R   
  CSM_RSVD              0033ff80   00000076  00000076  00000000  R   
  BEGIN_FLASH           0033fff6   00000002  00000002  00000000  R   
  PASSWORDS             0033fff8   00000008  00000008  00000000  R   
  ADC_CAL               00380080   00000009  00000007  00000002  RWIX
  OTP                   00380400   00000400  00000000  00000400  R   
  IQTABLES              003fe000   00000b50  00000000  00000b50  R   
  IQTABLES2             003feb50   0000008c  00000000  0000008c  R   
  FPUTABLES             003febdc   000006a0  00000000  000006a0  R   
  RESET                 003fffc0   00000002  00000000  00000002  R   

PAGE 1:
  M0SARAM               00000002   000003fe  00000000  000003fe  RWIX
  M1SARAM               00000400   00000400  00000300  00000100  RWIX
  DEV_EMU               00000880   00000180  000000d0  000000b0  RWIX
  FLASH_REGS            00000a80   00000060  00000008  00000058  RWIX
  CSM                   00000ae0   00000010  00000010  00000000  RWIX
  ADC_MIRROR            00000b00   00000010  00000010  00000000  RWIX
  XINTF                 00000b20   00000020  0000001e  00000002  RWIX
  CPU_TIMER0            00000c00   00000008  00000008  00000000  RWIX
  CPU_TIMER1            00000c08   00000008  00000008  00000000  RWIX
  CPU_TIMER2            00000c10   00000008  00000008  00000000  RWIX
  PIE_CTRL              00000ce0   00000020  0000001a  00000006  RWIX
  PIE_VECT              00000d00   00000100  00000100  00000000  RWIX
  DMA                   00001000   00000200  000000e0  00000120  RWIX
  MCBSPA                00005000   00000040  00000025  0000001b  RWIX
  MCBSPB                00005040   00000040  00000025  0000001b  RWIX
  ECANA                 00006000   00000040  00000034  0000000c  RWIX
  ECANA_LAM             00006040   00000040  00000040  00000000  RWIX
  ECANA_MOTS            00006080   00000040  00000040  00000000  RWIX
  ECANA_MOTO            000060c0   00000040  00000040  00000000  RWIX
  ECANA_MBOX            00006100   00000100  00000100  00000000  RWIX
  ECANB                 00006200   00000040  00000034  0000000c  RWIX
  ECANB_LAM             00006240   00000040  00000040  00000000  RWIX
  ECANB_MOTS            00006280   00000040  00000040  00000000  RWIX
  ECANB_MOTO            000062c0   00000040  00000040  00000000  RWIX
  ECANB_MBOX            00006300   00000100  00000100  00000000  RWIX
  EPWM1                 00006800   00000022  00000022  00000000  RWIX
  EPWM2                 00006840   00000022  00000022  00000000  RWIX
  EPWM3                 00006880   00000022  00000022  00000000  RWIX
  EPWM4                 000068c0   00000022  00000022  00000000  RWIX
  EPWM5                 00006900   00000022  00000022  00000000  RWIX
  EPWM6                 00006940   00000022  00000022  00000000  RWIX
  ECAP1                 00006a00   00000020  00000020  00000000  RWIX
  ECAP2                 00006a20   00000020  00000020  00000000  RWIX
  ECAP3                 00006a40   00000020  00000020  00000000  RWIX
  ECAP4                 00006a60   00000020  00000020  00000000  RWIX
  ECAP5                 00006a80   00000020  00000020  00000000  RWIX
  ECAP6                 00006aa0   00000020  00000020  00000000  RWIX
  EQEP1                 00006b00   00000040  00000040  00000000  RWIX
  EQEP2                 00006b40   00000040  00000040  00000000  RWIX
  GPIOCTRL              00006f80   00000040  0000002e  00000012  RWIX
  GPIODAT               00006fc0   00000020  00000020  00000000  RWIX
  GPIOINT               00006fe0   00000020  0000000a  00000016  RWIX
  SYSTEM                00007010   00000020  00000020  00000000  RWIX
  SPIA                  00007040   00000010  00000010  00000000  RWIX
  SCIA                  00007050   00000010  00000010  00000000  RWIX
  XINTRUPT              00007070   00000010  00000010  00000000  RWIX
  ADC                   00007100   00000020  0000001e  00000002  RWIX
  SCIB                  00007750   00000010  00000010  00000000  RWIX
  SCIC                  00007770   00000010  00000010  00000000  RWIX
  I2CA                  00007900   00000040  00000022  0000001e  RWIX
  L4SARAM               0000c000   00001000  00000e9e  00000162  RWIX
  L5SARAM               0000d000   00001000  000005e8  00000a18  RWIX
  L6SARAM               0000e000   00001000  00000000  00001000  RWIX
  L7SARAM               0000f000   00001000  00000000  00001000  RWIX
  CSM_PWL               0033fff8   00000008  00000008  00000000  RWIX
  PARTID                00380090   00000001  00000001  00000000  RWIX


SECTION ALLOCATION MAP

 output                                  attributes/
section   page    origin      length       input sections
--------  ----  ----------  ----------   ----------------
.pinit     0    00300000    00000000     UNINITIALIZED

secureRamFuncs 
*          0    00300000    00000a2d     RUN ADDR = 00008000
                  00300000    0000032f     lcd.obj (secureRamFuncs)
                  0030032f    00000303     effect.obj (secureRamFuncs)
                  00300632    00000210     main.obj (secureRamFuncs:retain)
                  00300842    00000086     spi.obj (secureRamFuncs)
                  003008c8    00000078     eeprom.obj (secureRamFuncs)
                  00300940    00000076     effect.obj (secureRamFuncs:retain)
                  003009b6    00000058     fft.obj (secureRamFuncs)
                  00300a0e    0000001f     Flash.obj (secureRamFuncs)

.text      0    00300a2e    000016e4     
                  00300a2e    000003f4     DefaultIsr_nonBIOS.obj (.text:retain)
                  00300e22    000003b9     effect.obj (.text)
                  003011db    000002e4     lcd.obj (.text)
                  003014bf    00000212     main.obj (.text)
                  003016d1    00000157     DSP2833x_Mcbsp.obj (.text)
                  00301828    00000138     RFFT_adc_f32.obj (.text)
                  00301960    0000012d     interrupts.obj (.text)
                  00301a8d    00000001     --HOLE-- [fill = 0]
                  00301a8e    0000009e     RFFT_adc_f32u.obj (.text)
                  00301b2c    00000088     rts2800_fpu32.lib : fs_div.obj (.text)
                  00301bb4    00000083                       : fd_mpy.obj (.text)
                  00301c37    0000007f     SysCtrl.obj (.text)
                  00301cb6    00000074     DSP2833x_CpuTimers.obj (.text)
                  00301d2a    0000006e     RFFT_f32_sincostable.obj (.text)
                  00301d98    00000061     rts2800_fpu32.lib : cos.obj (.text)
                  00301df9    0000005d     fft.obj (.text)
                  00301e56    00000058     rts2800_fpu32.lib : sin.obj (.text)
                  00301eae    00000046                       : boot.obj (.text)
                  00301ef4    00000044     RFFT_f32_mag.obj (.text)
                  00301f38    00000030     PieCtrl_nonBIOS.obj (.text)
                  00301f68    0000002e     rts2800_fpu32.lib : fmod.obj (.text)
                  00301f96    0000002c     main.obj (.text:retain)
                  00301fc2    0000002a     DSP2833x_Spi.obj (.text)
                  00301fec    00000023     rts2800_fpu32.lib : sqrt.obj (.text)
                  0030200f    00000022                       : i_div.obj (.text)
                  00302031    00000021                       : fd_toi.obj (.text)
                  00302052    00000021                       : memcpy_ff.obj (.text)
                  00302073    0000001c                       : fs_tofd.obj (.text)
                  0030208f    0000001a                       : modf.obj (.text)
                  003020a9    00000019                       : args_main.obj (.text)
                  003020c2    00000019                       : exit.obj (.text)
                  003020db    00000014     DSP2833x_I2C.obj (.text)
                  003020ef    00000010     DelayUs.obj (.text)
                  003020ff    00000009     rts2800_fpu32.lib : _lock.obj (.text)
                  00302108    00000007     CodeStartBranch.obj (.text)
                  0030210f    00000003     SetDBGIER.obj (.text)

.econst    0    00302112    00000104     
                  00302112    00000100     PieVect_nonBIOS.obj (.econst)
                  00302212    00000004     fft.obj (.econst)

.cinit     0    00302216    0000008e     
                  00302216    00000067     main.obj (.cinit)
                  0030227d    0000000a     rts2800_fpu32.lib : _lock.obj (.cinit)
                  00302287    0000000a                       : exit.obj (.cinit)
                  00302291    00000009     fft.obj (.cinit)
                  0030229a    00000004     effect.obj (.cinit)
                  0030229e    00000004     rts2800_fpu32.lib : errno.obj (.cinit)
                  003022a2    00000002     --HOLE-- [fill = 0]

csm_rsvd   0    0033ff80    00000076     
                  0033ff80    00000076     Passwords.obj (csm_rsvd)

codestart 
*          0    0033fff6    00000002     
                  0033fff6    00000002     CodeStartBranch.obj (codestart)

passwords 
*          0    0033fff8    00000008     
                  0033fff8    00000008     Passwords.obj (passwords)

.adc_cal   0    00380080    00000007     NOLOAD SECTION
                  00380080    00000007     DSP2833x_ADC_cal.obj (.adc_cal)

.reset     0    003fffc0    00000002     DSECT
                  003fffc0    00000002     rts2800_fpu32.lib : boot.obj (.reset)

.stack     1    00000400    00000300     UNINITIALIZED
                  00000400    00000300     --HOLE--

DevEmuRegsFile 
*          1    00000880    000000d0     UNINITIALIZED
                  00000880    000000d0     DSP2833x_GlobalVariableDefs.obj (DevEmuRegsFile)

FlashRegsFile 
*          1    00000a80    00000008     UNINITIALIZED
                  00000a80    00000008     DSP2833x_GlobalVariableDefs.obj (FlashRegsFile)

CsmRegsFile 
*          1    00000ae0    00000010     UNINITIALIZED
                  00000ae0    00000010     DSP2833x_GlobalVariableDefs.obj (CsmRegsFile)

AdcMirrorFile 
*          1    00000b00    00000010     UNINITIALIZED
                  00000b00    00000010     DSP2833x_GlobalVariableDefs.obj (AdcMirrorFile)

XintfRegsFile 
*          1    00000b20    0000001e     UNINITIALIZED
                  00000b20    0000001e     DSP2833x_GlobalVariableDefs.obj (XintfRegsFile)

CpuTimer0RegsFile 
*          1    00000c00    00000008     UNINITIALIZED
                  00000c00    00000008     DSP2833x_GlobalVariableDefs.obj (CpuTimer0RegsFile)

CpuTimer1RegsFile 
*          1    00000c08    00000008     UNINITIALIZED
                  00000c08    00000008     DSP2833x_GlobalVariableDefs.obj (CpuTimer1RegsFile)

CpuTimer2RegsFile 
*          1    00000c10    00000008     UNINITIALIZED
                  00000c10    00000008     DSP2833x_GlobalVariableDefs.obj (CpuTimer2RegsFile)

PieCtrlRegsFile 
*          1    00000ce0    0000001a     UNINITIALIZED
                  00000ce0    0000001a     DSP2833x_GlobalVariableDefs.obj (PieCtrlRegsFile)

PieVectTableFile 
*          1    00000d00    00000100     UNINITIALIZED
                  00000d00    00000100     DSP2833x_GlobalVariableDefs.obj (PieVectTableFile)

DmaRegsFile 
*          1    00001000    000000e0     UNINITIALIZED
                  00001000    000000e0     DSP2833x_GlobalVariableDefs.obj (DmaRegsFile)

McbspaRegsFile 
*          1    00005000    00000025     UNINITIALIZED
                  00005000    00000025     DSP2833x_GlobalVariableDefs.obj (McbspaRegsFile)

McbspbRegsFile 
*          1    00005040    00000025     UNINITIALIZED
                  00005040    00000025     DSP2833x_GlobalVariableDefs.obj (McbspbRegsFile)

ECanaRegsFile 
*          1    00006000    00000034     UNINITIALIZED
                  00006000    00000034     DSP2833x_GlobalVariableDefs.obj (ECanaRegsFile)

ECanaLAMRegsFile 
*          1    00006040    00000040     UNINITIALIZED
                  00006040    00000040     DSP2833x_GlobalVariableDefs.obj (ECanaLAMRegsFile)

ECanaMOTSRegsFile 
*          1    00006080    00000040     UNINITIALIZED
                  00006080    00000040     DSP2833x_GlobalVariableDefs.obj (ECanaMOTSRegsFile)

ECanaMOTORegsFile 
*          1    000060c0    00000040     UNINITIALIZED
                  000060c0    00000040     DSP2833x_GlobalVariableDefs.obj (ECanaMOTORegsFile)

ECanaMboxesFile 
*          1    00006100    00000100     UNINITIALIZED
                  00006100    00000100     DSP2833x_GlobalVariableDefs.obj (ECanaMboxesFile)

ECanbRegsFile 
*          1    00006200    00000034     UNINITIALIZED
                  00006200    00000034     DSP2833x_GlobalVariableDefs.obj (ECanbRegsFile)

ECanbLAMRegsFile 
*          1    00006240    00000040     UNINITIALIZED
                  00006240    00000040     DSP2833x_GlobalVariableDefs.obj (ECanbLAMRegsFile)

ECanbMOTSRegsFile 
*          1    00006280    00000040     UNINITIALIZED
                  00006280    00000040     DSP2833x_GlobalVariableDefs.obj (ECanbMOTSRegsFile)

ECanbMOTORegsFile 
*          1    000062c0    00000040     UNINITIALIZED
                  000062c0    00000040     DSP2833x_GlobalVariableDefs.obj (ECanbMOTORegsFile)

ECanbMboxesFile 
*          1    00006300    00000100     UNINITIALIZED
                  00006300    00000100     DSP2833x_GlobalVariableDefs.obj (ECanbMboxesFile)

EPwm1RegsFile 
*          1    00006800    00000022     UNINITIALIZED
                  00006800    00000022     DSP2833x_GlobalVariableDefs.obj (EPwm1RegsFile)

EPwm2RegsFile 
*          1    00006840    00000022     UNINITIALIZED
                  00006840    00000022     DSP2833x_GlobalVariableDefs.obj (EPwm2RegsFile)

EPwm3RegsFile 
*          1    00006880    00000022     UNINITIALIZED
                  00006880    00000022     DSP2833x_GlobalVariableDefs.obj (EPwm3RegsFile)

EPwm4RegsFile 
*          1    000068c0    00000022     UNINITIALIZED
                  000068c0    00000022     DSP2833x_GlobalVariableDefs.obj (EPwm4RegsFile)

EPwm5RegsFile 
*          1    00006900    00000022     UNINITIALIZED
                  00006900    00000022     DSP2833x_GlobalVariableDefs.obj (EPwm5RegsFile)

EPwm6RegsFile 
*          1    00006940    00000022     UNINITIALIZED
                  00006940    00000022     DSP2833x_GlobalVariableDefs.obj (EPwm6RegsFile)

ECap1RegsFile 
*          1    00006a00    00000020     UNINITIALIZED
                  00006a00    00000020     DSP2833x_GlobalVariableDefs.obj (ECap1RegsFile)

ECap2RegsFile 
*          1    00006a20    00000020     UNINITIALIZED
                  00006a20    00000020     DSP2833x_GlobalVariableDefs.obj (ECap2RegsFile)

ECap3RegsFile 
*          1    00006a40    00000020     UNINITIALIZED
                  00006a40    00000020     DSP2833x_GlobalVariableDefs.obj (ECap3RegsFile)

ECap4RegsFile 
*          1    00006a60    00000020     UNINITIALIZED
                  00006a60    00000020     DSP2833x_GlobalVariableDefs.obj (ECap4RegsFile)

ECap5RegsFile 
*          1    00006a80    00000020     UNINITIALIZED
                  00006a80    00000020     DSP2833x_GlobalVariableDefs.obj (ECap5RegsFile)

ECap6RegsFile 
*          1    00006aa0    00000020     UNINITIALIZED
                  00006aa0    00000020     DSP2833x_GlobalVariableDefs.obj (ECap6RegsFile)

EQep1RegsFile 
*          1    00006b00    00000040     UNINITIALIZED
                  00006b00    00000040     DSP2833x_GlobalVariableDefs.obj (EQep1RegsFile)

EQep2RegsFile 
*          1    00006b40    00000040     UNINITIALIZED
                  00006b40    00000040     DSP2833x_GlobalVariableDefs.obj (EQep2RegsFile)

GpioCtrlRegsFile 
*          1    00006f80    0000002e     UNINITIALIZED
                  00006f80    0000002e     DSP2833x_GlobalVariableDefs.obj (GpioCtrlRegsFile)

GpioDataRegsFile 
*          1    00006fc0    00000020     UNINITIALIZED
                  00006fc0    00000020     DSP2833x_GlobalVariableDefs.obj (GpioDataRegsFile)

GpioIntRegsFile 
*          1    00006fe0    0000000a     UNINITIALIZED
                  00006fe0    0000000a     DSP2833x_GlobalVariableDefs.obj (GpioIntRegsFile)

SysCtrlRegsFile 
*          1    00007010    00000020     UNINITIALIZED
                  00007010    00000020     DSP2833x_GlobalVariableDefs.obj (SysCtrlRegsFile)

SpiaRegsFile 
*          1    00007040    00000010     UNINITIALIZED
                  00007040    00000010     DSP2833x_GlobalVariableDefs.obj (SpiaRegsFile)

SciaRegsFile 
*          1    00007050    00000010     UNINITIALIZED
                  00007050    00000010     DSP2833x_GlobalVariableDefs.obj (SciaRegsFile)

XIntruptRegsFile 
*          1    00007070    00000010     UNINITIALIZED
                  00007070    00000010     DSP2833x_GlobalVariableDefs.obj (XIntruptRegsFile)

AdcRegsFile 
*          1    00007100    0000001e     UNINITIALIZED
                  00007100    0000001e     DSP2833x_GlobalVariableDefs.obj (AdcRegsFile)

ScibRegsFile 
*          1    00007750    00000010     UNINITIALIZED
                  00007750    00000010     DSP2833x_GlobalVariableDefs.obj (ScibRegsFile)

ScicRegsFile 
*          1    00007770    00000010     UNINITIALIZED
                  00007770    00000010     DSP2833x_GlobalVariableDefs.obj (ScicRegsFile)

I2caRegsFile 
*          1    00007900    00000022     UNINITIALIZED
                  00007900    00000022     DSP2833x_GlobalVariableDefs.obj (I2caRegsFile)

.bss       1    0000c000    00000000     UNINITIALIZED

.ebss.1    1    0000c000    00000e9e     UNINITIALIZED
                  0000c000    00000c80     fft.obj (.ebss)
                  0000cc80    000001a3     lcd.obj (.ebss)
                  0000ce23    00000001     rts2800_fpu32.lib : errno.obj (.ebss)
                  0000ce24    00000018     DSP2833x_CpuTimers.obj (.ebss)
                  0000ce3c    00000004     rts2800_fpu32.lib : _lock.obj (.ebss)
                  0000ce40    0000005a     effect.obj (.ebss)
                  0000ce9a    00000004     rts2800_fpu32.lib : exit.obj (.ebss)

.ebss.2    1    0000d000    000005e8     UNINITIALIZED
                  0000d000    000005e8     main.obj (.ebss)

CsmPwlFile 
*          1    0033fff8    00000008     UNINITIALIZED
                  0033fff8    00000008     DSP2833x_GlobalVariableDefs.obj (CsmPwlFile)

PartIdRegsFile 
*          1    00380090    00000001     UNINITIALIZED
                  00380090    00000001     DSP2833x_GlobalVariableDefs.obj (PartIdRegsFile)


GLOBAL DATA SYMBOLS: SORTED BY DATA PAGE

address     data page           name
--------    ----------------    ----
00000400      10 (00000400)     __stack

00000880      22 (00000880)     _DevEmuRegs

00000a80      2a (00000a80)     _FlashRegs

00000ae0      2b (00000ac0)     _CsmRegs

00000b00      2c (00000b00)     _AdcMirror
00000b20      2c (00000b00)     _XintfRegs

00000c00      30 (00000c00)     _CpuTimer0Regs
00000c08      30 (00000c00)     _CpuTimer1Regs
00000c10      30 (00000c00)     _CpuTimer2Regs

00000ce0      33 (00000cc0)     _PieCtrlRegs

00000d00      34 (00000d00)     _PieVectTable

00001000      40 (00001000)     _DmaRegs

00005000     140 (00005000)     _McbspaRegs

00005040     141 (00005040)     _McbspbRegs

00006000     180 (00006000)     _ECanaRegs

00006040     181 (00006040)     _ECanaLAMRegs

00006080     182 (00006080)     _ECanaMOTSRegs

000060c0     183 (000060c0)     _ECanaMOTORegs

00006100     184 (00006100)     _ECanaMboxes

00006200     188 (00006200)     _ECanbRegs

00006240     189 (00006240)     _ECanbLAMRegs

00006280     18a (00006280)     _ECanbMOTSRegs

000062c0     18b (000062c0)     _ECanbMOTORegs

00006300     18c (00006300)     _ECanbMboxes

00006800     1a0 (00006800)     _EPwm1Regs

00006840     1a1 (00006840)     _EPwm2Regs

00006880     1a2 (00006880)     _EPwm3Regs

000068c0     1a3 (000068c0)     _EPwm4Regs

00006900     1a4 (00006900)     _EPwm5Regs

00006940     1a5 (00006940)     _EPwm6Regs

00006a00     1a8 (00006a00)     _ECap1Regs
00006a20     1a8 (00006a00)     _ECap2Regs

00006a40     1a9 (00006a40)     _ECap3Regs
00006a60     1a9 (00006a40)     _ECap4Regs

00006a80     1aa (00006a80)     _ECap5Regs
00006aa0     1aa (00006a80)     _ECap6Regs

00006b00     1ac (00006b00)     _EQep1Regs

00006b40     1ad (00006b40)     _EQep2Regs

00006f80     1be (00006f80)     _GpioCtrlRegs

00006fc0     1bf (00006fc0)     _GpioDataRegs
00006fe0     1bf (00006fc0)     _GpioIntRegs

00007010     1c0 (00007000)     _SysCtrlRegs

00007040     1c1 (00007040)     _SpiaRegs
00007050     1c1 (00007040)     _SciaRegs
00007070     1c1 (00007040)     _XIntruptRegs

00007100     1c4 (00007100)     _AdcRegs

00007750     1dd (00007740)     _ScibRegs
00007770     1dd (00007740)     _ScicRegs

00007900     1e4 (00007900)     _I2caRegs

0000c000     300 (0000c000)     _FFTStartFlag
0000c004     300 (0000c000)     _rfft_adc
0000c008     300 (0000c000)     _rfft

0000c040     301 (0000c040)     _AdcBuf

0000c240     309 (0000c240)     _RFFTmagBuff

0000c480     312 (0000c480)     _RFFToutBuff

0000c880     322 (0000c880)     _RFFTF32Coef

0000cc80     332 (0000cc80)     _numInMainDisplay
0000cc81     332 (0000cc80)     _tunerScreen
0000cc82     332 (0000cc80)     _presetScreen
0000cc83     332 (0000cc80)     _currentPreset
0000cc84     332 (0000cc80)     _reprint

0000ccc0     333 (0000ccc0)     _noteChart

0000ce23     338 (0000ce00)     _errno
0000ce24     338 (0000ce00)     _CpuTimer1
0000ce2c     338 (0000ce00)     _CpuTimer2
0000ce34     338 (0000ce00)     _CpuTimer0
0000ce3c     338 (0000ce00)     __unlock
0000ce3e     338 (0000ce00)     __lock

0000ce40     339 (0000ce40)     _writeDone
0000ce41     339 (0000ce40)     _Error
0000ce42     339 (0000ce40)     _readDone
0000ce44     339 (0000ce40)     _CurrentMsgPtr
0000ce46     339 (0000ce40)     _adcVal
0000ce4b     339 (0000ce40)     _messageOut
0000ce60     339 (0000ce40)     _messageIn

0000ce80     33a (0000ce80)     _returnArray
0000ce9a     33a (0000ce80)     ___TI_cleanup_ptr
0000ce9c     33a (0000ce80)     ___TI_dtors_ptr

0000d000     340 (0000d000)     _sysStart
0000d001     340 (0000d000)     _currentChangeScreen
0000d002     340 (0000d000)     _resetTimer
0000d003     340 (0000d000)     _updateCode
0000d004     340 (0000d000)     _updateChange
0000d005     340 (0000d000)     _freq
0000d006     340 (0000d000)     _indexToToggle
0000d007     340 (0000d000)     _toggleDist
0000d008     340 (0000d000)     _toggle
0000d009     340 (0000d000)     _preset
0000d00a     340 (0000d000)     _updateLcd
0000d00b     340 (0000d000)     _effectToToggle
0000d00c     340 (0000d000)     _load
0000d00d     340 (0000d000)     _previous
0000d00e     340 (0000d000)     _presetNumber
0000d00f     340 (0000d000)     _updateInputs
0000d010     340 (0000d000)     _numQueued
0000d011     340 (0000d000)     _save
0000d012     340 (0000d000)     _oldLevel
0000d013     340 (0000d000)     _iCount
0000d014     340 (0000d000)     _tuner
0000d015     340 (0000d000)     _sample
0000d016     340 (0000d000)     _inputNumber
0000d017     340 (0000d000)     _newLevel
0000d018     340 (0000d000)     _updateFrequency
0000d019     340 (0000d000)     _distortion
0000d01a     340 (0000d000)     _inputs
0000d01e     340 (0000d000)     _location
0000d022     340 (0000d000)     _previousInputs
0000d026     340 (0000d000)     _mainDisplay
0000d02a     340 (0000d000)     _on_off
0000d02e     340 (0000d000)     _pipeline
0000d036     340 (0000d000)     _list

00302112    c084 (00302100)     _PieVectTableInit

0033fff8    cfff (0033ffc0)     _CsmPwl

00380090    e002 (00380080)     _PartIdRegs


GLOBAL SYMBOLS: SORTED ALPHABETICALLY BY Name 

address    name
--------   ----
0000c000   .bss
00300a2e   .text
003020c2   C$$EXIT
00301bb4   FD$$MPY
00302031   FD$$TOI
00301b2c   FS$$DIV
00302073   FS$$TOFD
0030200f   I$$DIV
00302020   I$$MOD
00300b24   _ADCINT_ISR
00380080   _ADC_cal
0000c040   _AdcBuf
00000b00   _AdcMirror
00007100   _AdcRegs
00301cef   _ConfigCpuTimer
0000ce34   _CpuTimer0
00000c00   _CpuTimer0Regs
0000ce24   _CpuTimer1
00000c08   _CpuTimer1Regs
0000ce2c   _CpuTimer2
00000c10   _CpuTimer2Regs
0033fff8   _CsmPwl
00000ae0   _CsmRegs
0000ce44   _CurrentMsgPtr
00300a42   _DATALOG_ISR
00300cba   _DINTCH1_ISR
00300cc8   _DINTCH2_ISR
00300cd6   _DINTCH3_ISR
00300ce4   _DINTCH4_ISR
00300cf2   _DINTCH5_ISR
00300d00   _DINTCH6_ISR
003020ef   _DelayUs
00000880   _DevEmuRegs
00001000   _DmaRegs
00300d7e   _ECAN0INTA_ISR
00300d9a   _ECAN0INTB_ISR
00300d8c   _ECAN1INTA_ISR
00300da8   _ECAN1INTB_ISR
00300bf6   _ECAP1_INT_ISR
00300c04   _ECAP2_INT_ISR
00300c12   _ECAP3_INT_ISR
00300c20   _ECAP4_INT_ISR
00300c2e   _ECAP5_INT_ISR
00300c3c   _ECAP6_INT_ISR
00006040   _ECanaLAMRegs
000060c0   _ECanaMOTORegs
00006080   _ECanaMOTSRegs
00006100   _ECanaMboxes
00006000   _ECanaRegs
00006240   _ECanbLAMRegs
000062c0   _ECanbMOTORegs
00006280   _ECanbMOTSRegs
00006300   _ECanbMboxes
00006200   _ECanbRegs
00006a00   _ECap1Regs
00006a20   _ECap2Regs
00006a40   _ECap3Regs
00006a60   _ECap4Regs
00006a80   _ECap5Regs
00006aa0   _ECap6Regs
00300a56   _EMUINT_ISR
00300ba2   _EPWM1_INT_ISR
00300b4e   _EPWM1_TZINT_ISR
00300bb0   _EPWM2_INT_ISR
00300b5c   _EPWM2_TZINT_ISR
00300bbe   _EPWM3_INT_ISR
00300b6a   _EPWM3_TZINT_ISR
00300bcc   _EPWM4_INT_ISR
00300b78   _EPWM4_TZINT_ISR
00300bda   _EPWM5_INT_ISR
00300b86   _EPWM5_TZINT_ISR
00300be8   _EPWM6_INT_ISR
00300b94   _EPWM6_TZINT_ISR
00006800   _EPwm1Regs
00006840   _EPwm2Regs
00006880   _EPwm3Regs
000068c0   _EPwm4Regs
00006900   _EPwm5Regs
00006940   _EPwm6Regs
00300c4a   _EQEP1_INT_ISR
00300c58   _EQEP2_INT_ISR
00006b00   _EQep1Regs
00006b40   _EQep2Regs
0000ce41   _Error
0000c000   _FFTStartFlag
00000a80   _FlashRegs
00006f80   _GpioCtrlRegs
00006fc0   _GpioDataRegs
00006fe0   _GpioIntRegs
000088c8   _I2CA_Init
0000890e   _I2CA_ReadData
000088db   _I2CA_WriteData
00300d0e   _I2CINT1A_ISR
00300d1c   _I2CINT2A_ISR
00007900   _I2caRegs
00300a6a   _ILLEGAL_ISR
00300a2e   _INT13_ISR
00300a38   _INT14_ISR
00301cb6   _InitCpuTimers
00008a0e   _InitFlash
003020db   _InitI2C
003020dc   _InitI2CGpio
003016d1   _InitMcbsp
003017aa   _InitMcbspGpio
003016d6   _InitMcbspa
00301735   _InitMcbspa12bit
00301740   _InitMcbspa16bit
0030174b   _InitMcbspa20bit
00301756   _InitMcbspa24bit
00301761   _InitMcbspa32bit
0030172e   _InitMcbspa8bit
003017af   _InitMcbspaGpio
00301702   _InitMcbspb
00301773   _InitMcbspb12bit
0030177e   _InitMcbspb16bit
00301789   _InitMcbspb20bit
00301794   _InitMcbspb24bit
0030179f   _InitMcbspb32bit
0030176c   _InitMcbspb8bit
003017e9   _InitMcbspbGpio
00301f38   _InitPieCtrl
00301fc2   _InitSpi
00301fc3   _InitSpiGpio
00301fc6   _InitSpiaGpio
00301c37   _InitSysCtrl
00300e0a   _LUF_ISR
00300dfc   _LVF_ISR
00300c9e   _MRINTA_ISR
00300c82   _MRINTB_ISR
00300cac   _MXINTA_ISR
00300c90   _MXINTB_ISR
00005000   _McbspaRegs
00005040   _McbspbRegs
00300a60   _NMI_ISR
00380090   _PartIdRegs
00000ce0   _PieCtrlRegs
00000d00   _PieVectTable
00302112   _PieVectTableInit
0000c880   _RFFTF32Coef
00301828   _RFFT_adc_f32
00301a8e   _RFFT_adc_f32u
00301ef4   _RFFT_f32_mag
00301d2a   _RFFT_f32_sincostable
0000c240   _RFFTmagBuff
0000c480   _RFFToutBuff
00300a4c   _RTOSINT_ISR
00300d46   _SCIRXINTA_ISR
00300d62   _SCIRXINTB_ISR
00300d2a   _SCIRXINTC_ISR
00300d54   _SCITXINTA_ISR
00300d70   _SCITXINTB_ISR
00300d38   _SCITXINTC_ISR
00300aec   _SEQ1INT_ISR
00300afa   _SEQ2INT_ISR
00300c66   _SPIRXINTA_ISR
00300c74   _SPITXINTA_ISR
00007050   _SciaRegs
00007750   _ScibRegs
00007770   _ScicRegs
0030210f   _SetDBGIER
00007040   _SpiaRegs
00007010   _SysCtrlRegs
00300b32   _TINT0_ISR
00300ace   _USER10_ISR
00300ad8   _USER11_ISR
00300ae2   _USER12_ISR
00300a74   _USER1_ISR
00300a7e   _USER2_ISR
00300a88   _USER3_ISR
00300a92   _USER4_ISR
00300a9c   _USER5_ISR
00300aa6   _USER6_ISR
00300ab0   _USER7_ISR
00300aba   _USER8_ISR
00300ac4   _USER9_ISR
00300b40   _WAKEINT_ISR
00300b08   _XINT1_ISR
00300b16   _XINT2_ISR
00300db6   _XINT3_ISR
00300dc4   _XINT4_ISR
00300dd2   _XINT5_ISR
00300de0   _XINT6_ISR
00300dee   _XINT7_ISR
00007070   _XIntruptRegs
00000b20   _XintfRegs
00000700   __STACK_END
00000300   __STACK_SIZE
00000001   __TI_args_main
0000ce9a   ___TI_cleanup_ptr
0000ce9c   ___TI_dtors_ptr
ffffffff   ___binit__
0000c000   ___bss__
ffffffff   ___c_args__
00302216   ___cinit__
0000c000   ___end__
00302112   ___etext__
00302052   ___memcpy_ff
ffffffff   ___pinit__
00300a2e   ___text__
003020a9   __args_main
0000ce3e   __lock
00302107   __nop
00302103   __register_lock
003020ff   __register_unlock
00000400   __stack
0000ce3c   __unlock
003020c2   _abort
0000ce46   _adcVal
00008242   _addToLCD
00301eae   _c_int00
00301678   _clearPipeline
00301812   _clkg_delay_loop
000082f4   _controlLCD
00301d98   _cos
00008632   _cpu_timer0_isr
0000d001   _currentChangeScreen
0000cc83   _currentPreset
003017fc   _delay_loop
0000d019   _distortion
00008608   _eepromRead
000085ed   _eepromWrite
0000d00b   _effectToToggle
000087aa   _effects
0000ce23   _errno
003020c4   _exit
000089b6   _findFrequency
00301292   _findNote
00301f68   _fmod
0000d005   _freq
003015b8   _getInputs
0000819c   _goToMain
00008940   _i2c_int1a_isr
0000d013   _iCount
003016b8   _indexLookup
0000d006   _indexToToggle
00300e22   _initEffects
00301df9   _initFFT
00301960   _initINTS
00301397   _initLCD
00008862   _init_adc_spi
0000887a   _init_mcbsp_spi
0000d016   _inputNumber
0000d01a   _inputs
0000d036   _list
0000d00c   _load
000084ee   _loadPreset
0030120d   _loadPresetScreen
0000875e   _load_preset
0000d01e   _location
003014bf   _main
0000d026   _mainDisplay
000088b5   _mcbsp_xmit
0000ce60   _messageIn
0000ce4b   _messageOut
0030208f   _modf
0000d017   _newLevel
0000ccc0   _noteChart
0000cc80   _numInMainDisplay
0000d010   _numQueued
0000d012   _oldLevel
0000d02a   _on_off
0000d02e   _pipeline
0000d009   _preset
0000d00e   _presetNumber
0000cc82   _presetScreen
0000872a   _preset_down
000086d2   _preset_up
0000d00d   _previous
0000d022   _previousInputs
003011db   _printFlanger
000082aa   _printFreq
00008316   _printLCD
0000801f   _printReverb
00008000   _printTremolo
003011fa   _printWah
0000832f   _process
003011cf   _processChorus
003010ee   _processFlanger
00300f9f   _processPhaser
003011d5   _processPitchShift
000083a7   _processReverb
00008357   _processTremolo
00300e98   _processWah
00301652   _queueEffect
0000ce42   _readDone
00008851   _read_adc
0000cc84   _reprint
0000d002   _resetTimer
0000ce80   _returnArray
0000c008   _rfft
0000c004   _rfft_adc
003018b8   _rfft_adc_f32_Stages4andUp
00301f96   _rotary
00300e18   _rsvd_ISR
0000d015   _sample
0000d011   _save
0000841b   _savePreset
00008784   _save_preset
00000a2d   _secureRamFuncs_loadsize
00300000   _secureRamFuncs_loadstart
00008000   _secureRamFuncs_runstart
00301e56   _sin
00301fec   _sqrt
00301e3a   _storeFFT
0000d000   _sysStart
000086b0   _timeout
0000d008   _toggle
0000d007   _toggleDist
00301227   _toggleDistortion
003016a2   _toggleEffectOnDisplay
0000827b   _toggleLCD
00301610   _toggleOn_Off
0000d014   _tuner
0000cc81   _tunerScreen
0000d004   _updateChange
0000d003   _updateCode
0000d018   _updateFrequency
0000d00f   _updateInputs
00008081   _updateLCD
0000d00a   _updateLcd
0000803b   _updateLevel
00301a7c   _updateTimer0
0000ce40   _writeDone
00008842   _write_dac
ffffffff   binit
00302216   cinit
0033fff6   code_start
0000c000   end
00302112   etext
ffffffff   pinit


GLOBAL SYMBOLS: SORTED BY Symbol Address 

address    name
--------   ----
00000001   __TI_args_main
00000300   __STACK_SIZE
00000400   __stack
00000700   __STACK_END
00000880   _DevEmuRegs
00000a2d   _secureRamFuncs_loadsize
00000a80   _FlashRegs
00000ae0   _CsmRegs
00000b00   _AdcMirror
00000b20   _XintfRegs
00000c00   _CpuTimer0Regs
00000c08   _CpuTimer1Regs
00000c10   _CpuTimer2Regs
00000ce0   _PieCtrlRegs
00000d00   _PieVectTable
00001000   _DmaRegs
00005000   _McbspaRegs
00005040   _McbspbRegs
00006000   _ECanaRegs
00006040   _ECanaLAMRegs
00006080   _ECanaMOTSRegs
000060c0   _ECanaMOTORegs
00006100   _ECanaMboxes
00006200   _ECanbRegs
00006240   _ECanbLAMRegs
00006280   _ECanbMOTSRegs
000062c0   _ECanbMOTORegs
00006300   _ECanbMboxes
00006800   _EPwm1Regs
00006840   _EPwm2Regs
00006880   _EPwm3Regs
000068c0   _EPwm4Regs
00006900   _EPwm5Regs
00006940   _EPwm6Regs
00006a00   _ECap1Regs
00006a20   _ECap2Regs
00006a40   _ECap3Regs
00006a60   _ECap4Regs
00006a80   _ECap5Regs
00006aa0   _ECap6Regs
00006b00   _EQep1Regs
00006b40   _EQep2Regs
00006f80   _GpioCtrlRegs
00006fc0   _GpioDataRegs
00006fe0   _GpioIntRegs
00007010   _SysCtrlRegs
00007040   _SpiaRegs
00007050   _SciaRegs
00007070   _XIntruptRegs
00007100   _AdcRegs
00007750   _ScibRegs
00007770   _ScicRegs
00007900   _I2caRegs
00008000   _printTremolo
00008000   _secureRamFuncs_runstart
0000801f   _printReverb
0000803b   _updateLevel
00008081   _updateLCD
0000819c   _goToMain
00008242   _addToLCD
0000827b   _toggleLCD
000082aa   _printFreq
000082f4   _controlLCD
00008316   _printLCD
0000832f   _process
00008357   _processTremolo
000083a7   _processReverb
0000841b   _savePreset
000084ee   _loadPreset
000085ed   _eepromWrite
00008608   _eepromRead
00008632   _cpu_timer0_isr
000086b0   _timeout
000086d2   _preset_up
0000872a   _preset_down
0000875e   _load_preset
00008784   _save_preset
000087aa   _effects
00008842   _write_dac
00008851   _read_adc
00008862   _init_adc_spi
0000887a   _init_mcbsp_spi
000088b5   _mcbsp_xmit
000088c8   _I2CA_Init
000088db   _I2CA_WriteData
0000890e   _I2CA_ReadData
00008940   _i2c_int1a_isr
000089b6   _findFrequency
00008a0e   _InitFlash
0000c000   .bss
0000c000   _FFTStartFlag
0000c000   ___bss__
0000c000   ___end__
0000c000   end
0000c004   _rfft_adc
0000c008   _rfft
0000c040   _AdcBuf
0000c240   _RFFTmagBuff
0000c480   _RFFToutBuff
0000c880   _RFFTF32Coef
0000cc80   _numInMainDisplay
0000cc81   _tunerScreen
0000cc82   _presetScreen
0000cc83   _currentPreset
0000cc84   _reprint
0000ccc0   _noteChart
0000ce23   _errno
0000ce24   _CpuTimer1
0000ce2c   _CpuTimer2
0000ce34   _CpuTimer0
0000ce3c   __unlock
0000ce3e   __lock
0000ce40   _writeDone
0000ce41   _Error
0000ce42   _readDone
0000ce44   _CurrentMsgPtr
0000ce46   _adcVal
0000ce4b   _messageOut
0000ce60   _messageIn
0000ce80   _returnArray
0000ce9a   ___TI_cleanup_ptr
0000ce9c   ___TI_dtors_ptr
0000d000   _sysStart
0000d001   _currentChangeScreen
0000d002   _resetTimer
0000d003   _updateCode
0000d004   _updateChange
0000d005   _freq
0000d006   _indexToToggle
0000d007   _toggleDist
0000d008   _toggle
0000d009   _preset
0000d00a   _updateLcd
0000d00b   _effectToToggle
0000d00c   _load
0000d00d   _previous
0000d00e   _presetNumber
0000d00f   _updateInputs
0000d010   _numQueued
0000d011   _save
0000d012   _oldLevel
0000d013   _iCount
0000d014   _tuner
0000d015   _sample
0000d016   _inputNumber
0000d017   _newLevel
0000d018   _updateFrequency
0000d019   _distortion
0000d01a   _inputs
0000d01e   _location
0000d022   _previousInputs
0000d026   _mainDisplay
0000d02a   _on_off
0000d02e   _pipeline
0000d036   _list
00300000   _secureRamFuncs_loadstart
00300a2e   .text
00300a2e   _INT13_ISR
00300a2e   ___text__
00300a38   _INT14_ISR
00300a42   _DATALOG_ISR
00300a4c   _RTOSINT_ISR
00300a56   _EMUINT_ISR
00300a60   _NMI_ISR
00300a6a   _ILLEGAL_ISR
00300a74   _USER1_ISR
00300a7e   _USER2_ISR
00300a88   _USER3_ISR
00300a92   _USER4_ISR
00300a9c   _USER5_ISR
00300aa6   _USER6_ISR
00300ab0   _USER7_ISR
00300aba   _USER8_ISR
00300ac4   _USER9_ISR
00300ace   _USER10_ISR
00300ad8   _USER11_ISR
00300ae2   _USER12_ISR
00300aec   _SEQ1INT_ISR
00300afa   _SEQ2INT_ISR
00300b08   _XINT1_ISR
00300b16   _XINT2_ISR
00300b24   _ADCINT_ISR
00300b32   _TINT0_ISR
00300b40   _WAKEINT_ISR
00300b4e   _EPWM1_TZINT_ISR
00300b5c   _EPWM2_TZINT_ISR
00300b6a   _EPWM3_TZINT_ISR
00300b78   _EPWM4_TZINT_ISR
00300b86   _EPWM5_TZINT_ISR
00300b94   _EPWM6_TZINT_ISR
00300ba2   _EPWM1_INT_ISR
00300bb0   _EPWM2_INT_ISR
00300bbe   _EPWM3_INT_ISR
00300bcc   _EPWM4_INT_ISR
00300bda   _EPWM5_INT_ISR
00300be8   _EPWM6_INT_ISR
00300bf6   _ECAP1_INT_ISR
00300c04   _ECAP2_INT_ISR
00300c12   _ECAP3_INT_ISR
00300c20   _ECAP4_INT_ISR
00300c2e   _ECAP5_INT_ISR
00300c3c   _ECAP6_INT_ISR
00300c4a   _EQEP1_INT_ISR
00300c58   _EQEP2_INT_ISR
00300c66   _SPIRXINTA_ISR
00300c74   _SPITXINTA_ISR
00300c82   _MRINTB_ISR
00300c90   _MXINTB_ISR
00300c9e   _MRINTA_ISR
00300cac   _MXINTA_ISR
00300cba   _DINTCH1_ISR
00300cc8   _DINTCH2_ISR
00300cd6   _DINTCH3_ISR
00300ce4   _DINTCH4_ISR
00300cf2   _DINTCH5_ISR
00300d00   _DINTCH6_ISR
00300d0e   _I2CINT1A_ISR
00300d1c   _I2CINT2A_ISR
00300d2a   _SCIRXINTC_ISR
00300d38   _SCITXINTC_ISR
00300d46   _SCIRXINTA_ISR
00300d54   _SCITXINTA_ISR
00300d62   _SCIRXINTB_ISR
00300d70   _SCITXINTB_ISR
00300d7e   _ECAN0INTA_ISR
00300d8c   _ECAN1INTA_ISR
00300d9a   _ECAN0INTB_ISR
00300da8   _ECAN1INTB_ISR
00300db6   _XINT3_ISR
00300dc4   _XINT4_ISR
00300dd2   _XINT5_ISR
00300de0   _XINT6_ISR
00300dee   _XINT7_ISR
00300dfc   _LVF_ISR
00300e0a   _LUF_ISR
00300e18   _rsvd_ISR
00300e22   _initEffects
00300e98   _processWah
00300f9f   _processPhaser
003010ee   _processFlanger
003011cf   _processChorus
003011d5   _processPitchShift
003011db   _printFlanger
003011fa   _printWah
0030120d   _loadPresetScreen
00301227   _toggleDistortion
00301292   _findNote
00301397   _initLCD
003014bf   _main
003015b8   _getInputs
00301610   _toggleOn_Off
00301652   _queueEffect
00301678   _clearPipeline
003016a2   _toggleEffectOnDisplay
003016b8   _indexLookup
003016d1   _InitMcbsp
003016d6   _InitMcbspa
00301702   _InitMcbspb
0030172e   _InitMcbspa8bit
00301735   _InitMcbspa12bit
00301740   _InitMcbspa16bit
0030174b   _InitMcbspa20bit
00301756   _InitMcbspa24bit
00301761   _InitMcbspa32bit
0030176c   _InitMcbspb8bit
00301773   _InitMcbspb12bit
0030177e   _InitMcbspb16bit
00301789   _InitMcbspb20bit
00301794   _InitMcbspb24bit
0030179f   _InitMcbspb32bit
003017aa   _InitMcbspGpio
003017af   _InitMcbspaGpio
003017e9   _InitMcbspbGpio
003017fc   _delay_loop
00301812   _clkg_delay_loop
00301828   _RFFT_adc_f32
003018b8   _rfft_adc_f32_Stages4andUp
00301960   _initINTS
00301a7c   _updateTimer0
00301a8e   _RFFT_adc_f32u
00301b2c   FS$$DIV
00301bb4   FD$$MPY
00301c37   _InitSysCtrl
00301cb6   _InitCpuTimers
00301cef   _ConfigCpuTimer
00301d2a   _RFFT_f32_sincostable
00301d98   _cos
00301df9   _initFFT
00301e3a   _storeFFT
00301e56   _sin
00301eae   _c_int00
00301ef4   _RFFT_f32_mag
00301f38   _InitPieCtrl
00301f68   _fmod
00301f96   _rotary
00301fc2   _InitSpi
00301fc3   _InitSpiGpio
00301fc6   _InitSpiaGpio
00301fec   _sqrt
0030200f   I$$DIV
00302020   I$$MOD
00302031   FD$$TOI
00302052   ___memcpy_ff
00302073   FS$$TOFD
0030208f   _modf
003020a9   __args_main
003020c2   C$$EXIT
003020c2   _abort
003020c4   _exit
003020db   _InitI2C
003020dc   _InitI2CGpio
003020ef   _DelayUs
003020ff   __register_unlock
00302103   __register_lock
00302107   __nop
0030210f   _SetDBGIER
00302112   _PieVectTableInit
00302112   ___etext__
00302112   etext
00302216   ___cinit__
00302216   cinit
0033fff6   code_start
0033fff8   _CsmPwl
00380080   _ADC_cal
00380090   _PartIdRegs
ffffffff   ___binit__
ffffffff   ___c_args__
ffffffff   ___pinit__
ffffffff   binit
ffffffff   pinit

[330 symbols]
