******************************************************************************
             TMS320C2000 Linker PC v6.2.7                      
******************************************************************************
>> Linked Sun Nov 02 23:21:47 2014

OUTPUT FILE NAME:   <guitarEffects.out>
ENTRY POINT SYMBOL: "_c_int00"  address: 00301bfe


MEMORY CONFIGURATION

         name            origin    length      used     unused   attr    fill
----------------------  --------  ---------  --------  --------  ----  --------
PAGE 0:
  BEGIN_M0              00000000   00000002  00000000  00000002  RWIX
  L0123SARAM            00008000   00004000  00000bd7  00003429  RWIX
  FLASH_ABCDEFGH        00300000   0003ff80  00002056  0003df2a  R   
  CSM_RSVD              0033ff80   00000076  00000076  00000000  R   
  BEGIN_FLASH           0033fff6   00000002  00000002  00000000  R   
  PASSWORDS             0033fff8   00000008  00000008  00000000  R   
  ADC_CAL               00380080   00000009  00000007  00000002  RWIX
  OTP                   00380400   00000400  00000000  00000400  R   
  IQTABLES              003fe000   00000b50  00000000  00000b50  R   
  IQTABLES2             003feb50   0000008c  00000000  0000008c  R   
  FPUTABLES             003febdc   000006a0  00000000  000006a0  R   
  RESET                 003fffc0   00000002  00000000  00000002  R   

PAGE 1:
  M0SARAM               00000002   000003fe  00000000  000003fe  RWIX
  M1SARAM               00000400   00000400  00000300  00000100  RWIX
  DEV_EMU               00000880   00000180  000000d0  000000b0  RWIX
  FLASH_REGS            00000a80   00000060  00000008  00000058  RWIX
  CSM                   00000ae0   00000010  00000010  00000000  RWIX
  ADC_MIRROR            00000b00   00000010  00000010  00000000  RWIX
  XINTF                 00000b20   00000020  0000001e  00000002  RWIX
  CPU_TIMER0            00000c00   00000008  00000008  00000000  RWIX
  CPU_TIMER1            00000c08   00000008  00000008  00000000  RWIX
  CPU_TIMER2            00000c10   00000008  00000008  00000000  RWIX
  PIE_CTRL              00000ce0   00000020  0000001a  00000006  RWIX
  PIE_VECT              00000d00   00000100  00000100  00000000  RWIX
  DMA                   00001000   00000200  000000e0  00000120  RWIX
  MCBSPA                00005000   00000040  00000025  0000001b  RWIX
  MCBSPB                00005040   00000040  00000025  0000001b  RWIX
  ECANA                 00006000   00000040  00000034  0000000c  RWIX
  ECANA_LAM             00006040   00000040  00000040  00000000  RWIX
  ECANA_MOTS            00006080   00000040  00000040  00000000  RWIX
  ECANA_MOTO            000060c0   00000040  00000040  00000000  RWIX
  ECANA_MBOX            00006100   00000100  00000100  00000000  RWIX
  ECANB                 00006200   00000040  00000034  0000000c  RWIX
  ECANB_LAM             00006240   00000040  00000040  00000000  RWIX
  ECANB_MOTS            00006280   00000040  00000040  00000000  RWIX
  ECANB_MOTO            000062c0   00000040  00000040  00000000  RWIX
  ECANB_MBOX            00006300   00000100  00000100  00000000  RWIX
  EPWM1                 00006800   00000022  00000022  00000000  RWIX
  EPWM2                 00006840   00000022  00000022  00000000  RWIX
  EPWM3                 00006880   00000022  00000022  00000000  RWIX
  EPWM4                 000068c0   00000022  00000022  00000000  RWIX
  EPWM5                 00006900   00000022  00000022  00000000  RWIX
  EPWM6                 00006940   00000022  00000022  00000000  RWIX
  ECAP1                 00006a00   00000020  00000020  00000000  RWIX
  ECAP2                 00006a20   00000020  00000020  00000000  RWIX
  ECAP3                 00006a40   00000020  00000020  00000000  RWIX
  ECAP4                 00006a60   00000020  00000020  00000000  RWIX
  ECAP5                 00006a80   00000020  00000020  00000000  RWIX
  ECAP6                 00006aa0   00000020  00000020  00000000  RWIX
  EQEP1                 00006b00   00000040  00000040  00000000  RWIX
  EQEP2                 00006b40   00000040  00000040  00000000  RWIX
  GPIOCTRL              00006f80   00000040  0000002e  00000012  RWIX
  GPIODAT               00006fc0   00000020  00000020  00000000  RWIX
  GPIOINT               00006fe0   00000020  0000000a  00000016  RWIX
  SYSTEM                00007010   00000020  00000020  00000000  RWIX
  SPIA                  00007040   00000010  00000010  00000000  RWIX
  SCIA                  00007050   00000010  00000010  00000000  RWIX
  XINTRUPT              00007070   00000010  00000010  00000000  RWIX
  ADC                   00007100   00000020  0000001e  00000002  RWIX
  SCIB                  00007750   00000010  00000010  00000000  RWIX
  SCIC                  00007770   00000010  00000010  00000000  RWIX
  I2CA                  00007900   00000040  00000022  0000001e  RWIX
  L4SARAM               0000c000   00001000  00000d24  000002dc  RWIX
  L5SARAM               0000d000   00001000  00000000  00001000  RWIX
  L6SARAM               0000e000   00001000  00000000  00001000  RWIX
  L7SARAM               0000f000   00001000  00000000  00001000  RWIX
  CSM_PWL               0033fff8   00000008  00000008  00000000  RWIX
  PARTID                00380090   00000001  00000001  00000000  RWIX


SECTION ALLOCATION MAP

 output                                  attributes/
section   page    origin      length       input sections
--------  ----  ----------  ----------   ----------------
.pinit     0    00300000    00000000     UNINITIALIZED

secureRamFuncs 
*          0    00300000    00000bd7     RUN ADDR = 00008000
                  00300000    0000041b     effect.obj (secureRamFuncs)
                  0030041b    00000365     main.obj (secureRamFuncs:retain)
                  00300780    000002c1     lcd.obj (secureRamFuncs)
                  00300a41    00000089     spi.obj (secureRamFuncs)
                  00300aca    00000078     eeprom.obj (secureRamFuncs)
                  00300b42    00000076     effect.obj (secureRamFuncs:retain)
                  00300bb8    0000001f     Flash.obj (secureRamFuncs)

.text      0    00300bd8    000012a7     
                  00300bd8    000003f4     DefaultIsr_nonBIOS.obj (.text:retain)
                  00300fcc    0000015a     DSP2833x_Mcbsp.obj (.text)
                  00301126    00000150     bp_iir.obj (.text)
                  00301276    0000014b     main.obj (.text)
                  003013c1    00000001     --HOLE-- [fill = 0]
                  003013c2    00000138     RFFT_adc_f32.obj (.text)
                  003014fa    0000011b     sys.obj (.text)
                  00301615    0000010c     autoWah.obj (.text)
                  00301721    000000a2     lcd.obj (.text)
                  003017c3    00000001     --HOLE-- [fill = 0]
                  003017c4    0000009e     RFFT_adc_f32u.obj (.text)
                  00301862    00000088     rts2800_fpu32.lib : fs_div.obj (.text)
                  003018ea    0000007f     SysCtrl.obj (.text)
                  00301969    00000074     DSP2833x_CpuTimers.obj (.text)
                  003019dd    00000068     rts2800_fpu32.lib : exp.obj (.text)
                  00301a45    00000061                       : cos.obj (.text)
                  00301aa6    00000061                       : tan.obj (.text)
                  00301b07    0000005a                       : pow.obj (.text)
                  00301b61    00000050                       : _log.obj (.text)
                  00301bb1    0000004d     effect.obj (.text)
                  00301bfe    00000046     rts2800_fpu32.lib : boot.obj (.text)
                  00301c44    00000044     RFFT_f32_mag.obj (.text)
                  00301c88    00000031     rts2800_fpu32.lib : ldexp.obj (.text)
                  00301cb9    00000030     PieCtrl_nonBIOS.obj (.text)
                  00301ce9    0000002e     rts2800_fpu32.lib : fmod.obj (.text)
                  00301d17    0000002a     DSP2833x_Spi.obj (.text)
                  00301d41    00000028     adc.obj (.text)
                  00301d69    00000001     --HOLE-- [fill = 0]
                  00301d6a    00000023     rts2800_fpu32.lib : sqrt.obj (.text)
                  00301d8d    00000022                       : i_div.obj (.text)
                  00301daf    00000021                       : memcpy_ff.obj (.text)
                  00301dd0    0000001a                       : modf.obj (.text)
                  00301dea    00000019                       : args_main.obj (.text)
                  00301e03    00000019                       : exit.obj (.text)
                  00301e1c    00000017     DSP2833x_I2C.obj (.text)
                  00301e33    00000016     rts2800_fpu32.lib : frexp.obj (.text)
                  00301e49    00000013     DSP2833x_Adc.obj (.text)
                  00301e5c    00000010     DelayUs.obj (.text)
                  00301e6c    00000009     rts2800_fpu32.lib : _lock.obj (.text)
                  00301e75    00000007     CodeStartBranch.obj (.text)
                  00301e7c    00000003     SetDBGIER.obj (.text)

.econst    0    00301e80    00000100     
                  00301e80    00000100     PieVect_nonBIOS.obj (.econst)

.cinit     0    00301f80    000000d8     
                  00301f80    0000009f     main.obj (.cinit)
                  0030201f    00000017     lowpass.obj (.cinit)
                  00302036    0000000a     rts2800_fpu32.lib : _lock.obj (.cinit)
                  00302040    0000000a                       : exit.obj (.cinit)
                  0030204a    00000004     effect.obj (.cinit)
                  0030204e    00000004     rts2800_fpu32.lib : errno.obj (.cinit)
                  00302052    00000004                       : memory.obj (.cinit)
                  00302056    00000002     --HOLE-- [fill = 0]

csm_rsvd   0    0033ff80    00000076     
                  0033ff80    00000076     Passwords.obj (csm_rsvd)

codestart 
*          0    0033fff6    00000002     
                  0033fff6    00000002     CodeStartBranch.obj (codestart)

passwords 
*          0    0033fff8    00000008     
                  0033fff8    00000008     Passwords.obj (passwords)

.adc_cal   0    00380080    00000007     NOLOAD SECTION
                  00380080    00000007     DSP2833x_ADC_cal.obj (.adc_cal)

.reset     0    003fffc0    00000002     DSECT
                  003fffc0    00000002     rts2800_fpu32.lib : boot.obj (.reset)

.stack     1    00000400    00000300     UNINITIALIZED
                  00000400    00000300     --HOLE--

DevEmuRegsFile 
*          1    00000880    000000d0     UNINITIALIZED
                  00000880    000000d0     DSP2833x_GlobalVariableDefs.obj (DevEmuRegsFile)

FlashRegsFile 
*          1    00000a80    00000008     UNINITIALIZED
                  00000a80    00000008     DSP2833x_GlobalVariableDefs.obj (FlashRegsFile)

CsmRegsFile 
*          1    00000ae0    00000010     UNINITIALIZED
                  00000ae0    00000010     DSP2833x_GlobalVariableDefs.obj (CsmRegsFile)

AdcMirrorFile 
*          1    00000b00    00000010     UNINITIALIZED
                  00000b00    00000010     DSP2833x_GlobalVariableDefs.obj (AdcMirrorFile)

XintfRegsFile 
*          1    00000b20    0000001e     UNINITIALIZED
                  00000b20    0000001e     DSP2833x_GlobalVariableDefs.obj (XintfRegsFile)

CpuTimer0RegsFile 
*          1    00000c00    00000008     UNINITIALIZED
                  00000c00    00000008     DSP2833x_GlobalVariableDefs.obj (CpuTimer0RegsFile)

CpuTimer1RegsFile 
*          1    00000c08    00000008     UNINITIALIZED
                  00000c08    00000008     DSP2833x_GlobalVariableDefs.obj (CpuTimer1RegsFile)

CpuTimer2RegsFile 
*          1    00000c10    00000008     UNINITIALIZED
                  00000c10    00000008     DSP2833x_GlobalVariableDefs.obj (CpuTimer2RegsFile)

PieCtrlRegsFile 
*          1    00000ce0    0000001a     UNINITIALIZED
                  00000ce0    0000001a     DSP2833x_GlobalVariableDefs.obj (PieCtrlRegsFile)

PieVectTableFile 
*          1    00000d00    00000100     UNINITIALIZED
                  00000d00    00000100     DSP2833x_GlobalVariableDefs.obj (PieVectTableFile)

DmaRegsFile 
*          1    00001000    000000e0     UNINITIALIZED
                  00001000    000000e0     DSP2833x_GlobalVariableDefs.obj (DmaRegsFile)

McbspaRegsFile 
*          1    00005000    00000025     UNINITIALIZED
                  00005000    00000025     DSP2833x_GlobalVariableDefs.obj (McbspaRegsFile)

McbspbRegsFile 
*          1    00005040    00000025     UNINITIALIZED
                  00005040    00000025     DSP2833x_GlobalVariableDefs.obj (McbspbRegsFile)

ECanaRegsFile 
*          1    00006000    00000034     UNINITIALIZED
                  00006000    00000034     DSP2833x_GlobalVariableDefs.obj (ECanaRegsFile)

ECanaLAMRegsFile 
*          1    00006040    00000040     UNINITIALIZED
                  00006040    00000040     DSP2833x_GlobalVariableDefs.obj (ECanaLAMRegsFile)

ECanaMOTSRegsFile 
*          1    00006080    00000040     UNINITIALIZED
                  00006080    00000040     DSP2833x_GlobalVariableDefs.obj (ECanaMOTSRegsFile)

ECanaMOTORegsFile 
*          1    000060c0    00000040     UNINITIALIZED
                  000060c0    00000040     DSP2833x_GlobalVariableDefs.obj (ECanaMOTORegsFile)

ECanaMboxesFile 
*          1    00006100    00000100     UNINITIALIZED
                  00006100    00000100     DSP2833x_GlobalVariableDefs.obj (ECanaMboxesFile)

ECanbRegsFile 
*          1    00006200    00000034     UNINITIALIZED
                  00006200    00000034     DSP2833x_GlobalVariableDefs.obj (ECanbRegsFile)

ECanbLAMRegsFile 
*          1    00006240    00000040     UNINITIALIZED
                  00006240    00000040     DSP2833x_GlobalVariableDefs.obj (ECanbLAMRegsFile)

ECanbMOTSRegsFile 
*          1    00006280    00000040     UNINITIALIZED
                  00006280    00000040     DSP2833x_GlobalVariableDefs.obj (ECanbMOTSRegsFile)

ECanbMOTORegsFile 
*          1    000062c0    00000040     UNINITIALIZED
                  000062c0    00000040     DSP2833x_GlobalVariableDefs.obj (ECanbMOTORegsFile)

ECanbMboxesFile 
*          1    00006300    00000100     UNINITIALIZED
                  00006300    00000100     DSP2833x_GlobalVariableDefs.obj (ECanbMboxesFile)

EPwm1RegsFile 
*          1    00006800    00000022     UNINITIALIZED
                  00006800    00000022     DSP2833x_GlobalVariableDefs.obj (EPwm1RegsFile)

EPwm2RegsFile 
*          1    00006840    00000022     UNINITIALIZED
                  00006840    00000022     DSP2833x_GlobalVariableDefs.obj (EPwm2RegsFile)

EPwm3RegsFile 
*          1    00006880    00000022     UNINITIALIZED
                  00006880    00000022     DSP2833x_GlobalVariableDefs.obj (EPwm3RegsFile)

EPwm4RegsFile 
*          1    000068c0    00000022     UNINITIALIZED
                  000068c0    00000022     DSP2833x_GlobalVariableDefs.obj (EPwm4RegsFile)

EPwm5RegsFile 
*          1    00006900    00000022     UNINITIALIZED
                  00006900    00000022     DSP2833x_GlobalVariableDefs.obj (EPwm5RegsFile)

EPwm6RegsFile 
*          1    00006940    00000022     UNINITIALIZED
                  00006940    00000022     DSP2833x_GlobalVariableDefs.obj (EPwm6RegsFile)

ECap1RegsFile 
*          1    00006a00    00000020     UNINITIALIZED
                  00006a00    00000020     DSP2833x_GlobalVariableDefs.obj (ECap1RegsFile)

ECap2RegsFile 
*          1    00006a20    00000020     UNINITIALIZED
                  00006a20    00000020     DSP2833x_GlobalVariableDefs.obj (ECap2RegsFile)

ECap3RegsFile 
*          1    00006a40    00000020     UNINITIALIZED
                  00006a40    00000020     DSP2833x_GlobalVariableDefs.obj (ECap3RegsFile)

ECap4RegsFile 
*          1    00006a60    00000020     UNINITIALIZED
                  00006a60    00000020     DSP2833x_GlobalVariableDefs.obj (ECap4RegsFile)

ECap5RegsFile 
*          1    00006a80    00000020     UNINITIALIZED
                  00006a80    00000020     DSP2833x_GlobalVariableDefs.obj (ECap5RegsFile)

ECap6RegsFile 
*          1    00006aa0    00000020     UNINITIALIZED
                  00006aa0    00000020     DSP2833x_GlobalVariableDefs.obj (ECap6RegsFile)

EQep1RegsFile 
*          1    00006b00    00000040     UNINITIALIZED
                  00006b00    00000040     DSP2833x_GlobalVariableDefs.obj (EQep1RegsFile)

EQep2RegsFile 
*          1    00006b40    00000040     UNINITIALIZED
                  00006b40    00000040     DSP2833x_GlobalVariableDefs.obj (EQep2RegsFile)

GpioCtrlRegsFile 
*          1    00006f80    0000002e     UNINITIALIZED
                  00006f80    0000002e     DSP2833x_GlobalVariableDefs.obj (GpioCtrlRegsFile)

GpioDataRegsFile 
*          1    00006fc0    00000020     UNINITIALIZED
                  00006fc0    00000020     DSP2833x_GlobalVariableDefs.obj (GpioDataRegsFile)

GpioIntRegsFile 
*          1    00006fe0    0000000a     UNINITIALIZED
                  00006fe0    0000000a     DSP2833x_GlobalVariableDefs.obj (GpioIntRegsFile)

SysCtrlRegsFile 
*          1    00007010    00000020     UNINITIALIZED
                  00007010    00000020     DSP2833x_GlobalVariableDefs.obj (SysCtrlRegsFile)

SpiaRegsFile 
*          1    00007040    00000010     UNINITIALIZED
                  00007040    00000010     DSP2833x_GlobalVariableDefs.obj (SpiaRegsFile)

SciaRegsFile 
*          1    00007050    00000010     UNINITIALIZED
                  00007050    00000010     DSP2833x_GlobalVariableDefs.obj (SciaRegsFile)

XIntruptRegsFile 
*          1    00007070    00000010     UNINITIALIZED
                  00007070    00000010     DSP2833x_GlobalVariableDefs.obj (XIntruptRegsFile)

AdcRegsFile 
*          1    00007100    0000001e     UNINITIALIZED
                  00007100    0000001e     DSP2833x_GlobalVariableDefs.obj (AdcRegsFile)

ScibRegsFile 
*          1    00007750    00000010     UNINITIALIZED
                  00007750    00000010     DSP2833x_GlobalVariableDefs.obj (ScibRegsFile)

ScicRegsFile 
*          1    00007770    00000010     UNINITIALIZED
                  00007770    00000010     DSP2833x_GlobalVariableDefs.obj (ScicRegsFile)

I2caRegsFile 
*          1    00007900    00000022     UNINITIALIZED
                  00007900    00000022     DSP2833x_GlobalVariableDefs.obj (I2caRegsFile)

.bss       1    0000c000    00000000     UNINITIALIZED

.sysmem    1    0000c000    00000400     UNINITIALIZED
                  0000c000    00000001     rts2800_fpu32.lib : memory.obj (.sysmem)
                  0000c001    000003ff     --HOLE--

.ebss.1    1    0000c400    000008f2     UNINITIALIZED
                  0000c400    000004b0     bp_iir.obj (.ebss)
                  0000c8b0    00000008     rts2800_fpu32.lib : memory.obj (.ebss)
                  0000c8b8    00000004     lcd.obj (.ebss)
                  0000c8bc    00000004     rts2800_fpu32.lib : _lock.obj (.ebss)
                  0000c8c0    000003a6     main.obj (.ebss)
                  0000cc66    00000018     DSP2833x_CpuTimers.obj (.ebss)
                  0000cc7e    00000001     rts2800_fpu32.lib : errno.obj (.ebss)
                  0000cc7f    00000001     --HOLE--
                  0000cc80    0000005a     effect.obj (.ebss)
                  0000ccda    00000014     lowpass.obj (.ebss)
                  0000ccee    00000004     rts2800_fpu32.lib : exit.obj (.ebss)

.ebss.2    1    0000cd00    00000032     UNINITIALIZED
                  0000cd00    00000032     autoWah.obj (.ebss)

CsmPwlFile 
*          1    0033fff8    00000008     UNINITIALIZED
                  0033fff8    00000008     DSP2833x_GlobalVariableDefs.obj (CsmPwlFile)

PartIdRegsFile 
*          1    00380090    00000001     UNINITIALIZED
                  00380090    00000001     DSP2833x_GlobalVariableDefs.obj (PartIdRegsFile)


GLOBAL DATA SYMBOLS: SORTED BY DATA PAGE

address     data page           name
--------    ----------------    ----
00000400      10 (00000400)     __stack

00000880      22 (00000880)     _DevEmuRegs

00000a80      2a (00000a80)     _FlashRegs

00000ae0      2b (00000ac0)     _CsmRegs

00000b00      2c (00000b00)     _AdcMirror
00000b20      2c (00000b00)     _XintfRegs

00000c00      30 (00000c00)     _CpuTimer0Regs
00000c08      30 (00000c00)     _CpuTimer1Regs
00000c10      30 (00000c00)     _CpuTimer2Regs

00000ce0      33 (00000cc0)     _PieCtrlRegs

00000d00      34 (00000d00)     _PieVectTable

00001000      40 (00001000)     _DmaRegs

00005000     140 (00005000)     _McbspaRegs

00005040     141 (00005040)     _McbspbRegs

00006000     180 (00006000)     _ECanaRegs

00006040     181 (00006040)     _ECanaLAMRegs

00006080     182 (00006080)     _ECanaMOTSRegs

000060c0     183 (000060c0)     _ECanaMOTORegs

00006100     184 (00006100)     _ECanaMboxes

00006200     188 (00006200)     _ECanbRegs

00006240     189 (00006240)     _ECanbLAMRegs

00006280     18a (00006280)     _ECanbMOTSRegs

000062c0     18b (000062c0)     _ECanbMOTORegs

00006300     18c (00006300)     _ECanbMboxes

00006800     1a0 (00006800)     _EPwm1Regs

00006840     1a1 (00006840)     _EPwm2Regs

00006880     1a2 (00006880)     _EPwm3Regs

000068c0     1a3 (000068c0)     _EPwm4Regs

00006900     1a4 (00006900)     _EPwm5Regs

00006940     1a5 (00006940)     _EPwm6Regs

00006a00     1a8 (00006a00)     _ECap1Regs
00006a20     1a8 (00006a00)     _ECap2Regs

00006a40     1a9 (00006a40)     _ECap3Regs
00006a60     1a9 (00006a40)     _ECap4Regs

00006a80     1aa (00006a80)     _ECap5Regs
00006aa0     1aa (00006a80)     _ECap6Regs

00006b00     1ac (00006b00)     _EQep1Regs

00006b40     1ad (00006b40)     _EQep2Regs

00006f80     1be (00006f80)     _GpioCtrlRegs

00006fc0     1bf (00006fc0)     _GpioDataRegs
00006fe0     1bf (00006fc0)     _GpioIntRegs

00007010     1c0 (00007000)     _SysCtrlRegs

00007040     1c1 (00007040)     _SpiaRegs
00007050     1c1 (00007040)     _SciaRegs
00007070     1c1 (00007040)     _XIntruptRegs

00007100     1c4 (00007100)     _AdcRegs

00007750     1dd (00007740)     _ScibRegs
00007770     1dd (00007740)     _ScicRegs

00007900     1e4 (00007900)     _I2caRegs

0000c000     300 (0000c000)     __sys_memory

0000c8b8     322 (0000c880)     _tunerScreen
0000c8b9     322 (0000c880)     _currentPreset
0000c8ba     322 (0000c880)     _numInMainDisplay
0000c8bb     322 (0000c880)     _presetScreen
0000c8bc     322 (0000c880)     __unlock
0000c8be     322 (0000c880)     __lock

0000c8c0     323 (0000c8c0)     _sysStart
0000c8c1     323 (0000c8c0)     _updateLcd
0000c8c2     323 (0000c8c0)     _currentChangeScreen
0000c8c3     323 (0000c8c0)     _resetTimer
0000c8c4     323 (0000c8c0)     _newLevel
0000c8c5     323 (0000c8c0)     _oldLevel
0000c8c6     323 (0000c8c0)     _updateCode
0000c8c7     323 (0000c8c0)     _toggle
0000c8c8     323 (0000c8c0)     _effectToToggle
0000c8c9     323 (0000c8c0)     _delayChange
0000c8ca     323 (0000c8c0)     _flangeChange
0000c8cb     323 (0000c8c0)     _preset
0000c8cc     323 (0000c8c0)     _updateChange
0000c8cd     323 (0000c8c0)     _indexToToggle
0000c8ce     323 (0000c8c0)     _tremoloLevel
0000c8cf     323 (0000c8c0)     _volumeLevel
0000c8d0     323 (0000c8c0)     _chorusLevel
0000c8d1     323 (0000c8c0)     _delayLevel
0000c8d2     323 (0000c8c0)     _trebleLevel
0000c8d3     323 (0000c8c0)     _midLevel
0000c8d4     323 (0000c8c0)     _bassLevel
0000c8d5     323 (0000c8c0)     _numQueued
0000c8d6     323 (0000c8c0)     _trebleChange
0000c8d7     323 (0000c8c0)     _tuner
0000c8d8     323 (0000c8c0)     _midChange
0000c8d9     323 (0000c8c0)     _flangeLevel
0000c8da     323 (0000c8c0)     _reverbLevel
0000c8db     323 (0000c8c0)     _volumeChange
0000c8dc     323 (0000c8c0)     _tremoloChange
0000c8dd     323 (0000c8c0)     _chorusChange
0000c8de     323 (0000c8c0)     _bassChange
0000c8df     323 (0000c8c0)     _save
0000c8e0     323 (0000c8c0)     _load
0000c8e1     323 (0000c8c0)     _newVolumeLevel
0000c8e2     323 (0000c8c0)     _updateVolume
0000c8e3     323 (0000c8c0)     _reverbChange
0000c8e4     323 (0000c8c0)     _presetNumber
0000c8e5     323 (0000c8c0)     _location
0000c8ef     323 (0000c8c0)     _adcVals

0000c900     324 (0000c900)     _mainDisplay
0000c90a     324 (0000c900)     _on_off
0000c914     324 (0000c900)     _pipeline
0000c928     324 (0000c900)     _list

0000cc66     331 (0000cc40)     _CpuTimer1
0000cc6e     331 (0000cc40)     _CpuTimer2
0000cc76     331 (0000cc40)     _CpuTimer0
0000cc7e     331 (0000cc40)     _errno

0000cc80     332 (0000cc80)     _writeDone
0000cc81     332 (0000cc80)     _readDone
0000cc82     332 (0000cc80)     _Error
0000cc84     332 (0000cc80)     _CurrentMsgPtr
0000cc86     332 (0000cc80)     _adcVal
0000cc8b     332 (0000cc80)     _messageIn
0000cca0     332 (0000cc80)     _messageOut

0000ccc0     333 (0000ccc0)     _returnArray
0000ccda     333 (0000ccc0)     _lowpass_coefficients
0000ccee     333 (0000ccc0)     ___TI_cleanup_ptr
0000ccf0     333 (0000ccc0)     ___TI_dtors_ptr

0000cd04     334 (0000cd00)     _x
0000cd0a     334 (0000cd00)     _y

00301e80    c07a (00301e80)     _PieVectTableInit

0033fff8    cfff (0033ffc0)     _CsmPwl

00380090    e002 (00380080)     _PartIdRegs


GLOBAL SYMBOLS: SORTED ALPHABETICALLY BY Name 

address    name
--------   ----
0000c000   .bss
00300bd8   .text
00301e03   C$$EXIT
00301862   FS$$DIV
00301d8d   I$$DIV
00301d9e   I$$MOD
00300cce   _ADCINT_ISR
00380080   _ADC_cal
00000b00   _AdcMirror
00007100   _AdcRegs
00301615   _AutoWah_init
0030168e   _AutoWah_process
0030169f   _AutoWah_sweep
003019a2   _ConfigCpuTimer
0000cc76   _CpuTimer0
00000c00   _CpuTimer0Regs
0000cc66   _CpuTimer1
00000c08   _CpuTimer1Regs
0000cc6e   _CpuTimer2
00000c10   _CpuTimer2Regs
0033fff8   _CsmPwl
00000ae0   _CsmRegs
0000cc84   _CurrentMsgPtr
00300bec   _DATALOG_ISR
00300e64   _DINTCH1_ISR
00300e72   _DINTCH2_ISR
00300e80   _DINTCH3_ISR
00300e8e   _DINTCH4_ISR
00300e9c   _DINTCH5_ISR
00300eaa   _DINTCH6_ISR
00301e5c   _DelayUs
00000880   _DevEmuRegs
00001000   _DmaRegs
00300f28   _ECAN0INTA_ISR
00300f44   _ECAN0INTB_ISR
00300f36   _ECAN1INTA_ISR
00300f52   _ECAN1INTB_ISR
00300da0   _ECAP1_INT_ISR
00300dae   _ECAP2_INT_ISR
00300dbc   _ECAP3_INT_ISR
00300dca   _ECAP4_INT_ISR
00300dd8   _ECAP5_INT_ISR
00300de6   _ECAP6_INT_ISR
00006040   _ECanaLAMRegs
000060c0   _ECanaMOTORegs
00006080   _ECanaMOTSRegs
00006100   _ECanaMboxes
00006000   _ECanaRegs
00006240   _ECanbLAMRegs
000062c0   _ECanbMOTORegs
00006280   _ECanbMOTSRegs
00006300   _ECanbMboxes
00006200   _ECanbRegs
00006a00   _ECap1Regs
00006a20   _ECap2Regs
00006a40   _ECap3Regs
00006a60   _ECap4Regs
00006a80   _ECap5Regs
00006aa0   _ECap6Regs
00300c00   _EMUINT_ISR
00300d4c   _EPWM1_INT_ISR
00300cf8   _EPWM1_TZINT_ISR
00300d5a   _EPWM2_INT_ISR
00300d06   _EPWM2_TZINT_ISR
00300d68   _EPWM3_INT_ISR
00300d14   _EPWM3_TZINT_ISR
00300d76   _EPWM4_INT_ISR
00300d22   _EPWM4_TZINT_ISR
00300d84   _EPWM5_INT_ISR
00300d30   _EPWM5_TZINT_ISR
00300d92   _EPWM6_INT_ISR
00300d3e   _EPWM6_TZINT_ISR
00006800   _EPwm1Regs
00006840   _EPwm2Regs
00006880   _EPwm3Regs
000068c0   _EPwm4Regs
00006900   _EPwm5Regs
00006940   _EPwm6Regs
00300df4   _EQEP1_INT_ISR
00300e02   _EQEP2_INT_ISR
00006b00   _EQep1Regs
00006b40   _EQep2Regs
0000cc82   _Error
00000a80   _FlashRegs
00006f80   _GpioCtrlRegs
00006fc0   _GpioDataRegs
00006fe0   _GpioIntRegs
00008aca   _I2CA_Init
00008b10   _I2CA_ReadData
00008add   _I2CA_WriteData
00300eb8   _I2CINT1A_ISR
00300ec6   _I2CINT2A_ISR
00007900   _I2caRegs
00300c14   _ILLEGAL_ISR
00300bd8   _INT13_ISR
00300be2   _INT14_ISR
00301e49   _InitAdc
00301969   _InitCpuTimers
00008bb8   _InitFlash
00301e1c   _InitI2C
00301e1d   _InitI2CGpio
00300fcc   _InitMcbsp
003010a5   _InitMcbspGpio
00300fd1   _InitMcbspa
00301030   _InitMcbspa12bit
0030103b   _InitMcbspa16bit
00301046   _InitMcbspa20bit
00301051   _InitMcbspa24bit
0030105c   _InitMcbspa32bit
00301029   _InitMcbspa8bit
003010aa   _InitMcbspaGpio
00300ffd   _InitMcbspb
0030106e   _InitMcbspb12bit
00301079   _InitMcbspb16bit
00301084   _InitMcbspb20bit
0030108f   _InitMcbspb24bit
0030109a   _InitMcbspb32bit
00301067   _InitMcbspb8bit
003010e4   _InitMcbspbGpio
00301cb9   _InitPieCtrl
00301d17   _InitSpi
00301d18   _InitSpiGpio
00301d1b   _InitSpiaGpio
003018ea   _InitSysCtrl
00300fb4   _LUF_ISR
00300fa6   _LVF_ISR
00300e48   _MRINTA_ISR
00300e2c   _MRINTB_ISR
00300e56   _MXINTA_ISR
00300e3a   _MXINTB_ISR
00005000   _McbspaRegs
00005040   _McbspbRegs
00300c0a   _NMI_ISR
00380090   _PartIdRegs
00000ce0   _PieCtrlRegs
00000d00   _PieVectTable
00301e80   _PieVectTableInit
003013c2   _RFFT_adc_f32
003017c4   _RFFT_adc_f32u
00301c44   _RFFT_f32_mag
00300bf6   _RTOSINT_ISR
00300ef0   _SCIRXINTA_ISR
00300f0c   _SCIRXINTB_ISR
00300ed4   _SCIRXINTC_ISR
00300efe   _SCITXINTA_ISR
00300f1a   _SCITXINTB_ISR
00300ee2   _SCITXINTC_ISR
00300c96   _SEQ1INT_ISR
00300ca4   _SEQ2INT_ISR
00300e10   _SPIRXINTA_ISR
00300e1e   _SPITXINTA_ISR
00007050   _SciaRegs
00007750   _ScibRegs
00007770   _ScicRegs
00301e7c   _SetDBGIER
00007040   _SpiaRegs
00007010   _SysCtrlRegs
00300cdc   _TINT0_ISR
00300c78   _USER10_ISR
00300c82   _USER11_ISR
00300c8c   _USER12_ISR
00300c1e   _USER1_ISR
00300c28   _USER2_ISR
00300c32   _USER3_ISR
00300c3c   _USER4_ISR
00300c46   _USER5_ISR
00300c50   _USER6_ISR
00300c5a   _USER7_ISR
00300c64   _USER8_ISR
00300c6e   _USER9_ISR
00300cea   _WAKEINT_ISR
00300cb2   _XINT1_ISR
00300cc0   _XINT2_ISR
00300f60   _XINT3_ISR
00300f6e   _XINT4_ISR
00300f7c   _XINT5_ISR
00300f8a   _XINT6_ISR
00300f98   _XINT7_ISR
00007070   _XIntruptRegs
00000b20   _XintfRegs
00000700   __STACK_END
00000300   __STACK_SIZE
00000400   __SYSMEM_SIZE
00000001   __TI_args_main
0000ccee   ___TI_cleanup_ptr
0000ccf0   ___TI_dtors_ptr
ffffffff   ___binit__
0000c000   ___bss__
ffffffff   ___c_args__
00301f80   ___cinit__
0000c000   ___end__
00301e7f   ___etext__
00301daf   ___memcpy_ff
ffffffff   ___pinit__
00300bd8   ___text__
00301dea   __args_main
0000c8be   __lock
00301b61   __log
00301e74   __nop
00301e70   __register_lock
00301e6c   __register_unlock
00000400   __stack
0000c000   __sys_memory
0000c8bc   __unlock
00301e03   _abort
0000cc86   _adcVal
0000c8ef   _adcVals
0000848a   _adc_isr
00008938   _addToLCD
0000c8de   _bassChange
0000c8d4   _bassLevel
00301216   _bp_iir_filter
00301126   _bp_iir_init
003011e3   _bp_iir_setup
00301bfe   _c_int00
0000c8dd   _chorusChange
0000c8d0   _chorusLevel
00301363   _clearPipeline
00301110   _clkg_delay_loop
00008a0f   _controlLCD
00301a45   _cos
0000841b   _cpu_timer0_isr
00008460   _cpu_timer1_isr
0000c8c2   _currentChangeScreen
0000c8b9   _currentPreset
0000c8c9   _delayChange
0000c8d1   _delayLevel
003010fa   _delay_loop
000083f1   _eepromRead
000083d6   _eepromWrite
0000c8c8   _effectToToggle
000086ff   _effects
0000cc7e   _errno
00301e05   _exit
003019dd   _exp
0000c8ca   _flangeChange
0000c8d9   _flangeLevel
00301ce9   _fmod
00301e33   _frexp
00301d64   _getAdc
000088e9   _goToMain
00008b42   _i2c_int1a_isr
0030139c   _indexLookup
0000c8cd   _indexToToggle
00301d41   _initAdc
00301bb1   _initEffects
003014fa   _initINTS
00301795   _initLCD
00008a64   _init_adc_spi
00008a7c   _init_mcbsp_spi
00301c88   _ldexp
0000c928   _list
0000c8e0   _load
00008262   _loadPreset
00301772   _loadPresetScreen
000086bb   _load_preset
0000c8e5   _location
0000ccda   _lowpass_coefficients
00301276   _main
0000c900   _mainDisplay
00008ab7   _mcbsp_xmit
0000cc8b   _messageIn
0000cca0   _messageOut
0000c8d8   _midChange
0000c8d3   _midLevel
00301dd0   _modf
0000c8c4   _newLevel
0000c8e1   _newVolumeLevel
0000c8ba   _numInMainDisplay
0000c8d5   _numQueued
0000c8c5   _oldLevel
0000c90a   _on_off
0000c914   _pipeline
00301b07   _pow
0000c8cb   _preset
0000c8e4   _presetNumber
0000c8bb   _presetScreen
0000868a   _preset_down
00008658   _preset_up
00301756   _printChorus
00301721   _printDelay
0030173a   _printFlange
000089c9   _printFreq
00008a28   _printLCD
0000879f   _printReverb
00008780   _printTremolo
00008000   _process
00301bf4   _processChorus
00008035   _processCrunch
00301bdc   _processDelay
00008021   _processDistortion
00301bef   _processFlange
00301bea   _processPhaser
00301bf9   _processPitchShift
000080a2   _processReverb
00008049   _processTremolo
00301be1   _processWah
0030133f   _queueEffect
0000cc81   _readDone
00008a50   _read_adc
0000c8c3   _resetTimer
0000ccc0   _returnArray
0000c8e3   _reverbChange
0000c8da   _reverbLevel
00301452   _rfft_adc_f32_Stages4andUp
00300fc2   _rsvd_ISR
0000c8df   _save
00008129   _savePreset
000086dd   _save_preset
00000bd7   _secureRamFuncs_loadsize
00300000   _secureRamFuncs_loadstart
00008000   _secureRamFuncs_runstart
0000892a   _shiftCursor
00301d6a   _sqrt
0000c8c0   _sysStart
00301aa6   _tan
0000c8c7   _toggle
00301386   _toggleEffectOnDisplay
0000899e   _toggleLCD
00301323   _toggleOn_Off
0000c8d6   _trebleChange
0000c8d2   _trebleLevel
0000c8dc   _tremoloChange
0000c8ce   _tremoloLevel
0000c8d7   _tuner
0000c8b8   _tunerScreen
0000c8cc   _updateChange
0000c8c6   _updateCode
000087d8   _updateLCD
0000c8c1   _updateLcd
000087bb   _updateLevel
00301604   _updateTimer0
0000c8e2   _updateVolume
0000c8db   _volumeChange
0000c8cf   _volumeLevel
0030178c   _wait
0000cc80   _writeDone
00008a41   _write_dac
0000cd04   _x
0000cd0a   _y
ffffffff   binit
00301f80   cinit
0033fff6   code_start
0000c000   end
00301e7f   etext
ffffffff   pinit


GLOBAL SYMBOLS: SORTED BY Symbol Address 

address    name
--------   ----
00000001   __TI_args_main
00000300   __STACK_SIZE
00000400   __SYSMEM_SIZE
00000400   __stack
00000700   __STACK_END
00000880   _DevEmuRegs
00000a80   _FlashRegs
00000ae0   _CsmRegs
00000b00   _AdcMirror
00000b20   _XintfRegs
00000bd7   _secureRamFuncs_loadsize
00000c00   _CpuTimer0Regs
00000c08   _CpuTimer1Regs
00000c10   _CpuTimer2Regs
00000ce0   _PieCtrlRegs
00000d00   _PieVectTable
00001000   _DmaRegs
00005000   _McbspaRegs
00005040   _McbspbRegs
00006000   _ECanaRegs
00006040   _ECanaLAMRegs
00006080   _ECanaMOTSRegs
000060c0   _ECanaMOTORegs
00006100   _ECanaMboxes
00006200   _ECanbRegs
00006240   _ECanbLAMRegs
00006280   _ECanbMOTSRegs
000062c0   _ECanbMOTORegs
00006300   _ECanbMboxes
00006800   _EPwm1Regs
00006840   _EPwm2Regs
00006880   _EPwm3Regs
000068c0   _EPwm4Regs
00006900   _EPwm5Regs
00006940   _EPwm6Regs
00006a00   _ECap1Regs
00006a20   _ECap2Regs
00006a40   _ECap3Regs
00006a60   _ECap4Regs
00006a80   _ECap5Regs
00006aa0   _ECap6Regs
00006b00   _EQep1Regs
00006b40   _EQep2Regs
00006f80   _GpioCtrlRegs
00006fc0   _GpioDataRegs
00006fe0   _GpioIntRegs
00007010   _SysCtrlRegs
00007040   _SpiaRegs
00007050   _SciaRegs
00007070   _XIntruptRegs
00007100   _AdcRegs
00007750   _ScibRegs
00007770   _ScicRegs
00007900   _I2caRegs
00008000   _process
00008000   _secureRamFuncs_runstart
00008021   _processDistortion
00008035   _processCrunch
00008049   _processTremolo
000080a2   _processReverb
00008129   _savePreset
00008262   _loadPreset
000083d6   _eepromWrite
000083f1   _eepromRead
0000841b   _cpu_timer0_isr
00008460   _cpu_timer1_isr
0000848a   _adc_isr
00008658   _preset_up
0000868a   _preset_down
000086bb   _load_preset
000086dd   _save_preset
000086ff   _effects
00008780   _printTremolo
0000879f   _printReverb
000087bb   _updateLevel
000087d8   _updateLCD
000088e9   _goToMain
0000892a   _shiftCursor
00008938   _addToLCD
0000899e   _toggleLCD
000089c9   _printFreq
00008a0f   _controlLCD
00008a28   _printLCD
00008a41   _write_dac
00008a50   _read_adc
00008a64   _init_adc_spi
00008a7c   _init_mcbsp_spi
00008ab7   _mcbsp_xmit
00008aca   _I2CA_Init
00008add   _I2CA_WriteData
00008b10   _I2CA_ReadData
00008b42   _i2c_int1a_isr
00008bb8   _InitFlash
0000c000   .bss
0000c000   ___bss__
0000c000   ___end__
0000c000   __sys_memory
0000c000   end
0000c8b8   _tunerScreen
0000c8b9   _currentPreset
0000c8ba   _numInMainDisplay
0000c8bb   _presetScreen
0000c8bc   __unlock
0000c8be   __lock
0000c8c0   _sysStart
0000c8c1   _updateLcd
0000c8c2   _currentChangeScreen
0000c8c3   _resetTimer
0000c8c4   _newLevel
0000c8c5   _oldLevel
0000c8c6   _updateCode
0000c8c7   _toggle
0000c8c8   _effectToToggle
0000c8c9   _delayChange
0000c8ca   _flangeChange
0000c8cb   _preset
0000c8cc   _updateChange
0000c8cd   _indexToToggle
0000c8ce   _tremoloLevel
0000c8cf   _volumeLevel
0000c8d0   _chorusLevel
0000c8d1   _delayLevel
0000c8d2   _trebleLevel
0000c8d3   _midLevel
0000c8d4   _bassLevel
0000c8d5   _numQueued
0000c8d6   _trebleChange
0000c8d7   _tuner
0000c8d8   _midChange
0000c8d9   _flangeLevel
0000c8da   _reverbLevel
0000c8db   _volumeChange
0000c8dc   _tremoloChange
0000c8dd   _chorusChange
0000c8de   _bassChange
0000c8df   _save
0000c8e0   _load
0000c8e1   _newVolumeLevel
0000c8e2   _updateVolume
0000c8e3   _reverbChange
0000c8e4   _presetNumber
0000c8e5   _location
0000c8ef   _adcVals
0000c900   _mainDisplay
0000c90a   _on_off
0000c914   _pipeline
0000c928   _list
0000cc66   _CpuTimer1
0000cc6e   _CpuTimer2
0000cc76   _CpuTimer0
0000cc7e   _errno
0000cc80   _writeDone
0000cc81   _readDone
0000cc82   _Error
0000cc84   _CurrentMsgPtr
0000cc86   _adcVal
0000cc8b   _messageIn
0000cca0   _messageOut
0000ccc0   _returnArray
0000ccda   _lowpass_coefficients
0000ccee   ___TI_cleanup_ptr
0000ccf0   ___TI_dtors_ptr
0000cd04   _x
0000cd0a   _y
00300000   _secureRamFuncs_loadstart
00300bd8   .text
00300bd8   _INT13_ISR
00300bd8   ___text__
00300be2   _INT14_ISR
00300bec   _DATALOG_ISR
00300bf6   _RTOSINT_ISR
00300c00   _EMUINT_ISR
00300c0a   _NMI_ISR
00300c14   _ILLEGAL_ISR
00300c1e   _USER1_ISR
00300c28   _USER2_ISR
00300c32   _USER3_ISR
00300c3c   _USER4_ISR
00300c46   _USER5_ISR
00300c50   _USER6_ISR
00300c5a   _USER7_ISR
00300c64   _USER8_ISR
00300c6e   _USER9_ISR
00300c78   _USER10_ISR
00300c82   _USER11_ISR
00300c8c   _USER12_ISR
00300c96   _SEQ1INT_ISR
00300ca4   _SEQ2INT_ISR
00300cb2   _XINT1_ISR
00300cc0   _XINT2_ISR
00300cce   _ADCINT_ISR
00300cdc   _TINT0_ISR
00300cea   _WAKEINT_ISR
00300cf8   _EPWM1_TZINT_ISR
00300d06   _EPWM2_TZINT_ISR
00300d14   _EPWM3_TZINT_ISR
00300d22   _EPWM4_TZINT_ISR
00300d30   _EPWM5_TZINT_ISR
00300d3e   _EPWM6_TZINT_ISR
00300d4c   _EPWM1_INT_ISR
00300d5a   _EPWM2_INT_ISR
00300d68   _EPWM3_INT_ISR
00300d76   _EPWM4_INT_ISR
00300d84   _EPWM5_INT_ISR
00300d92   _EPWM6_INT_ISR
00300da0   _ECAP1_INT_ISR
00300dae   _ECAP2_INT_ISR
00300dbc   _ECAP3_INT_ISR
00300dca   _ECAP4_INT_ISR
00300dd8   _ECAP5_INT_ISR
00300de6   _ECAP6_INT_ISR
00300df4   _EQEP1_INT_ISR
00300e02   _EQEP2_INT_ISR
00300e10   _SPIRXINTA_ISR
00300e1e   _SPITXINTA_ISR
00300e2c   _MRINTB_ISR
00300e3a   _MXINTB_ISR
00300e48   _MRINTA_ISR
00300e56   _MXINTA_ISR
00300e64   _DINTCH1_ISR
00300e72   _DINTCH2_ISR
00300e80   _DINTCH3_ISR
00300e8e   _DINTCH4_ISR
00300e9c   _DINTCH5_ISR
00300eaa   _DINTCH6_ISR
00300eb8   _I2CINT1A_ISR
00300ec6   _I2CINT2A_ISR
00300ed4   _SCIRXINTC_ISR
00300ee2   _SCITXINTC_ISR
00300ef0   _SCIRXINTA_ISR
00300efe   _SCITXINTA_ISR
00300f0c   _SCIRXINTB_ISR
00300f1a   _SCITXINTB_ISR
00300f28   _ECAN0INTA_ISR
00300f36   _ECAN1INTA_ISR
00300f44   _ECAN0INTB_ISR
00300f52   _ECAN1INTB_ISR
00300f60   _XINT3_ISR
00300f6e   _XINT4_ISR
00300f7c   _XINT5_ISR
00300f8a   _XINT6_ISR
00300f98   _XINT7_ISR
00300fa6   _LVF_ISR
00300fb4   _LUF_ISR
00300fc2   _rsvd_ISR
00300fcc   _InitMcbsp
00300fd1   _InitMcbspa
00300ffd   _InitMcbspb
00301029   _InitMcbspa8bit
00301030   _InitMcbspa12bit
0030103b   _InitMcbspa16bit
00301046   _InitMcbspa20bit
00301051   _InitMcbspa24bit
0030105c   _InitMcbspa32bit
00301067   _InitMcbspb8bit
0030106e   _InitMcbspb12bit
00301079   _InitMcbspb16bit
00301084   _InitMcbspb20bit
0030108f   _InitMcbspb24bit
0030109a   _InitMcbspb32bit
003010a5   _InitMcbspGpio
003010aa   _InitMcbspaGpio
003010e4   _InitMcbspbGpio
003010fa   _delay_loop
00301110   _clkg_delay_loop
00301126   _bp_iir_init
003011e3   _bp_iir_setup
00301216   _bp_iir_filter
00301276   _main
00301323   _toggleOn_Off
0030133f   _queueEffect
00301363   _clearPipeline
00301386   _toggleEffectOnDisplay
0030139c   _indexLookup
003013c2   _RFFT_adc_f32
00301452   _rfft_adc_f32_Stages4andUp
003014fa   _initINTS
00301604   _updateTimer0
00301615   _AutoWah_init
0030168e   _AutoWah_process
0030169f   _AutoWah_sweep
00301721   _printDelay
0030173a   _printFlange
00301756   _printChorus
00301772   _loadPresetScreen
0030178c   _wait
00301795   _initLCD
003017c4   _RFFT_adc_f32u
00301862   FS$$DIV
003018ea   _InitSysCtrl
00301969   _InitCpuTimers
003019a2   _ConfigCpuTimer
003019dd   _exp
00301a45   _cos
00301aa6   _tan
00301b07   _pow
00301b61   __log
00301bb1   _initEffects
00301bdc   _processDelay
00301be1   _processWah
00301bea   _processPhaser
00301bef   _processFlange
00301bf4   _processChorus
00301bf9   _processPitchShift
00301bfe   _c_int00
00301c44   _RFFT_f32_mag
00301c88   _ldexp
00301cb9   _InitPieCtrl
00301ce9   _fmod
00301d17   _InitSpi
00301d18   _InitSpiGpio
00301d1b   _InitSpiaGpio
00301d41   _initAdc
00301d64   _getAdc
00301d6a   _sqrt
00301d8d   I$$DIV
00301d9e   I$$MOD
00301daf   ___memcpy_ff
00301dd0   _modf
00301dea   __args_main
00301e03   C$$EXIT
00301e03   _abort
00301e05   _exit
00301e1c   _InitI2C
00301e1d   _InitI2CGpio
00301e33   _frexp
00301e49   _InitAdc
00301e5c   _DelayUs
00301e6c   __register_unlock
00301e70   __register_lock
00301e74   __nop
00301e7c   _SetDBGIER
00301e7f   ___etext__
00301e7f   etext
00301e80   _PieVectTableInit
00301f80   ___cinit__
00301f80   cinit
0033fff6   code_start
0033fff8   _CsmPwl
00380080   _ADC_cal
00380090   _PartIdRegs
ffffffff   ___binit__
ffffffff   ___c_args__
ffffffff   ___pinit__
ffffffff   binit
ffffffff   pinit

[346 symbols]
