******************************************************************************
             TMS320C2000 Linker PC v6.2.7                      
******************************************************************************
>> Linked Tue Oct 28 21:19:34 2014

OUTPUT FILE NAME:   <guitarEffects.out>
ENTRY POINT SYMBOL: "_c_int00"  address: 0000a5a8


MEMORY CONFIGURATION

         name            origin    length      used     unused   attr    fill
----------------------  --------  ---------  --------  --------  ----  --------
PAGE 0:
  BEGIN                 00000000   00000002  00000002  00000000  RWIX
  BOOT_RSVD             00000002   0000004e  00000000  0000004e  RWIX
  RAMM0                 00000050   000003b0  000000bc  000002f4  RWIX
  RAML0                 00008000   00001000  00000004  00000ffc  RWIX
  RAML1                 00009000   00001000  00001000  00000000  RWIX
  RAML2                 0000a000   00001000  00000722  000008de  RWIX
  RAML3                 0000b000   00001000  00000000  00001000  RWIX
  ZONE7A                00200000   0000fc00  00000000  0000fc00  RWIX
  CSM_RSVD              0033ff80   00000076  00000000  00000076  RWIX
  CSM_PWL               0033fff8   00000008  00000000  00000008  RWIX
  ADC_CAL               00380080   00000009  00000007  00000002  RWIX
  IQTABLES              003fe000   00000b50  00000000  00000b50  RWIX
  IQTABLES2             003feb50   0000008c  00000000  0000008c  RWIX
  FPUTABLES             003febdc   000006a0  00000000  000006a0  RWIX
  BOOTROM               003ff27c   00000d44  00000000  00000d44  RWIX
  RESET                 003fffc0   00000002  00000000  00000002  RWIX

PAGE 1:
  RAMM1                 00000400   00000400  00000300  00000100  RWIX
  DEV_EMU               00000880   00000180  000000d0  000000b0  RWIX
  FLASH_REGS            00000a80   00000060  00000008  00000058  RWIX
  CSM                   00000ae0   00000010  00000010  00000000  RWIX
  ADC_MIRROR            00000b00   00000010  00000010  00000000  RWIX
  XINTF                 00000b20   00000020  0000001e  00000002  RWIX
  CPU_TIMER0            00000c00   00000008  00000008  00000000  RWIX
  CPU_TIMER1            00000c08   00000008  00000008  00000000  RWIX
  CPU_TIMER2            00000c10   00000008  00000008  00000000  RWIX
  PIE_CTRL              00000ce0   00000020  0000001a  00000006  RWIX
  PIE_VECT              00000d00   00000100  00000100  00000000  RWIX
  DMA                   00001000   00000200  000000e0  00000120  RWIX
  MCBSPA                00005000   00000040  00000025  0000001b  RWIX
  MCBSPB                00005040   00000040  00000025  0000001b  RWIX
  ECANA                 00006000   00000040  00000034  0000000c  RWIX
  ECANA_LAM             00006040   00000040  00000040  00000000  RWIX
  ECANA_MOTS            00006080   00000040  00000040  00000000  RWIX
  ECANA_MOTO            000060c0   00000040  00000040  00000000  RWIX
  ECANA_MBOX            00006100   00000100  00000100  00000000  RWIX
  ECANB                 00006200   00000040  00000034  0000000c  RWIX
  ECANB_LAM             00006240   00000040  00000040  00000000  RWIX
  ECANB_MOTS            00006280   00000040  00000040  00000000  RWIX
  ECANB_MOTO            000062c0   00000040  00000040  00000000  RWIX
  ECANB_MBOX            00006300   00000100  00000100  00000000  RWIX
  EPWM1                 00006800   00000022  00000022  00000000  RWIX
  EPWM2                 00006840   00000022  00000022  00000000  RWIX
  EPWM3                 00006880   00000022  00000022  00000000  RWIX
  EPWM4                 000068c0   00000022  00000022  00000000  RWIX
  EPWM5                 00006900   00000022  00000022  00000000  RWIX
  EPWM6                 00006940   00000022  00000022  00000000  RWIX
  ECAP1                 00006a00   00000020  00000020  00000000  RWIX
  ECAP2                 00006a20   00000020  00000020  00000000  RWIX
  ECAP3                 00006a40   00000020  00000020  00000000  RWIX
  ECAP4                 00006a60   00000020  00000020  00000000  RWIX
  ECAP5                 00006a80   00000020  00000020  00000000  RWIX
  ECAP6                 00006aa0   00000020  00000020  00000000  RWIX
  EQEP1                 00006b00   00000040  00000040  00000000  RWIX
  EQEP2                 00006b40   00000040  00000040  00000000  RWIX
  GPIOCTRL              00006f80   00000040  0000002e  00000012  RWIX
  GPIODAT               00006fc0   00000020  00000020  00000000  RWIX
  GPIOINT               00006fe0   00000020  0000000a  00000016  RWIX
  SYSTEM                00007010   00000020  00000020  00000000  RWIX
  SPIA                  00007040   00000010  00000010  00000000  RWIX
  SCIA                  00007050   00000010  00000010  00000000  RWIX
  XINTRUPT              00007070   00000010  00000010  00000000  RWIX
  ADC                   00007100   00000020  0000001e  00000002  RWIX
  SCIB                  00007750   00000010  00000010  00000000  RWIX
  SCIC                  00007770   00000010  00000010  00000000  RWIX
  I2CA                  00007900   00000040  00000022  0000001e  RWIX
  RAML4                 0000c000   00001000  00000cbc  00000344  RWIX
  RAML5                 0000d000   00001000  00000100  00000f00  RWIX
  RAML6                 0000e000   00001000  00000000  00001000  RWIX
  RAML7                 0000f000   00001000  00000000  00001000  RWIX
  ZONE7B                0020fc00   00000400  00000000  00000400  RWIX
  CSM_PWL               0033fff8   00000008  00000008  00000000  RWIX
  PARTID                00380090   00000001  00000001  00000000  RWIX


SECTION ALLOCATION MAP

 output                                  attributes/
section   page    origin      length       input sections
--------  ----  ----------  ----------   ----------------
codestart 
*          0    00000000    00000002     
                  00000000    00000002     DSP2833x_CodeStartBranch.obj (codestart)

.cinit     0    00000050    000000bc     
                  00000050    00000070     main.obj (.cinit)
                  000000c0    00000017     effect.obj (.cinit)
                  000000d7    00000017     lowpass.obj (.cinit)
                  000000ee    0000000a     rts2800_fpu32.lib : _lock.obj (.cinit)
                  000000f8    0000000a                       : exit.obj (.cinit)
                  00000102    00000004                       : errno.obj (.cinit)
                  00000106    00000004                       : memory.obj (.cinit)
                  0000010a    00000002     --HOLE-- [fill = 0]

ramfuncs   0    00008000    00000004     
                  00008000    00000004     DSP2833x_usDelay.obj (ramfuncs)

.text.1    0    00009000    00001000     
                  00009000    00000345     DSP2833x_DefaultIsr.obj (.text:retain)
                  00009345    000002e2     main.obj (.text:retain)
                  00009627    000001d7     rts2800_fpu32.lib : memory.obj (.text)
                  000097fe    000001d1     effect.obj (.text)
                  000099cf    0000015a     DSP2833x_Mcbsp.obj (.text)
                  00009b29    00000150     bp_iir.obj (.text)
                  00009c79    00000001     --HOLE-- [fill = 0]
                  00009c7a    00000138     C28x_FPU_Lib.lib : RFFT_adc_f32.obj (.text)
                  00009db2    00000115     autoWah.obj (.text)
                  00009ec7    000000f7     DSP2833x_SysCtrl.obj (.text)
                  00009fbe    00000031     rts2800_fpu32.lib : ldexp.obj (.text)
                  00009fef    00000009                       : _lock.obj (.text)
                  00009ff8    00000008     DSP2833x_CodeStartBranch.obj (.text)

.data      0    0000a000    00000000     UNINITIALIZED

.text.2    0    0000a000    00000722     
                  0000a000    000000da     lowpass.obj (.text)
                  0000a0da    0000009e     RFFT_adc_f32u.obj (.text)
                  0000a178    0000008a     spi.obj (.text)
                  0000a202    00000088     rts2800_fpu32.lib : fs_div.obj (.text)
                  0000a28a    0000007d     sys.obj (.text)
                  0000a307    00000074     DSP2833x_CpuTimers.obj (.text)
                  0000a37b    00000068     rts2800_fpu32.lib : exp.obj (.text)
                  0000a3e3    00000061                       : cos.obj (.text)
                  0000a444    00000061                       : tan.obj (.text)
                  0000a4a5    0000005a                       : pow.obj (.text)
                  0000a4ff    00000059     main.obj (.text)
                  0000a558    00000050     rts2800_fpu32.lib : _log.obj (.text)
                  0000a5a8    00000046                       : boot.obj (.text)
                  0000a5ee    0000002d     adc.obj (.text)
                  0000a61b    00000028     DSP2833x_PieCtrl.obj (.text)
                  0000a643    00000001     --HOLE-- [fill = 0]
                  0000a644    00000023     rts2800_fpu32.lib : sqrt.obj (.text)
                  0000a667    00000022                       : i_div.obj (.text)
                  0000a689    00000021                       : memcpy_ff.obj (.text)
                  0000a6aa    00000019     DSP2833x_Spi.obj (.text)
                  0000a6c3    00000019     rts2800_fpu32.lib : args_main.obj (.text)
                  0000a6dc    00000019                       : exit.obj (.text)
                  0000a6f5    00000016                       : frexp.obj (.text)
                  0000a70b    00000014     DSP2833x_Adc.obj (.text)
                  0000a71f    00000003     DSP2833x_DBGIER.obj (.text)

.bss       0    0000b000    00000000     UNINITIALIZED

csm_rsvd   0    0033ff80    00000000     DSECT

csmpasswds 
*          0    0033fff8    00000000     DSECT

.adc_cal   0    00380080    00000007     NOLOAD SECTION
                  00380080    00000007     DSP2833x_ADC_cal.obj (.adc_cal)

.reset     0    003fffc0    00000002     DSECT
                  003fffc0    00000002     rts2800_fpu32.lib : boot.obj (.reset)

.stack     1    00000400    00000300     UNINITIALIZED
                  00000400    00000300     --HOLE--

DevEmuRegsFile 
*          1    00000880    000000d0     UNINITIALIZED
                  00000880    000000d0     DSP2833x_GlobalVariableDefs.obj (DevEmuRegsFile)

FlashRegsFile 
*          1    00000a80    00000008     UNINITIALIZED
                  00000a80    00000008     DSP2833x_GlobalVariableDefs.obj (FlashRegsFile)

CsmRegsFile 
*          1    00000ae0    00000010     UNINITIALIZED
                  00000ae0    00000010     DSP2833x_GlobalVariableDefs.obj (CsmRegsFile)

AdcMirrorFile 
*          1    00000b00    00000010     UNINITIALIZED
                  00000b00    00000010     DSP2833x_GlobalVariableDefs.obj (AdcMirrorFile)

XintfRegsFile 
*          1    00000b20    0000001e     UNINITIALIZED
                  00000b20    0000001e     DSP2833x_GlobalVariableDefs.obj (XintfRegsFile)

CpuTimer0RegsFile 
*          1    00000c00    00000008     UNINITIALIZED
                  00000c00    00000008     DSP2833x_GlobalVariableDefs.obj (CpuTimer0RegsFile)

CpuTimer1RegsFile 
*          1    00000c08    00000008     UNINITIALIZED
                  00000c08    00000008     DSP2833x_GlobalVariableDefs.obj (CpuTimer1RegsFile)

CpuTimer2RegsFile 
*          1    00000c10    00000008     UNINITIALIZED
                  00000c10    00000008     DSP2833x_GlobalVariableDefs.obj (CpuTimer2RegsFile)

PieCtrlRegsFile 
*          1    00000ce0    0000001a     UNINITIALIZED
                  00000ce0    0000001a     DSP2833x_GlobalVariableDefs.obj (PieCtrlRegsFile)

PieVectTableFile 
*          1    00000d00    00000100     UNINITIALIZED
                  00000d00    00000100     DSP2833x_GlobalVariableDefs.obj (PieVectTableFile)

DmaRegsFile 
*          1    00001000    000000e0     UNINITIALIZED
                  00001000    000000e0     DSP2833x_GlobalVariableDefs.obj (DmaRegsFile)

McbspaRegsFile 
*          1    00005000    00000025     UNINITIALIZED
                  00005000    00000025     DSP2833x_GlobalVariableDefs.obj (McbspaRegsFile)

McbspbRegsFile 
*          1    00005040    00000025     UNINITIALIZED
                  00005040    00000025     DSP2833x_GlobalVariableDefs.obj (McbspbRegsFile)

ECanaRegsFile 
*          1    00006000    00000034     UNINITIALIZED
                  00006000    00000034     DSP2833x_GlobalVariableDefs.obj (ECanaRegsFile)

ECanaLAMRegsFile 
*          1    00006040    00000040     UNINITIALIZED
                  00006040    00000040     DSP2833x_GlobalVariableDefs.obj (ECanaLAMRegsFile)

ECanaMOTSRegsFile 
*          1    00006080    00000040     UNINITIALIZED
                  00006080    00000040     DSP2833x_GlobalVariableDefs.obj (ECanaMOTSRegsFile)

ECanaMOTORegsFile 
*          1    000060c0    00000040     UNINITIALIZED
                  000060c0    00000040     DSP2833x_GlobalVariableDefs.obj (ECanaMOTORegsFile)

ECanaMboxesFile 
*          1    00006100    00000100     UNINITIALIZED
                  00006100    00000100     DSP2833x_GlobalVariableDefs.obj (ECanaMboxesFile)

ECanbRegsFile 
*          1    00006200    00000034     UNINITIALIZED
                  00006200    00000034     DSP2833x_GlobalVariableDefs.obj (ECanbRegsFile)

ECanbLAMRegsFile 
*          1    00006240    00000040     UNINITIALIZED
                  00006240    00000040     DSP2833x_GlobalVariableDefs.obj (ECanbLAMRegsFile)

ECanbMOTSRegsFile 
*          1    00006280    00000040     UNINITIALIZED
                  00006280    00000040     DSP2833x_GlobalVariableDefs.obj (ECanbMOTSRegsFile)

ECanbMOTORegsFile 
*          1    000062c0    00000040     UNINITIALIZED
                  000062c0    00000040     DSP2833x_GlobalVariableDefs.obj (ECanbMOTORegsFile)

ECanbMboxesFile 
*          1    00006300    00000100     UNINITIALIZED
                  00006300    00000100     DSP2833x_GlobalVariableDefs.obj (ECanbMboxesFile)

EPwm1RegsFile 
*          1    00006800    00000022     UNINITIALIZED
                  00006800    00000022     DSP2833x_GlobalVariableDefs.obj (EPwm1RegsFile)

EPwm2RegsFile 
*          1    00006840    00000022     UNINITIALIZED
                  00006840    00000022     DSP2833x_GlobalVariableDefs.obj (EPwm2RegsFile)

EPwm3RegsFile 
*          1    00006880    00000022     UNINITIALIZED
                  00006880    00000022     DSP2833x_GlobalVariableDefs.obj (EPwm3RegsFile)

EPwm4RegsFile 
*          1    000068c0    00000022     UNINITIALIZED
                  000068c0    00000022     DSP2833x_GlobalVariableDefs.obj (EPwm4RegsFile)

EPwm5RegsFile 
*          1    00006900    00000022     UNINITIALIZED
                  00006900    00000022     DSP2833x_GlobalVariableDefs.obj (EPwm5RegsFile)

EPwm6RegsFile 
*          1    00006940    00000022     UNINITIALIZED
                  00006940    00000022     DSP2833x_GlobalVariableDefs.obj (EPwm6RegsFile)

ECap1RegsFile 
*          1    00006a00    00000020     UNINITIALIZED
                  00006a00    00000020     DSP2833x_GlobalVariableDefs.obj (ECap1RegsFile)

ECap2RegsFile 
*          1    00006a20    00000020     UNINITIALIZED
                  00006a20    00000020     DSP2833x_GlobalVariableDefs.obj (ECap2RegsFile)

ECap3RegsFile 
*          1    00006a40    00000020     UNINITIALIZED
                  00006a40    00000020     DSP2833x_GlobalVariableDefs.obj (ECap3RegsFile)

ECap4RegsFile 
*          1    00006a60    00000020     UNINITIALIZED
                  00006a60    00000020     DSP2833x_GlobalVariableDefs.obj (ECap4RegsFile)

ECap5RegsFile 
*          1    00006a80    00000020     UNINITIALIZED
                  00006a80    00000020     DSP2833x_GlobalVariableDefs.obj (ECap5RegsFile)

ECap6RegsFile 
*          1    00006aa0    00000020     UNINITIALIZED
                  00006aa0    00000020     DSP2833x_GlobalVariableDefs.obj (ECap6RegsFile)

EQep1RegsFile 
*          1    00006b00    00000040     UNINITIALIZED
                  00006b00    00000040     DSP2833x_GlobalVariableDefs.obj (EQep1RegsFile)

EQep2RegsFile 
*          1    00006b40    00000040     UNINITIALIZED
                  00006b40    00000040     DSP2833x_GlobalVariableDefs.obj (EQep2RegsFile)

GpioCtrlRegsFile 
*          1    00006f80    0000002e     UNINITIALIZED
                  00006f80    0000002e     DSP2833x_GlobalVariableDefs.obj (GpioCtrlRegsFile)

GpioDataRegsFile 
*          1    00006fc0    00000020     UNINITIALIZED
                  00006fc0    00000020     DSP2833x_GlobalVariableDefs.obj (GpioDataRegsFile)

GpioIntRegsFile 
*          1    00006fe0    0000000a     UNINITIALIZED
                  00006fe0    0000000a     DSP2833x_GlobalVariableDefs.obj (GpioIntRegsFile)

SysCtrlRegsFile 
*          1    00007010    00000020     UNINITIALIZED
                  00007010    00000020     DSP2833x_GlobalVariableDefs.obj (SysCtrlRegsFile)

SpiaRegsFile 
*          1    00007040    00000010     UNINITIALIZED
                  00007040    00000010     DSP2833x_GlobalVariableDefs.obj (SpiaRegsFile)

SciaRegsFile 
*          1    00007050    00000010     UNINITIALIZED
                  00007050    00000010     DSP2833x_GlobalVariableDefs.obj (SciaRegsFile)

XIntruptRegsFile 
*          1    00007070    00000010     UNINITIALIZED
                  00007070    00000010     DSP2833x_GlobalVariableDefs.obj (XIntruptRegsFile)

AdcRegsFile 
*          1    00007100    0000001e     UNINITIALIZED
                  00007100    0000001e     DSP2833x_GlobalVariableDefs.obj (AdcRegsFile)

ScibRegsFile 
*          1    00007750    00000010     UNINITIALIZED
                  00007750    00000010     DSP2833x_GlobalVariableDefs.obj (ScibRegsFile)

ScicRegsFile 
*          1    00007770    00000010     UNINITIALIZED
                  00007770    00000010     DSP2833x_GlobalVariableDefs.obj (ScicRegsFile)

I2caRegsFile 
*          1    00007900    00000022     UNINITIALIZED
                  00007900    00000022     DSP2833x_GlobalVariableDefs.obj (I2caRegsFile)

.ebss      1    0000c000    000008bc     UNINITIALIZED
                  0000c000    000004b0     bp_iir.obj (.ebss)
                  0000c4b0    00000008     rts2800_fpu32.lib : memory.obj (.ebss)
                  0000c4b8    00000004                       : _lock.obj (.ebss)
                  0000c4bc    00000004                       : exit.obj (.ebss)
                  0000c4c0    00000366     effect.obj (.ebss)
                  0000c826    00000018     DSP2833x_CpuTimers.obj (.ebss)
                  0000c83e    00000001     rts2800_fpu32.lib : errno.obj (.ebss)
                  0000c83f    00000001     --HOLE--
                  0000c840    00000036     autoWah.obj (.ebss)
                  0000c876    0000000a     --HOLE--
                  0000c880    00000028     main.obj (.ebss)
                  0000c8a8    00000014     lowpass.obj (.ebss)

.sysmem    1    0000c8bc    00000400     UNINITIALIZED
                  0000c8bc    00000001     rts2800_fpu32.lib : memory.obj (.sysmem)
                  0000c8bd    000003ff     --HOLE--

.econst    1    0000d000    00000100     
                  0000d000    00000100     DSP2833x_PieVect.obj (.econst)

CsmPwlFile 
*          1    0033fff8    00000008     UNINITIALIZED
                  0033fff8    00000008     DSP2833x_GlobalVariableDefs.obj (CsmPwlFile)

PartIdRegsFile 
*          1    00380090    00000001     UNINITIALIZED
                  00380090    00000001     DSP2833x_GlobalVariableDefs.obj (PartIdRegsFile)


GLOBAL DATA SYMBOLS: SORTED BY DATA PAGE

address     data page           name
--------    ----------------    ----
00000400      10 (00000400)     __stack

00000880      22 (00000880)     _DevEmuRegs

00000a80      2a (00000a80)     _FlashRegs

00000ae0      2b (00000ac0)     _CsmRegs

00000b00      2c (00000b00)     _AdcMirror
00000b20      2c (00000b00)     _XintfRegs

00000c00      30 (00000c00)     _CpuTimer0Regs
00000c08      30 (00000c00)     _CpuTimer1Regs
00000c10      30 (00000c00)     _CpuTimer2Regs

00000ce0      33 (00000cc0)     _PieCtrlRegs

00000d00      34 (00000d00)     _PieVectTable

00001000      40 (00001000)     _DmaRegs

00005000     140 (00005000)     _McbspaRegs

00005040     141 (00005040)     _McbspbRegs

00006000     180 (00006000)     _ECanaRegs

00006040     181 (00006040)     _ECanaLAMRegs

00006080     182 (00006080)     _ECanaMOTSRegs

000060c0     183 (000060c0)     _ECanaMOTORegs

00006100     184 (00006100)     _ECanaMboxes

00006200     188 (00006200)     _ECanbRegs

00006240     189 (00006240)     _ECanbLAMRegs

00006280     18a (00006280)     _ECanbMOTSRegs

000062c0     18b (000062c0)     _ECanbMOTORegs

00006300     18c (00006300)     _ECanbMboxes

00006800     1a0 (00006800)     _EPwm1Regs

00006840     1a1 (00006840)     _EPwm2Regs

00006880     1a2 (00006880)     _EPwm3Regs

000068c0     1a3 (000068c0)     _EPwm4Regs

00006900     1a4 (00006900)     _EPwm5Regs

00006940     1a5 (00006940)     _EPwm6Regs

00006a00     1a8 (00006a00)     _ECap1Regs
00006a20     1a8 (00006a00)     _ECap2Regs

00006a40     1a9 (00006a40)     _ECap3Regs
00006a60     1a9 (00006a40)     _ECap4Regs

00006a80     1aa (00006a80)     _ECap5Regs
00006aa0     1aa (00006a80)     _ECap6Regs

00006b00     1ac (00006b00)     _EQep1Regs

00006b40     1ad (00006b40)     _EQep2Regs

00006f80     1be (00006f80)     _GpioCtrlRegs

00006fc0     1bf (00006fc0)     _GpioDataRegs
00006fe0     1bf (00006fc0)     _GpioIntRegs

00007010     1c0 (00007000)     _SysCtrlRegs

00007040     1c1 (00007040)     _SpiaRegs
00007050     1c1 (00007040)     _SciaRegs
00007070     1c1 (00007040)     _XIntruptRegs

00007100     1c4 (00007100)     _AdcRegs

00007750     1dd (00007740)     _ScibRegs
00007770     1dd (00007740)     _ScicRegs

00007900     1e4 (00007900)     _I2caRegs

0000c4b8     312 (0000c480)     __unlock
0000c4ba     312 (0000c480)     __lock
0000c4bc     312 (0000c480)     ___TI_cleanup_ptr
0000c4be     312 (0000c480)     ___TI_dtors_ptr

0000c4c0     313 (0000c4c0)     _numQueued
0000c4c2     313 (0000c4c0)     _lowpass
0000c4c4     313 (0000c4c0)     _on_off
0000c4ce     313 (0000c4c0)     _location
0000c4d8     313 (0000c4c0)     _list
0000c4ec     313 (0000c4c0)     _pipeline

0000c826     320 (0000c800)     _CpuTimer1
0000c82e     320 (0000c800)     _CpuTimer2
0000c836     320 (0000c800)     _CpuTimer0
0000c83e     320 (0000c800)     _errno

0000c848     321 (0000c840)     _x
0000c84e     321 (0000c840)     _y

0000c880     322 (0000c880)     _volumeChange
0000c881     322 (0000c880)     _bassChange
0000c882     322 (0000c880)     _delayChange
0000c883     322 (0000c880)     _trebleChange
0000c884     322 (0000c880)     _flangeChange
0000c885     322 (0000c880)     _tremoloLevel
0000c886     322 (0000c880)     _delayLevel
0000c887     322 (0000c880)     _chorusLevel
0000c888     322 (0000c880)     _flangeLevel
0000c889     322 (0000c880)     _reverbLevel
0000c88a     322 (0000c880)     _newVolumeLevel
0000c88b     322 (0000c880)     _updateCode
0000c88c     322 (0000c880)     _updateChange
0000c88d     322 (0000c880)     _updateVolume
0000c88e     322 (0000c880)     _newLevel
0000c88f     322 (0000c880)     _chorusChange
0000c890     322 (0000c880)     _midChange
0000c891     322 (0000c880)     _reverbChange
0000c892     322 (0000c880)     _updateLcd
0000c893     322 (0000c880)     _tremoloChange
0000c894     322 (0000c880)     _preset
0000c895     322 (0000c880)     _tuner
0000c896     322 (0000c880)     _trebleLevel
0000c897     322 (0000c880)     _volumeLevel
0000c898     322 (0000c880)     _midLevel
0000c899     322 (0000c880)     _bassLevel
0000c89a     322 (0000c880)     _resetTimer
0000c89b     322 (0000c880)     _currentChangeScreen
0000c89c     322 (0000c880)     _oldLevel
0000c89d     322 (0000c880)     _sysStart
0000c89e     322 (0000c880)     _adcVals
0000c8a8     322 (0000c880)     _lowpass_coefficients
0000c8bc     322 (0000c880)     __sys_memory

0000d000     340 (0000d000)     _PieVectTableInit

0033fff8    cfff (0033ffc0)     _CsmPwl

00380090    e002 (00380080)     _PartIdRegs


GLOBAL SYMBOLS: SORTED ALPHABETICALLY BY Name 

address    name
--------   ----
0000b000   .bss
0000a000   .data
ffffffff   .text
0000a6dc   C$$EXIT
0000a202   FS$$DIV
0000a667   I$$DIV
0000a678   I$$MOD
000090e6   _ADCINT_ISR
00380080   _ADC_cal
00000b00   _AdcMirror
00007100   _AdcRegs
00009db2   _AutoWah_init
00009e34   _AutoWah_process
00009e45   _AutoWah_sweep
0000a340   _ConfigCpuTimer
0000c836   _CpuTimer0
00000c00   _CpuTimer0Regs
0000c826   _CpuTimer1
00000c08   _CpuTimer1Regs
0000c82e   _CpuTimer2
00000c10   _CpuTimer2Regs
0033fff8   _CsmPwl
00000ae0   _CsmRegs
00009f8d   _CsmUnlock
00009014   _DATALOG_ISR
00009237   _DINTCH1_ISR
00009241   _DINTCH2_ISR
0000924b   _DINTCH3_ISR
00009255   _DINTCH4_ISR
0000925f   _DINTCH5_ISR
00009269   _DINTCH6_ISR
00008000   _DSP28x_usDelay
00000880   _DevEmuRegs
00009eda   _DisableDog
00001000   _DmaRegs
000092c3   _ECAN0INTA_ISR
000092d7   _ECAN0INTB_ISR
000092cd   _ECAN1INTA_ISR
000092e1   _ECAN1INTB_ISR
0000917f   _ECAP1_INT_ISR
00009189   _ECAP2_INT_ISR
00009193   _ECAP3_INT_ISR
0000919d   _ECAP4_INT_ISR
000091a7   _ECAP5_INT_ISR
000091b1   _ECAP6_INT_ISR
00006040   _ECanaLAMRegs
000060c0   _ECanaMOTORegs
00006080   _ECanaMOTSRegs
00006100   _ECanaMboxes
00006000   _ECanaRegs
00006240   _ECanbLAMRegs
000062c0   _ECanbMOTORegs
00006280   _ECanbMOTSRegs
00006300   _ECanbMboxes
00006200   _ECanbRegs
00006a00   _ECap1Regs
00006a20   _ECap2Regs
00006a40   _ECap3Regs
00006a60   _ECap4Regs
00006a80   _ECap5Regs
00006aa0   _ECap6Regs
00009028   _EMUINT_ISR
00009143   _EPWM1_INT_ISR
00009107   _EPWM1_TZINT_ISR
0000914d   _EPWM2_INT_ISR
00009111   _EPWM2_TZINT_ISR
00009157   _EPWM3_INT_ISR
0000911b   _EPWM3_TZINT_ISR
00009161   _EPWM4_INT_ISR
00009125   _EPWM4_TZINT_ISR
0000916b   _EPWM5_INT_ISR
0000912f   _EPWM5_TZINT_ISR
00009175   _EPWM6_INT_ISR
00009139   _EPWM6_TZINT_ISR
00006800   _EPwm1Regs
00006840   _EPwm2Regs
00006880   _EPwm3Regs
000068c0   _EPwm4Regs
00006900   _EPwm5Regs
00006940   _EPwm6Regs
000091bb   _EQEP1_INT_ISR
000091c5   _EQEP2_INT_ISR
00006b00   _EQep1Regs
00006b40   _EQep2Regs
0000a63a   _EnableInterrupts
00000a80   _FlashRegs
00006f80   _GpioCtrlRegs
00006fc0   _GpioDataRegs
00006fe0   _GpioIntRegs
00009273   _I2CINT1A_ISR
0000927d   _I2CINT2A_ISR
00007900   _I2caRegs
0000903c   _ILLEGAL_ISR
00009000   _INT13_ISR
0000900a   _INT14_ISR
0000a70b   _InitAdc
0000a307   _InitCpuTimers
000099cf   _InitMcbsp
00009aa8   _InitMcbspGpio
000099d4   _InitMcbspa
00009a33   _InitMcbspa12bit
00009a3e   _InitMcbspa16bit
00009a49   _InitMcbspa20bit
00009a54   _InitMcbspa24bit
00009a5f   _InitMcbspa32bit
00009a2c   _InitMcbspa8bit
00009aad   _InitMcbspaGpio
00009a00   _InitMcbspb
00009a71   _InitMcbspb12bit
00009a7c   _InitMcbspb16bit
00009a87   _InitMcbspb20bit
00009a92   _InitMcbspb24bit
00009a9d   _InitMcbspb32bit
00009a6a   _InitMcbspb8bit
00009ae7   _InitMcbspbGpio
00009f32   _InitPeripheralClocks
0000a61b   _InitPieCtrl
00009ee2   _InitPll
0000a6aa   _InitSpi
0000a6ab   _InitSpiGpio
0000a6ae   _InitSpiaGpio
00009ec7   _InitSysCtrl
00009327   _LUF_ISR
0000931d   _LVF_ISR
0000920c   _MRINTA_ISR
000091e3   _MRINTB_ISR
0000921d   _MXINTA_ISR
000091fa   _MXINTB_ISR
00005000   _McbspaRegs
00005040   _McbspbRegs
00009032   _NMI_ISR
00009331   _PIE_RESERVED
00380090   _PartIdRegs
00000ce0   _PieCtrlRegs
00000d00   _PieVectTable
0000d000   _PieVectTableInit
00009c7a   _RFFT_adc_f32
0000a0da   _RFFT_adc_f32u
0000901e   _RTOSINT_ISR
0000929b   _SCIRXINTA_ISR
000092af   _SCIRXINTB_ISR
00009287   _SCIRXINTC_ISR
000092a5   _SCITXINTA_ISR
000092b9   _SCITXINTB_ISR
00009291   _SCITXINTC_ISR
000090be   _SEQ1INT_ISR
000090c8   _SEQ2INT_ISR
000091cf   _SPIRXINTA_ISR
000091d9   _SPITXINTA_ISR
00007050   _SciaRegs
00007750   _ScibRegs
00007770   _ScicRegs
00009ed0   _ServiceDog
0000a71f   _SetDBGIER
00007040   _SpiaRegs
00007010   _SysCtrlRegs
000090f0   _TINT0_ISR
000090a0   _USER10_ISR
000090aa   _USER11_ISR
000090b4   _USER12_ISR
00009046   _USER1_ISR
00009050   _USER2_ISR
0000905a   _USER3_ISR
00009064   _USER4_ISR
0000906e   _USER5_ISR
00009078   _USER6_ISR
00009082   _USER7_ISR
0000908c   _USER8_ISR
00009096   _USER9_ISR
000090fa   _WAKEINT_ISR
000090d2   _XINT1_ISR
000090dc   _XINT2_ISR
000092eb   _XINT3_ISR
000092f5   _XINT4_ISR
000092ff   _XINT5_ISR
00009309   _XINT6_ISR
00009313   _XINT7_ISR
00007070   _XIntruptRegs
00000b20   _XintfRegs
00000700   __STACK_END
00000300   __STACK_SIZE
00000400   __SYSMEM_SIZE
00000001   __TI_args_main
0000c4bc   ___TI_cleanup_ptr
0000c4be   ___TI_dtors_ptr
ffffffff   ___binit__
0000b000   ___bss__
ffffffff   ___c_args__
00000050   ___cinit__
0000a000   ___data__
0000a000   ___edata__
0000b000   ___end__
ffffffff   ___etext__
0000a689   ___memcpy_ff
ffffffff   ___pinit__
ffffffff   ___text__
0000a6c3   __args_main
0000c4ba   __lock
0000a558   __log
00009ff7   __nop
00009ff3   __register_lock
00009fef   __register_unlock
00000400   __stack
0000c8bc   __sys_memory
0000c4b8   __unlock
0000a6dc   _abort
0000c89e   _adcVals
000093a3   _adc_isr
0000c881   _bassChange
0000c899   _bassLevel
00009c19   _bp_iir_filter
00009b29   _bp_iir_init
00009be6   _bp_iir_setup
0000a5a8   _c_int00
000097e6   _calloc
000097e4   _chkheap
0000c88f   _chorusChange
0000c887   _chorusLevel
00009864   _clearPipeline
00009b13   _clkg_delay_loop
0000a3e3   _cos
00009345   _cpu_timer0_isr
0000937d   _cpu_timer1_isr
0000c89b   _currentChangeScreen
0000c882   _delayChange
0000c886   _delayLevel
00009afd   _delay_loop
0000c83e   _errno
0000a6de   _exit
0000a37b   _exp
0000c884   _flangeChange
0000c888   _flangeLevel
00009627   _free
000097c6   _free_memory
0000a6f5   _frexp
0000a616   _getAdc
0000a533   _indexLookup
0000a5ee   _initAdc
000097fe   _initEffects
0000a28a   _initINTS
0000a19b   _init_adc_spi
0000a1b2   _init_mcbsp_spi
00009fbe   _ldexp
0000c4d8   _list
0000c4ce   _location
0000c4c2   _lowpass
0000c8a8   _lowpass_coefficients
0000a000   _lowpass_create
0000a00b   _lowpass_destroy
0000a045   _lowpass_filterBiquad
0000a025   _lowpass_filterBlock
0000a012   _lowpass_init
0000a019   _lowpass_reset
0000a4ff   _main
00009690   _malloc
000097a4   _max_free
0000a1ed   _mcbsp_xmit
0000c890   _midChange
0000c898   _midLevel
0000966a   _minit
0000c88e   _newLevel
0000c88a   _newVolumeLevel
0000c4c0   _numQueued
0000c89c   _oldLevel
0000c4c4   _on_off
0000c4ec   _pipeline
0000a4a5   _pow
0000c894   _preset
00009880   _process
000099c5   _processChorus
000098be   _processCrunch
000098a5   _processDelay
000098aa   _processDistortion
00009939   _processFlange
00009934   _processPhaser
000099ca   _processPitchShift
0000993e   _processReverb
000098d2   _processTremolo
0000992b   _processWah
00009840   _queueEffect
0000a187   _read_adc
000096ef   _realloc
0000c89a   _resetTimer
0000c891   _reverbChange
0000c889   _reverbLevel
00009d0a   _rfft_adc_f32_Stages4andUp
0000933b   _rsvd_ISR
0000a644   _sqrt
0000c89d   _sysStart
0000a444   _tan
00009824   _toggleOn_Off
0000c883   _trebleChange
0000c896   _trebleLevel
0000c893   _tremoloChange
0000c885   _tremoloLevel
0000c895   _tuner
0000c88c   _updateChange
0000c88b   _updateCode
0000c892   _updateLcd
0000a2f6   _updateTimer0
0000c88d   _updateVolume
0000c880   _volumeChange
0000c897   _volumeLevel
0000a178   _write_dac
0000c848   _x
0000956c   _xint1_isr
0000c84e   _y
ffffffff   binit
00000050   cinit
00000000   code_start
0000a000   edata
0000b000   end
ffffffff   etext
ffffffff   pinit


GLOBAL SYMBOLS: SORTED BY Symbol Address 

address    name
--------   ----
00000000   code_start
00000001   __TI_args_main
00000050   ___cinit__
00000050   cinit
00000300   __STACK_SIZE
00000400   __SYSMEM_SIZE
00000400   __stack
00000700   __STACK_END
00000880   _DevEmuRegs
00000a80   _FlashRegs
00000ae0   _CsmRegs
00000b00   _AdcMirror
00000b20   _XintfRegs
00000c00   _CpuTimer0Regs
00000c08   _CpuTimer1Regs
00000c10   _CpuTimer2Regs
00000ce0   _PieCtrlRegs
00000d00   _PieVectTable
00001000   _DmaRegs
00005000   _McbspaRegs
00005040   _McbspbRegs
00006000   _ECanaRegs
00006040   _ECanaLAMRegs
00006080   _ECanaMOTSRegs
000060c0   _ECanaMOTORegs
00006100   _ECanaMboxes
00006200   _ECanbRegs
00006240   _ECanbLAMRegs
00006280   _ECanbMOTSRegs
000062c0   _ECanbMOTORegs
00006300   _ECanbMboxes
00006800   _EPwm1Regs
00006840   _EPwm2Regs
00006880   _EPwm3Regs
000068c0   _EPwm4Regs
00006900   _EPwm5Regs
00006940   _EPwm6Regs
00006a00   _ECap1Regs
00006a20   _ECap2Regs
00006a40   _ECap3Regs
00006a60   _ECap4Regs
00006a80   _ECap5Regs
00006aa0   _ECap6Regs
00006b00   _EQep1Regs
00006b40   _EQep2Regs
00006f80   _GpioCtrlRegs
00006fc0   _GpioDataRegs
00006fe0   _GpioIntRegs
00007010   _SysCtrlRegs
00007040   _SpiaRegs
00007050   _SciaRegs
00007070   _XIntruptRegs
00007100   _AdcRegs
00007750   _ScibRegs
00007770   _ScicRegs
00007900   _I2caRegs
00008000   _DSP28x_usDelay
00009000   _INT13_ISR
0000900a   _INT14_ISR
00009014   _DATALOG_ISR
0000901e   _RTOSINT_ISR
00009028   _EMUINT_ISR
00009032   _NMI_ISR
0000903c   _ILLEGAL_ISR
00009046   _USER1_ISR
00009050   _USER2_ISR
0000905a   _USER3_ISR
00009064   _USER4_ISR
0000906e   _USER5_ISR
00009078   _USER6_ISR
00009082   _USER7_ISR
0000908c   _USER8_ISR
00009096   _USER9_ISR
000090a0   _USER10_ISR
000090aa   _USER11_ISR
000090b4   _USER12_ISR
000090be   _SEQ1INT_ISR
000090c8   _SEQ2INT_ISR
000090d2   _XINT1_ISR
000090dc   _XINT2_ISR
000090e6   _ADCINT_ISR
000090f0   _TINT0_ISR
000090fa   _WAKEINT_ISR
00009107   _EPWM1_TZINT_ISR
00009111   _EPWM2_TZINT_ISR
0000911b   _EPWM3_TZINT_ISR
00009125   _EPWM4_TZINT_ISR
0000912f   _EPWM5_TZINT_ISR
00009139   _EPWM6_TZINT_ISR
00009143   _EPWM1_INT_ISR
0000914d   _EPWM2_INT_ISR
00009157   _EPWM3_INT_ISR
00009161   _EPWM4_INT_ISR
0000916b   _EPWM5_INT_ISR
00009175   _EPWM6_INT_ISR
0000917f   _ECAP1_INT_ISR
00009189   _ECAP2_INT_ISR
00009193   _ECAP3_INT_ISR
0000919d   _ECAP4_INT_ISR
000091a7   _ECAP5_INT_ISR
000091b1   _ECAP6_INT_ISR
000091bb   _EQEP1_INT_ISR
000091c5   _EQEP2_INT_ISR
000091cf   _SPIRXINTA_ISR
000091d9   _SPITXINTA_ISR
000091e3   _MRINTB_ISR
000091fa   _MXINTB_ISR
0000920c   _MRINTA_ISR
0000921d   _MXINTA_ISR
00009237   _DINTCH1_ISR
00009241   _DINTCH2_ISR
0000924b   _DINTCH3_ISR
00009255   _DINTCH4_ISR
0000925f   _DINTCH5_ISR
00009269   _DINTCH6_ISR
00009273   _I2CINT1A_ISR
0000927d   _I2CINT2A_ISR
00009287   _SCIRXINTC_ISR
00009291   _SCITXINTC_ISR
0000929b   _SCIRXINTA_ISR
000092a5   _SCITXINTA_ISR
000092af   _SCIRXINTB_ISR
000092b9   _SCITXINTB_ISR
000092c3   _ECAN0INTA_ISR
000092cd   _ECAN1INTA_ISR
000092d7   _ECAN0INTB_ISR
000092e1   _ECAN1INTB_ISR
000092eb   _XINT3_ISR
000092f5   _XINT4_ISR
000092ff   _XINT5_ISR
00009309   _XINT6_ISR
00009313   _XINT7_ISR
0000931d   _LVF_ISR
00009327   _LUF_ISR
00009331   _PIE_RESERVED
0000933b   _rsvd_ISR
00009345   _cpu_timer0_isr
0000937d   _cpu_timer1_isr
000093a3   _adc_isr
0000956c   _xint1_isr
00009627   _free
0000966a   _minit
00009690   _malloc
000096ef   _realloc
000097a4   _max_free
000097c6   _free_memory
000097e4   _chkheap
000097e6   _calloc
000097fe   _initEffects
00009824   _toggleOn_Off
00009840   _queueEffect
00009864   _clearPipeline
00009880   _process
000098a5   _processDelay
000098aa   _processDistortion
000098be   _processCrunch
000098d2   _processTremolo
0000992b   _processWah
00009934   _processPhaser
00009939   _processFlange
0000993e   _processReverb
000099c5   _processChorus
000099ca   _processPitchShift
000099cf   _InitMcbsp
000099d4   _InitMcbspa
00009a00   _InitMcbspb
00009a2c   _InitMcbspa8bit
00009a33   _InitMcbspa12bit
00009a3e   _InitMcbspa16bit
00009a49   _InitMcbspa20bit
00009a54   _InitMcbspa24bit
00009a5f   _InitMcbspa32bit
00009a6a   _InitMcbspb8bit
00009a71   _InitMcbspb12bit
00009a7c   _InitMcbspb16bit
00009a87   _InitMcbspb20bit
00009a92   _InitMcbspb24bit
00009a9d   _InitMcbspb32bit
00009aa8   _InitMcbspGpio
00009aad   _InitMcbspaGpio
00009ae7   _InitMcbspbGpio
00009afd   _delay_loop
00009b13   _clkg_delay_loop
00009b29   _bp_iir_init
00009be6   _bp_iir_setup
00009c19   _bp_iir_filter
00009c7a   _RFFT_adc_f32
00009d0a   _rfft_adc_f32_Stages4andUp
00009db2   _AutoWah_init
00009e34   _AutoWah_process
00009e45   _AutoWah_sweep
00009ec7   _InitSysCtrl
00009ed0   _ServiceDog
00009eda   _DisableDog
00009ee2   _InitPll
00009f32   _InitPeripheralClocks
00009f8d   _CsmUnlock
00009fbe   _ldexp
00009fef   __register_unlock
00009ff3   __register_lock
00009ff7   __nop
0000a000   .data
0000a000   ___data__
0000a000   ___edata__
0000a000   _lowpass_create
0000a000   edata
0000a00b   _lowpass_destroy
0000a012   _lowpass_init
0000a019   _lowpass_reset
0000a025   _lowpass_filterBlock
0000a045   _lowpass_filterBiquad
0000a0da   _RFFT_adc_f32u
0000a178   _write_dac
0000a187   _read_adc
0000a19b   _init_adc_spi
0000a1b2   _init_mcbsp_spi
0000a1ed   _mcbsp_xmit
0000a202   FS$$DIV
0000a28a   _initINTS
0000a2f6   _updateTimer0
0000a307   _InitCpuTimers
0000a340   _ConfigCpuTimer
0000a37b   _exp
0000a3e3   _cos
0000a444   _tan
0000a4a5   _pow
0000a4ff   _main
0000a533   _indexLookup
0000a558   __log
0000a5a8   _c_int00
0000a5ee   _initAdc
0000a616   _getAdc
0000a61b   _InitPieCtrl
0000a63a   _EnableInterrupts
0000a644   _sqrt
0000a667   I$$DIV
0000a678   I$$MOD
0000a689   ___memcpy_ff
0000a6aa   _InitSpi
0000a6ab   _InitSpiGpio
0000a6ae   _InitSpiaGpio
0000a6c3   __args_main
0000a6dc   C$$EXIT
0000a6dc   _abort
0000a6de   _exit
0000a6f5   _frexp
0000a70b   _InitAdc
0000a71f   _SetDBGIER
0000b000   .bss
0000b000   ___bss__
0000b000   ___end__
0000b000   end
0000c4b8   __unlock
0000c4ba   __lock
0000c4bc   ___TI_cleanup_ptr
0000c4be   ___TI_dtors_ptr
0000c4c0   _numQueued
0000c4c2   _lowpass
0000c4c4   _on_off
0000c4ce   _location
0000c4d8   _list
0000c4ec   _pipeline
0000c826   _CpuTimer1
0000c82e   _CpuTimer2
0000c836   _CpuTimer0
0000c83e   _errno
0000c848   _x
0000c84e   _y
0000c880   _volumeChange
0000c881   _bassChange
0000c882   _delayChange
0000c883   _trebleChange
0000c884   _flangeChange
0000c885   _tremoloLevel
0000c886   _delayLevel
0000c887   _chorusLevel
0000c888   _flangeLevel
0000c889   _reverbLevel
0000c88a   _newVolumeLevel
0000c88b   _updateCode
0000c88c   _updateChange
0000c88d   _updateVolume
0000c88e   _newLevel
0000c88f   _chorusChange
0000c890   _midChange
0000c891   _reverbChange
0000c892   _updateLcd
0000c893   _tremoloChange
0000c894   _preset
0000c895   _tuner
0000c896   _trebleLevel
0000c897   _volumeLevel
0000c898   _midLevel
0000c899   _bassLevel
0000c89a   _resetTimer
0000c89b   _currentChangeScreen
0000c89c   _oldLevel
0000c89d   _sysStart
0000c89e   _adcVals
0000c8a8   _lowpass_coefficients
0000c8bc   __sys_memory
0000d000   _PieVectTableInit
0033fff8   _CsmPwl
00380080   _ADC_cal
00380090   _PartIdRegs
ffffffff   .text
ffffffff   ___binit__
ffffffff   ___c_args__
ffffffff   ___etext__
ffffffff   ___pinit__
ffffffff   ___text__
ffffffff   binit
ffffffff   etext
ffffffff   pinit

[314 symbols]
