******************************************************************************
             TMS320C2000 Linker PC v6.2.7                      
******************************************************************************
>> Linked Fri Nov 28 10:30:24 2014

OUTPUT FILE NAME:   <guitarEffects.out>
ENTRY POINT SYMBOL: "_c_int00"  address: 00301efe


MEMORY CONFIGURATION

         name            origin    length      used     unused   attr    fill
----------------------  --------  ---------  --------  --------  ----  --------
PAGE 0:
  BEGIN_M0              00000000   00000002  00000000  00000002  RWIX
  L0123SARAM            00008000   00004000  00000a5a  000035a6  RWIX
  FLASH_ABCDEFGH        00300000   0003ff80  00002343  0003dc3d  R   
  CSM_RSVD              0033ff80   00000076  00000076  00000000  R   
  BEGIN_FLASH           0033fff6   00000002  00000002  00000000  R   
  PASSWORDS             0033fff8   00000008  00000008  00000000  R   
  ADC_CAL               00380080   00000009  00000007  00000002  RWIX
  OTP                   00380400   00000400  00000000  00000400  R   
  IQTABLES              003fe000   00000b50  00000000  00000b50  R   
  IQTABLES2             003feb50   0000008c  00000000  0000008c  R   
  FPUTABLES             003febdc   000006a0  00000000  000006a0  R   
  RESET                 003fffc0   00000002  00000000  00000002  R   

PAGE 1:
  M0SARAM               00000002   000003fe  00000000  000003fe  RWIX
  M1SARAM               00000400   00000400  00000300  00000100  RWIX
  DEV_EMU               00000880   00000180  000000d0  000000b0  RWIX
  FLASH_REGS            00000a80   00000060  00000008  00000058  RWIX
  CSM                   00000ae0   00000010  00000010  00000000  RWIX
  ADC_MIRROR            00000b00   00000010  00000010  00000000  RWIX
  XINTF                 00000b20   00000020  0000001e  00000002  RWIX
  CPU_TIMER0            00000c00   00000008  00000008  00000000  RWIX
  CPU_TIMER1            00000c08   00000008  00000008  00000000  RWIX
  CPU_TIMER2            00000c10   00000008  00000008  00000000  RWIX
  PIE_CTRL              00000ce0   00000020  0000001a  00000006  RWIX
  PIE_VECT              00000d00   00000100  00000100  00000000  RWIX
  DMA                   00001000   00000200  000000e0  00000120  RWIX
  MCBSPA                00005000   00000040  00000025  0000001b  RWIX
  MCBSPB                00005040   00000040  00000025  0000001b  RWIX
  ECANA                 00006000   00000040  00000034  0000000c  RWIX
  ECANA_LAM             00006040   00000040  00000040  00000000  RWIX
  ECANA_MOTS            00006080   00000040  00000040  00000000  RWIX
  ECANA_MOTO            000060c0   00000040  00000040  00000000  RWIX
  ECANA_MBOX            00006100   00000100  00000100  00000000  RWIX
  ECANB                 00006200   00000040  00000034  0000000c  RWIX
  ECANB_LAM             00006240   00000040  00000040  00000000  RWIX
  ECANB_MOTS            00006280   00000040  00000040  00000000  RWIX
  ECANB_MOTO            000062c0   00000040  00000040  00000000  RWIX
  ECANB_MBOX            00006300   00000100  00000100  00000000  RWIX
  EPWM1                 00006800   00000022  00000022  00000000  RWIX
  EPWM2                 00006840   00000022  00000022  00000000  RWIX
  EPWM3                 00006880   00000022  00000022  00000000  RWIX
  EPWM4                 000068c0   00000022  00000022  00000000  RWIX
  EPWM5                 00006900   00000022  00000022  00000000  RWIX
  EPWM6                 00006940   00000022  00000022  00000000  RWIX
  ECAP1                 00006a00   00000020  00000020  00000000  RWIX
  ECAP2                 00006a20   00000020  00000020  00000000  RWIX
  ECAP3                 00006a40   00000020  00000020  00000000  RWIX
  ECAP4                 00006a60   00000020  00000020  00000000  RWIX
  ECAP5                 00006a80   00000020  00000020  00000000  RWIX
  ECAP6                 00006aa0   00000020  00000020  00000000  RWIX
  EQEP1                 00006b00   00000040  00000040  00000000  RWIX
  EQEP2                 00006b40   00000040  00000040  00000000  RWIX
  GPIOCTRL              00006f80   00000040  0000002e  00000012  RWIX
  GPIODAT               00006fc0   00000020  00000020  00000000  RWIX
  GPIOINT               00006fe0   00000020  0000000a  00000016  RWIX
  SYSTEM                00007010   00000020  00000020  00000000  RWIX
  SPIA                  00007040   00000010  00000010  00000000  RWIX
  SCIA                  00007050   00000010  00000010  00000000  RWIX
  XINTRUPT              00007070   00000010  00000010  00000000  RWIX
  ADC                   00007100   00000020  0000001e  00000002  RWIX
  SCIB                  00007750   00000010  00000010  00000000  RWIX
  SCIC                  00007770   00000010  00000010  00000000  RWIX
  I2CA                  00007900   00000040  00000022  0000001e  RWIX
  L4SARAM               0000c000   00001000  00000ca2  0000035e  RWIX
  L5SARAM               0000d000   00001000  00000c80  00000380  RWIX
  L6SARAM               0000e000   00001000  00000000  00001000  RWIX
  L7SARAM               0000f000   00001000  00000000  00001000  RWIX
  CSM_PWL               0033fff8   00000008  00000008  00000000  RWIX
  PARTID                00380090   00000001  00000001  00000000  RWIX


SECTION ALLOCATION MAP

 output                                  attributes/
section   page    origin      length       input sections
--------  ----  ----------  ----------   ----------------
.pinit     0    00300000    00000000     UNINITIALIZED

secureRamFuncs 
*          0    00300000    00000a5a     RUN ADDR = 00008000
                  00300000    00000330     effect.obj (secureRamFuncs)
                  00300330    0000032f     lcd.obj (secureRamFuncs)
                  0030065f    00000210     main.obj (secureRamFuncs:retain)
                  0030086f    00000086     spi.obj (secureRamFuncs)
                  003008f5    00000078     eeprom.obj (secureRamFuncs)
                  0030096d    00000076     effect.obj (secureRamFuncs:retain)
                  003009e3    00000058     fft.obj (secureRamFuncs)
                  00300a3b    0000001f     Flash.obj (secureRamFuncs)

.text      0    00300a5a    0000173c     
                  00300a5a    000003f4     DefaultIsr_nonBIOS.obj (.text:retain)
                  00300e4e    000003dc     effect.obj (.text)
                  0030122a    000002e4     lcd.obj (.text)
                  0030150e    00000212     main.obj (.text)
                  00301720    00000157     DSP2833x_Mcbsp.obj (.text)
                  00301877    00000001     --HOLE-- [fill = 0]
                  00301878    00000138     RFFT_adc_f32.obj (.text)
                  003019b0    0000012d     sys.obj (.text)
                  00301add    00000001     --HOLE-- [fill = 0]
                  00301ade    0000009e     RFFT_adc_f32u.obj (.text)
                  00301b7c    00000088     rts2800_fpu32.lib : fs_div.obj (.text)
                  00301c04    00000083                       : fd_mpy.obj (.text)
                  00301c87    0000007f     SysCtrl.obj (.text)
                  00301d06    00000074     DSP2833x_CpuTimers.obj (.text)
                  00301d7a    0000006e     RFFT_f32_sincostable.obj (.text)
                  00301de8    00000061     rts2800_fpu32.lib : cos.obj (.text)
                  00301e49    0000005d     fft.obj (.text)
                  00301ea6    00000058     rts2800_fpu32.lib : sin.obj (.text)
                  00301efe    00000046                       : boot.obj (.text)
                  00301f44    00000044     RFFT_f32_mag.obj (.text)
                  00301f88    00000033     iir5biq16.obj (.text)
                  00301fbb    00000030     PieCtrl_nonBIOS.obj (.text)
                  00301feb    0000002e     rts2800_fpu32.lib : fmod.obj (.text)
                  00302019    0000002c     main.obj (.text:retain)
                  00302045    0000002a     DSP2833x_Spi.obj (.text)
                  0030206f    00000001     --HOLE-- [fill = 0]
                  00302070    00000023     rts2800_fpu32.lib : sqrt.obj (.text)
                  00302093    00000022                       : i_div.obj (.text)
                  003020b5    00000021                       : fd_toi.obj (.text)
                  003020d6    00000021                       : memcpy_ff.obj (.text)
                  003020f7    0000001c                       : fs_tofd.obj (.text)
                  00302113    0000001a                       : modf.obj (.text)
                  0030212d    00000019                       : args_main.obj (.text)
                  00302146    00000019                       : exit.obj (.text)
                  0030215f    00000014     DSP2833x_I2C.obj (.text)
                  00302173    00000010     DelayUs.obj (.text)
                  00302183    00000009     rts2800_fpu32.lib : _lock.obj (.text)
                  0030218c    00000007     CodeStartBranch.obj (.text)
                  00302193    00000003     SetDBGIER.obj (.text)

.econst    0    00302196    00000104     
                  00302196    00000100     PieVect_nonBIOS.obj (.econst)
                  00302296    00000004     fft.obj (.econst)

.cinit     0    0030229a    000000a9     
                  0030229a    00000067     main.obj (.cinit)
                  00302301    00000017     lowpass.obj (.cinit)
                  00302318    0000000a     rts2800_fpu32.lib : _lock.obj (.cinit)
                  00302322    0000000a                       : exit.obj (.cinit)
                  0030232c    00000009     fft.obj (.cinit)
                  00302335    00000004     effect.obj (.cinit)
                  00302339    00000004     rts2800_fpu32.lib : errno.obj (.cinit)
                  0030233d    00000004                       : memory.obj (.cinit)
                  00302341    00000002     --HOLE-- [fill = 0]

csm_rsvd   0    0033ff80    00000076     
                  0033ff80    00000076     Passwords.obj (csm_rsvd)

codestart 
*          0    0033fff6    00000002     
                  0033fff6    00000002     CodeStartBranch.obj (codestart)

passwords 
*          0    0033fff8    00000008     
                  0033fff8    00000008     Passwords.obj (passwords)

.adc_cal   0    00380080    00000007     NOLOAD SECTION
                  00380080    00000007     DSP2833x_ADC_cal.obj (.adc_cal)

.reset     0    003fffc0    00000002     DSECT
                  003fffc0    00000002     rts2800_fpu32.lib : boot.obj (.reset)

.stack     1    00000400    00000300     UNINITIALIZED
                  00000400    00000300     --HOLE--

DevEmuRegsFile 
*          1    00000880    000000d0     UNINITIALIZED
                  00000880    000000d0     DSP2833x_GlobalVariableDefs.obj (DevEmuRegsFile)

FlashRegsFile 
*          1    00000a80    00000008     UNINITIALIZED
                  00000a80    00000008     DSP2833x_GlobalVariableDefs.obj (FlashRegsFile)

CsmRegsFile 
*          1    00000ae0    00000010     UNINITIALIZED
                  00000ae0    00000010     DSP2833x_GlobalVariableDefs.obj (CsmRegsFile)

AdcMirrorFile 
*          1    00000b00    00000010     UNINITIALIZED
                  00000b00    00000010     DSP2833x_GlobalVariableDefs.obj (AdcMirrorFile)

XintfRegsFile 
*          1    00000b20    0000001e     UNINITIALIZED
                  00000b20    0000001e     DSP2833x_GlobalVariableDefs.obj (XintfRegsFile)

CpuTimer0RegsFile 
*          1    00000c00    00000008     UNINITIALIZED
                  00000c00    00000008     DSP2833x_GlobalVariableDefs.obj (CpuTimer0RegsFile)

CpuTimer1RegsFile 
*          1    00000c08    00000008     UNINITIALIZED
                  00000c08    00000008     DSP2833x_GlobalVariableDefs.obj (CpuTimer1RegsFile)

CpuTimer2RegsFile 
*          1    00000c10    00000008     UNINITIALIZED
                  00000c10    00000008     DSP2833x_GlobalVariableDefs.obj (CpuTimer2RegsFile)

PieCtrlRegsFile 
*          1    00000ce0    0000001a     UNINITIALIZED
                  00000ce0    0000001a     DSP2833x_GlobalVariableDefs.obj (PieCtrlRegsFile)

PieVectTableFile 
*          1    00000d00    00000100     UNINITIALIZED
                  00000d00    00000100     DSP2833x_GlobalVariableDefs.obj (PieVectTableFile)

DmaRegsFile 
*          1    00001000    000000e0     UNINITIALIZED
                  00001000    000000e0     DSP2833x_GlobalVariableDefs.obj (DmaRegsFile)

McbspaRegsFile 
*          1    00005000    00000025     UNINITIALIZED
                  00005000    00000025     DSP2833x_GlobalVariableDefs.obj (McbspaRegsFile)

McbspbRegsFile 
*          1    00005040    00000025     UNINITIALIZED
                  00005040    00000025     DSP2833x_GlobalVariableDefs.obj (McbspbRegsFile)

ECanaRegsFile 
*          1    00006000    00000034     UNINITIALIZED
                  00006000    00000034     DSP2833x_GlobalVariableDefs.obj (ECanaRegsFile)

ECanaLAMRegsFile 
*          1    00006040    00000040     UNINITIALIZED
                  00006040    00000040     DSP2833x_GlobalVariableDefs.obj (ECanaLAMRegsFile)

ECanaMOTSRegsFile 
*          1    00006080    00000040     UNINITIALIZED
                  00006080    00000040     DSP2833x_GlobalVariableDefs.obj (ECanaMOTSRegsFile)

ECanaMOTORegsFile 
*          1    000060c0    00000040     UNINITIALIZED
                  000060c0    00000040     DSP2833x_GlobalVariableDefs.obj (ECanaMOTORegsFile)

ECanaMboxesFile 
*          1    00006100    00000100     UNINITIALIZED
                  00006100    00000100     DSP2833x_GlobalVariableDefs.obj (ECanaMboxesFile)

ECanbRegsFile 
*          1    00006200    00000034     UNINITIALIZED
                  00006200    00000034     DSP2833x_GlobalVariableDefs.obj (ECanbRegsFile)

ECanbLAMRegsFile 
*          1    00006240    00000040     UNINITIALIZED
                  00006240    00000040     DSP2833x_GlobalVariableDefs.obj (ECanbLAMRegsFile)

ECanbMOTSRegsFile 
*          1    00006280    00000040     UNINITIALIZED
                  00006280    00000040     DSP2833x_GlobalVariableDefs.obj (ECanbMOTSRegsFile)

ECanbMOTORegsFile 
*          1    000062c0    00000040     UNINITIALIZED
                  000062c0    00000040     DSP2833x_GlobalVariableDefs.obj (ECanbMOTORegsFile)

ECanbMboxesFile 
*          1    00006300    00000100     UNINITIALIZED
                  00006300    00000100     DSP2833x_GlobalVariableDefs.obj (ECanbMboxesFile)

EPwm1RegsFile 
*          1    00006800    00000022     UNINITIALIZED
                  00006800    00000022     DSP2833x_GlobalVariableDefs.obj (EPwm1RegsFile)

EPwm2RegsFile 
*          1    00006840    00000022     UNINITIALIZED
                  00006840    00000022     DSP2833x_GlobalVariableDefs.obj (EPwm2RegsFile)

EPwm3RegsFile 
*          1    00006880    00000022     UNINITIALIZED
                  00006880    00000022     DSP2833x_GlobalVariableDefs.obj (EPwm3RegsFile)

EPwm4RegsFile 
*          1    000068c0    00000022     UNINITIALIZED
                  000068c0    00000022     DSP2833x_GlobalVariableDefs.obj (EPwm4RegsFile)

EPwm5RegsFile 
*          1    00006900    00000022     UNINITIALIZED
                  00006900    00000022     DSP2833x_GlobalVariableDefs.obj (EPwm5RegsFile)

EPwm6RegsFile 
*          1    00006940    00000022     UNINITIALIZED
                  00006940    00000022     DSP2833x_GlobalVariableDefs.obj (EPwm6RegsFile)

ECap1RegsFile 
*          1    00006a00    00000020     UNINITIALIZED
                  00006a00    00000020     DSP2833x_GlobalVariableDefs.obj (ECap1RegsFile)

ECap2RegsFile 
*          1    00006a20    00000020     UNINITIALIZED
                  00006a20    00000020     DSP2833x_GlobalVariableDefs.obj (ECap2RegsFile)

ECap3RegsFile 
*          1    00006a40    00000020     UNINITIALIZED
                  00006a40    00000020     DSP2833x_GlobalVariableDefs.obj (ECap3RegsFile)

ECap4RegsFile 
*          1    00006a60    00000020     UNINITIALIZED
                  00006a60    00000020     DSP2833x_GlobalVariableDefs.obj (ECap4RegsFile)

ECap5RegsFile 
*          1    00006a80    00000020     UNINITIALIZED
                  00006a80    00000020     DSP2833x_GlobalVariableDefs.obj (ECap5RegsFile)

ECap6RegsFile 
*          1    00006aa0    00000020     UNINITIALIZED
                  00006aa0    00000020     DSP2833x_GlobalVariableDefs.obj (ECap6RegsFile)

EQep1RegsFile 
*          1    00006b00    00000040     UNINITIALIZED
                  00006b00    00000040     DSP2833x_GlobalVariableDefs.obj (EQep1RegsFile)

EQep2RegsFile 
*          1    00006b40    00000040     UNINITIALIZED
                  00006b40    00000040     DSP2833x_GlobalVariableDefs.obj (EQep2RegsFile)

GpioCtrlRegsFile 
*          1    00006f80    0000002e     UNINITIALIZED
                  00006f80    0000002e     DSP2833x_GlobalVariableDefs.obj (GpioCtrlRegsFile)

GpioDataRegsFile 
*          1    00006fc0    00000020     UNINITIALIZED
                  00006fc0    00000020     DSP2833x_GlobalVariableDefs.obj (GpioDataRegsFile)

GpioIntRegsFile 
*          1    00006fe0    0000000a     UNINITIALIZED
                  00006fe0    0000000a     DSP2833x_GlobalVariableDefs.obj (GpioIntRegsFile)

SysCtrlRegsFile 
*          1    00007010    00000020     UNINITIALIZED
                  00007010    00000020     DSP2833x_GlobalVariableDefs.obj (SysCtrlRegsFile)

SpiaRegsFile 
*          1    00007040    00000010     UNINITIALIZED
                  00007040    00000010     DSP2833x_GlobalVariableDefs.obj (SpiaRegsFile)

SciaRegsFile 
*          1    00007050    00000010     UNINITIALIZED
                  00007050    00000010     DSP2833x_GlobalVariableDefs.obj (SciaRegsFile)

XIntruptRegsFile 
*          1    00007070    00000010     UNINITIALIZED
                  00007070    00000010     DSP2833x_GlobalVariableDefs.obj (XIntruptRegsFile)

AdcRegsFile 
*          1    00007100    0000001e     UNINITIALIZED
                  00007100    0000001e     DSP2833x_GlobalVariableDefs.obj (AdcRegsFile)

ScibRegsFile 
*          1    00007750    00000010     UNINITIALIZED
                  00007750    00000010     DSP2833x_GlobalVariableDefs.obj (ScibRegsFile)

ScicRegsFile 
*          1    00007770    00000010     UNINITIALIZED
                  00007770    00000010     DSP2833x_GlobalVariableDefs.obj (ScicRegsFile)

I2caRegsFile 
*          1    00007900    00000022     UNINITIALIZED
                  00007900    00000022     DSP2833x_GlobalVariableDefs.obj (I2caRegsFile)

.bss       1    0000c000    00000000     UNINITIALIZED

.sysmem    1    0000c000    00000400     UNINITIALIZED
                  0000c000    00000001     rts2800_fpu32.lib : memory.obj (.sysmem)
                  0000c001    000003ff     --HOLE--

.ebss.1    1    0000c400    000008a2     UNINITIALIZED
                  0000c400    000005e8     main.obj (.ebss)
                  0000c9e8    00000018     DSP2833x_CpuTimers.obj (.ebss)
                  0000ca00    000001a3     lcd.obj (.ebss)
                  0000cba3    00000001     rts2800_fpu32.lib : errno.obj (.ebss)
                  0000cba4    00000014     lowpass.obj (.ebss)
                  0000cbb8    00000008     rts2800_fpu32.lib : memory.obj (.ebss)
                  0000cbc0    000000da     effect.obj (.ebss)
                  0000cc9a    00000004     rts2800_fpu32.lib : _lock.obj (.ebss)
                  0000cc9e    00000004                       : exit.obj (.ebss)

.ebss.2    1    0000d000    00000c80     UNINITIALIZED
                  0000d000    00000c80     fft.obj (.ebss)

CsmPwlFile 
*          1    0033fff8    00000008     UNINITIALIZED
                  0033fff8    00000008     DSP2833x_GlobalVariableDefs.obj (CsmPwlFile)

PartIdRegsFile 
*          1    00380090    00000001     UNINITIALIZED
                  00380090    00000001     DSP2833x_GlobalVariableDefs.obj (PartIdRegsFile)


GLOBAL DATA SYMBOLS: SORTED BY DATA PAGE

address     data page           name
--------    ----------------    ----
00000400      10 (00000400)     __stack

00000880      22 (00000880)     _DevEmuRegs

00000a80      2a (00000a80)     _FlashRegs

00000ae0      2b (00000ac0)     _CsmRegs

00000b00      2c (00000b00)     _AdcMirror
00000b20      2c (00000b00)     _XintfRegs

00000c00      30 (00000c00)     _CpuTimer0Regs
00000c08      30 (00000c00)     _CpuTimer1Regs
00000c10      30 (00000c00)     _CpuTimer2Regs

00000ce0      33 (00000cc0)     _PieCtrlRegs

00000d00      34 (00000d00)     _PieVectTable

00001000      40 (00001000)     _DmaRegs

00005000     140 (00005000)     _McbspaRegs

00005040     141 (00005040)     _McbspbRegs

00006000     180 (00006000)     _ECanaRegs

00006040     181 (00006040)     _ECanaLAMRegs

00006080     182 (00006080)     _ECanaMOTSRegs

000060c0     183 (000060c0)     _ECanaMOTORegs

00006100     184 (00006100)     _ECanaMboxes

00006200     188 (00006200)     _ECanbRegs

00006240     189 (00006240)     _ECanbLAMRegs

00006280     18a (00006280)     _ECanbMOTSRegs

000062c0     18b (000062c0)     _ECanbMOTORegs

00006300     18c (00006300)     _ECanbMboxes

00006800     1a0 (00006800)     _EPwm1Regs

00006840     1a1 (00006840)     _EPwm2Regs

00006880     1a2 (00006880)     _EPwm3Regs

000068c0     1a3 (000068c0)     _EPwm4Regs

00006900     1a4 (00006900)     _EPwm5Regs

00006940     1a5 (00006940)     _EPwm6Regs

00006a00     1a8 (00006a00)     _ECap1Regs
00006a20     1a8 (00006a00)     _ECap2Regs

00006a40     1a9 (00006a40)     _ECap3Regs
00006a60     1a9 (00006a40)     _ECap4Regs

00006a80     1aa (00006a80)     _ECap5Regs
00006aa0     1aa (00006a80)     _ECap6Regs

00006b00     1ac (00006b00)     _EQep1Regs

00006b40     1ad (00006b40)     _EQep2Regs

00006f80     1be (00006f80)     _GpioCtrlRegs

00006fc0     1bf (00006fc0)     _GpioDataRegs
00006fe0     1bf (00006fc0)     _GpioIntRegs

00007010     1c0 (00007000)     _SysCtrlRegs

00007040     1c1 (00007040)     _SpiaRegs
00007050     1c1 (00007040)     _SciaRegs
00007070     1c1 (00007040)     _XIntruptRegs

00007100     1c4 (00007100)     _AdcRegs

00007750     1dd (00007740)     _ScibRegs
00007770     1dd (00007740)     _ScicRegs

00007900     1e4 (00007900)     _I2caRegs

0000c000     300 (0000c000)     __sys_memory

0000c400     310 (0000c400)     _resetTimer
0000c401     310 (0000c400)     _sysStart
0000c402     310 (0000c400)     _updateCode
0000c403     310 (0000c400)     _updateChange
0000c404     310 (0000c400)     _freq
0000c405     310 (0000c400)     _updateLcd
0000c406     310 (0000c400)     _indexToToggle
0000c407     310 (0000c400)     _toggleDist
0000c408     310 (0000c400)     _toggle
0000c409     310 (0000c400)     _preset
0000c40a     310 (0000c400)     _currentChangeScreen
0000c40b     310 (0000c400)     _effectToToggle
0000c40c     310 (0000c400)     _load
0000c40d     310 (0000c400)     _numQueued
0000c40e     310 (0000c400)     _presetNumber
0000c40f     310 (0000c400)     _inputNumber
0000c410     310 (0000c400)     _updateInputs
0000c411     310 (0000c400)     _save
0000c412     310 (0000c400)     _oldLevel
0000c413     310 (0000c400)     _iCount
0000c414     310 (0000c400)     _tuner
0000c415     310 (0000c400)     _sample
0000c416     310 (0000c400)     _previous
0000c417     310 (0000c400)     _newLevel
0000c418     310 (0000c400)     _updateFrequency
0000c419     310 (0000c400)     _distortion
0000c41a     310 (0000c400)     _inputs
0000c41e     310 (0000c400)     _location
0000c422     310 (0000c400)     _previousInputs
0000c426     310 (0000c400)     _mainDisplay
0000c42a     310 (0000c400)     _on_off
0000c42e     310 (0000c400)     _pipeline
0000c436     310 (0000c400)     _list

0000c9e8     327 (0000c9c0)     _CpuTimer1
0000c9f0     327 (0000c9c0)     _CpuTimer2
0000c9f8     327 (0000c9c0)     _CpuTimer0

0000ca00     328 (0000ca00)     _numInMainDisplay
0000ca01     328 (0000ca00)     _tunerScreen
0000ca02     328 (0000ca00)     _presetScreen
0000ca03     328 (0000ca00)     _currentPreset
0000ca04     328 (0000ca00)     _reprint

0000ca40     329 (0000ca40)     _noteChart

0000cba3     32e (0000cb80)     _errno
0000cba4     32e (0000cb80)     _lowpass_coefficients

0000cbc0     32f (0000cbc0)     _writeDone
0000cbc1     32f (0000cbc0)     _Error
0000cbc2     32f (0000cbc0)     _readDone
0000cbc4     32f (0000cbc0)     _CurrentMsgPtr
0000cbc6     32f (0000cbc0)     _adcVal
0000cbcb     32f (0000cbc0)     _messageOut
0000cbe0     32f (0000cbc0)     _messageIn

0000cc80     332 (0000cc80)     _returnArray
0000cc9a     332 (0000cc80)     __unlock
0000cc9c     332 (0000cc80)     __lock
0000cc9e     332 (0000cc80)     ___TI_cleanup_ptr
0000cca0     332 (0000cc80)     ___TI_dtors_ptr

0000d000     340 (0000d000)     _FFTStartFlag
0000d004     340 (0000d000)     _rfft_adc
0000d008     340 (0000d000)     _rfft

0000d040     341 (0000d040)     _AdcBuf

0000d240     349 (0000d240)     _RFFTmagBuff

0000d480     352 (0000d480)     _RFFToutBuff

0000d880     362 (0000d880)     _RFFTF32Coef

00302196    c086 (00302180)     _PieVectTableInit

0033fff8    cfff (0033ffc0)     _CsmPwl

00380090    e002 (00380080)     _PartIdRegs


GLOBAL SYMBOLS: SORTED ALPHABETICALLY BY Name 

address    name
--------   ----
0000c000   .bss
00300a5a   .text
00302146   C$$EXIT
00301c04   FD$$MPY
003020b5   FD$$TOI
00301b7c   FS$$DIV
003020f7   FS$$TOFD
00302093   I$$DIV
003020a4   I$$MOD
00300b50   _ADCINT_ISR
00380080   _ADC_cal
0000d040   _AdcBuf
00000b00   _AdcMirror
00007100   _AdcRegs
00301d3f   _ConfigCpuTimer
0000c9f8   _CpuTimer0
00000c00   _CpuTimer0Regs
0000c9e8   _CpuTimer1
00000c08   _CpuTimer1Regs
0000c9f0   _CpuTimer2
00000c10   _CpuTimer2Regs
0033fff8   _CsmPwl
00000ae0   _CsmRegs
0000cbc4   _CurrentMsgPtr
00300a6e   _DATALOG_ISR
00300ce6   _DINTCH1_ISR
00300cf4   _DINTCH2_ISR
00300d02   _DINTCH3_ISR
00300d10   _DINTCH4_ISR
00300d1e   _DINTCH5_ISR
00300d2c   _DINTCH6_ISR
00302173   _DelayUs
00000880   _DevEmuRegs
00001000   _DmaRegs
00300daa   _ECAN0INTA_ISR
00300dc6   _ECAN0INTB_ISR
00300db8   _ECAN1INTA_ISR
00300dd4   _ECAN1INTB_ISR
00300c22   _ECAP1_INT_ISR
00300c30   _ECAP2_INT_ISR
00300c3e   _ECAP3_INT_ISR
00300c4c   _ECAP4_INT_ISR
00300c5a   _ECAP5_INT_ISR
00300c68   _ECAP6_INT_ISR
00006040   _ECanaLAMRegs
000060c0   _ECanaMOTORegs
00006080   _ECanaMOTSRegs
00006100   _ECanaMboxes
00006000   _ECanaRegs
00006240   _ECanbLAMRegs
000062c0   _ECanbMOTORegs
00006280   _ECanbMOTSRegs
00006300   _ECanbMboxes
00006200   _ECanbRegs
00006a00   _ECap1Regs
00006a20   _ECap2Regs
00006a40   _ECap3Regs
00006a60   _ECap4Regs
00006a80   _ECap5Regs
00006aa0   _ECap6Regs
00300a82   _EMUINT_ISR
00300bce   _EPWM1_INT_ISR
00300b7a   _EPWM1_TZINT_ISR
00300bdc   _EPWM2_INT_ISR
00300b88   _EPWM2_TZINT_ISR
00300bea   _EPWM3_INT_ISR
00300b96   _EPWM3_TZINT_ISR
00300bf8   _EPWM4_INT_ISR
00300ba4   _EPWM4_TZINT_ISR
00300c06   _EPWM5_INT_ISR
00300bb2   _EPWM5_TZINT_ISR
00300c14   _EPWM6_INT_ISR
00300bc0   _EPWM6_TZINT_ISR
00006800   _EPwm1Regs
00006840   _EPwm2Regs
00006880   _EPwm3Regs
000068c0   _EPwm4Regs
00006900   _EPwm5Regs
00006940   _EPwm6Regs
00300c76   _EQEP1_INT_ISR
00300c84   _EQEP2_INT_ISR
00006b00   _EQep1Regs
00006b40   _EQep2Regs
0000cbc1   _Error
0000d000   _FFTStartFlag
00000a80   _FlashRegs
00006f80   _GpioCtrlRegs
00006fc0   _GpioDataRegs
00006fe0   _GpioIntRegs
000088f5   _I2CA_Init
0000893b   _I2CA_ReadData
00008908   _I2CA_WriteData
00300d3a   _I2CINT1A_ISR
00300d48   _I2CINT2A_ISR
00007900   _I2caRegs
00301f98   _IIR5BIQ16_calc
00301f88   _IIR5BIQ16_init
00300a96   _ILLEGAL_ISR
00300a5a   _INT13_ISR
00300a64   _INT14_ISR
00301d06   _InitCpuTimers
00008a3b   _InitFlash
0030215f   _InitI2C
00302160   _InitI2CGpio
00301720   _InitMcbsp
003017f9   _InitMcbspGpio
00301725   _InitMcbspa
00301784   _InitMcbspa12bit
0030178f   _InitMcbspa16bit
0030179a   _InitMcbspa20bit
003017a5   _InitMcbspa24bit
003017b0   _InitMcbspa32bit
0030177d   _InitMcbspa8bit
003017fe   _InitMcbspaGpio
00301751   _InitMcbspb
003017c2   _InitMcbspb12bit
003017cd   _InitMcbspb16bit
003017d8   _InitMcbspb20bit
003017e3   _InitMcbspb24bit
003017ee   _InitMcbspb32bit
003017bb   _InitMcbspb8bit
00301838   _InitMcbspbGpio
00301fbb   _InitPieCtrl
00302045   _InitSpi
00302046   _InitSpiGpio
00302049   _InitSpiaGpio
00301c87   _InitSysCtrl
00300e36   _LUF_ISR
00300e28   _LVF_ISR
00300cca   _MRINTA_ISR
00300cae   _MRINTB_ISR
00300cd8   _MXINTA_ISR
00300cbc   _MXINTB_ISR
00005000   _McbspaRegs
00005040   _McbspbRegs
00300a8c   _NMI_ISR
00380090   _PartIdRegs
00000ce0   _PieCtrlRegs
00000d00   _PieVectTable
00302196   _PieVectTableInit
0000d880   _RFFTF32Coef
00301878   _RFFT_adc_f32
00301ade   _RFFT_adc_f32u
00301f44   _RFFT_f32_mag
00301d7a   _RFFT_f32_sincostable
0000d240   _RFFTmagBuff
0000d480   _RFFToutBuff
00300a78   _RTOSINT_ISR
00300d72   _SCIRXINTA_ISR
00300d8e   _SCIRXINTB_ISR
00300d56   _SCIRXINTC_ISR
00300d80   _SCITXINTA_ISR
00300d9c   _SCITXINTB_ISR
00300d64   _SCITXINTC_ISR
00300b18   _SEQ1INT_ISR
00300b26   _SEQ2INT_ISR
00300c92   _SPIRXINTA_ISR
00300ca0   _SPITXINTA_ISR
00007050   _SciaRegs
00007750   _ScibRegs
00007770   _ScicRegs
00302193   _SetDBGIER
00007040   _SpiaRegs
00007010   _SysCtrlRegs
00300b5e   _TINT0_ISR
00300afa   _USER10_ISR
00300b04   _USER11_ISR
00300b0e   _USER12_ISR
00300aa0   _USER1_ISR
00300aaa   _USER2_ISR
00300ab4   _USER3_ISR
00300abe   _USER4_ISR
00300ac8   _USER5_ISR
00300ad2   _USER6_ISR
00300adc   _USER7_ISR
00300ae6   _USER8_ISR
00300af0   _USER9_ISR
00300b6c   _WAKEINT_ISR
00300b34   _XINT1_ISR
00300b42   _XINT2_ISR
00300de2   _XINT3_ISR
00300df0   _XINT4_ISR
00300dfe   _XINT5_ISR
00300e0c   _XINT6_ISR
00300e1a   _XINT7_ISR
00007070   _XIntruptRegs
00000b20   _XintfRegs
00000700   __STACK_END
00000300   __STACK_SIZE
00000400   __SYSMEM_SIZE
00000001   __TI_args_main
0000cc9e   ___TI_cleanup_ptr
0000cca0   ___TI_dtors_ptr
ffffffff   ___binit__
0000c000   ___bss__
ffffffff   ___c_args__
0030229a   ___cinit__
0000c000   ___end__
00302196   ___etext__
003020d6   ___memcpy_ff
ffffffff   ___pinit__
00300a5a   ___text__
0030212d   __args_main
0000cc9c   __lock
0030218b   __nop
00302187   __register_lock
00302183   __register_unlock
00000400   __stack
0000c000   __sys_memory
0000cc9a   __unlock
00302146   _abort
0000cbc6   _adcVal
00008572   _addToLCD
00301efe   _c_int00
003016c7   _clearPipeline
00301861   _clkg_delay_loop
00008624   _controlLCD
00301de8   _cos
0000865f   _cpu_timer0_isr
000086dd   _cpu_timer1_isr
0000c40a   _currentChangeScreen
0000ca03   _currentPreset
0030184b   _delay_loop
0000c419   _distortion
00008306   _eepromRead
000082eb   _eepromWrite
0000c40b   _effectToToggle
000087d7   _effects
0000cba3   _errno
00302148   _exit
000089e3   _findFrequency
003012e1   _findNote
00301feb   _fmod
0000c404   _freq
00301607   _getInputs
000084cc   _goToMain
0000896d   _i2c_int1a_isr
0000c413   _iCount
00301707   _indexLookup
0000c406   _indexToToggle
00300e4e   _initEffects
00301e49   _initFFT
003019b0   _initINTS
003013e6   _initLCD
0000888f   _init_adc_spi
000088a7   _init_mcbsp_spi
0000c40f   _inputNumber
0000c41a   _inputs
0000c436   _list
0000c40c   _load
000081ec   _loadPreset
0030125c   _loadPresetScreen
0000878b   _load_preset
0000c41e   _location
0000cba4   _lowpass_coefficients
0030150e   _main
0000c426   _mainDisplay
000088e2   _mcbsp_xmit
0000cbe0   _messageIn
0000cbcb   _messageOut
00302113   _modf
0000c417   _newLevel
0000ca40   _noteChart
0000ca00   _numInMainDisplay
0000c40d   _numQueued
0000c412   _oldLevel
0000c42a   _on_off
0000c42e   _pipeline
0000c409   _preset
0000c40e   _presetNumber
0000ca02   _presetScreen
00008757   _preset_down
000086ff   _preset_up
0000c416   _previous
0000c422   _previousInputs
0030122a   _printFlanger
000085da   _printFreq
00008646   _printLCD
0000834f   _printReverb
00008330   _printTremolo
00301249   _printWah
00008000   _process
0030121e   _processChorus
0030113d   _processFlanger
00300fe5   _processPhaser
00301224   _processPitchShift
00008078   _processReverb
00008028   _processTremolo
00300ede   _processWah
003016a1   _queueEffect
0000cbc2   _readDone
0000887e   _read_adc
0000ca04   _reprint
0000c400   _resetTimer
0000cc80   _returnArray
0000d008   _rfft
0000d004   _rfft_adc
00301908   _rfft_adc_f32_Stages4andUp
00302019   _rotary
00300e44   _rsvd_ISR
0000c415   _sample
0000c411   _save
00008119   _savePreset
000087b1   _save_preset
00000a5a   _secureRamFuncs_loadsize
00300000   _secureRamFuncs_loadstart
00008000   _secureRamFuncs_runstart
00301ea6   _sin
00302070   _sqrt
00301e8a   _storeFFT
0000c401   _sysStart
0000c408   _toggle
0000c407   _toggleDist
00301276   _toggleDistortion
003016f1   _toggleEffectOnDisplay
000085ab   _toggleLCD
0030165f   _toggleOn_Off
0000c414   _tuner
0000ca01   _tunerScreen
0000c403   _updateChange
0000c402   _updateCode
0000c418   _updateFrequency
0000c410   _updateInputs
000083b1   _updateLCD
0000c405   _updateLcd
0000836b   _updateLevel
00301acc   _updateTimer0
0000cbc0   _writeDone
0000886f   _write_dac
ffffffff   binit
0030229a   cinit
0033fff6   code_start
0000c000   end
00302196   etext
ffffffff   pinit


GLOBAL SYMBOLS: SORTED BY Symbol Address 

address    name
--------   ----
00000001   __TI_args_main
00000300   __STACK_SIZE
00000400   __SYSMEM_SIZE
00000400   __stack
00000700   __STACK_END
00000880   _DevEmuRegs
00000a5a   _secureRamFuncs_loadsize
00000a80   _FlashRegs
00000ae0   _CsmRegs
00000b00   _AdcMirror
00000b20   _XintfRegs
00000c00   _CpuTimer0Regs
00000c08   _CpuTimer1Regs
00000c10   _CpuTimer2Regs
00000ce0   _PieCtrlRegs
00000d00   _PieVectTable
00001000   _DmaRegs
00005000   _McbspaRegs
00005040   _McbspbRegs
00006000   _ECanaRegs
00006040   _ECanaLAMRegs
00006080   _ECanaMOTSRegs
000060c0   _ECanaMOTORegs
00006100   _ECanaMboxes
00006200   _ECanbRegs
00006240   _ECanbLAMRegs
00006280   _ECanbMOTSRegs
000062c0   _ECanbMOTORegs
00006300   _ECanbMboxes
00006800   _EPwm1Regs
00006840   _EPwm2Regs
00006880   _EPwm3Regs
000068c0   _EPwm4Regs
00006900   _EPwm5Regs
00006940   _EPwm6Regs
00006a00   _ECap1Regs
00006a20   _ECap2Regs
00006a40   _ECap3Regs
00006a60   _ECap4Regs
00006a80   _ECap5Regs
00006aa0   _ECap6Regs
00006b00   _EQep1Regs
00006b40   _EQep2Regs
00006f80   _GpioCtrlRegs
00006fc0   _GpioDataRegs
00006fe0   _GpioIntRegs
00007010   _SysCtrlRegs
00007040   _SpiaRegs
00007050   _SciaRegs
00007070   _XIntruptRegs
00007100   _AdcRegs
00007750   _ScibRegs
00007770   _ScicRegs
00007900   _I2caRegs
00008000   _process
00008000   _secureRamFuncs_runstart
00008028   _processTremolo
00008078   _processReverb
00008119   _savePreset
000081ec   _loadPreset
000082eb   _eepromWrite
00008306   _eepromRead
00008330   _printTremolo
0000834f   _printReverb
0000836b   _updateLevel
000083b1   _updateLCD
000084cc   _goToMain
00008572   _addToLCD
000085ab   _toggleLCD
000085da   _printFreq
00008624   _controlLCD
00008646   _printLCD
0000865f   _cpu_timer0_isr
000086dd   _cpu_timer1_isr
000086ff   _preset_up
00008757   _preset_down
0000878b   _load_preset
000087b1   _save_preset
000087d7   _effects
0000886f   _write_dac
0000887e   _read_adc
0000888f   _init_adc_spi
000088a7   _init_mcbsp_spi
000088e2   _mcbsp_xmit
000088f5   _I2CA_Init
00008908   _I2CA_WriteData
0000893b   _I2CA_ReadData
0000896d   _i2c_int1a_isr
000089e3   _findFrequency
00008a3b   _InitFlash
0000c000   .bss
0000c000   ___bss__
0000c000   ___end__
0000c000   __sys_memory
0000c000   end
0000c400   _resetTimer
0000c401   _sysStart
0000c402   _updateCode
0000c403   _updateChange
0000c404   _freq
0000c405   _updateLcd
0000c406   _indexToToggle
0000c407   _toggleDist
0000c408   _toggle
0000c409   _preset
0000c40a   _currentChangeScreen
0000c40b   _effectToToggle
0000c40c   _load
0000c40d   _numQueued
0000c40e   _presetNumber
0000c40f   _inputNumber
0000c410   _updateInputs
0000c411   _save
0000c412   _oldLevel
0000c413   _iCount
0000c414   _tuner
0000c415   _sample
0000c416   _previous
0000c417   _newLevel
0000c418   _updateFrequency
0000c419   _distortion
0000c41a   _inputs
0000c41e   _location
0000c422   _previousInputs
0000c426   _mainDisplay
0000c42a   _on_off
0000c42e   _pipeline
0000c436   _list
0000c9e8   _CpuTimer1
0000c9f0   _CpuTimer2
0000c9f8   _CpuTimer0
0000ca00   _numInMainDisplay
0000ca01   _tunerScreen
0000ca02   _presetScreen
0000ca03   _currentPreset
0000ca04   _reprint
0000ca40   _noteChart
0000cba3   _errno
0000cba4   _lowpass_coefficients
0000cbc0   _writeDone
0000cbc1   _Error
0000cbc2   _readDone
0000cbc4   _CurrentMsgPtr
0000cbc6   _adcVal
0000cbcb   _messageOut
0000cbe0   _messageIn
0000cc80   _returnArray
0000cc9a   __unlock
0000cc9c   __lock
0000cc9e   ___TI_cleanup_ptr
0000cca0   ___TI_dtors_ptr
0000d000   _FFTStartFlag
0000d004   _rfft_adc
0000d008   _rfft
0000d040   _AdcBuf
0000d240   _RFFTmagBuff
0000d480   _RFFToutBuff
0000d880   _RFFTF32Coef
00300000   _secureRamFuncs_loadstart
00300a5a   .text
00300a5a   _INT13_ISR
00300a5a   ___text__
00300a64   _INT14_ISR
00300a6e   _DATALOG_ISR
00300a78   _RTOSINT_ISR
00300a82   _EMUINT_ISR
00300a8c   _NMI_ISR
00300a96   _ILLEGAL_ISR
00300aa0   _USER1_ISR
00300aaa   _USER2_ISR
00300ab4   _USER3_ISR
00300abe   _USER4_ISR
00300ac8   _USER5_ISR
00300ad2   _USER6_ISR
00300adc   _USER7_ISR
00300ae6   _USER8_ISR
00300af0   _USER9_ISR
00300afa   _USER10_ISR
00300b04   _USER11_ISR
00300b0e   _USER12_ISR
00300b18   _SEQ1INT_ISR
00300b26   _SEQ2INT_ISR
00300b34   _XINT1_ISR
00300b42   _XINT2_ISR
00300b50   _ADCINT_ISR
00300b5e   _TINT0_ISR
00300b6c   _WAKEINT_ISR
00300b7a   _EPWM1_TZINT_ISR
00300b88   _EPWM2_TZINT_ISR
00300b96   _EPWM3_TZINT_ISR
00300ba4   _EPWM4_TZINT_ISR
00300bb2   _EPWM5_TZINT_ISR
00300bc0   _EPWM6_TZINT_ISR
00300bce   _EPWM1_INT_ISR
00300bdc   _EPWM2_INT_ISR
00300bea   _EPWM3_INT_ISR
00300bf8   _EPWM4_INT_ISR
00300c06   _EPWM5_INT_ISR
00300c14   _EPWM6_INT_ISR
00300c22   _ECAP1_INT_ISR
00300c30   _ECAP2_INT_ISR
00300c3e   _ECAP3_INT_ISR
00300c4c   _ECAP4_INT_ISR
00300c5a   _ECAP5_INT_ISR
00300c68   _ECAP6_INT_ISR
00300c76   _EQEP1_INT_ISR
00300c84   _EQEP2_INT_ISR
00300c92   _SPIRXINTA_ISR
00300ca0   _SPITXINTA_ISR
00300cae   _MRINTB_ISR
00300cbc   _MXINTB_ISR
00300cca   _MRINTA_ISR
00300cd8   _MXINTA_ISR
00300ce6   _DINTCH1_ISR
00300cf4   _DINTCH2_ISR
00300d02   _DINTCH3_ISR
00300d10   _DINTCH4_ISR
00300d1e   _DINTCH5_ISR
00300d2c   _DINTCH6_ISR
00300d3a   _I2CINT1A_ISR
00300d48   _I2CINT2A_ISR
00300d56   _SCIRXINTC_ISR
00300d64   _SCITXINTC_ISR
00300d72   _SCIRXINTA_ISR
00300d80   _SCITXINTA_ISR
00300d8e   _SCIRXINTB_ISR
00300d9c   _SCITXINTB_ISR
00300daa   _ECAN0INTA_ISR
00300db8   _ECAN1INTA_ISR
00300dc6   _ECAN0INTB_ISR
00300dd4   _ECAN1INTB_ISR
00300de2   _XINT3_ISR
00300df0   _XINT4_ISR
00300dfe   _XINT5_ISR
00300e0c   _XINT6_ISR
00300e1a   _XINT7_ISR
00300e28   _LVF_ISR
00300e36   _LUF_ISR
00300e44   _rsvd_ISR
00300e4e   _initEffects
00300ede   _processWah
00300fe5   _processPhaser
0030113d   _processFlanger
0030121e   _processChorus
00301224   _processPitchShift
0030122a   _printFlanger
00301249   _printWah
0030125c   _loadPresetScreen
00301276   _toggleDistortion
003012e1   _findNote
003013e6   _initLCD
0030150e   _main
00301607   _getInputs
0030165f   _toggleOn_Off
003016a1   _queueEffect
003016c7   _clearPipeline
003016f1   _toggleEffectOnDisplay
00301707   _indexLookup
00301720   _InitMcbsp
00301725   _InitMcbspa
00301751   _InitMcbspb
0030177d   _InitMcbspa8bit
00301784   _InitMcbspa12bit
0030178f   _InitMcbspa16bit
0030179a   _InitMcbspa20bit
003017a5   _InitMcbspa24bit
003017b0   _InitMcbspa32bit
003017bb   _InitMcbspb8bit
003017c2   _InitMcbspb12bit
003017cd   _InitMcbspb16bit
003017d8   _InitMcbspb20bit
003017e3   _InitMcbspb24bit
003017ee   _InitMcbspb32bit
003017f9   _InitMcbspGpio
003017fe   _InitMcbspaGpio
00301838   _InitMcbspbGpio
0030184b   _delay_loop
00301861   _clkg_delay_loop
00301878   _RFFT_adc_f32
00301908   _rfft_adc_f32_Stages4andUp
003019b0   _initINTS
00301acc   _updateTimer0
00301ade   _RFFT_adc_f32u
00301b7c   FS$$DIV
00301c04   FD$$MPY
00301c87   _InitSysCtrl
00301d06   _InitCpuTimers
00301d3f   _ConfigCpuTimer
00301d7a   _RFFT_f32_sincostable
00301de8   _cos
00301e49   _initFFT
00301e8a   _storeFFT
00301ea6   _sin
00301efe   _c_int00
00301f44   _RFFT_f32_mag
00301f88   _IIR5BIQ16_init
00301f98   _IIR5BIQ16_calc
00301fbb   _InitPieCtrl
00301feb   _fmod
00302019   _rotary
00302045   _InitSpi
00302046   _InitSpiGpio
00302049   _InitSpiaGpio
00302070   _sqrt
00302093   I$$DIV
003020a4   I$$MOD
003020b5   FD$$TOI
003020d6   ___memcpy_ff
003020f7   FS$$TOFD
00302113   _modf
0030212d   __args_main
00302146   C$$EXIT
00302146   _abort
00302148   _exit
0030215f   _InitI2C
00302160   _InitI2CGpio
00302173   _DelayUs
00302183   __register_unlock
00302187   __register_lock
0030218b   __nop
00302193   _SetDBGIER
00302196   _PieVectTableInit
00302196   ___etext__
00302196   etext
0030229a   ___cinit__
0030229a   cinit
0033fff6   code_start
0033fff8   _CsmPwl
00380080   _ADC_cal
00380090   _PartIdRegs
ffffffff   ___binit__
ffffffff   ___c_args__
ffffffff   ___pinit__
ffffffff   binit
ffffffff   pinit

[335 symbols]
