******************************************************************************
             TMS320C2000 Linker PC v6.2.7                      
******************************************************************************
>> Linked Sat Oct 18 16:32:22 2014

OUTPUT FILE NAME:   <guitarEffects.out>
ENTRY POINT SYMBOL: "_c_int00"  address: 00009b64


MEMORY CONFIGURATION

         name            origin    length      used     unused   attr    fill
----------------------  --------  ---------  --------  --------  ----  --------
PAGE 0:
  BEGIN                 00000000   00000002  00000002  00000000  RWIX
  BOOT_RSVD             00000002   0000004e  00000031  0000001d  RWIX
  RAMM0                 00000050   000003b0  00000000  000003b0  RWIX
  RAML0                 00008000   00001000  00000004  00000ffc  RWIX
  RAML1                 00009000   00001000  00000c4f  000003b1  RWIX
  RAML2                 0000a000   00001000  00000000  00001000  RWIX
  RAML3                 0000b000   00001000  00000000  00001000  RWIX
  ZONE7A                00200000   0000fc00  00000000  0000fc00  RWIX
  CSM_RSVD              0033ff80   00000076  00000000  00000076  RWIX
  CSM_PWL               0033fff8   00000008  00000000  00000008  RWIX
  ADC_CAL               00380080   00000009  00000007  00000002  RWIX
  IQTABLES              003fe000   00000b50  00000000  00000b50  RWIX
  IQTABLES2             003feb50   0000008c  00000000  0000008c  RWIX
  FPUTABLES             003febdc   000006a0  00000000  000006a0  RWIX
  BOOTROM               003ff27c   00000d44  00000000  00000d44  RWIX
  RESET                 003fffc0   00000002  00000000  00000002  RWIX

PAGE 1:
  RAMM1                 00000400   00000400  00000300  00000100  RWIX
  DEV_EMU               00000880   00000180  000000d0  000000b0  RWIX
  FLASH_REGS            00000a80   00000060  00000008  00000058  RWIX
  CSM                   00000ae0   00000010  00000010  00000000  RWIX
  ADC_MIRROR            00000b00   00000010  00000010  00000000  RWIX
  XINTF                 00000b20   00000020  0000001e  00000002  RWIX
  CPU_TIMER0            00000c00   00000008  00000008  00000000  RWIX
  CPU_TIMER1            00000c08   00000008  00000008  00000000  RWIX
  CPU_TIMER2            00000c10   00000008  00000008  00000000  RWIX
  PIE_CTRL              00000ce0   00000020  0000001a  00000006  RWIX
  PIE_VECT              00000d00   00000100  00000100  00000000  RWIX
  DMA                   00001000   00000200  000000e0  00000120  RWIX
  MCBSPA                00005000   00000040  00000025  0000001b  RWIX
  MCBSPB                00005040   00000040  00000025  0000001b  RWIX
  ECANA                 00006000   00000040  00000034  0000000c  RWIX
  ECANA_LAM             00006040   00000040  00000040  00000000  RWIX
  ECANA_MOTS            00006080   00000040  00000040  00000000  RWIX
  ECANA_MOTO            000060c0   00000040  00000040  00000000  RWIX
  ECANA_MBOX            00006100   00000100  00000100  00000000  RWIX
  ECANB                 00006200   00000040  00000034  0000000c  RWIX
  ECANB_LAM             00006240   00000040  00000040  00000000  RWIX
  ECANB_MOTS            00006280   00000040  00000040  00000000  RWIX
  ECANB_MOTO            000062c0   00000040  00000040  00000000  RWIX
  ECANB_MBOX            00006300   00000100  00000100  00000000  RWIX
  EPWM1                 00006800   00000022  00000022  00000000  RWIX
  EPWM2                 00006840   00000022  00000022  00000000  RWIX
  EPWM3                 00006880   00000022  00000022  00000000  RWIX
  EPWM4                 000068c0   00000022  00000022  00000000  RWIX
  EPWM5                 00006900   00000022  00000022  00000000  RWIX
  EPWM6                 00006940   00000022  00000022  00000000  RWIX
  ECAP1                 00006a00   00000020  00000020  00000000  RWIX
  ECAP2                 00006a20   00000020  00000020  00000000  RWIX
  ECAP3                 00006a40   00000020  00000020  00000000  RWIX
  ECAP4                 00006a60   00000020  00000020  00000000  RWIX
  ECAP5                 00006a80   00000020  00000020  00000000  RWIX
  ECAP6                 00006aa0   00000020  00000020  00000000  RWIX
  EQEP1                 00006b00   00000040  00000040  00000000  RWIX
  EQEP2                 00006b40   00000040  00000040  00000000  RWIX
  GPIOCTRL              00006f80   00000040  0000002e  00000012  RWIX
  GPIODAT               00006fc0   00000020  00000020  00000000  RWIX
  GPIOINT               00006fe0   00000020  0000000a  00000016  RWIX
  SYSTEM                00007010   00000020  00000020  00000000  RWIX
  SPIA                  00007040   00000010  00000010  00000000  RWIX
  SCIA                  00007050   00000010  00000010  00000000  RWIX
  XINTRUPT              00007070   00000010  00000010  00000000  RWIX
  ADC                   00007100   00000020  0000001e  00000002  RWIX
  SCIB                  00007750   00000010  00000010  00000000  RWIX
  SCIC                  00007770   00000010  00000010  00000000  RWIX
  I2CA                  00007900   00000040  00000022  0000001e  RWIX
  RAML4                 0000c000   00001000  000000a0  00000f60  RWIX
  RAML5                 0000d000   00001000  00000100  00000f00  RWIX
  RAML6                 0000e000   00001000  00000000  00001000  RWIX
  RAML7                 0000f000   00001000  00000000  00001000  RWIX
  ZONE7B                0020fc00   00000400  00000000  00000400  RWIX
  CSM_PWL               0033fff8   00000008  00000008  00000000  RWIX
  PARTID                00380090   00000001  00000001  00000000  RWIX


SECTION ALLOCATION MAP

 output                                  attributes/
section   page    origin      length       input sections
--------  ----  ----------  ----------   ----------------
codestart 
*          0    00000000    00000002     
                  00000000    00000002     DSP2833x_CodeStartBranch.obj (codestart)

.cinit     0    00000002    00000031     
                  00000002    0000001b     main.obj (.cinit)
                  0000001d    0000000a     rts2800_fpu32.lib : _lock.obj (.cinit)
                  00000027    0000000a                       : exit.obj (.cinit)
                  00000031    00000002     --HOLE-- [fill = 0]

ramfuncs   0    00008000    00000004     
                  00008000    00000004     DSP2833x_usDelay.obj (ramfuncs)

.text      0    00009000    00000c4f     
                  00009000    0000034c     main.obj (.text)
                  0000934c    00000345     DSP2833x_DefaultIsr.obj (.text:retain)
                  00009691    00000001     --HOLE-- [fill = 0]
                  00009692    00000138     C28x_FPU_Lib.lib : RFFT_adc_f32.obj (.text)
                  000097ca    000000f7     DSP2833x_SysCtrl.obj (.text)
                  000098c1    00000001     --HOLE-- [fill = 0]
                  000098c2    0000009e     RFFT_adc_f32u.obj (.text)
                  00009960    0000008f     effect.obj (.text)
                  000099ef    00000088     rts2800_fpu32.lib : fs_div.obj (.text)
                  00009a77    00000078     eeprom.obj (.text)
                  00009aef    00000075     main.obj (.text:retain)
                  00009b64    00000046     rts2800_fpu32.lib : boot.obj (.text)
                  00009baa    00000028     DSP2833x_PieCtrl.obj (.text)
                  00009bd2    00000020     DSP2833x_PieVect.obj (.text)
                  00009bf2    00000019     rts2800_fpu32.lib : args_main.obj (.text)
                  00009c0b    00000019                       : exit.obj (.text)
                  00009c24    00000017     DSP2833x_I2C.obj (.text)
                  00009c3b    00000009     rts2800_fpu32.lib : _lock.obj (.text)
                  00009c44    00000008     DSP2833x_CodeStartBranch.obj (.text)
                  00009c4c    00000003     DSP2833x_DBGIER.obj (.text)

.data      0    0000a000    00000000     UNINITIALIZED

.bss       0    0000b000    00000000     UNINITIALIZED

csm_rsvd   0    0033ff80    00000000     DSECT

csmpasswds 
*          0    0033fff8    00000000     DSECT

.adc_cal   0    00380080    00000007     NOLOAD SECTION
                  00380080    00000007     DSP2833x_ADC_cal.obj (.adc_cal)

.reset     0    003fffc0    00000002     DSECT
                  003fffc0    00000002     rts2800_fpu32.lib : boot.obj (.reset)

.stack     1    00000400    00000300     UNINITIALIZED
                  00000400    00000300     --HOLE--

DevEmuRegsFile 
*          1    00000880    000000d0     UNINITIALIZED
                  00000880    000000d0     DSP2833x_GlobalVariableDefs.obj (DevEmuRegsFile)

FlashRegsFile 
*          1    00000a80    00000008     UNINITIALIZED
                  00000a80    00000008     DSP2833x_GlobalVariableDefs.obj (FlashRegsFile)

CsmRegsFile 
*          1    00000ae0    00000010     UNINITIALIZED
                  00000ae0    00000010     DSP2833x_GlobalVariableDefs.obj (CsmRegsFile)

AdcMirrorFile 
*          1    00000b00    00000010     UNINITIALIZED
                  00000b00    00000010     DSP2833x_GlobalVariableDefs.obj (AdcMirrorFile)

XintfRegsFile 
*          1    00000b20    0000001e     UNINITIALIZED
                  00000b20    0000001e     DSP2833x_GlobalVariableDefs.obj (XintfRegsFile)

CpuTimer0RegsFile 
*          1    00000c00    00000008     UNINITIALIZED
                  00000c00    00000008     DSP2833x_GlobalVariableDefs.obj (CpuTimer0RegsFile)

CpuTimer1RegsFile 
*          1    00000c08    00000008     UNINITIALIZED
                  00000c08    00000008     DSP2833x_GlobalVariableDefs.obj (CpuTimer1RegsFile)

CpuTimer2RegsFile 
*          1    00000c10    00000008     UNINITIALIZED
                  00000c10    00000008     DSP2833x_GlobalVariableDefs.obj (CpuTimer2RegsFile)

PieCtrlRegsFile 
*          1    00000ce0    0000001a     UNINITIALIZED
                  00000ce0    0000001a     DSP2833x_GlobalVariableDefs.obj (PieCtrlRegsFile)

PieVectTableFile 
*          1    00000d00    00000100     UNINITIALIZED
                  00000d00    00000100     DSP2833x_GlobalVariableDefs.obj (PieVectTableFile)

DmaRegsFile 
*          1    00001000    000000e0     UNINITIALIZED
                  00001000    000000e0     DSP2833x_GlobalVariableDefs.obj (DmaRegsFile)

McbspaRegsFile 
*          1    00005000    00000025     UNINITIALIZED
                  00005000    00000025     DSP2833x_GlobalVariableDefs.obj (McbspaRegsFile)

McbspbRegsFile 
*          1    00005040    00000025     UNINITIALIZED
                  00005040    00000025     DSP2833x_GlobalVariableDefs.obj (McbspbRegsFile)

ECanaRegsFile 
*          1    00006000    00000034     UNINITIALIZED
                  00006000    00000034     DSP2833x_GlobalVariableDefs.obj (ECanaRegsFile)

ECanaLAMRegsFile 
*          1    00006040    00000040     UNINITIALIZED
                  00006040    00000040     DSP2833x_GlobalVariableDefs.obj (ECanaLAMRegsFile)

ECanaMOTSRegsFile 
*          1    00006080    00000040     UNINITIALIZED
                  00006080    00000040     DSP2833x_GlobalVariableDefs.obj (ECanaMOTSRegsFile)

ECanaMOTORegsFile 
*          1    000060c0    00000040     UNINITIALIZED
                  000060c0    00000040     DSP2833x_GlobalVariableDefs.obj (ECanaMOTORegsFile)

ECanaMboxesFile 
*          1    00006100    00000100     UNINITIALIZED
                  00006100    00000100     DSP2833x_GlobalVariableDefs.obj (ECanaMboxesFile)

ECanbRegsFile 
*          1    00006200    00000034     UNINITIALIZED
                  00006200    00000034     DSP2833x_GlobalVariableDefs.obj (ECanbRegsFile)

ECanbLAMRegsFile 
*          1    00006240    00000040     UNINITIALIZED
                  00006240    00000040     DSP2833x_GlobalVariableDefs.obj (ECanbLAMRegsFile)

ECanbMOTSRegsFile 
*          1    00006280    00000040     UNINITIALIZED
                  00006280    00000040     DSP2833x_GlobalVariableDefs.obj (ECanbMOTSRegsFile)

ECanbMOTORegsFile 
*          1    000062c0    00000040     UNINITIALIZED
                  000062c0    00000040     DSP2833x_GlobalVariableDefs.obj (ECanbMOTORegsFile)

ECanbMboxesFile 
*          1    00006300    00000100     UNINITIALIZED
                  00006300    00000100     DSP2833x_GlobalVariableDefs.obj (ECanbMboxesFile)

EPwm1RegsFile 
*          1    00006800    00000022     UNINITIALIZED
                  00006800    00000022     DSP2833x_GlobalVariableDefs.obj (EPwm1RegsFile)

EPwm2RegsFile 
*          1    00006840    00000022     UNINITIALIZED
                  00006840    00000022     DSP2833x_GlobalVariableDefs.obj (EPwm2RegsFile)

EPwm3RegsFile 
*          1    00006880    00000022     UNINITIALIZED
                  00006880    00000022     DSP2833x_GlobalVariableDefs.obj (EPwm3RegsFile)

EPwm4RegsFile 
*          1    000068c0    00000022     UNINITIALIZED
                  000068c0    00000022     DSP2833x_GlobalVariableDefs.obj (EPwm4RegsFile)

EPwm5RegsFile 
*          1    00006900    00000022     UNINITIALIZED
                  00006900    00000022     DSP2833x_GlobalVariableDefs.obj (EPwm5RegsFile)

EPwm6RegsFile 
*          1    00006940    00000022     UNINITIALIZED
                  00006940    00000022     DSP2833x_GlobalVariableDefs.obj (EPwm6RegsFile)

ECap1RegsFile 
*          1    00006a00    00000020     UNINITIALIZED
                  00006a00    00000020     DSP2833x_GlobalVariableDefs.obj (ECap1RegsFile)

ECap2RegsFile 
*          1    00006a20    00000020     UNINITIALIZED
                  00006a20    00000020     DSP2833x_GlobalVariableDefs.obj (ECap2RegsFile)

ECap3RegsFile 
*          1    00006a40    00000020     UNINITIALIZED
                  00006a40    00000020     DSP2833x_GlobalVariableDefs.obj (ECap3RegsFile)

ECap4RegsFile 
*          1    00006a60    00000020     UNINITIALIZED
                  00006a60    00000020     DSP2833x_GlobalVariableDefs.obj (ECap4RegsFile)

ECap5RegsFile 
*          1    00006a80    00000020     UNINITIALIZED
                  00006a80    00000020     DSP2833x_GlobalVariableDefs.obj (ECap5RegsFile)

ECap6RegsFile 
*          1    00006aa0    00000020     UNINITIALIZED
                  00006aa0    00000020     DSP2833x_GlobalVariableDefs.obj (ECap6RegsFile)

EQep1RegsFile 
*          1    00006b00    00000040     UNINITIALIZED
                  00006b00    00000040     DSP2833x_GlobalVariableDefs.obj (EQep1RegsFile)

EQep2RegsFile 
*          1    00006b40    00000040     UNINITIALIZED
                  00006b40    00000040     DSP2833x_GlobalVariableDefs.obj (EQep2RegsFile)

GpioCtrlRegsFile 
*          1    00006f80    0000002e     UNINITIALIZED
                  00006f80    0000002e     DSP2833x_GlobalVariableDefs.obj (GpioCtrlRegsFile)

GpioDataRegsFile 
*          1    00006fc0    00000020     UNINITIALIZED
                  00006fc0    00000020     DSP2833x_GlobalVariableDefs.obj (GpioDataRegsFile)

GpioIntRegsFile 
*          1    00006fe0    0000000a     UNINITIALIZED
                  00006fe0    0000000a     DSP2833x_GlobalVariableDefs.obj (GpioIntRegsFile)

SysCtrlRegsFile 
*          1    00007010    00000020     UNINITIALIZED
                  00007010    00000020     DSP2833x_GlobalVariableDefs.obj (SysCtrlRegsFile)

SpiaRegsFile 
*          1    00007040    00000010     UNINITIALIZED
                  00007040    00000010     DSP2833x_GlobalVariableDefs.obj (SpiaRegsFile)

SciaRegsFile 
*          1    00007050    00000010     UNINITIALIZED
                  00007050    00000010     DSP2833x_GlobalVariableDefs.obj (SciaRegsFile)

XIntruptRegsFile 
*          1    00007070    00000010     UNINITIALIZED
                  00007070    00000010     DSP2833x_GlobalVariableDefs.obj (XIntruptRegsFile)

AdcRegsFile 
*          1    00007100    0000001e     UNINITIALIZED
                  00007100    0000001e     DSP2833x_GlobalVariableDefs.obj (AdcRegsFile)

ScibRegsFile 
*          1    00007750    00000010     UNINITIALIZED
                  00007750    00000010     DSP2833x_GlobalVariableDefs.obj (ScibRegsFile)

ScicRegsFile 
*          1    00007770    00000010     UNINITIALIZED
                  00007770    00000010     DSP2833x_GlobalVariableDefs.obj (ScicRegsFile)

I2caRegsFile 
*          1    00007900    00000022     UNINITIALIZED
                  00007900    00000022     DSP2833x_GlobalVariableDefs.obj (I2caRegsFile)

.ebss      1    0000c000    000000a0     UNINITIALIZED
                  0000c000    0000007e     main.obj (.ebss)
                  0000c07e    00000002     --HOLE--
                  0000c080    00000018     DSP2833x_CpuTimers.obj (.ebss)
                  0000c098    00000004     rts2800_fpu32.lib : _lock.obj (.ebss)
                  0000c09c    00000004                       : exit.obj (.ebss)

.econst    1    0000d000    00000100     
                  0000d000    00000100     DSP2833x_PieVect.obj (.econst)

CsmPwlFile 
*          1    0033fff8    00000008     UNINITIALIZED
                  0033fff8    00000008     DSP2833x_GlobalVariableDefs.obj (CsmPwlFile)

PartIdRegsFile 
*          1    00380090    00000001     UNINITIALIZED
                  00380090    00000001     DSP2833x_GlobalVariableDefs.obj (PartIdRegsFile)


GLOBAL DATA SYMBOLS: SORTED BY DATA PAGE

address     data page           name
--------    ----------------    ----
00000400      10 (00000400)     __stack

00000880      22 (00000880)     _DevEmuRegs

00000a80      2a (00000a80)     _FlashRegs

00000ae0      2b (00000ac0)     _CsmRegs

00000b00      2c (00000b00)     _AdcMirror
00000b20      2c (00000b00)     _XintfRegs

00000c00      30 (00000c00)     _CpuTimer0Regs
00000c08      30 (00000c00)     _CpuTimer1Regs
00000c10      30 (00000c00)     _CpuTimer2Regs

00000ce0      33 (00000cc0)     _PieCtrlRegs

00000d00      34 (00000d00)     _PieVectTable

00001000      40 (00001000)     _DmaRegs

00005000     140 (00005000)     _McbspaRegs

00005040     141 (00005040)     _McbspbRegs

00006000     180 (00006000)     _ECanaRegs

00006040     181 (00006040)     _ECanaLAMRegs

00006080     182 (00006080)     _ECanaMOTSRegs

000060c0     183 (000060c0)     _ECanaMOTORegs

00006100     184 (00006100)     _ECanaMboxes

00006200     188 (00006200)     _ECanbRegs

00006240     189 (00006240)     _ECanbLAMRegs

00006280     18a (00006280)     _ECanbMOTSRegs

000062c0     18b (000062c0)     _ECanbMOTORegs

00006300     18c (00006300)     _ECanbMboxes

00006800     1a0 (00006800)     _EPwm1Regs

00006840     1a1 (00006840)     _EPwm2Regs

00006880     1a2 (00006880)     _EPwm3Regs

000068c0     1a3 (000068c0)     _EPwm4Regs

00006900     1a4 (00006900)     _EPwm5Regs

00006940     1a5 (00006940)     _EPwm6Regs

00006a00     1a8 (00006a00)     _ECap1Regs
00006a20     1a8 (00006a00)     _ECap2Regs

00006a40     1a9 (00006a40)     _ECap3Regs
00006a60     1a9 (00006a40)     _ECap4Regs

00006a80     1aa (00006a80)     _ECap5Regs
00006aa0     1aa (00006a80)     _ECap6Regs

00006b00     1ac (00006b00)     _EQep1Regs

00006b40     1ad (00006b40)     _EQep2Regs

00006f80     1be (00006f80)     _GpioCtrlRegs

00006fc0     1bf (00006fc0)     _GpioDataRegs
00006fe0     1bf (00006fc0)     _GpioIntRegs

00007010     1c0 (00007000)     _SysCtrlRegs

00007040     1c1 (00007040)     _SpiaRegs
00007050     1c1 (00007040)     _SciaRegs
00007070     1c1 (00007040)     _XIntruptRegs

00007100     1c4 (00007100)     _AdcRegs

00007750     1dd (00007740)     _ScibRegs
00007770     1dd (00007740)     _ScicRegs

00007900     1e4 (00007900)     _I2caRegs

0000c000     300 (0000c000)     _Error
0000c001     300 (0000c000)     _numQueued
0000c002     300 (0000c000)     _PassCount
0000c003     300 (0000c000)     _readDone
0000c004     300 (0000c000)     _writeDone
0000c005     300 (0000c000)     _FailCount
0000c006     300 (0000c000)     _CurrentMsgPtr
0000c008     300 (0000c000)     _adcVal
0000c00d     300 (0000c000)     _on_off
0000c017     300 (0000c000)     _location
0000c022     300 (0000c000)     _list

0000c040     301 (0000c040)     _pipeline
0000c054     301 (0000c040)     _messageIn
0000c069     301 (0000c040)     _messageOut

0000c080     302 (0000c080)     _CpuTimer1
0000c088     302 (0000c080)     _CpuTimer2
0000c090     302 (0000c080)     _CpuTimer0
0000c098     302 (0000c080)     __unlock
0000c09a     302 (0000c080)     __lock
0000c09c     302 (0000c080)     ___TI_cleanup_ptr
0000c09e     302 (0000c080)     ___TI_dtors_ptr

0000d000     340 (0000d000)     _PieVectTableInit

0033fff8    cfff (0033ffc0)     _CsmPwl

00380090    e002 (00380080)     _PartIdRegs


GLOBAL SYMBOLS: SORTED ALPHABETICALLY BY Name 

address    name
--------   ----
0000b000   .bss
0000a000   .data
00009000   .text
00009c0b   C$$EXIT
000099ef   FS$$DIV
00009432   _ADCINT_ISR
00380080   _ADC_cal
00000b00   _AdcMirror
00007100   _AdcRegs
0000c090   _CpuTimer0
00000c00   _CpuTimer0Regs
0000c080   _CpuTimer1
00000c08   _CpuTimer1Regs
0000c088   _CpuTimer2
00000c10   _CpuTimer2Regs
0033fff8   _CsmPwl
00000ae0   _CsmRegs
00009890   _CsmUnlock
0000c006   _CurrentMsgPtr
00009360   _DATALOG_ISR
00009583   _DINTCH1_ISR
0000958d   _DINTCH2_ISR
00009597   _DINTCH3_ISR
000095a1   _DINTCH4_ISR
000095ab   _DINTCH5_ISR
000095b5   _DINTCH6_ISR
00008000   _DSP28x_usDelay
00000880   _DevEmuRegs
000097dd   _DisableDog
00001000   _DmaRegs
0000960f   _ECAN0INTA_ISR
00009623   _ECAN0INTB_ISR
00009619   _ECAN1INTA_ISR
0000962d   _ECAN1INTB_ISR
000094cb   _ECAP1_INT_ISR
000094d5   _ECAP2_INT_ISR
000094df   _ECAP3_INT_ISR
000094e9   _ECAP4_INT_ISR
000094f3   _ECAP5_INT_ISR
000094fd   _ECAP6_INT_ISR
00006040   _ECanaLAMRegs
000060c0   _ECanaMOTORegs
00006080   _ECanaMOTSRegs
00006100   _ECanaMboxes
00006000   _ECanaRegs
00006240   _ECanbLAMRegs
000062c0   _ECanbMOTORegs
00006280   _ECanbMOTSRegs
00006300   _ECanbMboxes
00006200   _ECanbRegs
00006a00   _ECap1Regs
00006a20   _ECap2Regs
00006a40   _ECap3Regs
00006a60   _ECap4Regs
00006a80   _ECap5Regs
00006aa0   _ECap6Regs
00009374   _EMUINT_ISR
0000948f   _EPWM1_INT_ISR
00009453   _EPWM1_TZINT_ISR
00009499   _EPWM2_INT_ISR
0000945d   _EPWM2_TZINT_ISR
000094a3   _EPWM3_INT_ISR
00009467   _EPWM3_TZINT_ISR
000094ad   _EPWM4_INT_ISR
00009471   _EPWM4_TZINT_ISR
000094b7   _EPWM5_INT_ISR
0000947b   _EPWM5_TZINT_ISR
000094c1   _EPWM6_INT_ISR
00009485   _EPWM6_TZINT_ISR
00006800   _EPwm1Regs
00006840   _EPwm2Regs
00006880   _EPwm3Regs
000068c0   _EPwm4Regs
00006900   _EPwm5Regs
00006940   _EPwm6Regs
00009507   _EQEP1_INT_ISR
00009511   _EQEP2_INT_ISR
00006b00   _EQep1Regs
00006b40   _EQep2Regs
00009bc9   _EnableInterrupts
0000c000   _Error
0000c005   _FailCount
00000a80   _FlashRegs
00006f80   _GpioCtrlRegs
00006fc0   _GpioDataRegs
00006fe0   _GpioIntRegs
00009a77   _I2CA_Init
00009abd   _I2CA_ReadData
00009a8a   _I2CA_WriteData
000095bf   _I2CINT1A_ISR
000095c9   _I2CINT2A_ISR
00007900   _I2caRegs
00009388   _ILLEGAL_ISR
0000934c   _INT13_ISR
00009356   _INT14_ISR
00009c24   _InitI2C
00009c25   _InitI2CGpio
00009835   _InitPeripheralClocks
00009baa   _InitPieCtrl
00009bd2   _InitPieVectTable
000097e5   _InitPll
000097ca   _InitSysCtrl
00009673   _LUF_ISR
00009669   _LVF_ISR
00009558   _MRINTA_ISR
0000952f   _MRINTB_ISR
00009569   _MXINTA_ISR
00009546   _MXINTB_ISR
00005000   _McbspaRegs
00005040   _McbspbRegs
0000937e   _NMI_ISR
0000967d   _PIE_RESERVED
00380090   _PartIdRegs
0000c002   _PassCount
00000ce0   _PieCtrlRegs
00000d00   _PieVectTable
0000d000   _PieVectTableInit
00009692   _RFFT_adc_f32
000098c2   _RFFT_adc_f32u
0000936a   _RTOSINT_ISR
000095e7   _SCIRXINTA_ISR
000095fb   _SCIRXINTB_ISR
000095d3   _SCIRXINTC_ISR
000095f1   _SCITXINTA_ISR
00009605   _SCITXINTB_ISR
000095dd   _SCITXINTC_ISR
0000940a   _SEQ1INT_ISR
00009414   _SEQ2INT_ISR
0000951b   _SPIRXINTA_ISR
00009525   _SPITXINTA_ISR
00007050   _SciaRegs
00007750   _ScibRegs
00007770   _ScicRegs
000097d3   _ServiceDog
00009c4c   _SetDBGIER
00007040   _SpiaRegs
00007010   _SysCtrlRegs
0000943c   _TINT0_ISR
000093ec   _USER10_ISR
000093f6   _USER11_ISR
00009400   _USER12_ISR
00009392   _USER1_ISR
0000939c   _USER2_ISR
000093a6   _USER3_ISR
000093b0   _USER4_ISR
000093ba   _USER5_ISR
000093c4   _USER6_ISR
000093ce   _USER7_ISR
000093d8   _USER8_ISR
000093e2   _USER9_ISR
00009446   _WAKEINT_ISR
0000941e   _XINT1_ISR
00009428   _XINT2_ISR
00009637   _XINT3_ISR
00009641   _XINT4_ISR
0000964b   _XINT5_ISR
00009655   _XINT6_ISR
0000965f   _XINT7_ISR
00007070   _XIntruptRegs
00000b20   _XintfRegs
00000700   __STACK_END
00000300   __STACK_SIZE
00000001   __TI_args_main
0000c09c   ___TI_cleanup_ptr
0000c09e   ___TI_dtors_ptr
ffffffff   ___binit__
0000b000   ___bss__
ffffffff   ___c_args__
00000002   ___cinit__
0000a000   ___data__
0000a000   ___edata__
0000b000   ___end__
00009c4f   ___etext__
ffffffff   ___pinit__
00009000   ___text__
00009bf2   __args_main
0000c09a   __lock
00009c43   __nop
00009c3f   __register_lock
00009c3b   __register_unlock
00000400   __stack
0000c098   __unlock
00009c0b   _abort
0000c008   _adcVal
00009b64   _c_int00
0000908e   _clearBuffer
0000931a   _eepromRead
000092f9   _eepromWrite
00009c0d   _exit
00009aef   _i2c_int1a_isr
0000c022   _list
000091c9   _loadPreset
0000c017   _location
00009000   _main
0000c054   _messageIn
0000c069   _messageOut
0000c001   _numQueued
0000c00d   _on_off
0000c040   _pipeline
000099e5   _processChorus
00009970   _processCrunch
00009960   _processDelay
00009965   _processDistortion
000099db   _processFlange
000099d6   _processPhaser
000099ea   _processPitchShift
000099e0   _processReverb
00009975   _processTremolo
000099d1   _processWah
0000c003   _readDone
00009722   _rfft_adc_f32_Stages4andUp
00009687   _rsvd_ISR
000090a1   _savePreset
0000c004   _writeDone
ffffffff   binit
00000002   cinit
00000000   code_start
0000a000   edata
0000b000   end
00009c4f   etext
ffffffff   pinit


GLOBAL SYMBOLS: SORTED BY Symbol Address 

address    name
--------   ----
00000000   code_start
00000001   __TI_args_main
00000002   ___cinit__
00000002   cinit
00000300   __STACK_SIZE
00000400   __stack
00000700   __STACK_END
00000880   _DevEmuRegs
00000a80   _FlashRegs
00000ae0   _CsmRegs
00000b00   _AdcMirror
00000b20   _XintfRegs
00000c00   _CpuTimer0Regs
00000c08   _CpuTimer1Regs
00000c10   _CpuTimer2Regs
00000ce0   _PieCtrlRegs
00000d00   _PieVectTable
00001000   _DmaRegs
00005000   _McbspaRegs
00005040   _McbspbRegs
00006000   _ECanaRegs
00006040   _ECanaLAMRegs
00006080   _ECanaMOTSRegs
000060c0   _ECanaMOTORegs
00006100   _ECanaMboxes
00006200   _ECanbRegs
00006240   _ECanbLAMRegs
00006280   _ECanbMOTSRegs
000062c0   _ECanbMOTORegs
00006300   _ECanbMboxes
00006800   _EPwm1Regs
00006840   _EPwm2Regs
00006880   _EPwm3Regs
000068c0   _EPwm4Regs
00006900   _EPwm5Regs
00006940   _EPwm6Regs
00006a00   _ECap1Regs
00006a20   _ECap2Regs
00006a40   _ECap3Regs
00006a60   _ECap4Regs
00006a80   _ECap5Regs
00006aa0   _ECap6Regs
00006b00   _EQep1Regs
00006b40   _EQep2Regs
00006f80   _GpioCtrlRegs
00006fc0   _GpioDataRegs
00006fe0   _GpioIntRegs
00007010   _SysCtrlRegs
00007040   _SpiaRegs
00007050   _SciaRegs
00007070   _XIntruptRegs
00007100   _AdcRegs
00007750   _ScibRegs
00007770   _ScicRegs
00007900   _I2caRegs
00008000   _DSP28x_usDelay
00009000   .text
00009000   ___text__
00009000   _main
0000908e   _clearBuffer
000090a1   _savePreset
000091c9   _loadPreset
000092f9   _eepromWrite
0000931a   _eepromRead
0000934c   _INT13_ISR
00009356   _INT14_ISR
00009360   _DATALOG_ISR
0000936a   _RTOSINT_ISR
00009374   _EMUINT_ISR
0000937e   _NMI_ISR
00009388   _ILLEGAL_ISR
00009392   _USER1_ISR
0000939c   _USER2_ISR
000093a6   _USER3_ISR
000093b0   _USER4_ISR
000093ba   _USER5_ISR
000093c4   _USER6_ISR
000093ce   _USER7_ISR
000093d8   _USER8_ISR
000093e2   _USER9_ISR
000093ec   _USER10_ISR
000093f6   _USER11_ISR
00009400   _USER12_ISR
0000940a   _SEQ1INT_ISR
00009414   _SEQ2INT_ISR
0000941e   _XINT1_ISR
00009428   _XINT2_ISR
00009432   _ADCINT_ISR
0000943c   _TINT0_ISR
00009446   _WAKEINT_ISR
00009453   _EPWM1_TZINT_ISR
0000945d   _EPWM2_TZINT_ISR
00009467   _EPWM3_TZINT_ISR
00009471   _EPWM4_TZINT_ISR
0000947b   _EPWM5_TZINT_ISR
00009485   _EPWM6_TZINT_ISR
0000948f   _EPWM1_INT_ISR
00009499   _EPWM2_INT_ISR
000094a3   _EPWM3_INT_ISR
000094ad   _EPWM4_INT_ISR
000094b7   _EPWM5_INT_ISR
000094c1   _EPWM6_INT_ISR
000094cb   _ECAP1_INT_ISR
000094d5   _ECAP2_INT_ISR
000094df   _ECAP3_INT_ISR
000094e9   _ECAP4_INT_ISR
000094f3   _ECAP5_INT_ISR
000094fd   _ECAP6_INT_ISR
00009507   _EQEP1_INT_ISR
00009511   _EQEP2_INT_ISR
0000951b   _SPIRXINTA_ISR
00009525   _SPITXINTA_ISR
0000952f   _MRINTB_ISR
00009546   _MXINTB_ISR
00009558   _MRINTA_ISR
00009569   _MXINTA_ISR
00009583   _DINTCH1_ISR
0000958d   _DINTCH2_ISR
00009597   _DINTCH3_ISR
000095a1   _DINTCH4_ISR
000095ab   _DINTCH5_ISR
000095b5   _DINTCH6_ISR
000095bf   _I2CINT1A_ISR
000095c9   _I2CINT2A_ISR
000095d3   _SCIRXINTC_ISR
000095dd   _SCITXINTC_ISR
000095e7   _SCIRXINTA_ISR
000095f1   _SCITXINTA_ISR
000095fb   _SCIRXINTB_ISR
00009605   _SCITXINTB_ISR
0000960f   _ECAN0INTA_ISR
00009619   _ECAN1INTA_ISR
00009623   _ECAN0INTB_ISR
0000962d   _ECAN1INTB_ISR
00009637   _XINT3_ISR
00009641   _XINT4_ISR
0000964b   _XINT5_ISR
00009655   _XINT6_ISR
0000965f   _XINT7_ISR
00009669   _LVF_ISR
00009673   _LUF_ISR
0000967d   _PIE_RESERVED
00009687   _rsvd_ISR
00009692   _RFFT_adc_f32
00009722   _rfft_adc_f32_Stages4andUp
000097ca   _InitSysCtrl
000097d3   _ServiceDog
000097dd   _DisableDog
000097e5   _InitPll
00009835   _InitPeripheralClocks
00009890   _CsmUnlock
000098c2   _RFFT_adc_f32u
00009960   _processDelay
00009965   _processDistortion
00009970   _processCrunch
00009975   _processTremolo
000099d1   _processWah
000099d6   _processPhaser
000099db   _processFlange
000099e0   _processReverb
000099e5   _processChorus
000099ea   _processPitchShift
000099ef   FS$$DIV
00009a77   _I2CA_Init
00009a8a   _I2CA_WriteData
00009abd   _I2CA_ReadData
00009aef   _i2c_int1a_isr
00009b64   _c_int00
00009baa   _InitPieCtrl
00009bc9   _EnableInterrupts
00009bd2   _InitPieVectTable
00009bf2   __args_main
00009c0b   C$$EXIT
00009c0b   _abort
00009c0d   _exit
00009c24   _InitI2C
00009c25   _InitI2CGpio
00009c3b   __register_unlock
00009c3f   __register_lock
00009c43   __nop
00009c4c   _SetDBGIER
00009c4f   ___etext__
00009c4f   etext
0000a000   .data
0000a000   ___data__
0000a000   ___edata__
0000a000   edata
0000b000   .bss
0000b000   ___bss__
0000b000   ___end__
0000b000   end
0000c000   _Error
0000c001   _numQueued
0000c002   _PassCount
0000c003   _readDone
0000c004   _writeDone
0000c005   _FailCount
0000c006   _CurrentMsgPtr
0000c008   _adcVal
0000c00d   _on_off
0000c017   _location
0000c022   _list
0000c040   _pipeline
0000c054   _messageIn
0000c069   _messageOut
0000c080   _CpuTimer1
0000c088   _CpuTimer2
0000c090   _CpuTimer0
0000c098   __unlock
0000c09a   __lock
0000c09c   ___TI_cleanup_ptr
0000c09e   ___TI_dtors_ptr
0000d000   _PieVectTableInit
0033fff8   _CsmPwl
00380080   _ADC_cal
00380090   _PartIdRegs
ffffffff   ___binit__
ffffffff   ___c_args__
ffffffff   ___pinit__
ffffffff   binit
ffffffff   pinit

[221 symbols]
