******************************************************************************
             TMS320C2000 Linker PC v6.2.7                      
******************************************************************************
>> Linked Sun Nov 09 20:48:38 2014

OUTPUT FILE NAME:   <guitarEffects.out>
ENTRY POINT SYMBOL: "_c_int00"  address: 00301dbe


MEMORY CONFIGURATION

         name            origin    length      used     unused   attr    fill
----------------------  --------  ---------  --------  --------  ----  --------
PAGE 0:
  BEGIN_M0              00000000   00000002  00000000  00000002  RWIX
  L0123SARAM            00008000   00004000  00000af3  0000350d  RWIX
  FLASH_ABCDEFGH        00300000   0003ff80  00002227  0003dd59  R   
  CSM_RSVD              0033ff80   00000076  00000076  00000000  R   
  BEGIN_FLASH           0033fff6   00000002  00000002  00000000  R   
  PASSWORDS             0033fff8   00000008  00000008  00000000  R   
  ADC_CAL               00380080   00000009  00000007  00000002  RWIX
  OTP                   00380400   00000400  00000000  00000400  R   
  IQTABLES              003fe000   00000b50  00000000  00000b50  R   
  IQTABLES2             003feb50   0000008c  00000000  0000008c  R   
  FPUTABLES             003febdc   000006a0  00000000  000006a0  R   
  RESET                 003fffc0   00000002  00000000  00000002  R   

PAGE 1:
  M0SARAM               00000002   000003fe  00000000  000003fe  RWIX
  M1SARAM               00000400   00000400  00000300  00000100  RWIX
  DEV_EMU               00000880   00000180  000000d0  000000b0  RWIX
  FLASH_REGS            00000a80   00000060  00000008  00000058  RWIX
  CSM                   00000ae0   00000010  00000010  00000000  RWIX
  ADC_MIRROR            00000b00   00000010  00000010  00000000  RWIX
  XINTF                 00000b20   00000020  0000001e  00000002  RWIX
  CPU_TIMER0            00000c00   00000008  00000008  00000000  RWIX
  CPU_TIMER1            00000c08   00000008  00000008  00000000  RWIX
  CPU_TIMER2            00000c10   00000008  00000008  00000000  RWIX
  PIE_CTRL              00000ce0   00000020  0000001a  00000006  RWIX
  PIE_VECT              00000d00   00000100  00000100  00000000  RWIX
  DMA                   00001000   00000200  000000e0  00000120  RWIX
  MCBSPA                00005000   00000040  00000025  0000001b  RWIX
  MCBSPB                00005040   00000040  00000025  0000001b  RWIX
  ECANA                 00006000   00000040  00000034  0000000c  RWIX
  ECANA_LAM             00006040   00000040  00000040  00000000  RWIX
  ECANA_MOTS            00006080   00000040  00000040  00000000  RWIX
  ECANA_MOTO            000060c0   00000040  00000040  00000000  RWIX
  ECANA_MBOX            00006100   00000100  00000100  00000000  RWIX
  ECANB                 00006200   00000040  00000034  0000000c  RWIX
  ECANB_LAM             00006240   00000040  00000040  00000000  RWIX
  ECANB_MOTS            00006280   00000040  00000040  00000000  RWIX
  ECANB_MOTO            000062c0   00000040  00000040  00000000  RWIX
  ECANB_MBOX            00006300   00000100  00000100  00000000  RWIX
  EPWM1                 00006800   00000022  00000022  00000000  RWIX
  EPWM2                 00006840   00000022  00000022  00000000  RWIX
  EPWM3                 00006880   00000022  00000022  00000000  RWIX
  EPWM4                 000068c0   00000022  00000022  00000000  RWIX
  EPWM5                 00006900   00000022  00000022  00000000  RWIX
  EPWM6                 00006940   00000022  00000022  00000000  RWIX
  ECAP1                 00006a00   00000020  00000020  00000000  RWIX
  ECAP2                 00006a20   00000020  00000020  00000000  RWIX
  ECAP3                 00006a40   00000020  00000020  00000000  RWIX
  ECAP4                 00006a60   00000020  00000020  00000000  RWIX
  ECAP5                 00006a80   00000020  00000020  00000000  RWIX
  ECAP6                 00006aa0   00000020  00000020  00000000  RWIX
  EQEP1                 00006b00   00000040  00000040  00000000  RWIX
  EQEP2                 00006b40   00000040  00000040  00000000  RWIX
  GPIOCTRL              00006f80   00000040  0000002e  00000012  RWIX
  GPIODAT               00006fc0   00000020  00000020  00000000  RWIX
  GPIOINT               00006fe0   00000020  0000000a  00000016  RWIX
  SYSTEM                00007010   00000020  00000020  00000000  RWIX
  SPIA                  00007040   00000010  00000010  00000000  RWIX
  SCIA                  00007050   00000010  00000010  00000000  RWIX
  XINTRUPT              00007070   00000010  00000010  00000000  RWIX
  ADC                   00007100   00000020  0000001e  00000002  RWIX
  SCIB                  00007750   00000010  00000010  00000000  RWIX
  SCIC                  00007770   00000010  00000010  00000000  RWIX
  I2CA                  00007900   00000040  00000022  0000001e  RWIX
  L4SARAM               0000c000   00001000  00000c92  0000036e  RWIX
  L5SARAM               0000d000   00001000  00000c80  00000380  RWIX
  L6SARAM               0000e000   00001000  00000000  00001000  RWIX
  L7SARAM               0000f000   00001000  00000000  00001000  RWIX
  CSM_PWL               0033fff8   00000008  00000008  00000000  RWIX
  PARTID                00380090   00000001  00000001  00000000  RWIX


SECTION ALLOCATION MAP

 output                                  attributes/
section   page    origin      length       input sections
--------  ----  ----------  ----------   ----------------
.pinit     0    00300000    00000000     UNINITIALIZED

secureRamFuncs 
*          0    00300000    00000af3     RUN ADDR = 00008000
                  00300000    0000041d     effect.obj (secureRamFuncs)
                  0030041d    00000347     lcd.obj (secureRamFuncs)
                  00300764    000001a4     main.obj (secureRamFuncs:retain)
                  00300908    00000086     spi.obj (secureRamFuncs)
                  0030098e    00000078     eeprom.obj (secureRamFuncs)
                  00300a06    00000076     effect.obj (secureRamFuncs:retain)
                  00300a7c    00000058     fft.obj (secureRamFuncs)
                  00300ad4    0000001f     Flash.obj (secureRamFuncs)

.text      0    00300af4    00001533     
                  00300af4    000003f4     DefaultIsr_nonBIOS.obj (.text:retain)
                  00300ee8    000002df     lcd.obj (.text)
                  003011c7    00000230     effect.obj (.text)
                  003013f7    000001e3     main.obj (.text)
                  003015da    0000015a     DSP2833x_Mcbsp.obj (.text)
                  00301734    00000138     RFFT_adc_f32.obj (.text)
                  0030186c    00000131     sys.obj (.text)
                  0030199d    00000001     --HOLE-- [fill = 0]
                  0030199e    0000009e     RFFT_adc_f32u.obj (.text)
                  00301a3c    00000088     rts2800_fpu32.lib : fs_div.obj (.text)
                  00301ac4    00000083                       : fd_mpy.obj (.text)
                  00301b47    0000007f     SysCtrl.obj (.text)
                  00301bc6    00000074     DSP2833x_CpuTimers.obj (.text)
                  00301c3a    0000006e     RFFT_f32_sincostable.obj (.text)
                  00301ca8    00000061     rts2800_fpu32.lib : cos.obj (.text)
                  00301d09    0000005d     fft.obj (.text)
                  00301d66    00000058     rts2800_fpu32.lib : sin.obj (.text)
                  00301dbe    00000046                       : boot.obj (.text)
                  00301e04    00000044     RFFT_f32_mag.obj (.text)
                  00301e48    00000030     PieCtrl_nonBIOS.obj (.text)
                  00301e78    0000002e     rts2800_fpu32.lib : fmod.obj (.text)
                  00301ea6    0000002d     main.obj (.text:retain)
                  00301ed3    0000002a     DSP2833x_Spi.obj (.text)
                  00301efd    00000001     --HOLE-- [fill = 0]
                  00301efe    00000023     rts2800_fpu32.lib : sqrt.obj (.text)
                  00301f21    00000022                       : i_div.obj (.text)
                  00301f43    00000021                       : fd_toi.obj (.text)
                  00301f64    00000021                       : memcpy_ff.obj (.text)
                  00301f85    0000001c                       : fs_tofd.obj (.text)
                  00301fa1    0000001a                       : modf.obj (.text)
                  00301fbb    00000019                       : args_main.obj (.text)
                  00301fd4    00000019                       : exit.obj (.text)
                  00301fed    00000017     DSP2833x_I2C.obj (.text)
                  00302004    00000010     DelayUs.obj (.text)
                  00302014    00000009     rts2800_fpu32.lib : _lock.obj (.text)
                  0030201d    00000007     CodeStartBranch.obj (.text)
                  00302024    00000003     SetDBGIER.obj (.text)

.econst    0    00302028    00000104     
                  00302028    00000100     PieVect_nonBIOS.obj (.econst)
                  00302128    00000004     fft.obj (.econst)

.cinit     0    0030212c    000000fd     
                  0030212c    000000bb     main.obj (.cinit)
                  003021e7    00000017     lowpass.obj (.cinit)
                  003021fe    0000000a     rts2800_fpu32.lib : _lock.obj (.cinit)
                  00302208    0000000a                       : exit.obj (.cinit)
                  00302212    00000009     fft.obj (.cinit)
                  0030221b    00000004     effect.obj (.cinit)
                  0030221f    00000004     rts2800_fpu32.lib : errno.obj (.cinit)
                  00302223    00000004                       : memory.obj (.cinit)
                  00302227    00000002     --HOLE-- [fill = 0]

csm_rsvd   0    0033ff80    00000076     
                  0033ff80    00000076     Passwords.obj (csm_rsvd)

codestart 
*          0    0033fff6    00000002     
                  0033fff6    00000002     CodeStartBranch.obj (codestart)

passwords 
*          0    0033fff8    00000008     
                  0033fff8    00000008     Passwords.obj (passwords)

.adc_cal   0    00380080    00000007     NOLOAD SECTION
                  00380080    00000007     DSP2833x_ADC_cal.obj (.adc_cal)

.reset     0    003fffc0    00000002     DSECT
                  003fffc0    00000002     rts2800_fpu32.lib : boot.obj (.reset)

.stack     1    00000400    00000300     UNINITIALIZED
                  00000400    00000300     --HOLE--

DevEmuRegsFile 
*          1    00000880    000000d0     UNINITIALIZED
                  00000880    000000d0     DSP2833x_GlobalVariableDefs.obj (DevEmuRegsFile)

FlashRegsFile 
*          1    00000a80    00000008     UNINITIALIZED
                  00000a80    00000008     DSP2833x_GlobalVariableDefs.obj (FlashRegsFile)

CsmRegsFile 
*          1    00000ae0    00000010     UNINITIALIZED
                  00000ae0    00000010     DSP2833x_GlobalVariableDefs.obj (CsmRegsFile)

AdcMirrorFile 
*          1    00000b00    00000010     UNINITIALIZED
                  00000b00    00000010     DSP2833x_GlobalVariableDefs.obj (AdcMirrorFile)

XintfRegsFile 
*          1    00000b20    0000001e     UNINITIALIZED
                  00000b20    0000001e     DSP2833x_GlobalVariableDefs.obj (XintfRegsFile)

CpuTimer0RegsFile 
*          1    00000c00    00000008     UNINITIALIZED
                  00000c00    00000008     DSP2833x_GlobalVariableDefs.obj (CpuTimer0RegsFile)

CpuTimer1RegsFile 
*          1    00000c08    00000008     UNINITIALIZED
                  00000c08    00000008     DSP2833x_GlobalVariableDefs.obj (CpuTimer1RegsFile)

CpuTimer2RegsFile 
*          1    00000c10    00000008     UNINITIALIZED
                  00000c10    00000008     DSP2833x_GlobalVariableDefs.obj (CpuTimer2RegsFile)

PieCtrlRegsFile 
*          1    00000ce0    0000001a     UNINITIALIZED
                  00000ce0    0000001a     DSP2833x_GlobalVariableDefs.obj (PieCtrlRegsFile)

PieVectTableFile 
*          1    00000d00    00000100     UNINITIALIZED
                  00000d00    00000100     DSP2833x_GlobalVariableDefs.obj (PieVectTableFile)

DmaRegsFile 
*          1    00001000    000000e0     UNINITIALIZED
                  00001000    000000e0     DSP2833x_GlobalVariableDefs.obj (DmaRegsFile)

McbspaRegsFile 
*          1    00005000    00000025     UNINITIALIZED
                  00005000    00000025     DSP2833x_GlobalVariableDefs.obj (McbspaRegsFile)

McbspbRegsFile 
*          1    00005040    00000025     UNINITIALIZED
                  00005040    00000025     DSP2833x_GlobalVariableDefs.obj (McbspbRegsFile)

ECanaRegsFile 
*          1    00006000    00000034     UNINITIALIZED
                  00006000    00000034     DSP2833x_GlobalVariableDefs.obj (ECanaRegsFile)

ECanaLAMRegsFile 
*          1    00006040    00000040     UNINITIALIZED
                  00006040    00000040     DSP2833x_GlobalVariableDefs.obj (ECanaLAMRegsFile)

ECanaMOTSRegsFile 
*          1    00006080    00000040     UNINITIALIZED
                  00006080    00000040     DSP2833x_GlobalVariableDefs.obj (ECanaMOTSRegsFile)

ECanaMOTORegsFile 
*          1    000060c0    00000040     UNINITIALIZED
                  000060c0    00000040     DSP2833x_GlobalVariableDefs.obj (ECanaMOTORegsFile)

ECanaMboxesFile 
*          1    00006100    00000100     UNINITIALIZED
                  00006100    00000100     DSP2833x_GlobalVariableDefs.obj (ECanaMboxesFile)

ECanbRegsFile 
*          1    00006200    00000034     UNINITIALIZED
                  00006200    00000034     DSP2833x_GlobalVariableDefs.obj (ECanbRegsFile)

ECanbLAMRegsFile 
*          1    00006240    00000040     UNINITIALIZED
                  00006240    00000040     DSP2833x_GlobalVariableDefs.obj (ECanbLAMRegsFile)

ECanbMOTSRegsFile 
*          1    00006280    00000040     UNINITIALIZED
                  00006280    00000040     DSP2833x_GlobalVariableDefs.obj (ECanbMOTSRegsFile)

ECanbMOTORegsFile 
*          1    000062c0    00000040     UNINITIALIZED
                  000062c0    00000040     DSP2833x_GlobalVariableDefs.obj (ECanbMOTORegsFile)

ECanbMboxesFile 
*          1    00006300    00000100     UNINITIALIZED
                  00006300    00000100     DSP2833x_GlobalVariableDefs.obj (ECanbMboxesFile)

EPwm1RegsFile 
*          1    00006800    00000022     UNINITIALIZED
                  00006800    00000022     DSP2833x_GlobalVariableDefs.obj (EPwm1RegsFile)

EPwm2RegsFile 
*          1    00006840    00000022     UNINITIALIZED
                  00006840    00000022     DSP2833x_GlobalVariableDefs.obj (EPwm2RegsFile)

EPwm3RegsFile 
*          1    00006880    00000022     UNINITIALIZED
                  00006880    00000022     DSP2833x_GlobalVariableDefs.obj (EPwm3RegsFile)

EPwm4RegsFile 
*          1    000068c0    00000022     UNINITIALIZED
                  000068c0    00000022     DSP2833x_GlobalVariableDefs.obj (EPwm4RegsFile)

EPwm5RegsFile 
*          1    00006900    00000022     UNINITIALIZED
                  00006900    00000022     DSP2833x_GlobalVariableDefs.obj (EPwm5RegsFile)

EPwm6RegsFile 
*          1    00006940    00000022     UNINITIALIZED
                  00006940    00000022     DSP2833x_GlobalVariableDefs.obj (EPwm6RegsFile)

ECap1RegsFile 
*          1    00006a00    00000020     UNINITIALIZED
                  00006a00    00000020     DSP2833x_GlobalVariableDefs.obj (ECap1RegsFile)

ECap2RegsFile 
*          1    00006a20    00000020     UNINITIALIZED
                  00006a20    00000020     DSP2833x_GlobalVariableDefs.obj (ECap2RegsFile)

ECap3RegsFile 
*          1    00006a40    00000020     UNINITIALIZED
                  00006a40    00000020     DSP2833x_GlobalVariableDefs.obj (ECap3RegsFile)

ECap4RegsFile 
*          1    00006a60    00000020     UNINITIALIZED
                  00006a60    00000020     DSP2833x_GlobalVariableDefs.obj (ECap4RegsFile)

ECap5RegsFile 
*          1    00006a80    00000020     UNINITIALIZED
                  00006a80    00000020     DSP2833x_GlobalVariableDefs.obj (ECap5RegsFile)

ECap6RegsFile 
*          1    00006aa0    00000020     UNINITIALIZED
                  00006aa0    00000020     DSP2833x_GlobalVariableDefs.obj (ECap6RegsFile)

EQep1RegsFile 
*          1    00006b00    00000040     UNINITIALIZED
                  00006b00    00000040     DSP2833x_GlobalVariableDefs.obj (EQep1RegsFile)

EQep2RegsFile 
*          1    00006b40    00000040     UNINITIALIZED
                  00006b40    00000040     DSP2833x_GlobalVariableDefs.obj (EQep2RegsFile)

GpioCtrlRegsFile 
*          1    00006f80    0000002e     UNINITIALIZED
                  00006f80    0000002e     DSP2833x_GlobalVariableDefs.obj (GpioCtrlRegsFile)

GpioDataRegsFile 
*          1    00006fc0    00000020     UNINITIALIZED
                  00006fc0    00000020     DSP2833x_GlobalVariableDefs.obj (GpioDataRegsFile)

GpioIntRegsFile 
*          1    00006fe0    0000000a     UNINITIALIZED
                  00006fe0    0000000a     DSP2833x_GlobalVariableDefs.obj (GpioIntRegsFile)

SysCtrlRegsFile 
*          1    00007010    00000020     UNINITIALIZED
                  00007010    00000020     DSP2833x_GlobalVariableDefs.obj (SysCtrlRegsFile)

SpiaRegsFile 
*          1    00007040    00000010     UNINITIALIZED
                  00007040    00000010     DSP2833x_GlobalVariableDefs.obj (SpiaRegsFile)

SciaRegsFile 
*          1    00007050    00000010     UNINITIALIZED
                  00007050    00000010     DSP2833x_GlobalVariableDefs.obj (SciaRegsFile)

XIntruptRegsFile 
*          1    00007070    00000010     UNINITIALIZED
                  00007070    00000010     DSP2833x_GlobalVariableDefs.obj (XIntruptRegsFile)

AdcRegsFile 
*          1    00007100    0000001e     UNINITIALIZED
                  00007100    0000001e     DSP2833x_GlobalVariableDefs.obj (AdcRegsFile)

ScibRegsFile 
*          1    00007750    00000010     UNINITIALIZED
                  00007750    00000010     DSP2833x_GlobalVariableDefs.obj (ScibRegsFile)

ScicRegsFile 
*          1    00007770    00000010     UNINITIALIZED
                  00007770    00000010     DSP2833x_GlobalVariableDefs.obj (ScicRegsFile)

I2caRegsFile 
*          1    00007900    00000022     UNINITIALIZED
                  00007900    00000022     DSP2833x_GlobalVariableDefs.obj (I2caRegsFile)

.bss       1    0000c000    00000000     UNINITIALIZED

.sysmem    1    0000c000    00000400     UNINITIALIZED
                  0000c000    00000001     rts2800_fpu32.lib : memory.obj (.sysmem)
                  0000c001    000003ff     --HOLE--

.ebss.1    1    0000c400    00000838     UNINITIALIZED
                  0000c400    00000658     main.obj (.ebss)
                  0000ca58    00000018     DSP2833x_CpuTimers.obj (.ebss)
                  0000ca70    00000008     rts2800_fpu32.lib : memory.obj (.ebss)
                  0000ca78    00000004                       : _lock.obj (.ebss)
                  0000ca7c    00000004                       : exit.obj (.ebss)
                  0000ca80    000001a3     lcd.obj (.ebss)
                  0000cc23    00000001     rts2800_fpu32.lib : errno.obj (.ebss)
                  0000cc24    00000014     lowpass.obj (.ebss)

.ebss.2    1    0000cc40    0000005a     UNINITIALIZED
                  0000cc40    0000005a     effect.obj (.ebss)

.ebss.3    1    0000d000    00000c80     UNINITIALIZED
                  0000d000    00000c80     fft.obj (.ebss)

CsmPwlFile 
*          1    0033fff8    00000008     UNINITIALIZED
                  0033fff8    00000008     DSP2833x_GlobalVariableDefs.obj (CsmPwlFile)

PartIdRegsFile 
*          1    00380090    00000001     UNINITIALIZED
                  00380090    00000001     DSP2833x_GlobalVariableDefs.obj (PartIdRegsFile)


GLOBAL DATA SYMBOLS: SORTED BY DATA PAGE

address     data page           name
--------    ----------------    ----
00000400      10 (00000400)     __stack

00000880      22 (00000880)     _DevEmuRegs

00000a80      2a (00000a80)     _FlashRegs

00000ae0      2b (00000ac0)     _CsmRegs

00000b00      2c (00000b00)     _AdcMirror
00000b20      2c (00000b00)     _XintfRegs

00000c00      30 (00000c00)     _CpuTimer0Regs
00000c08      30 (00000c00)     _CpuTimer1Regs
00000c10      30 (00000c00)     _CpuTimer2Regs

00000ce0      33 (00000cc0)     _PieCtrlRegs

00000d00      34 (00000d00)     _PieVectTable

00001000      40 (00001000)     _DmaRegs

00005000     140 (00005000)     _McbspaRegs

00005040     141 (00005040)     _McbspbRegs

00006000     180 (00006000)     _ECanaRegs

00006040     181 (00006040)     _ECanaLAMRegs

00006080     182 (00006080)     _ECanaMOTSRegs

000060c0     183 (000060c0)     _ECanaMOTORegs

00006100     184 (00006100)     _ECanaMboxes

00006200     188 (00006200)     _ECanbRegs

00006240     189 (00006240)     _ECanbLAMRegs

00006280     18a (00006280)     _ECanbMOTSRegs

000062c0     18b (000062c0)     _ECanbMOTORegs

00006300     18c (00006300)     _ECanbMboxes

00006800     1a0 (00006800)     _EPwm1Regs

00006840     1a1 (00006840)     _EPwm2Regs

00006880     1a2 (00006880)     _EPwm3Regs

000068c0     1a3 (000068c0)     _EPwm4Regs

00006900     1a4 (00006900)     _EPwm5Regs

00006940     1a5 (00006940)     _EPwm6Regs

00006a00     1a8 (00006a00)     _ECap1Regs
00006a20     1a8 (00006a00)     _ECap2Regs

00006a40     1a9 (00006a40)     _ECap3Regs
00006a60     1a9 (00006a40)     _ECap4Regs

00006a80     1aa (00006a80)     _ECap5Regs
00006aa0     1aa (00006a80)     _ECap6Regs

00006b00     1ac (00006b00)     _EQep1Regs

00006b40     1ad (00006b40)     _EQep2Regs

00006f80     1be (00006f80)     _GpioCtrlRegs

00006fc0     1bf (00006fc0)     _GpioDataRegs
00006fe0     1bf (00006fc0)     _GpioIntRegs

00007010     1c0 (00007000)     _SysCtrlRegs

00007040     1c1 (00007040)     _SpiaRegs
00007050     1c1 (00007040)     _SciaRegs
00007070     1c1 (00007040)     _XIntruptRegs

00007100     1c4 (00007100)     _AdcRegs

00007750     1dd (00007740)     _ScibRegs
00007770     1dd (00007740)     _ScicRegs

00007900     1e4 (00007900)     _I2caRegs

0000c000     300 (0000c000)     __sys_memory

0000c400     310 (0000c400)     _updateFrequency
0000c401     310 (0000c400)     _oldLevel
0000c402     310 (0000c400)     _updateChange
0000c403     310 (0000c400)     _newLevel
0000c404     310 (0000c400)     _updateCode
0000c405     310 (0000c400)     _midLevel
0000c406     310 (0000c400)     _trebleLevel
0000c407     310 (0000c400)     _volumeLevel
0000c408     310 (0000c400)     _bassLevel
0000c409     310 (0000c400)     _numQueued
0000c40a     310 (0000c400)     _tuner
0000c40b     310 (0000c400)     _preset
0000c40c     310 (0000c400)     _effectToToggle
0000c40d     310 (0000c400)     _indexToToggle
0000c40e     310 (0000c400)     _toggle
0000c40f     310 (0000c400)     _freq
0000c410     310 (0000c400)     _updateLcd
0000c411     310 (0000c400)     _resetTimer
0000c412     310 (0000c400)     _sysStart
0000c413     310 (0000c400)     _currentChangeScreen
0000c414     310 (0000c400)     _save
0000c415     310 (0000c400)     _midChange
0000c416     310 (0000c400)     _delayChange
0000c417     310 (0000c400)     _flangeChange
0000c418     310 (0000c400)     _chorusChange
0000c419     310 (0000c400)     _bassChange
0000c41a     310 (0000c400)     _volumeChange
0000c41b     310 (0000c400)     _flangeLevel
0000c41c     310 (0000c400)     _trebleChange
0000c41d     310 (0000c400)     _load
0000c41e     310 (0000c400)     _interruptCount
0000c41f     310 (0000c400)     _presetNumber
0000c420     310 (0000c400)     _tremoloLevel
0000c421     310 (0000c400)     _delayLevel
0000c422     310 (0000c400)     _reverbLevel
0000c423     310 (0000c400)     _tremoloChange
0000c424     310 (0000c400)     _reverbChange
0000c425     310 (0000c400)     _newVolumeLevel
0000c426     310 (0000c400)     _updateVolume
0000c427     310 (0000c400)     _chorusLevel
0000c428     310 (0000c400)     _previousUpdateNumber
0000c429     310 (0000c400)     _updateNumber
0000c42a     310 (0000c400)     _tremoloBprev
0000c42b     310 (0000c400)     _updateInputs
0000c42c     310 (0000c400)     _reverbBprev
0000c42d     310 (0000c400)     _counts
0000c432     310 (0000c400)     _prevs
0000c437     310 (0000c400)     _effectChange

0000c440     311 (0000c440)     _prevCounts
0000c445     311 (0000c440)     _mainDisplay
0000c44f     311 (0000c440)     _on_off
0000c459     311 (0000c440)     _location
0000c463     311 (0000c440)     _adcVals

0000c480     312 (0000c480)     _list
0000c494     312 (0000c480)     _pipeline

0000ca58     329 (0000ca40)     _CpuTimer1
0000ca60     329 (0000ca40)     _CpuTimer2
0000ca68     329 (0000ca40)     _CpuTimer0
0000ca78     329 (0000ca40)     __unlock
0000ca7a     329 (0000ca40)     __lock
0000ca7c     329 (0000ca40)     ___TI_cleanup_ptr
0000ca7e     329 (0000ca40)     ___TI_dtors_ptr

0000ca80     32a (0000ca80)     _numInMainDisplay
0000ca81     32a (0000ca80)     _tunerScreen
0000ca82     32a (0000ca80)     _reprint
0000ca83     32a (0000ca80)     _presetScreen
0000ca84     32a (0000ca80)     _currentPreset

0000cac0     32b (0000cac0)     _noteChart

0000cc23     330 (0000cc00)     _errno
0000cc24     330 (0000cc00)     _lowpass_coefficients

0000cc40     331 (0000cc40)     _writeDone
0000cc41     331 (0000cc40)     _Error
0000cc42     331 (0000cc40)     _readDone
0000cc44     331 (0000cc40)     _CurrentMsgPtr
0000cc46     331 (0000cc40)     _adcVal
0000cc4b     331 (0000cc40)     _messageOut
0000cc60     331 (0000cc40)     _messageIn

0000cc80     332 (0000cc80)     _returnArray

0000d000     340 (0000d000)     _FFTStartFlag
0000d004     340 (0000d000)     _rfft_adc
0000d008     340 (0000d000)     _rfft

0000d040     341 (0000d040)     _AdcBuf

0000d240     349 (0000d240)     _RFFTmagBuff

0000d480     352 (0000d480)     _RFFToutBuff

0000d880     362 (0000d880)     _RFFTF32Coef

00302028    c080 (00302000)     _PieVectTableInit

0033fff8    cfff (0033ffc0)     _CsmPwl

00380090    e002 (00380080)     _PartIdRegs


GLOBAL SYMBOLS: SORTED ALPHABETICALLY BY Name 

address    name
--------   ----
0000c000   .bss
00300af4   .text
00301fd4   C$$EXIT
00301ac4   FD$$MPY
00301f43   FD$$TOI
00301a3c   FS$$DIV
00301f85   FS$$TOFD
00301f21   I$$DIV
00301f32   I$$MOD
00300bea   _ADCINT_ISR
00380080   _ADC_cal
0000d040   _AdcBuf
00000b00   _AdcMirror
00007100   _AdcRegs
00301bff   _ConfigCpuTimer
0000ca68   _CpuTimer0
00000c00   _CpuTimer0Regs
0000ca58   _CpuTimer1
00000c08   _CpuTimer1Regs
0000ca60   _CpuTimer2
00000c10   _CpuTimer2Regs
0033fff8   _CsmPwl
00000ae0   _CsmRegs
0000cc44   _CurrentMsgPtr
00300b08   _DATALOG_ISR
00300d80   _DINTCH1_ISR
00300d8e   _DINTCH2_ISR
00300d9c   _DINTCH3_ISR
00300daa   _DINTCH4_ISR
00300db8   _DINTCH5_ISR
00300dc6   _DINTCH6_ISR
00302004   _DelayUs
00000880   _DevEmuRegs
00001000   _DmaRegs
00300e44   _ECAN0INTA_ISR
00300e60   _ECAN0INTB_ISR
00300e52   _ECAN1INTA_ISR
00300e6e   _ECAN1INTB_ISR
00300cbc   _ECAP1_INT_ISR
00300cca   _ECAP2_INT_ISR
00300cd8   _ECAP3_INT_ISR
00300ce6   _ECAP4_INT_ISR
00300cf4   _ECAP5_INT_ISR
00300d02   _ECAP6_INT_ISR
00006040   _ECanaLAMRegs
000060c0   _ECanaMOTORegs
00006080   _ECanaMOTSRegs
00006100   _ECanaMboxes
00006000   _ECanaRegs
00006240   _ECanbLAMRegs
000062c0   _ECanbMOTORegs
00006280   _ECanbMOTSRegs
00006300   _ECanbMboxes
00006200   _ECanbRegs
00006a00   _ECap1Regs
00006a20   _ECap2Regs
00006a40   _ECap3Regs
00006a60   _ECap4Regs
00006a80   _ECap5Regs
00006aa0   _ECap6Regs
00300b1c   _EMUINT_ISR
00300c68   _EPWM1_INT_ISR
00300c14   _EPWM1_TZINT_ISR
00300c76   _EPWM2_INT_ISR
00300c22   _EPWM2_TZINT_ISR
00300c84   _EPWM3_INT_ISR
00300c30   _EPWM3_TZINT_ISR
00300c92   _EPWM4_INT_ISR
00300c3e   _EPWM4_TZINT_ISR
00300ca0   _EPWM5_INT_ISR
00300c4c   _EPWM5_TZINT_ISR
00300cae   _EPWM6_INT_ISR
00300c5a   _EPWM6_TZINT_ISR
00006800   _EPwm1Regs
00006840   _EPwm2Regs
00006880   _EPwm3Regs
000068c0   _EPwm4Regs
00006900   _EPwm5Regs
00006940   _EPwm6Regs
00300d10   _EQEP1_INT_ISR
00300d1e   _EQEP2_INT_ISR
00006b00   _EQep1Regs
00006b40   _EQep2Regs
0000cc41   _Error
0000d000   _FFTStartFlag
00000a80   _FlashRegs
00006f80   _GpioCtrlRegs
00006fc0   _GpioDataRegs
00006fe0   _GpioIntRegs
0000898e   _I2CA_Init
000089d4   _I2CA_ReadData
000089a1   _I2CA_WriteData
00300dd4   _I2CINT1A_ISR
00300de2   _I2CINT2A_ISR
00007900   _I2caRegs
00300b30   _ILLEGAL_ISR
00300af4   _INT13_ISR
00300afe   _INT14_ISR
00301bc6   _InitCpuTimers
00008ad4   _InitFlash
00301fed   _InitI2C
00301fee   _InitI2CGpio
003015da   _InitMcbsp
003016b3   _InitMcbspGpio
003015df   _InitMcbspa
0030163e   _InitMcbspa12bit
00301649   _InitMcbspa16bit
00301654   _InitMcbspa20bit
0030165f   _InitMcbspa24bit
0030166a   _InitMcbspa32bit
00301637   _InitMcbspa8bit
003016b8   _InitMcbspaGpio
0030160b   _InitMcbspb
0030167c   _InitMcbspb12bit
00301687   _InitMcbspb16bit
00301692   _InitMcbspb20bit
0030169d   _InitMcbspb24bit
003016a8   _InitMcbspb32bit
00301675   _InitMcbspb8bit
003016f2   _InitMcbspbGpio
00301e48   _InitPieCtrl
00301ed3   _InitSpi
00301ed4   _InitSpiGpio
00301ed7   _InitSpiaGpio
00301b47   _InitSysCtrl
00300ed0   _LUF_ISR
00300ec2   _LVF_ISR
00300d64   _MRINTA_ISR
00300d48   _MRINTB_ISR
00300d72   _MXINTA_ISR
00300d56   _MXINTB_ISR
00005000   _McbspaRegs
00005040   _McbspbRegs
00300b26   _NMI_ISR
00380090   _PartIdRegs
00000ce0   _PieCtrlRegs
00000d00   _PieVectTable
00302028   _PieVectTableInit
0000d880   _RFFTF32Coef
00301734   _RFFT_adc_f32
0030199e   _RFFT_adc_f32u
00301e04   _RFFT_f32_mag
00301c3a   _RFFT_f32_sincostable
0000d240   _RFFTmagBuff
0000d480   _RFFToutBuff
00300b12   _RTOSINT_ISR
00300e0c   _SCIRXINTA_ISR
00300e28   _SCIRXINTB_ISR
00300df0   _SCIRXINTC_ISR
00300e1a   _SCITXINTA_ISR
00300e36   _SCITXINTB_ISR
00300dfe   _SCITXINTC_ISR
00300bb2   _SEQ1INT_ISR
00300bc0   _SEQ2INT_ISR
00300d2c   _SPIRXINTA_ISR
00300d3a   _SPITXINTA_ISR
00007050   _SciaRegs
00007750   _ScibRegs
00007770   _ScicRegs
00302024   _SetDBGIER
00007040   _SpiaRegs
00007010   _SysCtrlRegs
00300bf8   _TINT0_ISR
00300b94   _USER10_ISR
00300b9e   _USER11_ISR
00300ba8   _USER12_ISR
00300b3a   _USER1_ISR
00300b44   _USER2_ISR
00300b4e   _USER3_ISR
00300b58   _USER4_ISR
00300b62   _USER5_ISR
00300b6c   _USER6_ISR
00300b76   _USER7_ISR
00300b80   _USER8_ISR
00300b8a   _USER9_ISR
00300c06   _WAKEINT_ISR
00300bce   _XINT1_ISR
00300bdc   _XINT2_ISR
00300e7c   _XINT3_ISR
00300e8a   _XINT4_ISR
00300e98   _XINT5_ISR
00300ea6   _XINT6_ISR
00300eb4   _XINT7_ISR
00007070   _XIntruptRegs
00000b20   _XintfRegs
00000700   __STACK_END
00000300   __STACK_SIZE
00000400   __SYSMEM_SIZE
00000001   __TI_args_main
0000ca7c   ___TI_cleanup_ptr
0000ca7e   ___TI_dtors_ptr
ffffffff   ___binit__
0000c000   ___bss__
ffffffff   ___c_args__
0030212c   ___cinit__
0000c000   ___end__
00302027   ___etext__
00301f64   ___memcpy_ff
ffffffff   ___pinit__
00300af4   ___text__
00301fbb   __args_main
0000ca7a   __lock
0030201c   __nop
00302018   __register_lock
00302014   __register_unlock
00000400   __stack
0000c000   __sys_memory
0000ca78   __unlock
00301fd4   _abort
0000cc46   _adcVal
0000c463   _adcVals
0000864e   _addToLCD
0000c419   _bassChange
0000c408   _bassLevel
00301dbe   _c_int00
0000c418   _chorusChange
0000c427   _chorusLevel
0030157c   _clearPipeline
0030171e   _clkg_delay_loop
00008729   _controlLCD
00301ca8   _cos
0000c42d   _counts
00008764   _cpu_timer0_isr
000087bf   _cpu_timer1_isr
0000c413   _currentChangeScreen
0000ca84   _currentPreset
0000c416   _delayChange
0000c421   _delayLevel
00301708   _delay_loop
000083f3   _eepromRead
000083d8   _eepromWrite
0000c437   _effectChange
0000c40c   _effectToToggle
00008891   _effects
0000cc23   _errno
00301fd6   _exit
00008a7c   _findFrequency
00300fa1   _findNote
0000c417   _flangeChange
0000c41b   _flangeLevel
00301e78   _fmod
0000c40f   _freq
003014d9   _getInputs
000085ff   _goToMain
00008a06   _i2c_int1a_isr
003015b5   _indexLookup
0000c40d   _indexToToggle
003011c7   _initEffects
00301d09   _initFFT
0030186c   _initINTS
0030109f   _initLCD
00008928   _init_adc_spi
00008940   _init_mcbsp_spi
0000c41e   _interruptCount
0000c480   _list
0000c41d   _load
00008264   _loadPreset
00300f87   _loadPresetScreen
0000884d   _load_preset
0000c459   _location
0000cc24   _lowpass_coefficients
003013f7   _main
0000c445   _mainDisplay
0000897b   _mcbsp_xmit
0000cc60   _messageIn
0000cc4b   _messageOut
0000c415   _midChange
0000c405   _midLevel
00301fa1   _modf
0000c403   _newLevel
0000c425   _newVolumeLevel
0000cac0   _noteChart
0000ca80   _numInMainDisplay
0000c409   _numQueued
0000c401   _oldLevel
0000c44f   _on_off
0000c494   _pipeline
0000c40b   _preset
0000c41f   _presetNumber
0000ca83   _presetScreen
0000881c   _preset_down
000087ea   _preset_up
0000c440   _prevCounts
0000c428   _previousUpdateNumber
0000c432   _prevs
00300f55   _printBass
00300f1d   _printChorus
00300ee8   _printDelay
00300f01   _printFlanger
000086df   _printFreq
0000874b   _printLCD
0000843c   _printReverb
00300f6b   _printTreble
0000841d   _printTremolo
00300f39   _printVolume
00008000   _process
003013eb   _processChorus
0000803b   _processCrunch
00301217   _processDelay
00008024   _processDistortion
0030131d   _processFlanger
00301317   _processPhaser
003013f1   _processPitchShift
000080a7   _processReverb
00008052   _processTremolo
0030121d   _processWah
00301558   _queueEffect
0000cc42   _readDone
00008917   _read_adc
0000ca82   _reprint
0000c411   _resetTimer
0000cc80   _returnArray
0000c42c   _reverbBprev
0000c424   _reverbChange
0000c422   _reverbLevel
0000d008   _rfft
0000d004   _rfft_adc
003017c4   _rfft_adc_f32_Stages4andUp
00301ea6   _rotary
00300ede   _rsvd_ISR
0000c414   _save
0000812b   _savePreset
0000886f   _save_preset
00000af3   _secureRamFuncs_loadsize
00300000   _secureRamFuncs_loadstart
00008000   _secureRamFuncs_runstart
00008640   _shiftCursor
00301d66   _sin
00301efe   _sqrt
00301d4a   _storeFFT
0000c412   _sysStart
0000c40e   _toggle
0030159f   _toggleEffectOnDisplay
000086b4   _toggleLCD
0030153c   _toggleOn_Off
0000c41c   _trebleChange
0000c406   _trebleLevel
0000c42a   _tremoloBprev
0000c423   _tremoloChange
0000c420   _tremoloLevel
0000c40a   _tuner
0000ca81   _tunerScreen
0000c402   _updateChange
0000c404   _updateCode
0000c400   _updateFrequency
0000c42b   _updateInputs
000084c9   _updateLCD
0000c410   _updateLcd
00008458   _updateLevel
0000c429   _updateNumber
0030198c   _updateTimer0
0000c426   _updateVolume
0000c41a   _volumeChange
0000c407   _volumeLevel
0000cc40   _writeDone
00008908   _write_dac
ffffffff   binit
0030212c   cinit
0033fff6   code_start
0000c000   end
00302027   etext
ffffffff   pinit


GLOBAL SYMBOLS: SORTED BY Symbol Address 

address    name
--------   ----
00000001   __TI_args_main
00000300   __STACK_SIZE
00000400   __SYSMEM_SIZE
00000400   __stack
00000700   __STACK_END
00000880   _DevEmuRegs
00000a80   _FlashRegs
00000ae0   _CsmRegs
00000af3   _secureRamFuncs_loadsize
00000b00   _AdcMirror
00000b20   _XintfRegs
00000c00   _CpuTimer0Regs
00000c08   _CpuTimer1Regs
00000c10   _CpuTimer2Regs
00000ce0   _PieCtrlRegs
00000d00   _PieVectTable
00001000   _DmaRegs
00005000   _McbspaRegs
00005040   _McbspbRegs
00006000   _ECanaRegs
00006040   _ECanaLAMRegs
00006080   _ECanaMOTSRegs
000060c0   _ECanaMOTORegs
00006100   _ECanaMboxes
00006200   _ECanbRegs
00006240   _ECanbLAMRegs
00006280   _ECanbMOTSRegs
000062c0   _ECanbMOTORegs
00006300   _ECanbMboxes
00006800   _EPwm1Regs
00006840   _EPwm2Regs
00006880   _EPwm3Regs
000068c0   _EPwm4Regs
00006900   _EPwm5Regs
00006940   _EPwm6Regs
00006a00   _ECap1Regs
00006a20   _ECap2Regs
00006a40   _ECap3Regs
00006a60   _ECap4Regs
00006a80   _ECap5Regs
00006aa0   _ECap6Regs
00006b00   _EQep1Regs
00006b40   _EQep2Regs
00006f80   _GpioCtrlRegs
00006fc0   _GpioDataRegs
00006fe0   _GpioIntRegs
00007010   _SysCtrlRegs
00007040   _SpiaRegs
00007050   _SciaRegs
00007070   _XIntruptRegs
00007100   _AdcRegs
00007750   _ScibRegs
00007770   _ScicRegs
00007900   _I2caRegs
00008000   _process
00008000   _secureRamFuncs_runstart
00008024   _processDistortion
0000803b   _processCrunch
00008052   _processTremolo
000080a7   _processReverb
0000812b   _savePreset
00008264   _loadPreset
000083d8   _eepromWrite
000083f3   _eepromRead
0000841d   _printTremolo
0000843c   _printReverb
00008458   _updateLevel
000084c9   _updateLCD
000085ff   _goToMain
00008640   _shiftCursor
0000864e   _addToLCD
000086b4   _toggleLCD
000086df   _printFreq
00008729   _controlLCD
0000874b   _printLCD
00008764   _cpu_timer0_isr
000087bf   _cpu_timer1_isr
000087ea   _preset_up
0000881c   _preset_down
0000884d   _load_preset
0000886f   _save_preset
00008891   _effects
00008908   _write_dac
00008917   _read_adc
00008928   _init_adc_spi
00008940   _init_mcbsp_spi
0000897b   _mcbsp_xmit
0000898e   _I2CA_Init
000089a1   _I2CA_WriteData
000089d4   _I2CA_ReadData
00008a06   _i2c_int1a_isr
00008a7c   _findFrequency
00008ad4   _InitFlash
0000c000   .bss
0000c000   ___bss__
0000c000   ___end__
0000c000   __sys_memory
0000c000   end
0000c400   _updateFrequency
0000c401   _oldLevel
0000c402   _updateChange
0000c403   _newLevel
0000c404   _updateCode
0000c405   _midLevel
0000c406   _trebleLevel
0000c407   _volumeLevel
0000c408   _bassLevel
0000c409   _numQueued
0000c40a   _tuner
0000c40b   _preset
0000c40c   _effectToToggle
0000c40d   _indexToToggle
0000c40e   _toggle
0000c40f   _freq
0000c410   _updateLcd
0000c411   _resetTimer
0000c412   _sysStart
0000c413   _currentChangeScreen
0000c414   _save
0000c415   _midChange
0000c416   _delayChange
0000c417   _flangeChange
0000c418   _chorusChange
0000c419   _bassChange
0000c41a   _volumeChange
0000c41b   _flangeLevel
0000c41c   _trebleChange
0000c41d   _load
0000c41e   _interruptCount
0000c41f   _presetNumber
0000c420   _tremoloLevel
0000c421   _delayLevel
0000c422   _reverbLevel
0000c423   _tremoloChange
0000c424   _reverbChange
0000c425   _newVolumeLevel
0000c426   _updateVolume
0000c427   _chorusLevel
0000c428   _previousUpdateNumber
0000c429   _updateNumber
0000c42a   _tremoloBprev
0000c42b   _updateInputs
0000c42c   _reverbBprev
0000c42d   _counts
0000c432   _prevs
0000c437   _effectChange
0000c440   _prevCounts
0000c445   _mainDisplay
0000c44f   _on_off
0000c459   _location
0000c463   _adcVals
0000c480   _list
0000c494   _pipeline
0000ca58   _CpuTimer1
0000ca60   _CpuTimer2
0000ca68   _CpuTimer0
0000ca78   __unlock
0000ca7a   __lock
0000ca7c   ___TI_cleanup_ptr
0000ca7e   ___TI_dtors_ptr
0000ca80   _numInMainDisplay
0000ca81   _tunerScreen
0000ca82   _reprint
0000ca83   _presetScreen
0000ca84   _currentPreset
0000cac0   _noteChart
0000cc23   _errno
0000cc24   _lowpass_coefficients
0000cc40   _writeDone
0000cc41   _Error
0000cc42   _readDone
0000cc44   _CurrentMsgPtr
0000cc46   _adcVal
0000cc4b   _messageOut
0000cc60   _messageIn
0000cc80   _returnArray
0000d000   _FFTStartFlag
0000d004   _rfft_adc
0000d008   _rfft
0000d040   _AdcBuf
0000d240   _RFFTmagBuff
0000d480   _RFFToutBuff
0000d880   _RFFTF32Coef
00300000   _secureRamFuncs_loadstart
00300af4   .text
00300af4   _INT13_ISR
00300af4   ___text__
00300afe   _INT14_ISR
00300b08   _DATALOG_ISR
00300b12   _RTOSINT_ISR
00300b1c   _EMUINT_ISR
00300b26   _NMI_ISR
00300b30   _ILLEGAL_ISR
00300b3a   _USER1_ISR
00300b44   _USER2_ISR
00300b4e   _USER3_ISR
00300b58   _USER4_ISR
00300b62   _USER5_ISR
00300b6c   _USER6_ISR
00300b76   _USER7_ISR
00300b80   _USER8_ISR
00300b8a   _USER9_ISR
00300b94   _USER10_ISR
00300b9e   _USER11_ISR
00300ba8   _USER12_ISR
00300bb2   _SEQ1INT_ISR
00300bc0   _SEQ2INT_ISR
00300bce   _XINT1_ISR
00300bdc   _XINT2_ISR
00300bea   _ADCINT_ISR
00300bf8   _TINT0_ISR
00300c06   _WAKEINT_ISR
00300c14   _EPWM1_TZINT_ISR
00300c22   _EPWM2_TZINT_ISR
00300c30   _EPWM3_TZINT_ISR
00300c3e   _EPWM4_TZINT_ISR
00300c4c   _EPWM5_TZINT_ISR
00300c5a   _EPWM6_TZINT_ISR
00300c68   _EPWM1_INT_ISR
00300c76   _EPWM2_INT_ISR
00300c84   _EPWM3_INT_ISR
00300c92   _EPWM4_INT_ISR
00300ca0   _EPWM5_INT_ISR
00300cae   _EPWM6_INT_ISR
00300cbc   _ECAP1_INT_ISR
00300cca   _ECAP2_INT_ISR
00300cd8   _ECAP3_INT_ISR
00300ce6   _ECAP4_INT_ISR
00300cf4   _ECAP5_INT_ISR
00300d02   _ECAP6_INT_ISR
00300d10   _EQEP1_INT_ISR
00300d1e   _EQEP2_INT_ISR
00300d2c   _SPIRXINTA_ISR
00300d3a   _SPITXINTA_ISR
00300d48   _MRINTB_ISR
00300d56   _MXINTB_ISR
00300d64   _MRINTA_ISR
00300d72   _MXINTA_ISR
00300d80   _DINTCH1_ISR
00300d8e   _DINTCH2_ISR
00300d9c   _DINTCH3_ISR
00300daa   _DINTCH4_ISR
00300db8   _DINTCH5_ISR
00300dc6   _DINTCH6_ISR
00300dd4   _I2CINT1A_ISR
00300de2   _I2CINT2A_ISR
00300df0   _SCIRXINTC_ISR
00300dfe   _SCITXINTC_ISR
00300e0c   _SCIRXINTA_ISR
00300e1a   _SCITXINTA_ISR
00300e28   _SCIRXINTB_ISR
00300e36   _SCITXINTB_ISR
00300e44   _ECAN0INTA_ISR
00300e52   _ECAN1INTA_ISR
00300e60   _ECAN0INTB_ISR
00300e6e   _ECAN1INTB_ISR
00300e7c   _XINT3_ISR
00300e8a   _XINT4_ISR
00300e98   _XINT5_ISR
00300ea6   _XINT6_ISR
00300eb4   _XINT7_ISR
00300ec2   _LVF_ISR
00300ed0   _LUF_ISR
00300ede   _rsvd_ISR
00300ee8   _printDelay
00300f01   _printFlanger
00300f1d   _printChorus
00300f39   _printVolume
00300f55   _printBass
00300f6b   _printTreble
00300f87   _loadPresetScreen
00300fa1   _findNote
0030109f   _initLCD
003011c7   _initEffects
00301217   _processDelay
0030121d   _processWah
00301317   _processPhaser
0030131d   _processFlanger
003013eb   _processChorus
003013f1   _processPitchShift
003013f7   _main
003014d9   _getInputs
0030153c   _toggleOn_Off
00301558   _queueEffect
0030157c   _clearPipeline
0030159f   _toggleEffectOnDisplay
003015b5   _indexLookup
003015da   _InitMcbsp
003015df   _InitMcbspa
0030160b   _InitMcbspb
00301637   _InitMcbspa8bit
0030163e   _InitMcbspa12bit
00301649   _InitMcbspa16bit
00301654   _InitMcbspa20bit
0030165f   _InitMcbspa24bit
0030166a   _InitMcbspa32bit
00301675   _InitMcbspb8bit
0030167c   _InitMcbspb12bit
00301687   _InitMcbspb16bit
00301692   _InitMcbspb20bit
0030169d   _InitMcbspb24bit
003016a8   _InitMcbspb32bit
003016b3   _InitMcbspGpio
003016b8   _InitMcbspaGpio
003016f2   _InitMcbspbGpio
00301708   _delay_loop
0030171e   _clkg_delay_loop
00301734   _RFFT_adc_f32
003017c4   _rfft_adc_f32_Stages4andUp
0030186c   _initINTS
0030198c   _updateTimer0
0030199e   _RFFT_adc_f32u
00301a3c   FS$$DIV
00301ac4   FD$$MPY
00301b47   _InitSysCtrl
00301bc6   _InitCpuTimers
00301bff   _ConfigCpuTimer
00301c3a   _RFFT_f32_sincostable
00301ca8   _cos
00301d09   _initFFT
00301d4a   _storeFFT
00301d66   _sin
00301dbe   _c_int00
00301e04   _RFFT_f32_mag
00301e48   _InitPieCtrl
00301e78   _fmod
00301ea6   _rotary
00301ed3   _InitSpi
00301ed4   _InitSpiGpio
00301ed7   _InitSpiaGpio
00301efe   _sqrt
00301f21   I$$DIV
00301f32   I$$MOD
00301f43   FD$$TOI
00301f64   ___memcpy_ff
00301f85   FS$$TOFD
00301fa1   _modf
00301fbb   __args_main
00301fd4   C$$EXIT
00301fd4   _abort
00301fd6   _exit
00301fed   _InitI2C
00301fee   _InitI2CGpio
00302004   _DelayUs
00302014   __register_unlock
00302018   __register_lock
0030201c   __nop
00302024   _SetDBGIER
00302027   ___etext__
00302027   etext
00302028   _PieVectTableInit
0030212c   ___cinit__
0030212c   cinit
0033fff6   code_start
0033fff8   _CsmPwl
00380080   _ADC_cal
00380090   _PartIdRegs
ffffffff   ___binit__
ffffffff   ___c_args__
ffffffff   ___pinit__
ffffffff   binit
ffffffff   pinit

[362 symbols]
