******************************************************************************
             TMS320C2000 Linker PC v6.2.7                      
******************************************************************************
>> Linked Sat Nov 08 14:42:44 2014

OUTPUT FILE NAME:   <guitarEffects.out>
ENTRY POINT SYMBOL: "_c_int00"  address: 00301f7d


MEMORY CONFIGURATION

         name            origin    length      used     unused   attr    fill
----------------------  --------  ---------  --------  --------  ----  --------
PAGE 0:
  BEGIN_M0              00000000   00000002  00000000  00000002  RWIX
  L0123SARAM            00008000   00004000  00000ab1  0000354f  RWIX
  FLASH_ABCDEFGH        00300000   0003ff80  00002412  0003db6e  R   
  CSM_RSVD              0033ff80   00000076  00000076  00000000  R   
  BEGIN_FLASH           0033fff6   00000002  00000002  00000000  R   
  PASSWORDS             0033fff8   00000008  00000008  00000000  R   
  ADC_CAL               00380080   00000009  00000007  00000002  RWIX
  OTP                   00380400   00000400  00000000  00000400  R   
  IQTABLES              003fe000   00000b50  00000000  00000b50  R   
  IQTABLES2             003feb50   0000008c  00000000  0000008c  R   
  FPUTABLES             003febdc   000006a0  00000000  000006a0  R   
  RESET                 003fffc0   00000002  00000000  00000002  R   

PAGE 1:
  M0SARAM               00000002   000003fe  00000000  000003fe  RWIX
  M1SARAM               00000400   00000400  00000300  00000100  RWIX
  DEV_EMU               00000880   00000180  000000d0  000000b0  RWIX
  FLASH_REGS            00000a80   00000060  00000008  00000058  RWIX
  CSM                   00000ae0   00000010  00000010  00000000  RWIX
  ADC_MIRROR            00000b00   00000010  00000010  00000000  RWIX
  XINTF                 00000b20   00000020  0000001e  00000002  RWIX
  CPU_TIMER0            00000c00   00000008  00000008  00000000  RWIX
  CPU_TIMER1            00000c08   00000008  00000008  00000000  RWIX
  CPU_TIMER2            00000c10   00000008  00000008  00000000  RWIX
  PIE_CTRL              00000ce0   00000020  0000001a  00000006  RWIX
  PIE_VECT              00000d00   00000100  00000100  00000000  RWIX
  DMA                   00001000   00000200  000000e0  00000120  RWIX
  MCBSPA                00005000   00000040  00000025  0000001b  RWIX
  MCBSPB                00005040   00000040  00000025  0000001b  RWIX
  ECANA                 00006000   00000040  00000034  0000000c  RWIX
  ECANA_LAM             00006040   00000040  00000040  00000000  RWIX
  ECANA_MOTS            00006080   00000040  00000040  00000000  RWIX
  ECANA_MOTO            000060c0   00000040  00000040  00000000  RWIX
  ECANA_MBOX            00006100   00000100  00000100  00000000  RWIX
  ECANB                 00006200   00000040  00000034  0000000c  RWIX
  ECANB_LAM             00006240   00000040  00000040  00000000  RWIX
  ECANB_MOTS            00006280   00000040  00000040  00000000  RWIX
  ECANB_MOTO            000062c0   00000040  00000040  00000000  RWIX
  ECANB_MBOX            00006300   00000100  00000100  00000000  RWIX
  EPWM1                 00006800   00000022  00000022  00000000  RWIX
  EPWM2                 00006840   00000022  00000022  00000000  RWIX
  EPWM3                 00006880   00000022  00000022  00000000  RWIX
  EPWM4                 000068c0   00000022  00000022  00000000  RWIX
  EPWM5                 00006900   00000022  00000022  00000000  RWIX
  EPWM6                 00006940   00000022  00000022  00000000  RWIX
  ECAP1                 00006a00   00000020  00000020  00000000  RWIX
  ECAP2                 00006a20   00000020  00000020  00000000  RWIX
  ECAP3                 00006a40   00000020  00000020  00000000  RWIX
  ECAP4                 00006a60   00000020  00000020  00000000  RWIX
  ECAP5                 00006a80   00000020  00000020  00000000  RWIX
  ECAP6                 00006aa0   00000020  00000020  00000000  RWIX
  EQEP1                 00006b00   00000040  00000040  00000000  RWIX
  EQEP2                 00006b40   00000040  00000040  00000000  RWIX
  GPIOCTRL              00006f80   00000040  0000002e  00000012  RWIX
  GPIODAT               00006fc0   00000020  00000020  00000000  RWIX
  GPIOINT               00006fe0   00000020  0000000a  00000016  RWIX
  SYSTEM                00007010   00000020  00000020  00000000  RWIX
  SPIA                  00007040   00000010  00000010  00000000  RWIX
  SCIA                  00007050   00000010  00000010  00000000  RWIX
  XINTRUPT              00007070   00000010  00000010  00000000  RWIX
  ADC                   00007100   00000020  0000001e  00000002  RWIX
  SCIB                  00007750   00000010  00000010  00000000  RWIX
  SCIC                  00007770   00000010  00000010  00000000  RWIX
  I2CA                  00007900   00000040  00000022  0000001e  RWIX
  L4SARAM               0000c000   00001000  00001000  00000000  RWIX
  L5SARAM               0000d000   00001000  00000eaa  00000156  RWIX
  L6SARAM               0000e000   00001000  00000000  00001000  RWIX
  L7SARAM               0000f000   00001000  00000000  00001000  RWIX
  CSM_PWL               0033fff8   00000008  00000008  00000000  RWIX
  PARTID                00380090   00000001  00000001  00000000  RWIX


SECTION ALLOCATION MAP

 output                                  attributes/
section   page    origin      length       input sections
--------  ----  ----------  ----------   ----------------
.pinit     0    00300000    00000000     UNINITIALIZED

secureRamFuncs 
*          0    00300000    00000ab1     RUN ADDR = 00008000
                  00300000    00000412     effect.obj (secureRamFuncs)
                  00300412    00000300     lcd.obj (secureRamFuncs)
                  00300712    000001b4     main.obj (secureRamFuncs:retain)
                  003008c6    00000086     spi.obj (secureRamFuncs)
                  0030094c    00000078     eeprom.obj (secureRamFuncs)
                  003009c4    00000076     effect.obj (secureRamFuncs:retain)
                  00300a3a    00000058     fft.obj (secureRamFuncs)
                  00300a92    0000001f     Flash.obj (secureRamFuncs)

.text      0    00300ab2    0000174d     
                  00300ab2    000003f4     DefaultIsr_nonBIOS.obj (.text:retain)
                  00300ea6    00000279     lcd.obj (.text)
                  0030111f    000001a1     main.obj (.text)
                  003012c0    0000015a     DSP2833x_Mcbsp.obj (.text)
                  0030141a    00000150     bp_iir.obj (.text)
                  0030156a    00000138     RFFT_adc_f32.obj (.text)
                  003016a2    0000012c     effect.obj (.text)
                  003017ce    00000110     sys.obj (.text)
                  003018de    0000010c     autoWah.obj (.text)
                  003019ea    0000009e     RFFT_adc_f32u.obj (.text)
                  00301a88    00000088     rts2800_fpu32.lib : fs_div.obj (.text)
                  00301b10    00000083                       : fd_mpy.obj (.text)
                  00301b93    0000007f     SysCtrl.obj (.text)
                  00301c12    00000074     DSP2833x_CpuTimers.obj (.text)
                  00301c86    0000006e     RFFT_f32_sincostable.obj (.text)
                  00301cf4    00000068     rts2800_fpu32.lib : exp.obj (.text)
                  00301d5c    00000061                       : cos.obj (.text)
                  00301dbd    00000061                       : tan.obj (.text)
                  00301e1e    0000005d     fft.obj (.text)
                  00301e7b    0000005a     rts2800_fpu32.lib : pow.obj (.text)
                  00301ed5    00000058                       : sin.obj (.text)
                  00301f2d    00000050                       : _log.obj (.text)
                  00301f7d    00000046                       : boot.obj (.text)
                  00301fc3    00000044     RFFT_f32_mag.obj (.text)
                  00302007    00000031     rts2800_fpu32.lib : ldexp.obj (.text)
                  00302038    00000030     PieCtrl_nonBIOS.obj (.text)
                  00302068    0000002e     rts2800_fpu32.lib : fmod.obj (.text)
                  00302096    0000002a     DSP2833x_Spi.obj (.text)
                  003020c0    00000023     rts2800_fpu32.lib : sqrt.obj (.text)
                  003020e3    00000022                       : i_div.obj (.text)
                  00302105    00000021                       : fd_toi.obj (.text)
                  00302126    00000021                       : memcpy_ff.obj (.text)
                  00302147    0000001c                       : fs_tofd.obj (.text)
                  00302163    0000001a                       : modf.obj (.text)
                  0030217d    00000019                       : args_main.obj (.text)
                  00302196    00000019                       : exit.obj (.text)
                  003021af    00000017     DSP2833x_I2C.obj (.text)
                  003021c6    00000016     rts2800_fpu32.lib : frexp.obj (.text)
                  003021dc    00000010     DelayUs.obj (.text)
                  003021ec    00000009     rts2800_fpu32.lib : _lock.obj (.text)
                  003021f5    00000007     CodeStartBranch.obj (.text)
                  003021fc    00000003     SetDBGIER.obj (.text)

.cinit     0    003021ff    00000110     
                  003021ff    000000ce     main.obj (.cinit)
                  003022cd    00000017     lowpass.obj (.cinit)
                  003022e4    0000000a     rts2800_fpu32.lib : _lock.obj (.cinit)
                  003022ee    0000000a                       : exit.obj (.cinit)
                  003022f8    00000009     fft.obj (.cinit)
                  00302301    00000004     effect.obj (.cinit)
                  00302305    00000004     rts2800_fpu32.lib : errno.obj (.cinit)
                  00302309    00000004                       : memory.obj (.cinit)
                  0030230d    00000002     --HOLE-- [fill = 0]

.econst    0    00302310    00000104     
                  00302310    00000100     PieVect_nonBIOS.obj (.econst)
                  00302410    00000004     fft.obj (.econst)

csm_rsvd   0    0033ff80    00000076     
                  0033ff80    00000076     Passwords.obj (csm_rsvd)

codestart 
*          0    0033fff6    00000002     
                  0033fff6    00000002     CodeStartBranch.obj (codestart)

passwords 
*          0    0033fff8    00000008     
                  0033fff8    00000008     Passwords.obj (passwords)

.adc_cal   0    00380080    00000007     NOLOAD SECTION
                  00380080    00000007     DSP2833x_ADC_cal.obj (.adc_cal)

.reset     0    003fffc0    00000002     DSECT
                  003fffc0    00000002     rts2800_fpu32.lib : boot.obj (.reset)

.stack     1    00000400    00000300     UNINITIALIZED
                  00000400    00000300     --HOLE--

DevEmuRegsFile 
*          1    00000880    000000d0     UNINITIALIZED
                  00000880    000000d0     DSP2833x_GlobalVariableDefs.obj (DevEmuRegsFile)

FlashRegsFile 
*          1    00000a80    00000008     UNINITIALIZED
                  00000a80    00000008     DSP2833x_GlobalVariableDefs.obj (FlashRegsFile)

CsmRegsFile 
*          1    00000ae0    00000010     UNINITIALIZED
                  00000ae0    00000010     DSP2833x_GlobalVariableDefs.obj (CsmRegsFile)

AdcMirrorFile 
*          1    00000b00    00000010     UNINITIALIZED
                  00000b00    00000010     DSP2833x_GlobalVariableDefs.obj (AdcMirrorFile)

XintfRegsFile 
*          1    00000b20    0000001e     UNINITIALIZED
                  00000b20    0000001e     DSP2833x_GlobalVariableDefs.obj (XintfRegsFile)

CpuTimer0RegsFile 
*          1    00000c00    00000008     UNINITIALIZED
                  00000c00    00000008     DSP2833x_GlobalVariableDefs.obj (CpuTimer0RegsFile)

CpuTimer1RegsFile 
*          1    00000c08    00000008     UNINITIALIZED
                  00000c08    00000008     DSP2833x_GlobalVariableDefs.obj (CpuTimer1RegsFile)

CpuTimer2RegsFile 
*          1    00000c10    00000008     UNINITIALIZED
                  00000c10    00000008     DSP2833x_GlobalVariableDefs.obj (CpuTimer2RegsFile)

PieCtrlRegsFile 
*          1    00000ce0    0000001a     UNINITIALIZED
                  00000ce0    0000001a     DSP2833x_GlobalVariableDefs.obj (PieCtrlRegsFile)

PieVectTableFile 
*          1    00000d00    00000100     UNINITIALIZED
                  00000d00    00000100     DSP2833x_GlobalVariableDefs.obj (PieVectTableFile)

DmaRegsFile 
*          1    00001000    000000e0     UNINITIALIZED
                  00001000    000000e0     DSP2833x_GlobalVariableDefs.obj (DmaRegsFile)

McbspaRegsFile 
*          1    00005000    00000025     UNINITIALIZED
                  00005000    00000025     DSP2833x_GlobalVariableDefs.obj (McbspaRegsFile)

McbspbRegsFile 
*          1    00005040    00000025     UNINITIALIZED
                  00005040    00000025     DSP2833x_GlobalVariableDefs.obj (McbspbRegsFile)

ECanaRegsFile 
*          1    00006000    00000034     UNINITIALIZED
                  00006000    00000034     DSP2833x_GlobalVariableDefs.obj (ECanaRegsFile)

ECanaLAMRegsFile 
*          1    00006040    00000040     UNINITIALIZED
                  00006040    00000040     DSP2833x_GlobalVariableDefs.obj (ECanaLAMRegsFile)

ECanaMOTSRegsFile 
*          1    00006080    00000040     UNINITIALIZED
                  00006080    00000040     DSP2833x_GlobalVariableDefs.obj (ECanaMOTSRegsFile)

ECanaMOTORegsFile 
*          1    000060c0    00000040     UNINITIALIZED
                  000060c0    00000040     DSP2833x_GlobalVariableDefs.obj (ECanaMOTORegsFile)

ECanaMboxesFile 
*          1    00006100    00000100     UNINITIALIZED
                  00006100    00000100     DSP2833x_GlobalVariableDefs.obj (ECanaMboxesFile)

ECanbRegsFile 
*          1    00006200    00000034     UNINITIALIZED
                  00006200    00000034     DSP2833x_GlobalVariableDefs.obj (ECanbRegsFile)

ECanbLAMRegsFile 
*          1    00006240    00000040     UNINITIALIZED
                  00006240    00000040     DSP2833x_GlobalVariableDefs.obj (ECanbLAMRegsFile)

ECanbMOTSRegsFile 
*          1    00006280    00000040     UNINITIALIZED
                  00006280    00000040     DSP2833x_GlobalVariableDefs.obj (ECanbMOTSRegsFile)

ECanbMOTORegsFile 
*          1    000062c0    00000040     UNINITIALIZED
                  000062c0    00000040     DSP2833x_GlobalVariableDefs.obj (ECanbMOTORegsFile)

ECanbMboxesFile 
*          1    00006300    00000100     UNINITIALIZED
                  00006300    00000100     DSP2833x_GlobalVariableDefs.obj (ECanbMboxesFile)

EPwm1RegsFile 
*          1    00006800    00000022     UNINITIALIZED
                  00006800    00000022     DSP2833x_GlobalVariableDefs.obj (EPwm1RegsFile)

EPwm2RegsFile 
*          1    00006840    00000022     UNINITIALIZED
                  00006840    00000022     DSP2833x_GlobalVariableDefs.obj (EPwm2RegsFile)

EPwm3RegsFile 
*          1    00006880    00000022     UNINITIALIZED
                  00006880    00000022     DSP2833x_GlobalVariableDefs.obj (EPwm3RegsFile)

EPwm4RegsFile 
*          1    000068c0    00000022     UNINITIALIZED
                  000068c0    00000022     DSP2833x_GlobalVariableDefs.obj (EPwm4RegsFile)

EPwm5RegsFile 
*          1    00006900    00000022     UNINITIALIZED
                  00006900    00000022     DSP2833x_GlobalVariableDefs.obj (EPwm5RegsFile)

EPwm6RegsFile 
*          1    00006940    00000022     UNINITIALIZED
                  00006940    00000022     DSP2833x_GlobalVariableDefs.obj (EPwm6RegsFile)

ECap1RegsFile 
*          1    00006a00    00000020     UNINITIALIZED
                  00006a00    00000020     DSP2833x_GlobalVariableDefs.obj (ECap1RegsFile)

ECap2RegsFile 
*          1    00006a20    00000020     UNINITIALIZED
                  00006a20    00000020     DSP2833x_GlobalVariableDefs.obj (ECap2RegsFile)

ECap3RegsFile 
*          1    00006a40    00000020     UNINITIALIZED
                  00006a40    00000020     DSP2833x_GlobalVariableDefs.obj (ECap3RegsFile)

ECap4RegsFile 
*          1    00006a60    00000020     UNINITIALIZED
                  00006a60    00000020     DSP2833x_GlobalVariableDefs.obj (ECap4RegsFile)

ECap5RegsFile 
*          1    00006a80    00000020     UNINITIALIZED
                  00006a80    00000020     DSP2833x_GlobalVariableDefs.obj (ECap5RegsFile)

ECap6RegsFile 
*          1    00006aa0    00000020     UNINITIALIZED
                  00006aa0    00000020     DSP2833x_GlobalVariableDefs.obj (ECap6RegsFile)

EQep1RegsFile 
*          1    00006b00    00000040     UNINITIALIZED
                  00006b00    00000040     DSP2833x_GlobalVariableDefs.obj (EQep1RegsFile)

EQep2RegsFile 
*          1    00006b40    00000040     UNINITIALIZED
                  00006b40    00000040     DSP2833x_GlobalVariableDefs.obj (EQep2RegsFile)

GpioCtrlRegsFile 
*          1    00006f80    0000002e     UNINITIALIZED
                  00006f80    0000002e     DSP2833x_GlobalVariableDefs.obj (GpioCtrlRegsFile)

GpioDataRegsFile 
*          1    00006fc0    00000020     UNINITIALIZED
                  00006fc0    00000020     DSP2833x_GlobalVariableDefs.obj (GpioDataRegsFile)

GpioIntRegsFile 
*          1    00006fe0    0000000a     UNINITIALIZED
                  00006fe0    0000000a     DSP2833x_GlobalVariableDefs.obj (GpioIntRegsFile)

SysCtrlRegsFile 
*          1    00007010    00000020     UNINITIALIZED
                  00007010    00000020     DSP2833x_GlobalVariableDefs.obj (SysCtrlRegsFile)

SpiaRegsFile 
*          1    00007040    00000010     UNINITIALIZED
                  00007040    00000010     DSP2833x_GlobalVariableDefs.obj (SpiaRegsFile)

SciaRegsFile 
*          1    00007050    00000010     UNINITIALIZED
                  00007050    00000010     DSP2833x_GlobalVariableDefs.obj (SciaRegsFile)

XIntruptRegsFile 
*          1    00007070    00000010     UNINITIALIZED
                  00007070    00000010     DSP2833x_GlobalVariableDefs.obj (XIntruptRegsFile)

AdcRegsFile 
*          1    00007100    0000001e     UNINITIALIZED
                  00007100    0000001e     DSP2833x_GlobalVariableDefs.obj (AdcRegsFile)

ScibRegsFile 
*          1    00007750    00000010     UNINITIALIZED
                  00007750    00000010     DSP2833x_GlobalVariableDefs.obj (ScibRegsFile)

ScicRegsFile 
*          1    00007770    00000010     UNINITIALIZED
                  00007770    00000010     DSP2833x_GlobalVariableDefs.obj (ScicRegsFile)

I2caRegsFile 
*          1    00007900    00000022     UNINITIALIZED
                  00007900    00000022     DSP2833x_GlobalVariableDefs.obj (I2caRegsFile)

.bss       1    0000c000    00000000     UNINITIALIZED

.sysmem    1    0000c000    00000400     UNINITIALIZED
                  0000c000    00000001     rts2800_fpu32.lib : memory.obj (.sysmem)
                  0000c001    000003ff     --HOLE--

.ebss.1    1    0000c400    00000c00     UNINITIALIZED
                  0000c400    0000070c     main.obj (.ebss)
                  0000cb0c    00000032     autoWah.obj (.ebss)
                  0000cb3e    00000001     rts2800_fpu32.lib : errno.obj (.ebss)
                  0000cb3f    00000001     --HOLE--
                  0000cb40    000004b0     bp_iir.obj (.ebss)
                  0000cff0    00000008     rts2800_fpu32.lib : memory.obj (.ebss)
                  0000cff8    00000004                       : _lock.obj (.ebss)
                  0000cffc    00000004                       : exit.obj (.ebss)

.ebss.2    1    0000d000    00000e3c     UNINITIALIZED
                  0000d000    00000c80     fft.obj (.ebss)
                  0000dc80    000001a3     lcd.obj (.ebss)
                  0000de23    00000001     --HOLE--
                  0000de24    00000018     DSP2833x_CpuTimers.obj (.ebss)

.ebss.3    1    0000de40    0000006e     UNINITIALIZED
                  0000de40    0000005a     effect.obj (.ebss)
                  0000de9a    00000014     lowpass.obj (.ebss)

CsmPwlFile 
*          1    0033fff8    00000008     UNINITIALIZED
                  0033fff8    00000008     DSP2833x_GlobalVariableDefs.obj (CsmPwlFile)

PartIdRegsFile 
*          1    00380090    00000001     UNINITIALIZED
                  00380090    00000001     DSP2833x_GlobalVariableDefs.obj (PartIdRegsFile)


GLOBAL DATA SYMBOLS: SORTED BY DATA PAGE

address     data page           name
--------    ----------------    ----
00000400      10 (00000400)     __stack

00000880      22 (00000880)     _DevEmuRegs

00000a80      2a (00000a80)     _FlashRegs

00000ae0      2b (00000ac0)     _CsmRegs

00000b00      2c (00000b00)     _AdcMirror
00000b20      2c (00000b00)     _XintfRegs

00000c00      30 (00000c00)     _CpuTimer0Regs
00000c08      30 (00000c00)     _CpuTimer1Regs
00000c10      30 (00000c00)     _CpuTimer2Regs

00000ce0      33 (00000cc0)     _PieCtrlRegs

00000d00      34 (00000d00)     _PieVectTable

00001000      40 (00001000)     _DmaRegs

00005000     140 (00005000)     _McbspaRegs

00005040     141 (00005040)     _McbspbRegs

00006000     180 (00006000)     _ECanaRegs

00006040     181 (00006040)     _ECanaLAMRegs

00006080     182 (00006080)     _ECanaMOTSRegs

000060c0     183 (000060c0)     _ECanaMOTORegs

00006100     184 (00006100)     _ECanaMboxes

00006200     188 (00006200)     _ECanbRegs

00006240     189 (00006240)     _ECanbLAMRegs

00006280     18a (00006280)     _ECanbMOTSRegs

000062c0     18b (000062c0)     _ECanbMOTORegs

00006300     18c (00006300)     _ECanbMboxes

00006800     1a0 (00006800)     _EPwm1Regs

00006840     1a1 (00006840)     _EPwm2Regs

00006880     1a2 (00006880)     _EPwm3Regs

000068c0     1a3 (000068c0)     _EPwm4Regs

00006900     1a4 (00006900)     _EPwm5Regs

00006940     1a5 (00006940)     _EPwm6Regs

00006a00     1a8 (00006a00)     _ECap1Regs
00006a20     1a8 (00006a00)     _ECap2Regs

00006a40     1a9 (00006a40)     _ECap3Regs
00006a60     1a9 (00006a40)     _ECap4Regs

00006a80     1aa (00006a80)     _ECap5Regs
00006aa0     1aa (00006a80)     _ECap6Regs

00006b00     1ac (00006b00)     _EQep1Regs

00006b40     1ad (00006b40)     _EQep2Regs

00006f80     1be (00006f80)     _GpioCtrlRegs

00006fc0     1bf (00006fc0)     _GpioDataRegs
00006fe0     1bf (00006fc0)     _GpioIntRegs

00007010     1c0 (00007000)     _SysCtrlRegs

00007040     1c1 (00007040)     _SpiaRegs
00007050     1c1 (00007040)     _SciaRegs
00007070     1c1 (00007040)     _XIntruptRegs

00007100     1c4 (00007100)     _AdcRegs

00007750     1dd (00007740)     _ScibRegs
00007770     1dd (00007740)     _ScicRegs

00007900     1e4 (00007900)     _I2caRegs

0000c000     300 (0000c000)     __sys_memory

0000c400     310 (0000c400)     _newLevel
0000c401     310 (0000c400)     _oldLevel
0000c402     310 (0000c400)     _updateLcd
0000c403     310 (0000c400)     _updateChange
0000c404     310 (0000c400)     _volumeLevel
0000c405     310 (0000c400)     _bassLevel
0000c406     310 (0000c400)     _updateFrequency
0000c407     310 (0000c400)     _numQueued
0000c408     310 (0000c400)     _updateCode
0000c409     310 (0000c400)     _tuner
0000c40a     310 (0000c400)     _preset
0000c40b     310 (0000c400)     _effectToToggle
0000c40c     310 (0000c400)     _indexToToggle
0000c40d     310 (0000c400)     _sysStart
0000c40e     310 (0000c400)     _freq
0000c40f     310 (0000c400)     _currentChangeScreen
0000c410     310 (0000c400)     _resetTimer
0000c411     310 (0000c400)     _toggle
0000c412     310 (0000c400)     _tremoloChange
0000c413     310 (0000c400)     _reverbChange
0000c414     310 (0000c400)     _bassChange
0000c415     310 (0000c400)     _chorusChange
0000c416     310 (0000c400)     _chorusLevel
0000c417     310 (0000c400)     _delayLevel
0000c418     310 (0000c400)     _tremoloLevel
0000c419     310 (0000c400)     _flangeLevel
0000c41a     310 (0000c400)     _volumeChange
0000c41b     310 (0000c400)     _updateVolume
0000c41c     310 (0000c400)     _reverbLevel
0000c41d     310 (0000c400)     _trebleLevel
0000c41e     310 (0000c400)     _newVolumeLevel
0000c41f     310 (0000c400)     _midChange
0000c420     310 (0000c400)     _trebleChange
0000c421     310 (0000c400)     _delayChange
0000c422     310 (0000c400)     _flangeChange
0000c423     310 (0000c400)     _midLevel
0000c424     310 (0000c400)     _sampleCount
0000c425     310 (0000c400)     _enc_position
0000c426     310 (0000c400)     _old_enc_value
0000c427     310 (0000c400)     _enc_value
0000c428     310 (0000c400)     _my_enc_val
0000c429     310 (0000c400)     _save
0000c42a     310 (0000c400)     _presetNumber
0000c42b     310 (0000c400)     _load
0000c42c     310 (0000c400)     _location
0000c436     310 (0000c400)     _mainDisplay

0000c440     311 (0000c440)     _adcVals
0000c44a     311 (0000c440)     _on_off
0000c454     311 (0000c440)     _enc_states
0000c464     311 (0000c440)     _list

0000c480     312 (0000c480)     _pipeline

0000cb10     32c (0000cb00)     _x
0000cb16     32c (0000cb00)     _y
0000cb3e     32c (0000cb00)     _errno

0000cff8     33f (0000cfc0)     __unlock
0000cffa     33f (0000cfc0)     __lock
0000cffc     33f (0000cfc0)     ___TI_cleanup_ptr
0000cffe     33f (0000cfc0)     ___TI_dtors_ptr

0000d000     340 (0000d000)     _FFTStartFlag
0000d004     340 (0000d000)     _rfft_adc
0000d008     340 (0000d000)     _rfft

0000d040     341 (0000d040)     _AdcBuf

0000d240     349 (0000d240)     _RFFTmagBuff

0000d480     352 (0000d480)     _RFFToutBuff

0000d880     362 (0000d880)     _RFFTF32Coef

0000dc80     372 (0000dc80)     _numInMainDisplay
0000dc81     372 (0000dc80)     _tunerScreen
0000dc82     372 (0000dc80)     _presetScreen
0000dc83     372 (0000dc80)     _currentPreset
0000dc84     372 (0000dc80)     _reprint

0000dcc0     373 (0000dcc0)     _noteChart

0000de24     378 (0000de00)     _CpuTimer1
0000de2c     378 (0000de00)     _CpuTimer2
0000de34     378 (0000de00)     _CpuTimer0

0000de40     379 (0000de40)     _Error
0000de41     379 (0000de40)     _writeDone
0000de42     379 (0000de40)     _readDone
0000de44     379 (0000de40)     _CurrentMsgPtr
0000de46     379 (0000de40)     _adcVal
0000de4b     379 (0000de40)     _messageOut
0000de60     379 (0000de40)     _messageIn

0000de80     37a (0000de80)     _returnArray
0000de9a     37a (0000de80)     _lowpass_coefficients

00302310    c08c (00302300)     _PieVectTableInit

0033fff8    cfff (0033ffc0)     _CsmPwl

00380090    e002 (00380080)     _PartIdRegs


GLOBAL SYMBOLS: SORTED ALPHABETICALLY BY Name 

address    name
--------   ----
0000c000   .bss
00300ab2   .text
00302196   C$$EXIT
00301b10   FD$$MPY
00302105   FD$$TOI
00301a88   FS$$DIV
00302147   FS$$TOFD
003020e3   I$$DIV
003020f4   I$$MOD
00300ba8   _ADCINT_ISR
00380080   _ADC_cal
0000d040   _AdcBuf
00000b00   _AdcMirror
00007100   _AdcRegs
003018de   _AutoWah_init
00301957   _AutoWah_process
00301968   _AutoWah_sweep
00301c4b   _ConfigCpuTimer
0000de34   _CpuTimer0
00000c00   _CpuTimer0Regs
0000de24   _CpuTimer1
00000c08   _CpuTimer1Regs
0000de2c   _CpuTimer2
00000c10   _CpuTimer2Regs
0033fff8   _CsmPwl
00000ae0   _CsmRegs
0000de44   _CurrentMsgPtr
00300ac6   _DATALOG_ISR
00300d3e   _DINTCH1_ISR
00300d4c   _DINTCH2_ISR
00300d5a   _DINTCH3_ISR
00300d68   _DINTCH4_ISR
00300d76   _DINTCH5_ISR
00300d84   _DINTCH6_ISR
003021dc   _DelayUs
00000880   _DevEmuRegs
00001000   _DmaRegs
00300e02   _ECAN0INTA_ISR
00300e1e   _ECAN0INTB_ISR
00300e10   _ECAN1INTA_ISR
00300e2c   _ECAN1INTB_ISR
00300c7a   _ECAP1_INT_ISR
00300c88   _ECAP2_INT_ISR
00300c96   _ECAP3_INT_ISR
00300ca4   _ECAP4_INT_ISR
00300cb2   _ECAP5_INT_ISR
00300cc0   _ECAP6_INT_ISR
00006040   _ECanaLAMRegs
000060c0   _ECanaMOTORegs
00006080   _ECanaMOTSRegs
00006100   _ECanaMboxes
00006000   _ECanaRegs
00006240   _ECanbLAMRegs
000062c0   _ECanbMOTORegs
00006280   _ECanbMOTSRegs
00006300   _ECanbMboxes
00006200   _ECanbRegs
00006a00   _ECap1Regs
00006a20   _ECap2Regs
00006a40   _ECap3Regs
00006a60   _ECap4Regs
00006a80   _ECap5Regs
00006aa0   _ECap6Regs
00300ada   _EMUINT_ISR
00300c26   _EPWM1_INT_ISR
00300bd2   _EPWM1_TZINT_ISR
00300c34   _EPWM2_INT_ISR
00300be0   _EPWM2_TZINT_ISR
00300c42   _EPWM3_INT_ISR
00300bee   _EPWM3_TZINT_ISR
00300c50   _EPWM4_INT_ISR
00300bfc   _EPWM4_TZINT_ISR
00300c5e   _EPWM5_INT_ISR
00300c0a   _EPWM5_TZINT_ISR
00300c6c   _EPWM6_INT_ISR
00300c18   _EPWM6_TZINT_ISR
00006800   _EPwm1Regs
00006840   _EPwm2Regs
00006880   _EPwm3Regs
000068c0   _EPwm4Regs
00006900   _EPwm5Regs
00006940   _EPwm6Regs
00300cce   _EQEP1_INT_ISR
00300cdc   _EQEP2_INT_ISR
00006b00   _EQep1Regs
00006b40   _EQep2Regs
0000de40   _Error
0000d000   _FFTStartFlag
00000a80   _FlashRegs
00006f80   _GpioCtrlRegs
00006fc0   _GpioDataRegs
00006fe0   _GpioIntRegs
0000894c   _I2CA_Init
00008992   _I2CA_ReadData
0000895f   _I2CA_WriteData
00300d92   _I2CINT1A_ISR
00300da0   _I2CINT2A_ISR
00007900   _I2caRegs
00300aee   _ILLEGAL_ISR
00300ab2   _INT13_ISR
00300abc   _INT14_ISR
00301c12   _InitCpuTimers
00008a92   _InitFlash
003021af   _InitI2C
003021b0   _InitI2CGpio
003012c0   _InitMcbsp
00301399   _InitMcbspGpio
003012c5   _InitMcbspa
00301324   _InitMcbspa12bit
0030132f   _InitMcbspa16bit
0030133a   _InitMcbspa20bit
00301345   _InitMcbspa24bit
00301350   _InitMcbspa32bit
0030131d   _InitMcbspa8bit
0030139e   _InitMcbspaGpio
003012f1   _InitMcbspb
00301362   _InitMcbspb12bit
0030136d   _InitMcbspb16bit
00301378   _InitMcbspb20bit
00301383   _InitMcbspb24bit
0030138e   _InitMcbspb32bit
0030135b   _InitMcbspb8bit
003013d8   _InitMcbspbGpio
00302038   _InitPieCtrl
00302096   _InitSpi
00302097   _InitSpiGpio
0030209a   _InitSpiaGpio
00301b93   _InitSysCtrl
00300e8e   _LUF_ISR
00300e80   _LVF_ISR
00300d22   _MRINTA_ISR
00300d06   _MRINTB_ISR
00300d30   _MXINTA_ISR
00300d14   _MXINTB_ISR
00005000   _McbspaRegs
00005040   _McbspbRegs
00300ae4   _NMI_ISR
00380090   _PartIdRegs
00000ce0   _PieCtrlRegs
00000d00   _PieVectTable
00302310   _PieVectTableInit
0000d880   _RFFTF32Coef
0030156a   _RFFT_adc_f32
003019ea   _RFFT_adc_f32u
00301fc3   _RFFT_f32_mag
00301c86   _RFFT_f32_sincostable
0000d240   _RFFTmagBuff
0000d480   _RFFToutBuff
00300ad0   _RTOSINT_ISR
00300dca   _SCIRXINTA_ISR
00300de6   _SCIRXINTB_ISR
00300dae   _SCIRXINTC_ISR
00300dd8   _SCITXINTA_ISR
00300df4   _SCITXINTB_ISR
00300dbc   _SCITXINTC_ISR
00300b70   _SEQ1INT_ISR
00300b7e   _SEQ2INT_ISR
00300cea   _SPIRXINTA_ISR
00300cf8   _SPITXINTA_ISR
00007050   _SciaRegs
00007750   _ScibRegs
00007770   _ScicRegs
003021fc   _SetDBGIER
00007040   _SpiaRegs
00007010   _SysCtrlRegs
00300bb6   _TINT0_ISR
00300b52   _USER10_ISR
00300b5c   _USER11_ISR
00300b66   _USER12_ISR
00300af8   _USER1_ISR
00300b02   _USER2_ISR
00300b0c   _USER3_ISR
00300b16   _USER4_ISR
00300b20   _USER5_ISR
00300b2a   _USER6_ISR
00300b34   _USER7_ISR
00300b3e   _USER8_ISR
00300b48   _USER9_ISR
00300bc4   _WAKEINT_ISR
00300b8c   _XINT1_ISR
00300b9a   _XINT2_ISR
00300e3a   _XINT3_ISR
00300e48   _XINT4_ISR
00300e56   _XINT5_ISR
00300e64   _XINT6_ISR
00300e72   _XINT7_ISR
00007070   _XIntruptRegs
00000b20   _XintfRegs
00000700   __STACK_END
00000300   __STACK_SIZE
00000400   __SYSMEM_SIZE
00000001   __TI_args_main
0000cffc   ___TI_cleanup_ptr
0000cffe   ___TI_dtors_ptr
ffffffff   ___binit__
0000c000   ___bss__
ffffffff   ___c_args__
003021ff   ___cinit__
0000c000   ___end__
003021ff   ___etext__
00302126   ___memcpy_ff
ffffffff   ___pinit__
00300ab2   ___text__
0030217d   __args_main
0000cffa   __lock
00301f2d   __log
003021f4   __nop
003021f0   __register_lock
003021ec   __register_unlock
00000400   __stack
0000c000   __sys_memory
0000cff8   __unlock
00302196   _abort
0000de46   _adcVal
0000c440   _adcVals
000085fc   _addToLCD
0000c414   _bassChange
0000c405   _bassLevel
0030150a   _bp_iir_filter
0030141a   _bp_iir_init
003014d7   _bp_iir_setup
00301f7d   _c_int00
0000c415   _chorusChange
0000c416   _chorusLevel
00301262   _clearPipeline
00301404   _clkg_delay_loop
000086d7   _controlLCD
00301d5c   _cos
00008712   _cpu_timer0_isr
00008765   _cpu_timer1_isr
0000c40f   _currentChangeScreen
0000dc83   _currentPreset
0000c421   _delayChange
0000c417   _delayLevel
003013ee   _delay_loop
000083e8   _eepromRead
000083cd   _eepromWrite
0000c40b   _effectToToggle
00008836   _effects
0000c425   _enc_position
0000c454   _enc_states
0000c427   _enc_value
0000cb3e   _errno
00302198   _exit
00301cf4   _exp
00008a3a   _findFrequency
00300f11   _findNote
0000c422   _flangeChange
0000c419   _flangeLevel
00302068   _fmod
0000c40e   _freq
003021c6   _frexp
000085ad   _goToMain
000089c4   _i2c_int1a_isr
0030129b   _indexLookup
0000c40c   _indexToToggle
003016a2   _initEffects
00301e1e   _initFFT
003017ce   _initINTS
00301000   _initLCD
000088e6   _init_adc_spi
000088fe   _init_mcbsp_spi
00302007   _ldexp
0000c464   _list
0000c42b   _load
00008259   _loadPreset
00300ef7   _loadPresetScreen
000087f2   _load_preset
0000c42c   _location
0000de9a   _lowpass_coefficients
0030111f   _main
0000c436   _mainDisplay
00008939   _mcbsp_xmit
0000de60   _messageIn
0000de4b   _messageOut
0000c41f   _midChange
0000c423   _midLevel
00302163   _modf
0000c428   _my_enc_val
0000c400   _newLevel
0000c41e   _newVolumeLevel
0000dcc0   _noteChart
0000dc80   _numInMainDisplay
0000c407   _numQueued
0000c401   _oldLevel
0000c426   _old_enc_value
0000c44a   _on_off
0000c480   _pipeline
00301e7b   _pow
0000c40a   _preset
0000c42a   _presetNumber
0000dc82   _presetScreen
000087c1   _preset_down
0000878f   _preset_up
00300edb   _printChorus
00300ea6   _printDelay
00300ebf   _printFlange
0000868d   _printFreq
000086f9   _printLCD
00008431   _printReverb
00008412   _printTremolo
00008000   _process
003017c4   _processChorus
00008037   _processCrunch
003016e6   _processDelay
00008021   _processDistortion
003016f9   _processFlange
003016f4   _processPhaser
003017c9   _processPitchShift
0000809f   _processReverb
0000804d   _processTremolo
003016eb   _processWah
0030123e   _queueEffect
0000de42   _readDone
000088d5   _read_adc
003011f4   _read_encoder
0000dc84   _reprint
0000c410   _resetTimer
0000de80   _returnArray
0000c413   _reverbChange
0000c41c   _reverbLevel
0000d008   _rfft
0000d004   _rfft_adc
003015fa   _rfft_adc_f32_Stages4andUp
00300e9c   _rsvd_ISR
0000c424   _sampleCount
0000c429   _save
00008120   _savePreset
00008814   _save_preset
00000ab1   _secureRamFuncs_loadsize
00300000   _secureRamFuncs_loadstart
00008000   _secureRamFuncs_runstart
000085ee   _shiftCursor
00301ed5   _sin
003020c0   _sqrt
00301e5f   _storeFFT
0000c40d   _sysStart
00301dbd   _tan
0000c411   _toggle
00301285   _toggleEffectOnDisplay
00008662   _toggleLCD
00301222   _toggleOn_Off
0000c420   _trebleChange
0000c41d   _trebleLevel
0000c412   _tremoloChange
0000c418   _tremoloLevel
0000c409   _tuner
0000dc81   _tunerScreen
0000c403   _updateChange
0000c408   _updateCode
0000c406   _updateFrequency
00008493   _updateLCD
0000c402   _updateLcd
0000844d   _updateLevel
003018cd   _updateTimer0
0000c41b   _updateVolume
0000c41a   _volumeChange
0000c404   _volumeLevel
0000de41   _writeDone
000088c6   _write_dac
0000cb10   _x
0000cb16   _y
ffffffff   binit
003021ff   cinit
0033fff6   code_start
0000c000   end
003021ff   etext
ffffffff   pinit


GLOBAL SYMBOLS: SORTED BY Symbol Address 

address    name
--------   ----
00000001   __TI_args_main
00000300   __STACK_SIZE
00000400   __SYSMEM_SIZE
00000400   __stack
00000700   __STACK_END
00000880   _DevEmuRegs
00000a80   _FlashRegs
00000ab1   _secureRamFuncs_loadsize
00000ae0   _CsmRegs
00000b00   _AdcMirror
00000b20   _XintfRegs
00000c00   _CpuTimer0Regs
00000c08   _CpuTimer1Regs
00000c10   _CpuTimer2Regs
00000ce0   _PieCtrlRegs
00000d00   _PieVectTable
00001000   _DmaRegs
00005000   _McbspaRegs
00005040   _McbspbRegs
00006000   _ECanaRegs
00006040   _ECanaLAMRegs
00006080   _ECanaMOTSRegs
000060c0   _ECanaMOTORegs
00006100   _ECanaMboxes
00006200   _ECanbRegs
00006240   _ECanbLAMRegs
00006280   _ECanbMOTSRegs
000062c0   _ECanbMOTORegs
00006300   _ECanbMboxes
00006800   _EPwm1Regs
00006840   _EPwm2Regs
00006880   _EPwm3Regs
000068c0   _EPwm4Regs
00006900   _EPwm5Regs
00006940   _EPwm6Regs
00006a00   _ECap1Regs
00006a20   _ECap2Regs
00006a40   _ECap3Regs
00006a60   _ECap4Regs
00006a80   _ECap5Regs
00006aa0   _ECap6Regs
00006b00   _EQep1Regs
00006b40   _EQep2Regs
00006f80   _GpioCtrlRegs
00006fc0   _GpioDataRegs
00006fe0   _GpioIntRegs
00007010   _SysCtrlRegs
00007040   _SpiaRegs
00007050   _SciaRegs
00007070   _XIntruptRegs
00007100   _AdcRegs
00007750   _ScibRegs
00007770   _ScicRegs
00007900   _I2caRegs
00008000   _process
00008000   _secureRamFuncs_runstart
00008021   _processDistortion
00008037   _processCrunch
0000804d   _processTremolo
0000809f   _processReverb
00008120   _savePreset
00008259   _loadPreset
000083cd   _eepromWrite
000083e8   _eepromRead
00008412   _printTremolo
00008431   _printReverb
0000844d   _updateLevel
00008493   _updateLCD
000085ad   _goToMain
000085ee   _shiftCursor
000085fc   _addToLCD
00008662   _toggleLCD
0000868d   _printFreq
000086d7   _controlLCD
000086f9   _printLCD
00008712   _cpu_timer0_isr
00008765   _cpu_timer1_isr
0000878f   _preset_up
000087c1   _preset_down
000087f2   _load_preset
00008814   _save_preset
00008836   _effects
000088c6   _write_dac
000088d5   _read_adc
000088e6   _init_adc_spi
000088fe   _init_mcbsp_spi
00008939   _mcbsp_xmit
0000894c   _I2CA_Init
0000895f   _I2CA_WriteData
00008992   _I2CA_ReadData
000089c4   _i2c_int1a_isr
00008a3a   _findFrequency
00008a92   _InitFlash
0000c000   .bss
0000c000   ___bss__
0000c000   ___end__
0000c000   __sys_memory
0000c000   end
0000c400   _newLevel
0000c401   _oldLevel
0000c402   _updateLcd
0000c403   _updateChange
0000c404   _volumeLevel
0000c405   _bassLevel
0000c406   _updateFrequency
0000c407   _numQueued
0000c408   _updateCode
0000c409   _tuner
0000c40a   _preset
0000c40b   _effectToToggle
0000c40c   _indexToToggle
0000c40d   _sysStart
0000c40e   _freq
0000c40f   _currentChangeScreen
0000c410   _resetTimer
0000c411   _toggle
0000c412   _tremoloChange
0000c413   _reverbChange
0000c414   _bassChange
0000c415   _chorusChange
0000c416   _chorusLevel
0000c417   _delayLevel
0000c418   _tremoloLevel
0000c419   _flangeLevel
0000c41a   _volumeChange
0000c41b   _updateVolume
0000c41c   _reverbLevel
0000c41d   _trebleLevel
0000c41e   _newVolumeLevel
0000c41f   _midChange
0000c420   _trebleChange
0000c421   _delayChange
0000c422   _flangeChange
0000c423   _midLevel
0000c424   _sampleCount
0000c425   _enc_position
0000c426   _old_enc_value
0000c427   _enc_value
0000c428   _my_enc_val
0000c429   _save
0000c42a   _presetNumber
0000c42b   _load
0000c42c   _location
0000c436   _mainDisplay
0000c440   _adcVals
0000c44a   _on_off
0000c454   _enc_states
0000c464   _list
0000c480   _pipeline
0000cb10   _x
0000cb16   _y
0000cb3e   _errno
0000cff8   __unlock
0000cffa   __lock
0000cffc   ___TI_cleanup_ptr
0000cffe   ___TI_dtors_ptr
0000d000   _FFTStartFlag
0000d004   _rfft_adc
0000d008   _rfft
0000d040   _AdcBuf
0000d240   _RFFTmagBuff
0000d480   _RFFToutBuff
0000d880   _RFFTF32Coef
0000dc80   _numInMainDisplay
0000dc81   _tunerScreen
0000dc82   _presetScreen
0000dc83   _currentPreset
0000dc84   _reprint
0000dcc0   _noteChart
0000de24   _CpuTimer1
0000de2c   _CpuTimer2
0000de34   _CpuTimer0
0000de40   _Error
0000de41   _writeDone
0000de42   _readDone
0000de44   _CurrentMsgPtr
0000de46   _adcVal
0000de4b   _messageOut
0000de60   _messageIn
0000de80   _returnArray
0000de9a   _lowpass_coefficients
00300000   _secureRamFuncs_loadstart
00300ab2   .text
00300ab2   _INT13_ISR
00300ab2   ___text__
00300abc   _INT14_ISR
00300ac6   _DATALOG_ISR
00300ad0   _RTOSINT_ISR
00300ada   _EMUINT_ISR
00300ae4   _NMI_ISR
00300aee   _ILLEGAL_ISR
00300af8   _USER1_ISR
00300b02   _USER2_ISR
00300b0c   _USER3_ISR
00300b16   _USER4_ISR
00300b20   _USER5_ISR
00300b2a   _USER6_ISR
00300b34   _USER7_ISR
00300b3e   _USER8_ISR
00300b48   _USER9_ISR
00300b52   _USER10_ISR
00300b5c   _USER11_ISR
00300b66   _USER12_ISR
00300b70   _SEQ1INT_ISR
00300b7e   _SEQ2INT_ISR
00300b8c   _XINT1_ISR
00300b9a   _XINT2_ISR
00300ba8   _ADCINT_ISR
00300bb6   _TINT0_ISR
00300bc4   _WAKEINT_ISR
00300bd2   _EPWM1_TZINT_ISR
00300be0   _EPWM2_TZINT_ISR
00300bee   _EPWM3_TZINT_ISR
00300bfc   _EPWM4_TZINT_ISR
00300c0a   _EPWM5_TZINT_ISR
00300c18   _EPWM6_TZINT_ISR
00300c26   _EPWM1_INT_ISR
00300c34   _EPWM2_INT_ISR
00300c42   _EPWM3_INT_ISR
00300c50   _EPWM4_INT_ISR
00300c5e   _EPWM5_INT_ISR
00300c6c   _EPWM6_INT_ISR
00300c7a   _ECAP1_INT_ISR
00300c88   _ECAP2_INT_ISR
00300c96   _ECAP3_INT_ISR
00300ca4   _ECAP4_INT_ISR
00300cb2   _ECAP5_INT_ISR
00300cc0   _ECAP6_INT_ISR
00300cce   _EQEP1_INT_ISR
00300cdc   _EQEP2_INT_ISR
00300cea   _SPIRXINTA_ISR
00300cf8   _SPITXINTA_ISR
00300d06   _MRINTB_ISR
00300d14   _MXINTB_ISR
00300d22   _MRINTA_ISR
00300d30   _MXINTA_ISR
00300d3e   _DINTCH1_ISR
00300d4c   _DINTCH2_ISR
00300d5a   _DINTCH3_ISR
00300d68   _DINTCH4_ISR
00300d76   _DINTCH5_ISR
00300d84   _DINTCH6_ISR
00300d92   _I2CINT1A_ISR
00300da0   _I2CINT2A_ISR
00300dae   _SCIRXINTC_ISR
00300dbc   _SCITXINTC_ISR
00300dca   _SCIRXINTA_ISR
00300dd8   _SCITXINTA_ISR
00300de6   _SCIRXINTB_ISR
00300df4   _SCITXINTB_ISR
00300e02   _ECAN0INTA_ISR
00300e10   _ECAN1INTA_ISR
00300e1e   _ECAN0INTB_ISR
00300e2c   _ECAN1INTB_ISR
00300e3a   _XINT3_ISR
00300e48   _XINT4_ISR
00300e56   _XINT5_ISR
00300e64   _XINT6_ISR
00300e72   _XINT7_ISR
00300e80   _LVF_ISR
00300e8e   _LUF_ISR
00300e9c   _rsvd_ISR
00300ea6   _printDelay
00300ebf   _printFlange
00300edb   _printChorus
00300ef7   _loadPresetScreen
00300f11   _findNote
00301000   _initLCD
0030111f   _main
003011f4   _read_encoder
00301222   _toggleOn_Off
0030123e   _queueEffect
00301262   _clearPipeline
00301285   _toggleEffectOnDisplay
0030129b   _indexLookup
003012c0   _InitMcbsp
003012c5   _InitMcbspa
003012f1   _InitMcbspb
0030131d   _InitMcbspa8bit
00301324   _InitMcbspa12bit
0030132f   _InitMcbspa16bit
0030133a   _InitMcbspa20bit
00301345   _InitMcbspa24bit
00301350   _InitMcbspa32bit
0030135b   _InitMcbspb8bit
00301362   _InitMcbspb12bit
0030136d   _InitMcbspb16bit
00301378   _InitMcbspb20bit
00301383   _InitMcbspb24bit
0030138e   _InitMcbspb32bit
00301399   _InitMcbspGpio
0030139e   _InitMcbspaGpio
003013d8   _InitMcbspbGpio
003013ee   _delay_loop
00301404   _clkg_delay_loop
0030141a   _bp_iir_init
003014d7   _bp_iir_setup
0030150a   _bp_iir_filter
0030156a   _RFFT_adc_f32
003015fa   _rfft_adc_f32_Stages4andUp
003016a2   _initEffects
003016e6   _processDelay
003016eb   _processWah
003016f4   _processPhaser
003016f9   _processFlange
003017c4   _processChorus
003017c9   _processPitchShift
003017ce   _initINTS
003018cd   _updateTimer0
003018de   _AutoWah_init
00301957   _AutoWah_process
00301968   _AutoWah_sweep
003019ea   _RFFT_adc_f32u
00301a88   FS$$DIV
00301b10   FD$$MPY
00301b93   _InitSysCtrl
00301c12   _InitCpuTimers
00301c4b   _ConfigCpuTimer
00301c86   _RFFT_f32_sincostable
00301cf4   _exp
00301d5c   _cos
00301dbd   _tan
00301e1e   _initFFT
00301e5f   _storeFFT
00301e7b   _pow
00301ed5   _sin
00301f2d   __log
00301f7d   _c_int00
00301fc3   _RFFT_f32_mag
00302007   _ldexp
00302038   _InitPieCtrl
00302068   _fmod
00302096   _InitSpi
00302097   _InitSpiGpio
0030209a   _InitSpiaGpio
003020c0   _sqrt
003020e3   I$$DIV
003020f4   I$$MOD
00302105   FD$$TOI
00302126   ___memcpy_ff
00302147   FS$$TOFD
00302163   _modf
0030217d   __args_main
00302196   C$$EXIT
00302196   _abort
00302198   _exit
003021af   _InitI2C
003021b0   _InitI2CGpio
003021c6   _frexp
003021dc   _DelayUs
003021ec   __register_unlock
003021f0   __register_lock
003021f4   __nop
003021fc   _SetDBGIER
003021ff   ___cinit__
003021ff   ___etext__
003021ff   cinit
003021ff   etext
00302310   _PieVectTableInit
0033fff6   code_start
0033fff8   _CsmPwl
00380080   _ADC_cal
00380090   _PartIdRegs
ffffffff   ___binit__
ffffffff   ___c_args__
ffffffff   ___pinit__
ffffffff   binit
ffffffff   pinit

[368 symbols]
