******************************************************************************
             TMS320C2000 Linker PC v6.2.7                      
******************************************************************************
>> Linked Wed Nov 12 00:46:39 2014

OUTPUT FILE NAME:   <guitarEffects.out>
ENTRY POINT SYMBOL: "_c_int00"  address: 00301d05


MEMORY CONFIGURATION

         name            origin    length      used     unused   attr    fill
----------------------  --------  ---------  --------  --------  ----  --------
PAGE 0:
  BEGIN_M0              00000000   00000002  00000000  00000002  RWIX
  L0123SARAM            00008000   00004000  00000979  00003687  RWIX
  FLASH_ABCDEFGH        00300000   0003ff80  000020e0  0003dea0  R   
  CSM_RSVD              0033ff80   00000076  00000076  00000000  R   
  BEGIN_FLASH           0033fff6   00000002  00000002  00000000  R   
  PASSWORDS             0033fff8   00000008  00000008  00000000  R   
  ADC_CAL               00380080   00000009  00000007  00000002  RWIX
  OTP                   00380400   00000400  00000000  00000400  R   
  IQTABLES              003fe000   00000b50  00000000  00000b50  R   
  IQTABLES2             003feb50   0000008c  00000000  0000008c  R   
  FPUTABLES             003febdc   000006a0  00000000  000006a0  R   
  RESET                 003fffc0   00000002  00000000  00000002  R   

PAGE 1:
  M0SARAM               00000002   000003fe  00000000  000003fe  RWIX
  M1SARAM               00000400   00000400  00000300  00000100  RWIX
  DEV_EMU               00000880   00000180  000000d0  000000b0  RWIX
  FLASH_REGS            00000a80   00000060  00000008  00000058  RWIX
  CSM                   00000ae0   00000010  00000010  00000000  RWIX
  ADC_MIRROR            00000b00   00000010  00000010  00000000  RWIX
  XINTF                 00000b20   00000020  0000001e  00000002  RWIX
  CPU_TIMER0            00000c00   00000008  00000008  00000000  RWIX
  CPU_TIMER1            00000c08   00000008  00000008  00000000  RWIX
  CPU_TIMER2            00000c10   00000008  00000008  00000000  RWIX
  PIE_CTRL              00000ce0   00000020  0000001a  00000006  RWIX
  PIE_VECT              00000d00   00000100  00000100  00000000  RWIX
  DMA                   00001000   00000200  000000e0  00000120  RWIX
  MCBSPA                00005000   00000040  00000025  0000001b  RWIX
  MCBSPB                00005040   00000040  00000025  0000001b  RWIX
  ECANA                 00006000   00000040  00000034  0000000c  RWIX
  ECANA_LAM             00006040   00000040  00000040  00000000  RWIX
  ECANA_MOTS            00006080   00000040  00000040  00000000  RWIX
  ECANA_MOTO            000060c0   00000040  00000040  00000000  RWIX
  ECANA_MBOX            00006100   00000100  00000100  00000000  RWIX
  ECANB                 00006200   00000040  00000034  0000000c  RWIX
  ECANB_LAM             00006240   00000040  00000040  00000000  RWIX
  ECANB_MOTS            00006280   00000040  00000040  00000000  RWIX
  ECANB_MOTO            000062c0   00000040  00000040  00000000  RWIX
  ECANB_MBOX            00006300   00000100  00000100  00000000  RWIX
  EPWM1                 00006800   00000022  00000022  00000000  RWIX
  EPWM2                 00006840   00000022  00000022  00000000  RWIX
  EPWM3                 00006880   00000022  00000022  00000000  RWIX
  EPWM4                 000068c0   00000022  00000022  00000000  RWIX
  EPWM5                 00006900   00000022  00000022  00000000  RWIX
  EPWM6                 00006940   00000022  00000022  00000000  RWIX
  ECAP1                 00006a00   00000020  00000020  00000000  RWIX
  ECAP2                 00006a20   00000020  00000020  00000000  RWIX
  ECAP3                 00006a40   00000020  00000020  00000000  RWIX
  ECAP4                 00006a60   00000020  00000020  00000000  RWIX
  ECAP5                 00006a80   00000020  00000020  00000000  RWIX
  ECAP6                 00006aa0   00000020  00000020  00000000  RWIX
  EQEP1                 00006b00   00000040  00000040  00000000  RWIX
  EQEP2                 00006b40   00000040  00000040  00000000  RWIX
  GPIOCTRL              00006f80   00000040  0000002e  00000012  RWIX
  GPIODAT               00006fc0   00000020  00000020  00000000  RWIX
  GPIOINT               00006fe0   00000020  0000000a  00000016  RWIX
  SYSTEM                00007010   00000020  00000020  00000000  RWIX
  SPIA                  00007040   00000010  00000010  00000000  RWIX
  SCIA                  00007050   00000010  00000010  00000000  RWIX
  XINTRUPT              00007070   00000010  00000010  00000000  RWIX
  ADC                   00007100   00000020  0000001e  00000002  RWIX
  SCIB                  00007750   00000010  00000010  00000000  RWIX
  SCIC                  00007770   00000010  00000010  00000000  RWIX
  I2CA                  00007900   00000040  00000022  0000001e  RWIX
  L4SARAM               0000c000   00001000  00000c12  000003ee  RWIX
  L5SARAM               0000d000   00001000  00000c80  00000380  RWIX
  L6SARAM               0000e000   00001000  00000000  00001000  RWIX
  L7SARAM               0000f000   00001000  00000000  00001000  RWIX
  CSM_PWL               0033fff8   00000008  00000008  00000000  RWIX
  PARTID                00380090   00000001  00000001  00000000  RWIX


SECTION ALLOCATION MAP

 output                                  attributes/
section   page    origin      length       input sections
--------  ----  ----------  ----------   ----------------
.pinit     0    00300000    00000000     UNINITIALIZED

secureRamFuncs 
*          0    00300000    00000979     RUN ADDR = 00008000
                  00300000    00000316     lcd.obj (secureRamFuncs)
                  00300316    000002cf     effect.obj (secureRamFuncs)
                  003005e5    000001a9     main.obj (secureRamFuncs:retain)
                  0030078e    00000086     spi.obj (secureRamFuncs)
                  00300814    00000078     eeprom.obj (secureRamFuncs)
                  0030088c    00000076     effect.obj (secureRamFuncs:retain)
                  00300902    00000058     fft.obj (secureRamFuncs)
                  0030095a    0000001f     Flash.obj (secureRamFuncs)

.text      0    0030097a    000015c4     
                  0030097a    000003f4     DefaultIsr_nonBIOS.obj (.text:retain)
                  00300d6e    0000031a     lcd.obj (.text)
                  00301088    0000023b     effect.obj (.text)
                  003012c3    00000219     main.obj (.text)
                  003014dc    00000157     DSP2833x_Mcbsp.obj (.text)
                  00301633    00000001     --HOLE-- [fill = 0]
                  00301634    00000138     RFFT_adc_f32.obj (.text)
                  0030176c    0000012d     sys.obj (.text)
                  00301899    00000001     --HOLE-- [fill = 0]
                  0030189a    0000009e     RFFT_adc_f32u.obj (.text)
                  00301938    00000088     rts2800_fpu32.lib : fs_div.obj (.text)
                  003019c0    00000083                       : fd_mpy.obj (.text)
                  00301a43    0000007f     SysCtrl.obj (.text)
                  00301ac2    00000074     DSP2833x_CpuTimers.obj (.text)
                  00301b36    0000006e     RFFT_f32_sincostable.obj (.text)
                  00301ba4    00000061     rts2800_fpu32.lib : cos.obj (.text)
                  00301c05    0000005d     fft.obj (.text)
                  00301c62    00000058     rts2800_fpu32.lib : sin.obj (.text)
                  00301cba    0000004b     main.obj (.text:retain)
                  00301d05    00000046     rts2800_fpu32.lib : boot.obj (.text)
                  00301d4b    00000044     RFFT_f32_mag.obj (.text)
                  00301d8f    00000030     PieCtrl_nonBIOS.obj (.text)
                  00301dbf    0000002e     rts2800_fpu32.lib : fmod.obj (.text)
                  00301ded    0000002a     DSP2833x_Spi.obj (.text)
                  00301e17    00000001     --HOLE-- [fill = 0]
                  00301e18    00000023     rts2800_fpu32.lib : sqrt.obj (.text)
                  00301e3b    00000022                       : i_div.obj (.text)
                  00301e5d    00000021                       : fd_toi.obj (.text)
                  00301e7e    00000021                       : memcpy_ff.obj (.text)
                  00301e9f    0000001c                       : fs_tofd.obj (.text)
                  00301ebb    0000001a                       : modf.obj (.text)
                  00301ed5    00000019                       : args_main.obj (.text)
                  00301eee    00000019                       : exit.obj (.text)
                  00301f07    00000014     DSP2833x_I2C.obj (.text)
                  00301f1b    00000010     DelayUs.obj (.text)
                  00301f2b    00000009     rts2800_fpu32.lib : _lock.obj (.text)
                  00301f34    00000007     CodeStartBranch.obj (.text)
                  00301f3b    00000003     SetDBGIER.obj (.text)

.econst    0    00301f3e    00000104     
                  00301f3e    00000100     PieVect_nonBIOS.obj (.econst)
                  0030203e    00000004     fft.obj (.econst)

.cinit     0    00302042    0000009f     
                  00302042    0000005d     main.obj (.cinit)
                  0030209f    00000017     lowpass.obj (.cinit)
                  003020b6    0000000a     rts2800_fpu32.lib : _lock.obj (.cinit)
                  003020c0    0000000a                       : exit.obj (.cinit)
                  003020ca    00000009     fft.obj (.cinit)
                  003020d3    00000004     effect.obj (.cinit)
                  003020d7    00000004     rts2800_fpu32.lib : errno.obj (.cinit)
                  003020db    00000004                       : memory.obj (.cinit)
                  003020df    00000002     --HOLE-- [fill = 0]

csm_rsvd   0    0033ff80    00000076     
                  0033ff80    00000076     Passwords.obj (csm_rsvd)

codestart 
*          0    0033fff6    00000002     
                  0033fff6    00000002     CodeStartBranch.obj (codestart)

passwords 
*          0    0033fff8    00000008     
                  0033fff8    00000008     Passwords.obj (passwords)

.adc_cal   0    00380080    00000007     NOLOAD SECTION
                  00380080    00000007     DSP2833x_ADC_cal.obj (.adc_cal)

.reset     0    003fffc0    00000002     DSECT
                  003fffc0    00000002     rts2800_fpu32.lib : boot.obj (.reset)

.stack     1    00000400    00000300     UNINITIALIZED
                  00000400    00000300     --HOLE--

DevEmuRegsFile 
*          1    00000880    000000d0     UNINITIALIZED
                  00000880    000000d0     DSP2833x_GlobalVariableDefs.obj (DevEmuRegsFile)

FlashRegsFile 
*          1    00000a80    00000008     UNINITIALIZED
                  00000a80    00000008     DSP2833x_GlobalVariableDefs.obj (FlashRegsFile)

CsmRegsFile 
*          1    00000ae0    00000010     UNINITIALIZED
                  00000ae0    00000010     DSP2833x_GlobalVariableDefs.obj (CsmRegsFile)

AdcMirrorFile 
*          1    00000b00    00000010     UNINITIALIZED
                  00000b00    00000010     DSP2833x_GlobalVariableDefs.obj (AdcMirrorFile)

XintfRegsFile 
*          1    00000b20    0000001e     UNINITIALIZED
                  00000b20    0000001e     DSP2833x_GlobalVariableDefs.obj (XintfRegsFile)

CpuTimer0RegsFile 
*          1    00000c00    00000008     UNINITIALIZED
                  00000c00    00000008     DSP2833x_GlobalVariableDefs.obj (CpuTimer0RegsFile)

CpuTimer1RegsFile 
*          1    00000c08    00000008     UNINITIALIZED
                  00000c08    00000008     DSP2833x_GlobalVariableDefs.obj (CpuTimer1RegsFile)

CpuTimer2RegsFile 
*          1    00000c10    00000008     UNINITIALIZED
                  00000c10    00000008     DSP2833x_GlobalVariableDefs.obj (CpuTimer2RegsFile)

PieCtrlRegsFile 
*          1    00000ce0    0000001a     UNINITIALIZED
                  00000ce0    0000001a     DSP2833x_GlobalVariableDefs.obj (PieCtrlRegsFile)

PieVectTableFile 
*          1    00000d00    00000100     UNINITIALIZED
                  00000d00    00000100     DSP2833x_GlobalVariableDefs.obj (PieVectTableFile)

DmaRegsFile 
*          1    00001000    000000e0     UNINITIALIZED
                  00001000    000000e0     DSP2833x_GlobalVariableDefs.obj (DmaRegsFile)

McbspaRegsFile 
*          1    00005000    00000025     UNINITIALIZED
                  00005000    00000025     DSP2833x_GlobalVariableDefs.obj (McbspaRegsFile)

McbspbRegsFile 
*          1    00005040    00000025     UNINITIALIZED
                  00005040    00000025     DSP2833x_GlobalVariableDefs.obj (McbspbRegsFile)

ECanaRegsFile 
*          1    00006000    00000034     UNINITIALIZED
                  00006000    00000034     DSP2833x_GlobalVariableDefs.obj (ECanaRegsFile)

ECanaLAMRegsFile 
*          1    00006040    00000040     UNINITIALIZED
                  00006040    00000040     DSP2833x_GlobalVariableDefs.obj (ECanaLAMRegsFile)

ECanaMOTSRegsFile 
*          1    00006080    00000040     UNINITIALIZED
                  00006080    00000040     DSP2833x_GlobalVariableDefs.obj (ECanaMOTSRegsFile)

ECanaMOTORegsFile 
*          1    000060c0    00000040     UNINITIALIZED
                  000060c0    00000040     DSP2833x_GlobalVariableDefs.obj (ECanaMOTORegsFile)

ECanaMboxesFile 
*          1    00006100    00000100     UNINITIALIZED
                  00006100    00000100     DSP2833x_GlobalVariableDefs.obj (ECanaMboxesFile)

ECanbRegsFile 
*          1    00006200    00000034     UNINITIALIZED
                  00006200    00000034     DSP2833x_GlobalVariableDefs.obj (ECanbRegsFile)

ECanbLAMRegsFile 
*          1    00006240    00000040     UNINITIALIZED
                  00006240    00000040     DSP2833x_GlobalVariableDefs.obj (ECanbLAMRegsFile)

ECanbMOTSRegsFile 
*          1    00006280    00000040     UNINITIALIZED
                  00006280    00000040     DSP2833x_GlobalVariableDefs.obj (ECanbMOTSRegsFile)

ECanbMOTORegsFile 
*          1    000062c0    00000040     UNINITIALIZED
                  000062c0    00000040     DSP2833x_GlobalVariableDefs.obj (ECanbMOTORegsFile)

ECanbMboxesFile 
*          1    00006300    00000100     UNINITIALIZED
                  00006300    00000100     DSP2833x_GlobalVariableDefs.obj (ECanbMboxesFile)

EPwm1RegsFile 
*          1    00006800    00000022     UNINITIALIZED
                  00006800    00000022     DSP2833x_GlobalVariableDefs.obj (EPwm1RegsFile)

EPwm2RegsFile 
*          1    00006840    00000022     UNINITIALIZED
                  00006840    00000022     DSP2833x_GlobalVariableDefs.obj (EPwm2RegsFile)

EPwm3RegsFile 
*          1    00006880    00000022     UNINITIALIZED
                  00006880    00000022     DSP2833x_GlobalVariableDefs.obj (EPwm3RegsFile)

EPwm4RegsFile 
*          1    000068c0    00000022     UNINITIALIZED
                  000068c0    00000022     DSP2833x_GlobalVariableDefs.obj (EPwm4RegsFile)

EPwm5RegsFile 
*          1    00006900    00000022     UNINITIALIZED
                  00006900    00000022     DSP2833x_GlobalVariableDefs.obj (EPwm5RegsFile)

EPwm6RegsFile 
*          1    00006940    00000022     UNINITIALIZED
                  00006940    00000022     DSP2833x_GlobalVariableDefs.obj (EPwm6RegsFile)

ECap1RegsFile 
*          1    00006a00    00000020     UNINITIALIZED
                  00006a00    00000020     DSP2833x_GlobalVariableDefs.obj (ECap1RegsFile)

ECap2RegsFile 
*          1    00006a20    00000020     UNINITIALIZED
                  00006a20    00000020     DSP2833x_GlobalVariableDefs.obj (ECap2RegsFile)

ECap3RegsFile 
*          1    00006a40    00000020     UNINITIALIZED
                  00006a40    00000020     DSP2833x_GlobalVariableDefs.obj (ECap3RegsFile)

ECap4RegsFile 
*          1    00006a60    00000020     UNINITIALIZED
                  00006a60    00000020     DSP2833x_GlobalVariableDefs.obj (ECap4RegsFile)

ECap5RegsFile 
*          1    00006a80    00000020     UNINITIALIZED
                  00006a80    00000020     DSP2833x_GlobalVariableDefs.obj (ECap5RegsFile)

ECap6RegsFile 
*          1    00006aa0    00000020     UNINITIALIZED
                  00006aa0    00000020     DSP2833x_GlobalVariableDefs.obj (ECap6RegsFile)

EQep1RegsFile 
*          1    00006b00    00000040     UNINITIALIZED
                  00006b00    00000040     DSP2833x_GlobalVariableDefs.obj (EQep1RegsFile)

EQep2RegsFile 
*          1    00006b40    00000040     UNINITIALIZED
                  00006b40    00000040     DSP2833x_GlobalVariableDefs.obj (EQep2RegsFile)

GpioCtrlRegsFile 
*          1    00006f80    0000002e     UNINITIALIZED
                  00006f80    0000002e     DSP2833x_GlobalVariableDefs.obj (GpioCtrlRegsFile)

GpioDataRegsFile 
*          1    00006fc0    00000020     UNINITIALIZED
                  00006fc0    00000020     DSP2833x_GlobalVariableDefs.obj (GpioDataRegsFile)

GpioIntRegsFile 
*          1    00006fe0    0000000a     UNINITIALIZED
                  00006fe0    0000000a     DSP2833x_GlobalVariableDefs.obj (GpioIntRegsFile)

SysCtrlRegsFile 
*          1    00007010    00000020     UNINITIALIZED
                  00007010    00000020     DSP2833x_GlobalVariableDefs.obj (SysCtrlRegsFile)

SpiaRegsFile 
*          1    00007040    00000010     UNINITIALIZED
                  00007040    00000010     DSP2833x_GlobalVariableDefs.obj (SpiaRegsFile)

SciaRegsFile 
*          1    00007050    00000010     UNINITIALIZED
                  00007050    00000010     DSP2833x_GlobalVariableDefs.obj (SciaRegsFile)

XIntruptRegsFile 
*          1    00007070    00000010     UNINITIALIZED
                  00007070    00000010     DSP2833x_GlobalVariableDefs.obj (XIntruptRegsFile)

AdcRegsFile 
*          1    00007100    0000001e     UNINITIALIZED
                  00007100    0000001e     DSP2833x_GlobalVariableDefs.obj (AdcRegsFile)

ScibRegsFile 
*          1    00007750    00000010     UNINITIALIZED
                  00007750    00000010     DSP2833x_GlobalVariableDefs.obj (ScibRegsFile)

ScicRegsFile 
*          1    00007770    00000010     UNINITIALIZED
                  00007770    00000010     DSP2833x_GlobalVariableDefs.obj (ScicRegsFile)

I2caRegsFile 
*          1    00007900    00000022     UNINITIALIZED
                  00007900    00000022     DSP2833x_GlobalVariableDefs.obj (I2caRegsFile)

.bss       1    0000c000    00000000     UNINITIALIZED

.sysmem    1    0000c000    00000400     UNINITIALIZED
                  0000c000    00000001     rts2800_fpu32.lib : memory.obj (.sysmem)
                  0000c001    000003ff     --HOLE--

.ebss.1    1    0000c400    000007b8     UNINITIALIZED
                  0000c400    000005d8     main.obj (.ebss)
                  0000c9d8    00000018     DSP2833x_CpuTimers.obj (.ebss)
                  0000c9f0    00000008     rts2800_fpu32.lib : memory.obj (.ebss)
                  0000c9f8    00000004                       : _lock.obj (.ebss)
                  0000c9fc    00000004                       : exit.obj (.ebss)
                  0000ca00    000001a3     lcd.obj (.ebss)
                  0000cba3    00000001     rts2800_fpu32.lib : errno.obj (.ebss)
                  0000cba4    00000014     lowpass.obj (.ebss)

.ebss.2    1    0000cbc0    0000005a     UNINITIALIZED
                  0000cbc0    0000005a     effect.obj (.ebss)

.ebss.3    1    0000d000    00000c80     UNINITIALIZED
                  0000d000    00000c80     fft.obj (.ebss)

CsmPwlFile 
*          1    0033fff8    00000008     UNINITIALIZED
                  0033fff8    00000008     DSP2833x_GlobalVariableDefs.obj (CsmPwlFile)

PartIdRegsFile 
*          1    00380090    00000001     UNINITIALIZED
                  00380090    00000001     DSP2833x_GlobalVariableDefs.obj (PartIdRegsFile)


GLOBAL DATA SYMBOLS: SORTED BY DATA PAGE

address     data page           name
--------    ----------------    ----
00000400      10 (00000400)     __stack

00000880      22 (00000880)     _DevEmuRegs

00000a80      2a (00000a80)     _FlashRegs

00000ae0      2b (00000ac0)     _CsmRegs

00000b00      2c (00000b00)     _AdcMirror
00000b20      2c (00000b00)     _XintfRegs

00000c00      30 (00000c00)     _CpuTimer0Regs
00000c08      30 (00000c00)     _CpuTimer1Regs
00000c10      30 (00000c00)     _CpuTimer2Regs

00000ce0      33 (00000cc0)     _PieCtrlRegs

00000d00      34 (00000d00)     _PieVectTable

00001000      40 (00001000)     _DmaRegs

00005000     140 (00005000)     _McbspaRegs

00005040     141 (00005040)     _McbspbRegs

00006000     180 (00006000)     _ECanaRegs

00006040     181 (00006040)     _ECanaLAMRegs

00006080     182 (00006080)     _ECanaMOTSRegs

000060c0     183 (000060c0)     _ECanaMOTORegs

00006100     184 (00006100)     _ECanaMboxes

00006200     188 (00006200)     _ECanbRegs

00006240     189 (00006240)     _ECanbLAMRegs

00006280     18a (00006280)     _ECanbMOTSRegs

000062c0     18b (000062c0)     _ECanbMOTORegs

00006300     18c (00006300)     _ECanbMboxes

00006800     1a0 (00006800)     _EPwm1Regs

00006840     1a1 (00006840)     _EPwm2Regs

00006880     1a2 (00006880)     _EPwm3Regs

000068c0     1a3 (000068c0)     _EPwm4Regs

00006900     1a4 (00006900)     _EPwm5Regs

00006940     1a5 (00006940)     _EPwm6Regs

00006a00     1a8 (00006a00)     _ECap1Regs
00006a20     1a8 (00006a00)     _ECap2Regs

00006a40     1a9 (00006a40)     _ECap3Regs
00006a60     1a9 (00006a40)     _ECap4Regs

00006a80     1aa (00006a80)     _ECap5Regs
00006aa0     1aa (00006a80)     _ECap6Regs

00006b00     1ac (00006b00)     _EQep1Regs

00006b40     1ad (00006b40)     _EQep2Regs

00006f80     1be (00006f80)     _GpioCtrlRegs

00006fc0     1bf (00006fc0)     _GpioDataRegs
00006fe0     1bf (00006fc0)     _GpioIntRegs

00007010     1c0 (00007000)     _SysCtrlRegs

00007040     1c1 (00007040)     _SpiaRegs
00007050     1c1 (00007040)     _SciaRegs
00007070     1c1 (00007040)     _XIntruptRegs

00007100     1c4 (00007100)     _AdcRegs

00007750     1dd (00007740)     _ScibRegs
00007770     1dd (00007740)     _ScicRegs

00007900     1e4 (00007900)     _I2caRegs

0000c000     300 (0000c000)     __sys_memory

0000c400     310 (0000c400)     _sysStart
0000c401     310 (0000c400)     _resetTimer
0000c402     310 (0000c400)     _updateLcd
0000c403     310 (0000c400)     _updateCode
0000c404     310 (0000c400)     _currentChangeScreen
0000c405     310 (0000c400)     _freq
0000c406     310 (0000c400)     _toggleDist
0000c407     310 (0000c400)     _indexToToggle
0000c408     310 (0000c400)     _effectToToggle
0000c409     310 (0000c400)     _toggle
0000c40a     310 (0000c400)     _tuner
0000c40b     310 (0000c400)     _previous
0000c40c     310 (0000c400)     _load
0000c40d     310 (0000c400)     _updateFrequency
0000c40e     310 (0000c400)     _numQueued
0000c40f     310 (0000c400)     _inputNumber
0000c410     310 (0000c400)     _updateInputs
0000c411     310 (0000c400)     _updateChange
0000c412     310 (0000c400)     _preset
0000c413     310 (0000c400)     _newLevel
0000c414     310 (0000c400)     _oldLevel
0000c415     310 (0000c400)     _presetNumber
0000c416     310 (0000c400)     _save
0000c417     310 (0000c400)     _distortion
0000c418     310 (0000c400)     _inputs
0000c41b     310 (0000c400)     _mainDisplay
0000c41e     310 (0000c400)     _location
0000c421     310 (0000c400)     _previousInputs
0000c424     310 (0000c400)     _on_off
0000c428     310 (0000c400)     _list
0000c42e     310 (0000c400)     _pipeline

0000c9d8     327 (0000c9c0)     _CpuTimer1
0000c9e0     327 (0000c9c0)     _CpuTimer2
0000c9e8     327 (0000c9c0)     _CpuTimer0
0000c9f8     327 (0000c9c0)     __unlock
0000c9fa     327 (0000c9c0)     __lock
0000c9fc     327 (0000c9c0)     ___TI_cleanup_ptr
0000c9fe     327 (0000c9c0)     ___TI_dtors_ptr

0000ca00     328 (0000ca00)     _numInMainDisplay
0000ca01     328 (0000ca00)     _tunerScreen
0000ca02     328 (0000ca00)     _reprint
0000ca03     328 (0000ca00)     _presetScreen
0000ca04     328 (0000ca00)     _currentPreset

0000ca40     329 (0000ca40)     _noteChart

0000cba3     32e (0000cb80)     _errno
0000cba4     32e (0000cb80)     _lowpass_coefficients

0000cbc0     32f (0000cbc0)     _readDone
0000cbc1     32f (0000cbc0)     _writeDone
0000cbc2     32f (0000cbc0)     _Error
0000cbc4     32f (0000cbc0)     _CurrentMsgPtr
0000cbc6     32f (0000cbc0)     _adcVal
0000cbcb     32f (0000cbc0)     _messageOut
0000cbe0     32f (0000cbc0)     _messageIn

0000cc00     330 (0000cc00)     _returnArray

0000d000     340 (0000d000)     _FFTStartFlag
0000d004     340 (0000d000)     _rfft_adc
0000d008     340 (0000d000)     _rfft

0000d040     341 (0000d040)     _AdcBuf

0000d240     349 (0000d240)     _RFFTmagBuff

0000d480     352 (0000d480)     _RFFToutBuff

0000d880     362 (0000d880)     _RFFTF32Coef

00301f3e    c07c (00301f00)     _PieVectTableInit

0033fff8    cfff (0033ffc0)     _CsmPwl

00380090    e002 (00380080)     _PartIdRegs


GLOBAL SYMBOLS: SORTED ALPHABETICALLY BY Name 

address    name
--------   ----
0000c000   .bss
0030097a   .text
00301eee   C$$EXIT
003019c0   FD$$MPY
00301e5d   FD$$TOI
00301938   FS$$DIV
00301e9f   FS$$TOFD
00301e3b   I$$DIV
00301e4c   I$$MOD
00300a70   _ADCINT_ISR
00380080   _ADC_cal
0000d040   _AdcBuf
00000b00   _AdcMirror
00007100   _AdcRegs
00301afb   _ConfigCpuTimer
0000c9e8   _CpuTimer0
00000c00   _CpuTimer0Regs
0000c9d8   _CpuTimer1
00000c08   _CpuTimer1Regs
0000c9e0   _CpuTimer2
00000c10   _CpuTimer2Regs
0033fff8   _CsmPwl
00000ae0   _CsmRegs
0000cbc4   _CurrentMsgPtr
0030098e   _DATALOG_ISR
00300c06   _DINTCH1_ISR
00300c14   _DINTCH2_ISR
00300c22   _DINTCH3_ISR
00300c30   _DINTCH4_ISR
00300c3e   _DINTCH5_ISR
00300c4c   _DINTCH6_ISR
00301f1b   _DelayUs
00000880   _DevEmuRegs
00001000   _DmaRegs
00300cca   _ECAN0INTA_ISR
00300ce6   _ECAN0INTB_ISR
00300cd8   _ECAN1INTA_ISR
00300cf4   _ECAN1INTB_ISR
00300b42   _ECAP1_INT_ISR
00300b50   _ECAP2_INT_ISR
00300b5e   _ECAP3_INT_ISR
00300b6c   _ECAP4_INT_ISR
00300b7a   _ECAP5_INT_ISR
00300b88   _ECAP6_INT_ISR
00006040   _ECanaLAMRegs
000060c0   _ECanaMOTORegs
00006080   _ECanaMOTSRegs
00006100   _ECanaMboxes
00006000   _ECanaRegs
00006240   _ECanbLAMRegs
000062c0   _ECanbMOTORegs
00006280   _ECanbMOTSRegs
00006300   _ECanbMboxes
00006200   _ECanbRegs
00006a00   _ECap1Regs
00006a20   _ECap2Regs
00006a40   _ECap3Regs
00006a60   _ECap4Regs
00006a80   _ECap5Regs
00006aa0   _ECap6Regs
003009a2   _EMUINT_ISR
00300aee   _EPWM1_INT_ISR
00300a9a   _EPWM1_TZINT_ISR
00300afc   _EPWM2_INT_ISR
00300aa8   _EPWM2_TZINT_ISR
00300b0a   _EPWM3_INT_ISR
00300ab6   _EPWM3_TZINT_ISR
00300b18   _EPWM4_INT_ISR
00300ac4   _EPWM4_TZINT_ISR
00300b26   _EPWM5_INT_ISR
00300ad2   _EPWM5_TZINT_ISR
00300b34   _EPWM6_INT_ISR
00300ae0   _EPWM6_TZINT_ISR
00006800   _EPwm1Regs
00006840   _EPwm2Regs
00006880   _EPwm3Regs
000068c0   _EPwm4Regs
00006900   _EPwm5Regs
00006940   _EPwm6Regs
00300b96   _EQEP1_INT_ISR
00300ba4   _EQEP2_INT_ISR
00006b00   _EQep1Regs
00006b40   _EQep2Regs
0000cbc2   _Error
0000d000   _FFTStartFlag
00000a80   _FlashRegs
00006f80   _GpioCtrlRegs
00006fc0   _GpioDataRegs
00006fe0   _GpioIntRegs
00008814   _I2CA_Init
0000885a   _I2CA_ReadData
00008827   _I2CA_WriteData
00300c5a   _I2CINT1A_ISR
00300c68   _I2CINT2A_ISR
00007900   _I2caRegs
003009b6   _ILLEGAL_ISR
0030097a   _INT13_ISR
00300984   _INT14_ISR
00301ac2   _InitCpuTimers
0000895a   _InitFlash
00301f07   _InitI2C
00301f08   _InitI2CGpio
003014dc   _InitMcbsp
003015b5   _InitMcbspGpio
003014e1   _InitMcbspa
00301540   _InitMcbspa12bit
0030154b   _InitMcbspa16bit
00301556   _InitMcbspa20bit
00301561   _InitMcbspa24bit
0030156c   _InitMcbspa32bit
00301539   _InitMcbspa8bit
003015ba   _InitMcbspaGpio
0030150d   _InitMcbspb
0030157e   _InitMcbspb12bit
00301589   _InitMcbspb16bit
00301594   _InitMcbspb20bit
0030159f   _InitMcbspb24bit
003015aa   _InitMcbspb32bit
00301577   _InitMcbspb8bit
003015f4   _InitMcbspbGpio
00301d8f   _InitPieCtrl
00301ded   _InitSpi
00301dee   _InitSpiGpio
00301df1   _InitSpiaGpio
00301a43   _InitSysCtrl
00300d56   _LUF_ISR
00300d48   _LVF_ISR
00300bea   _MRINTA_ISR
00300bce   _MRINTB_ISR
00300bf8   _MXINTA_ISR
00300bdc   _MXINTB_ISR
00005000   _McbspaRegs
00005040   _McbspbRegs
003009ac   _NMI_ISR
00380090   _PartIdRegs
00000ce0   _PieCtrlRegs
00000d00   _PieVectTable
00301f3e   _PieVectTableInit
0000d880   _RFFTF32Coef
00301634   _RFFT_adc_f32
0030189a   _RFFT_adc_f32u
00301d4b   _RFFT_f32_mag
00301b36   _RFFT_f32_sincostable
0000d240   _RFFTmagBuff
0000d480   _RFFToutBuff
00300998   _RTOSINT_ISR
00300c92   _SCIRXINTA_ISR
00300cae   _SCIRXINTB_ISR
00300c76   _SCIRXINTC_ISR
00300ca0   _SCITXINTA_ISR
00300cbc   _SCITXINTB_ISR
00300c84   _SCITXINTC_ISR
00300a38   _SEQ1INT_ISR
00300a46   _SEQ2INT_ISR
00300bb2   _SPIRXINTA_ISR
00300bc0   _SPITXINTA_ISR
00007050   _SciaRegs
00007750   _ScibRegs
00007770   _ScicRegs
00301f3b   _SetDBGIER
00007040   _SpiaRegs
00007010   _SysCtrlRegs
00300a7e   _TINT0_ISR
00300a1a   _USER10_ISR
00300a24   _USER11_ISR
00300a2e   _USER12_ISR
003009c0   _USER1_ISR
003009ca   _USER2_ISR
003009d4   _USER3_ISR
003009de   _USER4_ISR
003009e8   _USER5_ISR
003009f2   _USER6_ISR
003009fc   _USER7_ISR
00300a06   _USER8_ISR
00300a10   _USER9_ISR
00300a8c   _WAKEINT_ISR
00300a54   _XINT1_ISR
00300a62   _XINT2_ISR
00300d02   _XINT3_ISR
00300d10   _XINT4_ISR
00300d1e   _XINT5_ISR
00300d2c   _XINT6_ISR
00300d3a   _XINT7_ISR
00007070   _XIntruptRegs
00000b20   _XintfRegs
00000700   __STACK_END
00000300   __STACK_SIZE
00000400   __SYSMEM_SIZE
00000001   __TI_args_main
0000c9fc   ___TI_cleanup_ptr
0000c9fe   ___TI_dtors_ptr
ffffffff   ___binit__
0000c000   ___bss__
ffffffff   ___c_args__
00302042   ___cinit__
0000c000   ___end__
00301f3e   ___etext__
00301e7e   ___memcpy_ff
ffffffff   ___pinit__
0030097a   ___text__
00301ed5   __args_main
0000c9fa   __lock
00301f33   __nop
00301f2f   __register_lock
00301f2b   __register_unlock
00000400   __stack
0000c000   __sys_memory
0000c9f8   __unlock
00301eee   _abort
0000cbc6   _adcVal
000081fe   _addToLCD
00301d05   _c_int00
00301474   _clearPipeline
0030161d   _clkg_delay_loop
000082db   _controlLCD
00301ba4   _cos
000085e5   _cpu_timer0_isr
0000864e   _cpu_timer1_isr
0000c404   _currentChangeScreen
0000ca04   _currentPreset
00301607   _delay_loop
0000c417   _distortion
000085bb   _eepromRead
000085a0   _eepromWrite
0000c408   _effectToToggle
00008717   _effects
0000cba3   _errno
00301ef0   _exit
00008902   _findFrequency
00300e5b   _findNote
00301dbf   _fmod
0000c405   _freq
003013d3   _getInputs
00008195   _goToMain
0000888c   _i2c_int1a_isr
003014b7   _indexLookup
0000c407   _indexToToggle
00301088   _initEffects
00301c05   _initFFT
0030176c   _initINTS
00300f60   _initLCD
000087ae   _init_adc_spi
000087c6   _init_mcbsp_spi
0000c40f   _inputNumber
0000c418   _inputs
0000c428   _list
0000c40c   _load
000084c3   _loadPreset
00300e10   _loadPresetScreen
000086d3   _load_preset
0000c41e   _location
0000cba4   _lowpass_coefficients
003012c3   _main
0000c41b   _mainDisplay
00008801   _mcbsp_xmit
0000cbe0   _messageIn
0000cbcb   _messageOut
00301ebb   _modf
0000c413   _newLevel
0000ca40   _noteChart
0000ca00   _numInMainDisplay
0000c40e   _numQueued
0000c414   _oldLevel
0000c424   _on_off
0000c42e   _pipeline
0000c412   _preset
0000c415   _presetNumber
0000ca03   _presetScreen
000086a2   _preset_down
00008670   _preset_up
0000c40b   _previous
0000c421   _previousInputs
00300dde   _printBass
00300da6   _printChorus
00300d6e   _printDelay
00300d87   _printFlanger
00008291   _printFreq
000082fd   _printLCD
0000801f   _printReverb
00300df4   _printTreble
00008000   _printTremolo
00300dc2   _printVolume
00008316   _process
003012b7   _processChorus
00008344   _processCrunch
003010d5   _processDelay
0000833e   _processDistortion
003011d6   _processFlanger
003011d0   _processPhaser
003012bd   _processPitchShift
0000839a   _processReverb
0000834a   _processTremolo
003010db   _processWah
0030144e   _queueEffect
0000cbc0   _readDone
0000879d   _read_adc
0000ca02   _reprint
0000c401   _resetTimer
0000cc00   _returnArray
0000d008   _rfft
0000d004   _rfft_adc
003016c4   _rfft_adc_f32_Stages4andUp
00301cba   _rotary
00300d64   _rsvd_ISR
0000c416   _save
0000841a   _savePreset
000086f5   _save_preset
00000979   _secureRamFuncs_loadsize
00300000   _secureRamFuncs_loadstart
00008000   _secureRamFuncs_runstart
00301c62   _sin
00301e18   _sqrt
00301c46   _storeFFT
0000c400   _sysStart
0000c409   _toggle
0000c406   _toggleDist
00300e2a   _toggleDistortion
003014a1   _toggleEffectOnDisplay
00008264   _toggleLCD
00301424   _toggleOn_Off
0000c40a   _tuner
0000ca01   _tunerScreen
0000c411   _updateChange
0000c403   _updateCode
0000c40d   _updateFrequency
0000c410   _updateInputs
00008065   _updateLCD
0000c402   _updateLcd
0000803b   _updateLevel
00301888   _updateTimer0
0000cbc1   _writeDone
0000878e   _write_dac
ffffffff   binit
00302042   cinit
0033fff6   code_start
0000c000   end
00301f3e   etext
ffffffff   pinit


GLOBAL SYMBOLS: SORTED BY Symbol Address 

address    name
--------   ----
00000001   __TI_args_main
00000300   __STACK_SIZE
00000400   __SYSMEM_SIZE
00000400   __stack
00000700   __STACK_END
00000880   _DevEmuRegs
00000979   _secureRamFuncs_loadsize
00000a80   _FlashRegs
00000ae0   _CsmRegs
00000b00   _AdcMirror
00000b20   _XintfRegs
00000c00   _CpuTimer0Regs
00000c08   _CpuTimer1Regs
00000c10   _CpuTimer2Regs
00000ce0   _PieCtrlRegs
00000d00   _PieVectTable
00001000   _DmaRegs
00005000   _McbspaRegs
00005040   _McbspbRegs
00006000   _ECanaRegs
00006040   _ECanaLAMRegs
00006080   _ECanaMOTSRegs
000060c0   _ECanaMOTORegs
00006100   _ECanaMboxes
00006200   _ECanbRegs
00006240   _ECanbLAMRegs
00006280   _ECanbMOTSRegs
000062c0   _ECanbMOTORegs
00006300   _ECanbMboxes
00006800   _EPwm1Regs
00006840   _EPwm2Regs
00006880   _EPwm3Regs
000068c0   _EPwm4Regs
00006900   _EPwm5Regs
00006940   _EPwm6Regs
00006a00   _ECap1Regs
00006a20   _ECap2Regs
00006a40   _ECap3Regs
00006a60   _ECap4Regs
00006a80   _ECap5Regs
00006aa0   _ECap6Regs
00006b00   _EQep1Regs
00006b40   _EQep2Regs
00006f80   _GpioCtrlRegs
00006fc0   _GpioDataRegs
00006fe0   _GpioIntRegs
00007010   _SysCtrlRegs
00007040   _SpiaRegs
00007050   _SciaRegs
00007070   _XIntruptRegs
00007100   _AdcRegs
00007750   _ScibRegs
00007770   _ScicRegs
00007900   _I2caRegs
00008000   _printTremolo
00008000   _secureRamFuncs_runstart
0000801f   _printReverb
0000803b   _updateLevel
00008065   _updateLCD
00008195   _goToMain
000081fe   _addToLCD
00008264   _toggleLCD
00008291   _printFreq
000082db   _controlLCD
000082fd   _printLCD
00008316   _process
0000833e   _processDistortion
00008344   _processCrunch
0000834a   _processTremolo
0000839a   _processReverb
0000841a   _savePreset
000084c3   _loadPreset
000085a0   _eepromWrite
000085bb   _eepromRead
000085e5   _cpu_timer0_isr
0000864e   _cpu_timer1_isr
00008670   _preset_up
000086a2   _preset_down
000086d3   _load_preset
000086f5   _save_preset
00008717   _effects
0000878e   _write_dac
0000879d   _read_adc
000087ae   _init_adc_spi
000087c6   _init_mcbsp_spi
00008801   _mcbsp_xmit
00008814   _I2CA_Init
00008827   _I2CA_WriteData
0000885a   _I2CA_ReadData
0000888c   _i2c_int1a_isr
00008902   _findFrequency
0000895a   _InitFlash
0000c000   .bss
0000c000   ___bss__
0000c000   ___end__
0000c000   __sys_memory
0000c000   end
0000c400   _sysStart
0000c401   _resetTimer
0000c402   _updateLcd
0000c403   _updateCode
0000c404   _currentChangeScreen
0000c405   _freq
0000c406   _toggleDist
0000c407   _indexToToggle
0000c408   _effectToToggle
0000c409   _toggle
0000c40a   _tuner
0000c40b   _previous
0000c40c   _load
0000c40d   _updateFrequency
0000c40e   _numQueued
0000c40f   _inputNumber
0000c410   _updateInputs
0000c411   _updateChange
0000c412   _preset
0000c413   _newLevel
0000c414   _oldLevel
0000c415   _presetNumber
0000c416   _save
0000c417   _distortion
0000c418   _inputs
0000c41b   _mainDisplay
0000c41e   _location
0000c421   _previousInputs
0000c424   _on_off
0000c428   _list
0000c42e   _pipeline
0000c9d8   _CpuTimer1
0000c9e0   _CpuTimer2
0000c9e8   _CpuTimer0
0000c9f8   __unlock
0000c9fa   __lock
0000c9fc   ___TI_cleanup_ptr
0000c9fe   ___TI_dtors_ptr
0000ca00   _numInMainDisplay
0000ca01   _tunerScreen
0000ca02   _reprint
0000ca03   _presetScreen
0000ca04   _currentPreset
0000ca40   _noteChart
0000cba3   _errno
0000cba4   _lowpass_coefficients
0000cbc0   _readDone
0000cbc1   _writeDone
0000cbc2   _Error
0000cbc4   _CurrentMsgPtr
0000cbc6   _adcVal
0000cbcb   _messageOut
0000cbe0   _messageIn
0000cc00   _returnArray
0000d000   _FFTStartFlag
0000d004   _rfft_adc
0000d008   _rfft
0000d040   _AdcBuf
0000d240   _RFFTmagBuff
0000d480   _RFFToutBuff
0000d880   _RFFTF32Coef
00300000   _secureRamFuncs_loadstart
0030097a   .text
0030097a   _INT13_ISR
0030097a   ___text__
00300984   _INT14_ISR
0030098e   _DATALOG_ISR
00300998   _RTOSINT_ISR
003009a2   _EMUINT_ISR
003009ac   _NMI_ISR
003009b6   _ILLEGAL_ISR
003009c0   _USER1_ISR
003009ca   _USER2_ISR
003009d4   _USER3_ISR
003009de   _USER4_ISR
003009e8   _USER5_ISR
003009f2   _USER6_ISR
003009fc   _USER7_ISR
00300a06   _USER8_ISR
00300a10   _USER9_ISR
00300a1a   _USER10_ISR
00300a24   _USER11_ISR
00300a2e   _USER12_ISR
00300a38   _SEQ1INT_ISR
00300a46   _SEQ2INT_ISR
00300a54   _XINT1_ISR
00300a62   _XINT2_ISR
00300a70   _ADCINT_ISR
00300a7e   _TINT0_ISR
00300a8c   _WAKEINT_ISR
00300a9a   _EPWM1_TZINT_ISR
00300aa8   _EPWM2_TZINT_ISR
00300ab6   _EPWM3_TZINT_ISR
00300ac4   _EPWM4_TZINT_ISR
00300ad2   _EPWM5_TZINT_ISR
00300ae0   _EPWM6_TZINT_ISR
00300aee   _EPWM1_INT_ISR
00300afc   _EPWM2_INT_ISR
00300b0a   _EPWM3_INT_ISR
00300b18   _EPWM4_INT_ISR
00300b26   _EPWM5_INT_ISR
00300b34   _EPWM6_INT_ISR
00300b42   _ECAP1_INT_ISR
00300b50   _ECAP2_INT_ISR
00300b5e   _ECAP3_INT_ISR
00300b6c   _ECAP4_INT_ISR
00300b7a   _ECAP5_INT_ISR
00300b88   _ECAP6_INT_ISR
00300b96   _EQEP1_INT_ISR
00300ba4   _EQEP2_INT_ISR
00300bb2   _SPIRXINTA_ISR
00300bc0   _SPITXINTA_ISR
00300bce   _MRINTB_ISR
00300bdc   _MXINTB_ISR
00300bea   _MRINTA_ISR
00300bf8   _MXINTA_ISR
00300c06   _DINTCH1_ISR
00300c14   _DINTCH2_ISR
00300c22   _DINTCH3_ISR
00300c30   _DINTCH4_ISR
00300c3e   _DINTCH5_ISR
00300c4c   _DINTCH6_ISR
00300c5a   _I2CINT1A_ISR
00300c68   _I2CINT2A_ISR
00300c76   _SCIRXINTC_ISR
00300c84   _SCITXINTC_ISR
00300c92   _SCIRXINTA_ISR
00300ca0   _SCITXINTA_ISR
00300cae   _SCIRXINTB_ISR
00300cbc   _SCITXINTB_ISR
00300cca   _ECAN0INTA_ISR
00300cd8   _ECAN1INTA_ISR
00300ce6   _ECAN0INTB_ISR
00300cf4   _ECAN1INTB_ISR
00300d02   _XINT3_ISR
00300d10   _XINT4_ISR
00300d1e   _XINT5_ISR
00300d2c   _XINT6_ISR
00300d3a   _XINT7_ISR
00300d48   _LVF_ISR
00300d56   _LUF_ISR
00300d64   _rsvd_ISR
00300d6e   _printDelay
00300d87   _printFlanger
00300da6   _printChorus
00300dc2   _printVolume
00300dde   _printBass
00300df4   _printTreble
00300e10   _loadPresetScreen
00300e2a   _toggleDistortion
00300e5b   _findNote
00300f60   _initLCD
00301088   _initEffects
003010d5   _processDelay
003010db   _processWah
003011d0   _processPhaser
003011d6   _processFlanger
003012b7   _processChorus
003012bd   _processPitchShift
003012c3   _main
003013d3   _getInputs
00301424   _toggleOn_Off
0030144e   _queueEffect
00301474   _clearPipeline
003014a1   _toggleEffectOnDisplay
003014b7   _indexLookup
003014dc   _InitMcbsp
003014e1   _InitMcbspa
0030150d   _InitMcbspb
00301539   _InitMcbspa8bit
00301540   _InitMcbspa12bit
0030154b   _InitMcbspa16bit
00301556   _InitMcbspa20bit
00301561   _InitMcbspa24bit
0030156c   _InitMcbspa32bit
00301577   _InitMcbspb8bit
0030157e   _InitMcbspb12bit
00301589   _InitMcbspb16bit
00301594   _InitMcbspb20bit
0030159f   _InitMcbspb24bit
003015aa   _InitMcbspb32bit
003015b5   _InitMcbspGpio
003015ba   _InitMcbspaGpio
003015f4   _InitMcbspbGpio
00301607   _delay_loop
0030161d   _clkg_delay_loop
00301634   _RFFT_adc_f32
003016c4   _rfft_adc_f32_Stages4andUp
0030176c   _initINTS
00301888   _updateTimer0
0030189a   _RFFT_adc_f32u
00301938   FS$$DIV
003019c0   FD$$MPY
00301a43   _InitSysCtrl
00301ac2   _InitCpuTimers
00301afb   _ConfigCpuTimer
00301b36   _RFFT_f32_sincostable
00301ba4   _cos
00301c05   _initFFT
00301c46   _storeFFT
00301c62   _sin
00301cba   _rotary
00301d05   _c_int00
00301d4b   _RFFT_f32_mag
00301d8f   _InitPieCtrl
00301dbf   _fmod
00301ded   _InitSpi
00301dee   _InitSpiGpio
00301df1   _InitSpiaGpio
00301e18   _sqrt
00301e3b   I$$DIV
00301e4c   I$$MOD
00301e5d   FD$$TOI
00301e7e   ___memcpy_ff
00301e9f   FS$$TOFD
00301ebb   _modf
00301ed5   __args_main
00301eee   C$$EXIT
00301eee   _abort
00301ef0   _exit
00301f07   _InitI2C
00301f08   _InitI2CGpio
00301f1b   _DelayUs
00301f2b   __register_unlock
00301f2f   __register_lock
00301f33   __nop
00301f3b   _SetDBGIER
00301f3e   _PieVectTableInit
00301f3e   ___etext__
00301f3e   etext
00302042   ___cinit__
00302042   cinit
0033fff6   code_start
0033fff8   _CsmPwl
00380080   _ADC_cal
00380090   _PartIdRegs
ffffffff   ___binit__
ffffffff   ___c_args__
ffffffff   ___pinit__
ffffffff   binit
ffffffff   pinit

[338 symbols]
