******************************************************************************
             TMS320C2000 Linker PC v6.2.7                      
******************************************************************************
>> Linked Tue Oct 14 01:16:42 2014

OUTPUT FILE NAME:   <guitarEffects.out>
ENTRY POINT SYMBOL: "_c_int00"  address: 00009cb6


MEMORY CONFIGURATION

         name            origin    length      used     unused   attr    fill
----------------------  --------  ---------  --------  --------  ----  --------
PAGE 0:
  BEGIN                 00000000   00000002  00000002  00000000  RWIX
  BOOT_RSVD             00000002   0000004e  00000032  0000001c  RWIX
  RAMM0                 00000050   000003b0  00000000  000003b0  RWIX
  RAML0                 00008000   00001000  00000004  00000ffc  RWIX
  RAML1                 00009000   00001000  00000e28  000001d8  RWIX
  RAML2                 0000a000   00001000  00000000  00001000  RWIX
  RAML3                 0000b000   00001000  00000000  00001000  RWIX
  ZONE7A                00200000   0000fc00  00000000  0000fc00  RWIX
  CSM_RSVD              0033ff80   00000076  00000000  00000076  RWIX
  CSM_PWL               0033fff8   00000008  00000000  00000008  RWIX
  ADC_CAL               00380080   00000009  00000007  00000002  RWIX
  IQTABLES              003fe000   00000b50  00000000  00000b50  RWIX
  IQTABLES2             003feb50   0000008c  00000000  0000008c  RWIX
  FPUTABLES             003febdc   000006a0  00000000  000006a0  RWIX
  BOOTROM               003ff27c   00000d44  00000000  00000d44  RWIX
  RESET                 003fffc0   00000002  00000000  00000002  RWIX

PAGE 1:
  RAMM1                 00000400   00000400  00000300  00000100  RWIX
  DEV_EMU               00000880   00000180  000000d0  000000b0  RWIX
  FLASH_REGS            00000a80   00000060  00000008  00000058  RWIX
  CSM                   00000ae0   00000010  00000010  00000000  RWIX
  ADC_MIRROR            00000b00   00000010  00000010  00000000  RWIX
  XINTF                 00000b20   00000020  0000001e  00000002  RWIX
  CPU_TIMER0            00000c00   00000008  00000008  00000000  RWIX
  CPU_TIMER1            00000c08   00000008  00000008  00000000  RWIX
  CPU_TIMER2            00000c10   00000008  00000008  00000000  RWIX
  PIE_CTRL              00000ce0   00000020  0000001a  00000006  RWIX
  PIE_VECT              00000d00   00000100  00000100  00000000  RWIX
  DMA                   00001000   00000200  000000e0  00000120  RWIX
  MCBSPA                00005000   00000040  00000025  0000001b  RWIX
  MCBSPB                00005040   00000040  00000025  0000001b  RWIX
  ECANA                 00006000   00000040  00000034  0000000c  RWIX
  ECANA_LAM             00006040   00000040  00000040  00000000  RWIX
  ECANA_MOTS            00006080   00000040  00000040  00000000  RWIX
  ECANA_MOTO            000060c0   00000040  00000040  00000000  RWIX
  ECANA_MBOX            00006100   00000100  00000100  00000000  RWIX
  ECANB                 00006200   00000040  00000034  0000000c  RWIX
  ECANB_LAM             00006240   00000040  00000040  00000000  RWIX
  ECANB_MOTS            00006280   00000040  00000040  00000000  RWIX
  ECANB_MOTO            000062c0   00000040  00000040  00000000  RWIX
  ECANB_MBOX            00006300   00000100  00000100  00000000  RWIX
  EPWM1                 00006800   00000022  00000022  00000000  RWIX
  EPWM2                 00006840   00000022  00000022  00000000  RWIX
  EPWM3                 00006880   00000022  00000022  00000000  RWIX
  EPWM4                 000068c0   00000022  00000022  00000000  RWIX
  EPWM5                 00006900   00000022  00000022  00000000  RWIX
  EPWM6                 00006940   00000022  00000022  00000000  RWIX
  ECAP1                 00006a00   00000020  00000020  00000000  RWIX
  ECAP2                 00006a20   00000020  00000020  00000000  RWIX
  ECAP3                 00006a40   00000020  00000020  00000000  RWIX
  ECAP4                 00006a60   00000020  00000020  00000000  RWIX
  ECAP5                 00006a80   00000020  00000020  00000000  RWIX
  ECAP6                 00006aa0   00000020  00000020  00000000  RWIX
  EQEP1                 00006b00   00000040  00000040  00000000  RWIX
  EQEP2                 00006b40   00000040  00000040  00000000  RWIX
  GPIOCTRL              00006f80   00000040  0000002e  00000012  RWIX
  GPIODAT               00006fc0   00000020  00000020  00000000  RWIX
  GPIOINT               00006fe0   00000020  0000000a  00000016  RWIX
  SYSTEM                00007010   00000020  00000020  00000000  RWIX
  SPIA                  00007040   00000010  00000010  00000000  RWIX
  SCIA                  00007050   00000010  00000010  00000000  RWIX
  XINTRUPT              00007070   00000010  00000010  00000000  RWIX
  ADC                   00007100   00000020  0000001e  00000002  RWIX
  SCIB                  00007750   00000010  00000010  00000000  RWIX
  SCIC                  00007770   00000010  00000010  00000000  RWIX
  I2CA                  00007900   00000040  00000022  0000001e  RWIX
  RAML4                 0000c000   00001000  00000044  00000fbc  RWIX
  RAML5                 0000d000   00001000  00000100  00000f00  RWIX
  RAML6                 0000e000   00001000  00000000  00001000  RWIX
  RAML7                 0000f000   00001000  00000000  00001000  RWIX
  ZONE7B                0020fc00   00000400  00000000  00000400  RWIX
  CSM_PWL               0033fff8   00000008  00000008  00000000  RWIX
  PARTID                00380090   00000001  00000001  00000000  RWIX


SECTION ALLOCATION MAP

 output                                  attributes/
section   page    origin      length       input sections
--------  ----  ----------  ----------   ----------------
codestart 
*          0    00000000    00000002     
                  00000000    00000002     DSP2833x_CodeStartBranch.obj (codestart)

.cinit     0    00000002    00000032     
                  00000002    0000001c     main.obj (.cinit)
                  0000001e    0000000a     rts2800_fpu32.lib : _lock.obj (.cinit)
                  00000028    0000000a                       : exit.obj (.cinit)
                  00000032    00000002     --HOLE-- [fill = 0]

ramfuncs   0    00008000    00000004     
                  00008000    00000004     DSP2833x_usDelay.obj (ramfuncs)

.text      0    00009000    00000e28     
                  00009000    00000345     DSP2833x_DefaultIsr.obj (.text:retain)
                  00009345    000001ee     main.obj (.text:retain)
                  00009533    0000016c     DSP2833x_Mcbsp.obj (.text)
                  0000969f    00000001     --HOLE-- [fill = 0]
                  000096a0    00000138     C28x_FPU_Lib.lib : RFFT_adc_f32.obj (.text)
                  000097d8    0000010c     main.obj (.text)
                  000098e4    000000ff     lcd.obj (.text)
                  000099e3    000000f7     DSP2833x_SysCtrl.obj (.text)
                  00009ada    000000b5     DSP2833x_EPwm.obj (.text)
                  00009b8f    00000001     --HOLE-- [fill = 0]
                  00009b90    0000009e     RFFT_adc_f32u.obj (.text)
                  00009c2e    00000088     rts2800_fpu32.lib : fs_div.obj (.text)
                  00009cb6    00000046                       : boot.obj (.text)
                  00009cfc    00000042     AIC23.obj (.text)
                  00009d3e    00000034     spi.obj (.text)
                  00009d72    00000028     DSP2833x_PieCtrl.obj (.text)
                  00009d9a    00000028     DSP2833x_Spi.obj (.text)
                  00009dc2    00000020     DSP2833x_PieVect.obj (.text)
                  00009de2    00000019     rts2800_fpu32.lib : args_main.obj (.text)
                  00009dfb    00000019                       : exit.obj (.text)
                  00009e14    00000009                       : _lock.obj (.text)
                  00009e1d    00000008     DSP2833x_CodeStartBranch.obj (.text)
                  00009e25    00000003     DSP2833x_DBGIER.obj (.text)

.data      0    0000a000    00000000     UNINITIALIZED

.bss       0    0000b000    00000000     UNINITIALIZED

csm_rsvd   0    0033ff80    00000000     DSECT

csmpasswds 
*          0    0033fff8    00000000     DSECT

.adc_cal   0    00380080    00000007     NOLOAD SECTION
                  00380080    00000007     DSP2833x_ADC_cal.obj (.adc_cal)

.reset     0    003fffc0    00000002     DSECT
                  003fffc0    00000002     rts2800_fpu32.lib : boot.obj (.reset)

.stack     1    00000400    00000300     UNINITIALIZED
                  00000400    00000300     --HOLE--

DevEmuRegsFile 
*          1    00000880    000000d0     UNINITIALIZED
                  00000880    000000d0     DSP2833x_GlobalVariableDefs.obj (DevEmuRegsFile)

FlashRegsFile 
*          1    00000a80    00000008     UNINITIALIZED
                  00000a80    00000008     DSP2833x_GlobalVariableDefs.obj (FlashRegsFile)

CsmRegsFile 
*          1    00000ae0    00000010     UNINITIALIZED
                  00000ae0    00000010     DSP2833x_GlobalVariableDefs.obj (CsmRegsFile)

AdcMirrorFile 
*          1    00000b00    00000010     UNINITIALIZED
                  00000b00    00000010     DSP2833x_GlobalVariableDefs.obj (AdcMirrorFile)

XintfRegsFile 
*          1    00000b20    0000001e     UNINITIALIZED
                  00000b20    0000001e     DSP2833x_GlobalVariableDefs.obj (XintfRegsFile)

CpuTimer0RegsFile 
*          1    00000c00    00000008     UNINITIALIZED
                  00000c00    00000008     DSP2833x_GlobalVariableDefs.obj (CpuTimer0RegsFile)

CpuTimer1RegsFile 
*          1    00000c08    00000008     UNINITIALIZED
                  00000c08    00000008     DSP2833x_GlobalVariableDefs.obj (CpuTimer1RegsFile)

CpuTimer2RegsFile 
*          1    00000c10    00000008     UNINITIALIZED
                  00000c10    00000008     DSP2833x_GlobalVariableDefs.obj (CpuTimer2RegsFile)

PieCtrlRegsFile 
*          1    00000ce0    0000001a     UNINITIALIZED
                  00000ce0    0000001a     DSP2833x_GlobalVariableDefs.obj (PieCtrlRegsFile)

PieVectTableFile 
*          1    00000d00    00000100     UNINITIALIZED
                  00000d00    00000100     DSP2833x_GlobalVariableDefs.obj (PieVectTableFile)

DmaRegsFile 
*          1    00001000    000000e0     UNINITIALIZED
                  00001000    000000e0     DSP2833x_GlobalVariableDefs.obj (DmaRegsFile)

McbspaRegsFile 
*          1    00005000    00000025     UNINITIALIZED
                  00005000    00000025     DSP2833x_GlobalVariableDefs.obj (McbspaRegsFile)

McbspbRegsFile 
*          1    00005040    00000025     UNINITIALIZED
                  00005040    00000025     DSP2833x_GlobalVariableDefs.obj (McbspbRegsFile)

ECanaRegsFile 
*          1    00006000    00000034     UNINITIALIZED
                  00006000    00000034     DSP2833x_GlobalVariableDefs.obj (ECanaRegsFile)

ECanaLAMRegsFile 
*          1    00006040    00000040     UNINITIALIZED
                  00006040    00000040     DSP2833x_GlobalVariableDefs.obj (ECanaLAMRegsFile)

ECanaMOTSRegsFile 
*          1    00006080    00000040     UNINITIALIZED
                  00006080    00000040     DSP2833x_GlobalVariableDefs.obj (ECanaMOTSRegsFile)

ECanaMOTORegsFile 
*          1    000060c0    00000040     UNINITIALIZED
                  000060c0    00000040     DSP2833x_GlobalVariableDefs.obj (ECanaMOTORegsFile)

ECanaMboxesFile 
*          1    00006100    00000100     UNINITIALIZED
                  00006100    00000100     DSP2833x_GlobalVariableDefs.obj (ECanaMboxesFile)

ECanbRegsFile 
*          1    00006200    00000034     UNINITIALIZED
                  00006200    00000034     DSP2833x_GlobalVariableDefs.obj (ECanbRegsFile)

ECanbLAMRegsFile 
*          1    00006240    00000040     UNINITIALIZED
                  00006240    00000040     DSP2833x_GlobalVariableDefs.obj (ECanbLAMRegsFile)

ECanbMOTSRegsFile 
*          1    00006280    00000040     UNINITIALIZED
                  00006280    00000040     DSP2833x_GlobalVariableDefs.obj (ECanbMOTSRegsFile)

ECanbMOTORegsFile 
*          1    000062c0    00000040     UNINITIALIZED
                  000062c0    00000040     DSP2833x_GlobalVariableDefs.obj (ECanbMOTORegsFile)

ECanbMboxesFile 
*          1    00006300    00000100     UNINITIALIZED
                  00006300    00000100     DSP2833x_GlobalVariableDefs.obj (ECanbMboxesFile)

EPwm1RegsFile 
*          1    00006800    00000022     UNINITIALIZED
                  00006800    00000022     DSP2833x_GlobalVariableDefs.obj (EPwm1RegsFile)

EPwm2RegsFile 
*          1    00006840    00000022     UNINITIALIZED
                  00006840    00000022     DSP2833x_GlobalVariableDefs.obj (EPwm2RegsFile)

EPwm3RegsFile 
*          1    00006880    00000022     UNINITIALIZED
                  00006880    00000022     DSP2833x_GlobalVariableDefs.obj (EPwm3RegsFile)

EPwm4RegsFile 
*          1    000068c0    00000022     UNINITIALIZED
                  000068c0    00000022     DSP2833x_GlobalVariableDefs.obj (EPwm4RegsFile)

EPwm5RegsFile 
*          1    00006900    00000022     UNINITIALIZED
                  00006900    00000022     DSP2833x_GlobalVariableDefs.obj (EPwm5RegsFile)

EPwm6RegsFile 
*          1    00006940    00000022     UNINITIALIZED
                  00006940    00000022     DSP2833x_GlobalVariableDefs.obj (EPwm6RegsFile)

ECap1RegsFile 
*          1    00006a00    00000020     UNINITIALIZED
                  00006a00    00000020     DSP2833x_GlobalVariableDefs.obj (ECap1RegsFile)

ECap2RegsFile 
*          1    00006a20    00000020     UNINITIALIZED
                  00006a20    00000020     DSP2833x_GlobalVariableDefs.obj (ECap2RegsFile)

ECap3RegsFile 
*          1    00006a40    00000020     UNINITIALIZED
                  00006a40    00000020     DSP2833x_GlobalVariableDefs.obj (ECap3RegsFile)

ECap4RegsFile 
*          1    00006a60    00000020     UNINITIALIZED
                  00006a60    00000020     DSP2833x_GlobalVariableDefs.obj (ECap4RegsFile)

ECap5RegsFile 
*          1    00006a80    00000020     UNINITIALIZED
                  00006a80    00000020     DSP2833x_GlobalVariableDefs.obj (ECap5RegsFile)

ECap6RegsFile 
*          1    00006aa0    00000020     UNINITIALIZED
                  00006aa0    00000020     DSP2833x_GlobalVariableDefs.obj (ECap6RegsFile)

EQep1RegsFile 
*          1    00006b00    00000040     UNINITIALIZED
                  00006b00    00000040     DSP2833x_GlobalVariableDefs.obj (EQep1RegsFile)

EQep2RegsFile 
*          1    00006b40    00000040     UNINITIALIZED
                  00006b40    00000040     DSP2833x_GlobalVariableDefs.obj (EQep2RegsFile)

GpioCtrlRegsFile 
*          1    00006f80    0000002e     UNINITIALIZED
                  00006f80    0000002e     DSP2833x_GlobalVariableDefs.obj (GpioCtrlRegsFile)

GpioDataRegsFile 
*          1    00006fc0    00000020     UNINITIALIZED
                  00006fc0    00000020     DSP2833x_GlobalVariableDefs.obj (GpioDataRegsFile)

GpioIntRegsFile 
*          1    00006fe0    0000000a     UNINITIALIZED
                  00006fe0    0000000a     DSP2833x_GlobalVariableDefs.obj (GpioIntRegsFile)

SysCtrlRegsFile 
*          1    00007010    00000020     UNINITIALIZED
                  00007010    00000020     DSP2833x_GlobalVariableDefs.obj (SysCtrlRegsFile)

SpiaRegsFile 
*          1    00007040    00000010     UNINITIALIZED
                  00007040    00000010     DSP2833x_GlobalVariableDefs.obj (SpiaRegsFile)

SciaRegsFile 
*          1    00007050    00000010     UNINITIALIZED
                  00007050    00000010     DSP2833x_GlobalVariableDefs.obj (SciaRegsFile)

XIntruptRegsFile 
*          1    00007070    00000010     UNINITIALIZED
                  00007070    00000010     DSP2833x_GlobalVariableDefs.obj (XIntruptRegsFile)

AdcRegsFile 
*          1    00007100    0000001e     UNINITIALIZED
                  00007100    0000001e     DSP2833x_GlobalVariableDefs.obj (AdcRegsFile)

ScibRegsFile 
*          1    00007750    00000010     UNINITIALIZED
                  00007750    00000010     DSP2833x_GlobalVariableDefs.obj (ScibRegsFile)

ScicRegsFile 
*          1    00007770    00000010     UNINITIALIZED
                  00007770    00000010     DSP2833x_GlobalVariableDefs.obj (ScicRegsFile)

I2caRegsFile 
*          1    00007900    00000022     UNINITIALIZED
                  00007900    00000022     DSP2833x_GlobalVariableDefs.obj (I2caRegsFile)

.ebss      1    0000c000    00000044     UNINITIALIZED
                  0000c000    00000018     DSP2833x_CpuTimers.obj (.ebss)
                  0000c018    00000016     lcd.obj (.ebss)
                  0000c02e    0000000b     main.obj (.ebss)
                  0000c039    00000001     --HOLE--
                  0000c03a    00000004     rts2800_fpu32.lib : _lock.obj (.ebss)
                  0000c03e    00000002     --HOLE--
                  0000c040    00000004                       : exit.obj (.ebss)

.econst    1    0000d000    00000100     
                  0000d000    00000100     DSP2833x_PieVect.obj (.econst)

CsmPwlFile 
*          1    0033fff8    00000008     UNINITIALIZED
                  0033fff8    00000008     DSP2833x_GlobalVariableDefs.obj (CsmPwlFile)

PartIdRegsFile 
*          1    00380090    00000001     UNINITIALIZED
                  00380090    00000001     DSP2833x_GlobalVariableDefs.obj (PartIdRegsFile)


GLOBAL DATA SYMBOLS: SORTED BY DATA PAGE

address     data page           name
--------    ----------------    ----
00000400      10 (00000400)     __stack

00000880      22 (00000880)     _DevEmuRegs

00000a80      2a (00000a80)     _FlashRegs

00000ae0      2b (00000ac0)     _CsmRegs

00000b00      2c (00000b00)     _AdcMirror
00000b20      2c (00000b00)     _XintfRegs

00000c00      30 (00000c00)     _CpuTimer0Regs
00000c08      30 (00000c00)     _CpuTimer1Regs
00000c10      30 (00000c00)     _CpuTimer2Regs

00000ce0      33 (00000cc0)     _PieCtrlRegs

00000d00      34 (00000d00)     _PieVectTable

00001000      40 (00001000)     _DmaRegs

00005000     140 (00005000)     _McbspaRegs

00005040     141 (00005040)     _McbspbRegs

00006000     180 (00006000)     _ECanaRegs

00006040     181 (00006040)     _ECanaLAMRegs

00006080     182 (00006080)     _ECanaMOTSRegs

000060c0     183 (000060c0)     _ECanaMOTORegs

00006100     184 (00006100)     _ECanaMboxes

00006200     188 (00006200)     _ECanbRegs

00006240     189 (00006240)     _ECanbLAMRegs

00006280     18a (00006280)     _ECanbMOTSRegs

000062c0     18b (000062c0)     _ECanbMOTORegs

00006300     18c (00006300)     _ECanbMboxes

00006800     1a0 (00006800)     _EPwm1Regs

00006840     1a1 (00006840)     _EPwm2Regs

00006880     1a2 (00006880)     _EPwm3Regs

000068c0     1a3 (000068c0)     _EPwm4Regs

00006900     1a4 (00006900)     _EPwm5Regs

00006940     1a5 (00006940)     _EPwm6Regs

00006a00     1a8 (00006a00)     _ECap1Regs
00006a20     1a8 (00006a00)     _ECap2Regs

00006a40     1a9 (00006a40)     _ECap3Regs
00006a60     1a9 (00006a40)     _ECap4Regs

00006a80     1aa (00006a80)     _ECap5Regs
00006aa0     1aa (00006a80)     _ECap6Regs

00006b00     1ac (00006b00)     _EQep1Regs

00006b40     1ad (00006b40)     _EQep2Regs

00006f80     1be (00006f80)     _GpioCtrlRegs

00006fc0     1bf (00006fc0)     _GpioDataRegs
00006fe0     1bf (00006fc0)     _GpioIntRegs

00007010     1c0 (00007000)     _SysCtrlRegs

00007040     1c1 (00007040)     _SpiaRegs
00007050     1c1 (00007040)     _SciaRegs
00007070     1c1 (00007040)     _XIntruptRegs

00007100     1c4 (00007100)     _AdcRegs

00007750     1dd (00007740)     _ScibRegs
00007770     1dd (00007740)     _ScicRegs

00007900     1e4 (00007900)     _I2caRegs

0000c000     300 (0000c000)     _CpuTimer1
0000c008     300 (0000c000)     _CpuTimer2
0000c010     300 (0000c000)     _CpuTimer0
0000c018     300 (0000c000)     _numInMainDisplay
0000c019     300 (0000c000)     _tunerScreen
0000c01a     300 (0000c000)     _mainDisplay_show
0000c024     300 (0000c000)     _mainDisplay
0000c02e     300 (0000c000)     _tuner
0000c02f     300 (0000c000)     _LRCIN
0000c030     300 (0000c000)     _current
0000c031     300 (0000c000)     _resetTimer
0000c032     300 (0000c000)     _sysStart
0000c033     300 (0000c000)     _reverbChange
0000c034     300 (0000c000)     _tremoloChange
0000c035     300 (0000c000)     _reverbLevel
0000c036     300 (0000c000)     _tremoloLevel
0000c037     300 (0000c000)     _adcVals
0000c03a     300 (0000c000)     __unlock
0000c03c     300 (0000c000)     __lock

0000c040     301 (0000c040)     ___TI_cleanup_ptr
0000c042     301 (0000c040)     ___TI_dtors_ptr

0000d000     340 (0000d000)     _PieVectTableInit

0033fff8    cfff (0033ffc0)     _CsmPwl

00380090    e002 (00380080)     _PartIdRegs


GLOBAL SYMBOLS: SORTED ALPHABETICALLY BY Name 

address    name
--------   ----
0000b000   .bss
0000a000   .data
00009000   .text
00009dfb   C$$EXIT
00009c2e   FS$$DIV
000090e6   _ADCINT_ISR
00380080   _ADC_cal
00000b00   _AdcMirror
00007100   _AdcRegs
00009d32   _CLKsampleratecontrol
0000c010   _CpuTimer0
00000c00   _CpuTimer0Regs
0000c000   _CpuTimer1
00000c08   _CpuTimer1Regs
0000c008   _CpuTimer2
00000c10   _CpuTimer2Regs
0033fff8   _CsmPwl
00000ae0   _CsmRegs
00009aa9   _CsmUnlock
00009014   _DATALOG_ISR
00009237   _DINTCH1_ISR
00009241   _DINTCH2_ISR
0000924b   _DINTCH3_ISR
00009255   _DINTCH4_ISR
0000925f   _DINTCH5_ISR
00009269   _DINTCH6_ISR
00008000   _DSP28x_usDelay
00009d26   _DSPdigaudinterface
00000880   _DevEmuRegs
000099f6   _DisableDog
00001000   _DmaRegs
000092c3   _ECAN0INTA_ISR
000092d7   _ECAN0INTB_ISR
000092cd   _ECAN1INTA_ISR
000092e1   _ECAN1INTB_ISR
0000917f   _ECAP1_INT_ISR
00009189   _ECAP2_INT_ISR
00009193   _ECAP3_INT_ISR
0000919d   _ECAP4_INT_ISR
000091a7   _ECAP5_INT_ISR
000091b1   _ECAP6_INT_ISR
00006040   _ECanaLAMRegs
000060c0   _ECanaMOTORegs
00006080   _ECanaMOTSRegs
00006100   _ECanaMboxes
00006000   _ECanaRegs
00006240   _ECanbLAMRegs
000062c0   _ECanbMOTORegs
00006280   _ECanbMOTSRegs
00006300   _ECanbMboxes
00006200   _ECanbRegs
00006a00   _ECap1Regs
00006a20   _ECap2Regs
00006a40   _ECap3Regs
00006a60   _ECap4Regs
00006a80   _ECap5Regs
00006aa0   _ECap6Regs
00009028   _EMUINT_ISR
00009143   _EPWM1_INT_ISR
00009107   _EPWM1_TZINT_ISR
0000914d   _EPWM2_INT_ISR
00009111   _EPWM2_TZINT_ISR
00009157   _EPWM3_INT_ISR
0000911b   _EPWM3_TZINT_ISR
00009161   _EPWM4_INT_ISR
00009125   _EPWM4_TZINT_ISR
0000916b   _EPWM5_INT_ISR
0000912f   _EPWM5_TZINT_ISR
00009175   _EPWM6_INT_ISR
00009139   _EPWM6_TZINT_ISR
00006800   _EPwm1Regs
00006840   _EPwm2Regs
00006880   _EPwm3Regs
000068c0   _EPwm4Regs
00006900   _EPwm5Regs
00006940   _EPwm6Regs
000091bb   _EQEP1_INT_ISR
000091c5   _EQEP2_INT_ISR
00006b00   _EQep1Regs
00006b40   _EQep2Regs
00009d91   _EnableInterrupts
00000a80   _FlashRegs
00006f80   _GpioCtrlRegs
00006fc0   _GpioDataRegs
00006fe0   _GpioIntRegs
00009273   _I2CINT1A_ISR
0000927d   _I2CINT2A_ISR
00009d29   _I2Sdigaudinterface
00007900   _I2caRegs
0000903c   _ILLEGAL_ISR
00009000   _INT13_ISR
0000900a   _INT14_ISR
00009ada   _InitEPwm
00009ae8   _InitEPwm1Gpio
00009afa   _InitEPwm2Gpio
00009b0c   _InitEPwm3Gpio
00009b20   _InitEPwm4Gpio
00009b2d   _InitEPwm5Gpio
00009b39   _InitEPwm6Gpio
00009adb   _InitEPwmGpio
00009b45   _InitEPwmSyncGpio
00009533   _InitMcbsp
0000960c   _InitMcbspGpio
00009538   _InitMcbspa
00009597   _InitMcbspa12bit
000095a2   _InitMcbspa16bit
000095ad   _InitMcbspa20bit
000095b8   _InitMcbspa24bit
000095c3   _InitMcbspa32bit
00009590   _InitMcbspa8bit
00009611   _InitMcbspaGpio
00009564   _InitMcbspb
000095d5   _InitMcbspb12bit
000095e0   _InitMcbspb16bit
000095eb   _InitMcbspb20bit
000095f6   _InitMcbspb24bit
00009601   _InitMcbspb32bit
000095ce   _InitMcbspb8bit
0000964b   _InitMcbspbGpio
00009a4e   _InitPeripheralClocks
00009d72   _InitPieCtrl
00009dc2   _InitPieVectTable
000099fe   _InitPll
00009d9a   _InitSpi
00009d9b   _InitSpiGpio
00009d9e   _InitSpiaGpio
000099e3   _InitSysCtrl
00009b59   _InitTzGpio
0000c02f   _LRCIN
00009327   _LUF_ISR
0000931d   _LVF_ISR
0000920c   _MRINTA_ISR
000091e3   _MRINTB_ISR
0000921d   _MXINTA_ISR
000091fa   _MXINTB_ISR
00005000   _McbspaRegs
00005040   _McbspbRegs
00009345   _Mcbspb_rx_isr
00009356   _Mcbspb_tx_isr
00009032   _NMI_ISR
00009331   _PIE_RESERVED
00380090   _PartIdRegs
00000ce0   _PieCtrlRegs
00000d00   _PieVectTable
0000d000   _PieVectTableInit
000096a0   _RFFT_adc_f32
00009b90   _RFFT_adc_f32u
0000901e   _RTOSINT_ISR
0000929b   _SCIRXINTA_ISR
000092af   _SCIRXINTB_ISR
00009287   _SCIRXINTC_ISR
000092a5   _SCITXINTA_ISR
000092b9   _SCITXINTB_ISR
00009291   _SCITXINTC_ISR
000090be   _SEQ1INT_ISR
000090c8   _SEQ2INT_ISR
000091cf   _SPIRXINTA_ISR
000091d9   _SPITXINTA_ISR
00007050   _SciaRegs
00007750   _ScibRegs
00007770   _ScicRegs
000099ec   _ServiceDog
00009e25   _SetDBGIER
00007040   _SpiaRegs
00007010   _SysCtrlRegs
000090f0   _TINT0_ISR
00009d2c   _USBsampleratecontrol
000090a0   _USER10_ISR
000090aa   _USER11_ISR
000090b4   _USER12_ISR
00009046   _USER1_ISR
00009050   _USER2_ISR
0000905a   _USER3_ISR
00009064   _USER4_ISR
0000906e   _USER5_ISR
00009078   _USER6_ISR
00009082   _USER7_ISR
0000908c   _USER8_ISR
00009096   _USER9_ISR
000090fa   _WAKEINT_ISR
000090d2   _XINT1_ISR
000090dc   _XINT2_ISR
000092eb   _XINT3_ISR
000092f5   _XINT4_ISR
000092ff   _XINT5_ISR
00009309   _XINT6_ISR
00009313   _XINT7_ISR
00007070   _XIntruptRegs
00000b20   _XintfRegs
00000700   __STACK_END
00000300   __STACK_SIZE
00000001   __TI_args_main
0000c040   ___TI_cleanup_ptr
0000c042   ___TI_dtors_ptr
ffffffff   ___binit__
0000b000   ___bss__
ffffffff   ___c_args__
00000002   ___cinit__
0000a000   ___data__
0000a000   ___edata__
0000b000   ___end__
00009e28   ___etext__
ffffffff   ___pinit__
00009000   ___text__
00009de2   __args_main
0000c03c   __lock
00009e1c   __nop
00009e18   __register_lock
00009e14   __register_unlock
00000400   __stack
0000c03a   __unlock
00009d20   _aaudpath
00009dfb   _abort
0000c037   _adcVals
000093f7   _adc_isr
000098e4   _addToLCD
00009cb6   _c_int00
00009689   _clkg_delay_loop
000099a9   _controlLCD
0000939a   _cpu_timer0_isr
000093b8   _cpu_timer1_isr
0000c030   _current
00009673   _delay_loop
00009d38   _digact
00009d23   _digaudiopath
00009dfd   _exit
00009cff   _fullpowerup
000098bf   _indexLookup
00009962   _initLCD
00009d58   _initSPI
00009d11   _lhp_volctl
00009d05   _linput_volctl
000097d8   _main
0000c024   _mainDisplay
0000c01a   _mainDisplay_show
00009d1d   _nomicaaudpath
00009d02   _nomicpowerup
0000c018   _numInMainDisplay
000099c6   _printLCD
00009d52   _readSPI
00009d3b   _reset
0000c031   _resetTimer
0000c033   _reverbChange
0000c035   _reverbLevel
00009730   _rfft_adc_f32_Stages4andUp
00009d17   _rhp_volctl
00009d0b   _rinput_volctl
0000933b   _rsvd_ISR
00009cfc   _softpowerdown
00009367   _spiRx_isr
0000c032   _sysStart
00009926   _toggleLCD
0000c034   _tremoloChange
0000c036   _tremoloLevel
0000c02e   _tuner
0000c019   _tunerScreen
00009959   _wait
00009d3e   _writeSPI
000093ab   _xint1_isr
ffffffff   binit
00000002   cinit
00000000   code_start
0000a000   edata
0000b000   end
00009e28   etext
ffffffff   pinit


GLOBAL SYMBOLS: SORTED BY Symbol Address 

address    name
--------   ----
00000000   code_start
00000001   __TI_args_main
00000002   ___cinit__
00000002   cinit
00000300   __STACK_SIZE
00000400   __stack
00000700   __STACK_END
00000880   _DevEmuRegs
00000a80   _FlashRegs
00000ae0   _CsmRegs
00000b00   _AdcMirror
00000b20   _XintfRegs
00000c00   _CpuTimer0Regs
00000c08   _CpuTimer1Regs
00000c10   _CpuTimer2Regs
00000ce0   _PieCtrlRegs
00000d00   _PieVectTable
00001000   _DmaRegs
00005000   _McbspaRegs
00005040   _McbspbRegs
00006000   _ECanaRegs
00006040   _ECanaLAMRegs
00006080   _ECanaMOTSRegs
000060c0   _ECanaMOTORegs
00006100   _ECanaMboxes
00006200   _ECanbRegs
00006240   _ECanbLAMRegs
00006280   _ECanbMOTSRegs
000062c0   _ECanbMOTORegs
00006300   _ECanbMboxes
00006800   _EPwm1Regs
00006840   _EPwm2Regs
00006880   _EPwm3Regs
000068c0   _EPwm4Regs
00006900   _EPwm5Regs
00006940   _EPwm6Regs
00006a00   _ECap1Regs
00006a20   _ECap2Regs
00006a40   _ECap3Regs
00006a60   _ECap4Regs
00006a80   _ECap5Regs
00006aa0   _ECap6Regs
00006b00   _EQep1Regs
00006b40   _EQep2Regs
00006f80   _GpioCtrlRegs
00006fc0   _GpioDataRegs
00006fe0   _GpioIntRegs
00007010   _SysCtrlRegs
00007040   _SpiaRegs
00007050   _SciaRegs
00007070   _XIntruptRegs
00007100   _AdcRegs
00007750   _ScibRegs
00007770   _ScicRegs
00007900   _I2caRegs
00008000   _DSP28x_usDelay
00009000   .text
00009000   _INT13_ISR
00009000   ___text__
0000900a   _INT14_ISR
00009014   _DATALOG_ISR
0000901e   _RTOSINT_ISR
00009028   _EMUINT_ISR
00009032   _NMI_ISR
0000903c   _ILLEGAL_ISR
00009046   _USER1_ISR
00009050   _USER2_ISR
0000905a   _USER3_ISR
00009064   _USER4_ISR
0000906e   _USER5_ISR
00009078   _USER6_ISR
00009082   _USER7_ISR
0000908c   _USER8_ISR
00009096   _USER9_ISR
000090a0   _USER10_ISR
000090aa   _USER11_ISR
000090b4   _USER12_ISR
000090be   _SEQ1INT_ISR
000090c8   _SEQ2INT_ISR
000090d2   _XINT1_ISR
000090dc   _XINT2_ISR
000090e6   _ADCINT_ISR
000090f0   _TINT0_ISR
000090fa   _WAKEINT_ISR
00009107   _EPWM1_TZINT_ISR
00009111   _EPWM2_TZINT_ISR
0000911b   _EPWM3_TZINT_ISR
00009125   _EPWM4_TZINT_ISR
0000912f   _EPWM5_TZINT_ISR
00009139   _EPWM6_TZINT_ISR
00009143   _EPWM1_INT_ISR
0000914d   _EPWM2_INT_ISR
00009157   _EPWM3_INT_ISR
00009161   _EPWM4_INT_ISR
0000916b   _EPWM5_INT_ISR
00009175   _EPWM6_INT_ISR
0000917f   _ECAP1_INT_ISR
00009189   _ECAP2_INT_ISR
00009193   _ECAP3_INT_ISR
0000919d   _ECAP4_INT_ISR
000091a7   _ECAP5_INT_ISR
000091b1   _ECAP6_INT_ISR
000091bb   _EQEP1_INT_ISR
000091c5   _EQEP2_INT_ISR
000091cf   _SPIRXINTA_ISR
000091d9   _SPITXINTA_ISR
000091e3   _MRINTB_ISR
000091fa   _MXINTB_ISR
0000920c   _MRINTA_ISR
0000921d   _MXINTA_ISR
00009237   _DINTCH1_ISR
00009241   _DINTCH2_ISR
0000924b   _DINTCH3_ISR
00009255   _DINTCH4_ISR
0000925f   _DINTCH5_ISR
00009269   _DINTCH6_ISR
00009273   _I2CINT1A_ISR
0000927d   _I2CINT2A_ISR
00009287   _SCIRXINTC_ISR
00009291   _SCITXINTC_ISR
0000929b   _SCIRXINTA_ISR
000092a5   _SCITXINTA_ISR
000092af   _SCIRXINTB_ISR
000092b9   _SCITXINTB_ISR
000092c3   _ECAN0INTA_ISR
000092cd   _ECAN1INTA_ISR
000092d7   _ECAN0INTB_ISR
000092e1   _ECAN1INTB_ISR
000092eb   _XINT3_ISR
000092f5   _XINT4_ISR
000092ff   _XINT5_ISR
00009309   _XINT6_ISR
00009313   _XINT7_ISR
0000931d   _LVF_ISR
00009327   _LUF_ISR
00009331   _PIE_RESERVED
0000933b   _rsvd_ISR
00009345   _Mcbspb_rx_isr
00009356   _Mcbspb_tx_isr
00009367   _spiRx_isr
0000939a   _cpu_timer0_isr
000093ab   _xint1_isr
000093b8   _cpu_timer1_isr
000093f7   _adc_isr
00009533   _InitMcbsp
00009538   _InitMcbspa
00009564   _InitMcbspb
00009590   _InitMcbspa8bit
00009597   _InitMcbspa12bit
000095a2   _InitMcbspa16bit
000095ad   _InitMcbspa20bit
000095b8   _InitMcbspa24bit
000095c3   _InitMcbspa32bit
000095ce   _InitMcbspb8bit
000095d5   _InitMcbspb12bit
000095e0   _InitMcbspb16bit
000095eb   _InitMcbspb20bit
000095f6   _InitMcbspb24bit
00009601   _InitMcbspb32bit
0000960c   _InitMcbspGpio
00009611   _InitMcbspaGpio
0000964b   _InitMcbspbGpio
00009673   _delay_loop
00009689   _clkg_delay_loop
000096a0   _RFFT_adc_f32
00009730   _rfft_adc_f32_Stages4andUp
000097d8   _main
000098bf   _indexLookup
000098e4   _addToLCD
00009926   _toggleLCD
00009959   _wait
00009962   _initLCD
000099a9   _controlLCD
000099c6   _printLCD
000099e3   _InitSysCtrl
000099ec   _ServiceDog
000099f6   _DisableDog
000099fe   _InitPll
00009a4e   _InitPeripheralClocks
00009aa9   _CsmUnlock
00009ada   _InitEPwm
00009adb   _InitEPwmGpio
00009ae8   _InitEPwm1Gpio
00009afa   _InitEPwm2Gpio
00009b0c   _InitEPwm3Gpio
00009b20   _InitEPwm4Gpio
00009b2d   _InitEPwm5Gpio
00009b39   _InitEPwm6Gpio
00009b45   _InitEPwmSyncGpio
00009b59   _InitTzGpio
00009b90   _RFFT_adc_f32u
00009c2e   FS$$DIV
00009cb6   _c_int00
00009cfc   _softpowerdown
00009cff   _fullpowerup
00009d02   _nomicpowerup
00009d05   _linput_volctl
00009d0b   _rinput_volctl
00009d11   _lhp_volctl
00009d17   _rhp_volctl
00009d1d   _nomicaaudpath
00009d20   _aaudpath
00009d23   _digaudiopath
00009d26   _DSPdigaudinterface
00009d29   _I2Sdigaudinterface
00009d2c   _USBsampleratecontrol
00009d32   _CLKsampleratecontrol
00009d38   _digact
00009d3b   _reset
00009d3e   _writeSPI
00009d52   _readSPI
00009d58   _initSPI
00009d72   _InitPieCtrl
00009d91   _EnableInterrupts
00009d9a   _InitSpi
00009d9b   _InitSpiGpio
00009d9e   _InitSpiaGpio
00009dc2   _InitPieVectTable
00009de2   __args_main
00009dfb   C$$EXIT
00009dfb   _abort
00009dfd   _exit
00009e14   __register_unlock
00009e18   __register_lock
00009e1c   __nop
00009e25   _SetDBGIER
00009e28   ___etext__
00009e28   etext
0000a000   .data
0000a000   ___data__
0000a000   ___edata__
0000a000   edata
0000b000   .bss
0000b000   ___bss__
0000b000   ___end__
0000b000   end
0000c000   _CpuTimer1
0000c008   _CpuTimer2
0000c010   _CpuTimer0
0000c018   _numInMainDisplay
0000c019   _tunerScreen
0000c01a   _mainDisplay_show
0000c024   _mainDisplay
0000c02e   _tuner
0000c02f   _LRCIN
0000c030   _current
0000c031   _resetTimer
0000c032   _sysStart
0000c033   _reverbChange
0000c034   _tremoloChange
0000c035   _reverbLevel
0000c036   _tremoloLevel
0000c037   _adcVals
0000c03a   __unlock
0000c03c   __lock
0000c040   ___TI_cleanup_ptr
0000c042   ___TI_dtors_ptr
0000d000   _PieVectTableInit
0033fff8   _CsmPwl
00380080   _ADC_cal
00380090   _PartIdRegs
ffffffff   ___binit__
ffffffff   ___c_args__
ffffffff   ___pinit__
ffffffff   binit
ffffffff   pinit

[266 symbols]
