******************************************************************************
             TMS320C2000 Linker PC v6.2.7                      
******************************************************************************
>> Linked Fri Nov 07 01:05:57 2014

OUTPUT FILE NAME:   <guitarEffects.out>
ENTRY POINT SYMBOL: "_c_int00"  address: 00301bcd


MEMORY CONFIGURATION

         name            origin    length      used     unused   attr    fill
----------------------  --------  ---------  --------  --------  ----  --------
PAGE 0:
  BEGIN_M0              00000000   00000002  00000000  00000002  RWIX
  L0123SARAM            00008000   00004000  00000a2f  000035d1  RWIX
  FLASH_ABCDEFGH        00300000   0003ff80  00002049  0003df37  R   
  CSM_RSVD              0033ff80   00000076  00000076  00000000  R   
  BEGIN_FLASH           0033fff6   00000002  00000002  00000000  R   
  PASSWORDS             0033fff8   00000008  00000008  00000000  R   
  ADC_CAL               00380080   00000009  00000007  00000002  RWIX
  OTP                   00380400   00000400  00000000  00000400  R   
  IQTABLES              003fe000   00000b50  00000000  00000b50  R   
  IQTABLES2             003feb50   0000008c  00000000  0000008c  R   
  FPUTABLES             003febdc   000006a0  00000000  000006a0  R   
  RESET                 003fffc0   00000002  00000000  00000002  R   

PAGE 1:
  M0SARAM               00000002   000003fe  00000000  000003fe  RWIX
  M1SARAM               00000400   00000400  00000300  00000100  RWIX
  DEV_EMU               00000880   00000180  000000d0  000000b0  RWIX
  FLASH_REGS            00000a80   00000060  00000008  00000058  RWIX
  CSM                   00000ae0   00000010  00000010  00000000  RWIX
  ADC_MIRROR            00000b00   00000010  00000010  00000000  RWIX
  XINTF                 00000b20   00000020  0000001e  00000002  RWIX
  CPU_TIMER0            00000c00   00000008  00000008  00000000  RWIX
  CPU_TIMER1            00000c08   00000008  00000008  00000000  RWIX
  CPU_TIMER2            00000c10   00000008  00000008  00000000  RWIX
  PIE_CTRL              00000ce0   00000020  0000001a  00000006  RWIX
  PIE_VECT              00000d00   00000100  00000100  00000000  RWIX
  DMA                   00001000   00000200  000000e0  00000120  RWIX
  MCBSPA                00005000   00000040  00000025  0000001b  RWIX
  MCBSPB                00005040   00000040  00000025  0000001b  RWIX
  ECANA                 00006000   00000040  00000034  0000000c  RWIX
  ECANA_LAM             00006040   00000040  00000040  00000000  RWIX
  ECANA_MOTS            00006080   00000040  00000040  00000000  RWIX
  ECANA_MOTO            000060c0   00000040  00000040  00000000  RWIX
  ECANA_MBOX            00006100   00000100  00000100  00000000  RWIX
  ECANB                 00006200   00000040  00000034  0000000c  RWIX
  ECANB_LAM             00006240   00000040  00000040  00000000  RWIX
  ECANB_MOTS            00006280   00000040  00000040  00000000  RWIX
  ECANB_MOTO            000062c0   00000040  00000040  00000000  RWIX
  ECANB_MBOX            00006300   00000100  00000100  00000000  RWIX
  EPWM1                 00006800   00000022  00000022  00000000  RWIX
  EPWM2                 00006840   00000022  00000022  00000000  RWIX
  EPWM3                 00006880   00000022  00000022  00000000  RWIX
  EPWM4                 000068c0   00000022  00000022  00000000  RWIX
  EPWM5                 00006900   00000022  00000022  00000000  RWIX
  EPWM6                 00006940   00000022  00000022  00000000  RWIX
  ECAP1                 00006a00   00000020  00000020  00000000  RWIX
  ECAP2                 00006a20   00000020  00000020  00000000  RWIX
  ECAP3                 00006a40   00000020  00000020  00000000  RWIX
  ECAP4                 00006a60   00000020  00000020  00000000  RWIX
  ECAP5                 00006a80   00000020  00000020  00000000  RWIX
  ECAP6                 00006aa0   00000020  00000020  00000000  RWIX
  EQEP1                 00006b00   00000040  00000040  00000000  RWIX
  EQEP2                 00006b40   00000040  00000040  00000000  RWIX
  GPIOCTRL              00006f80   00000040  0000002e  00000012  RWIX
  GPIODAT               00006fc0   00000020  00000020  00000000  RWIX
  GPIOINT               00006fe0   00000020  0000000a  00000016  RWIX
  SYSTEM                00007010   00000020  00000020  00000000  RWIX
  SPIA                  00007040   00000010  00000010  00000000  RWIX
  SCIA                  00007050   00000010  00000010  00000000  RWIX
  XINTRUPT              00007070   00000010  00000010  00000000  RWIX
  ADC                   00007100   00000020  0000001e  00000002  RWIX
  SCIB                  00007750   00000010  00000010  00000000  RWIX
  SCIC                  00007770   00000010  00000010  00000000  RWIX
  I2CA                  00007900   00000040  00000022  0000001e  RWIX
  L4SARAM               0000c000   00001000  00000ffd  00000003  RWIX
  L5SARAM               0000d000   00001000  0000008e  00000f72  RWIX
  L6SARAM               0000e000   00001000  00000000  00001000  RWIX
  L7SARAM               0000f000   00001000  00000000  00001000  RWIX
  CSM_PWL               0033fff8   00000008  00000008  00000000  RWIX
  PARTID                00380090   00000001  00000001  00000000  RWIX


SECTION ALLOCATION MAP

 output                                  attributes/
section   page    origin      length       input sections
--------  ----  ----------  ----------   ----------------
.pinit     0    00300000    00000000     UNINITIALIZED

secureRamFuncs 
*          0    00300000    00000a2f     RUN ADDR = 00008000
                  00300000    00000412     effect.obj (secureRamFuncs)
                  00300412    000002fc     lcd.obj (secureRamFuncs)
                  0030070e    0000018e     main.obj (secureRamFuncs:retain)
                  0030089c    00000086     spi.obj (secureRamFuncs)
                  00300922    00000078     eeprom.obj (secureRamFuncs)
                  0030099a    00000076     effect.obj (secureRamFuncs:retain)
                  00300a10    0000001f     Flash.obj (secureRamFuncs)

.text      0    00300a30    0000141f     
                  00300a30    000003f4     DefaultIsr_nonBIOS.obj (.text:retain)
                  00300e24    00000198     main.obj (.text)
                  00300fbc    0000015a     DSP2833x_Mcbsp.obj (.text)
                  00301116    00000150     bp_iir.obj (.text)
                  00301266    00000138     RFFT_adc_f32.obj (.text)
                  0030139e    0000012c     effect.obj (.text)
                  003014ca    00000110     sys.obj (.text)
                  003015da    0000010c     autoWah.obj (.text)
                  003016e6    000000a2     lcd.obj (.text)
                  00301788    0000009e     RFFT_adc_f32u.obj (.text)
                  00301826    00000088     rts2800_fpu32.lib : fs_div.obj (.text)
                  003018ae    0000007f     SysCtrl.obj (.text)
                  0030192d    00000074     DSP2833x_CpuTimers.obj (.text)
                  003019a1    00000068     rts2800_fpu32.lib : exp.obj (.text)
                  00301a09    00000061                       : cos.obj (.text)
                  00301a6a    00000061                       : tan.obj (.text)
                  00301acb    0000005a                       : pow.obj (.text)
                  00301b25    00000058                       : sin.obj (.text)
                  00301b7d    00000050                       : _log.obj (.text)
                  00301bcd    00000046                       : boot.obj (.text)
                  00301c13    00000044     RFFT_f32_mag.obj (.text)
                  00301c57    00000031     rts2800_fpu32.lib : ldexp.obj (.text)
                  00301c88    00000030     PieCtrl_nonBIOS.obj (.text)
                  00301cb8    0000002e     rts2800_fpu32.lib : fmod.obj (.text)
                  00301ce6    0000002a     DSP2833x_Spi.obj (.text)
                  00301d10    0000002a     adc.obj (.text)
                  00301d3a    00000023     rts2800_fpu32.lib : sqrt.obj (.text)
                  00301d5d    00000022                       : i_div.obj (.text)
                  00301d7f    00000021                       : memcpy_ff.obj (.text)
                  00301da0    0000001a                       : modf.obj (.text)
                  00301dba    00000019                       : args_main.obj (.text)
                  00301dd3    00000019                       : exit.obj (.text)
                  00301dec    00000017     DSP2833x_I2C.obj (.text)
                  00301e03    00000016     rts2800_fpu32.lib : frexp.obj (.text)
                  00301e19    00000013     DSP2833x_Adc.obj (.text)
                  00301e2c    00000010     DelayUs.obj (.text)
                  00301e3c    00000009     rts2800_fpu32.lib : _lock.obj (.text)
                  00301e45    00000007     CodeStartBranch.obj (.text)
                  00301e4c    00000003     SetDBGIER.obj (.text)

.econst    0    00301e50    00000100     
                  00301e50    00000100     PieVect_nonBIOS.obj (.econst)

.cinit     0    00301f50    000000fb     
                  00301f50    000000c2     main.obj (.cinit)
                  00302012    00000017     lowpass.obj (.cinit)
                  00302029    0000000a     rts2800_fpu32.lib : _lock.obj (.cinit)
                  00302033    0000000a                       : exit.obj (.cinit)
                  0030203d    00000004     effect.obj (.cinit)
                  00302041    00000004     rts2800_fpu32.lib : errno.obj (.cinit)
                  00302045    00000004                       : memory.obj (.cinit)
                  00302049    00000002     --HOLE-- [fill = 0]

csm_rsvd   0    0033ff80    00000076     
                  0033ff80    00000076     Passwords.obj (csm_rsvd)

codestart 
*          0    0033fff6    00000002     
                  0033fff6    00000002     CodeStartBranch.obj (codestart)

passwords 
*          0    0033fff8    00000008     
                  0033fff8    00000008     Passwords.obj (passwords)

.adc_cal   0    00380080    00000007     NOLOAD SECTION
                  00380080    00000007     DSP2833x_ADC_cal.obj (.adc_cal)

.reset     0    003fffc0    00000002     DSECT
                  003fffc0    00000002     rts2800_fpu32.lib : boot.obj (.reset)

.stack     1    00000400    00000300     UNINITIALIZED
                  00000400    00000300     --HOLE--

DevEmuRegsFile 
*          1    00000880    000000d0     UNINITIALIZED
                  00000880    000000d0     DSP2833x_GlobalVariableDefs.obj (DevEmuRegsFile)

FlashRegsFile 
*          1    00000a80    00000008     UNINITIALIZED
                  00000a80    00000008     DSP2833x_GlobalVariableDefs.obj (FlashRegsFile)

CsmRegsFile 
*          1    00000ae0    00000010     UNINITIALIZED
                  00000ae0    00000010     DSP2833x_GlobalVariableDefs.obj (CsmRegsFile)

AdcMirrorFile 
*          1    00000b00    00000010     UNINITIALIZED
                  00000b00    00000010     DSP2833x_GlobalVariableDefs.obj (AdcMirrorFile)

XintfRegsFile 
*          1    00000b20    0000001e     UNINITIALIZED
                  00000b20    0000001e     DSP2833x_GlobalVariableDefs.obj (XintfRegsFile)

CpuTimer0RegsFile 
*          1    00000c00    00000008     UNINITIALIZED
                  00000c00    00000008     DSP2833x_GlobalVariableDefs.obj (CpuTimer0RegsFile)

CpuTimer1RegsFile 
*          1    00000c08    00000008     UNINITIALIZED
                  00000c08    00000008     DSP2833x_GlobalVariableDefs.obj (CpuTimer1RegsFile)

CpuTimer2RegsFile 
*          1    00000c10    00000008     UNINITIALIZED
                  00000c10    00000008     DSP2833x_GlobalVariableDefs.obj (CpuTimer2RegsFile)

PieCtrlRegsFile 
*          1    00000ce0    0000001a     UNINITIALIZED
                  00000ce0    0000001a     DSP2833x_GlobalVariableDefs.obj (PieCtrlRegsFile)

PieVectTableFile 
*          1    00000d00    00000100     UNINITIALIZED
                  00000d00    00000100     DSP2833x_GlobalVariableDefs.obj (PieVectTableFile)

DmaRegsFile 
*          1    00001000    000000e0     UNINITIALIZED
                  00001000    000000e0     DSP2833x_GlobalVariableDefs.obj (DmaRegsFile)

McbspaRegsFile 
*          1    00005000    00000025     UNINITIALIZED
                  00005000    00000025     DSP2833x_GlobalVariableDefs.obj (McbspaRegsFile)

McbspbRegsFile 
*          1    00005040    00000025     UNINITIALIZED
                  00005040    00000025     DSP2833x_GlobalVariableDefs.obj (McbspbRegsFile)

ECanaRegsFile 
*          1    00006000    00000034     UNINITIALIZED
                  00006000    00000034     DSP2833x_GlobalVariableDefs.obj (ECanaRegsFile)

ECanaLAMRegsFile 
*          1    00006040    00000040     UNINITIALIZED
                  00006040    00000040     DSP2833x_GlobalVariableDefs.obj (ECanaLAMRegsFile)

ECanaMOTSRegsFile 
*          1    00006080    00000040     UNINITIALIZED
                  00006080    00000040     DSP2833x_GlobalVariableDefs.obj (ECanaMOTSRegsFile)

ECanaMOTORegsFile 
*          1    000060c0    00000040     UNINITIALIZED
                  000060c0    00000040     DSP2833x_GlobalVariableDefs.obj (ECanaMOTORegsFile)

ECanaMboxesFile 
*          1    00006100    00000100     UNINITIALIZED
                  00006100    00000100     DSP2833x_GlobalVariableDefs.obj (ECanaMboxesFile)

ECanbRegsFile 
*          1    00006200    00000034     UNINITIALIZED
                  00006200    00000034     DSP2833x_GlobalVariableDefs.obj (ECanbRegsFile)

ECanbLAMRegsFile 
*          1    00006240    00000040     UNINITIALIZED
                  00006240    00000040     DSP2833x_GlobalVariableDefs.obj (ECanbLAMRegsFile)

ECanbMOTSRegsFile 
*          1    00006280    00000040     UNINITIALIZED
                  00006280    00000040     DSP2833x_GlobalVariableDefs.obj (ECanbMOTSRegsFile)

ECanbMOTORegsFile 
*          1    000062c0    00000040     UNINITIALIZED
                  000062c0    00000040     DSP2833x_GlobalVariableDefs.obj (ECanbMOTORegsFile)

ECanbMboxesFile 
*          1    00006300    00000100     UNINITIALIZED
                  00006300    00000100     DSP2833x_GlobalVariableDefs.obj (ECanbMboxesFile)

EPwm1RegsFile 
*          1    00006800    00000022     UNINITIALIZED
                  00006800    00000022     DSP2833x_GlobalVariableDefs.obj (EPwm1RegsFile)

EPwm2RegsFile 
*          1    00006840    00000022     UNINITIALIZED
                  00006840    00000022     DSP2833x_GlobalVariableDefs.obj (EPwm2RegsFile)

EPwm3RegsFile 
*          1    00006880    00000022     UNINITIALIZED
                  00006880    00000022     DSP2833x_GlobalVariableDefs.obj (EPwm3RegsFile)

EPwm4RegsFile 
*          1    000068c0    00000022     UNINITIALIZED
                  000068c0    00000022     DSP2833x_GlobalVariableDefs.obj (EPwm4RegsFile)

EPwm5RegsFile 
*          1    00006900    00000022     UNINITIALIZED
                  00006900    00000022     DSP2833x_GlobalVariableDefs.obj (EPwm5RegsFile)

EPwm6RegsFile 
*          1    00006940    00000022     UNINITIALIZED
                  00006940    00000022     DSP2833x_GlobalVariableDefs.obj (EPwm6RegsFile)

ECap1RegsFile 
*          1    00006a00    00000020     UNINITIALIZED
                  00006a00    00000020     DSP2833x_GlobalVariableDefs.obj (ECap1RegsFile)

ECap2RegsFile 
*          1    00006a20    00000020     UNINITIALIZED
                  00006a20    00000020     DSP2833x_GlobalVariableDefs.obj (ECap2RegsFile)

ECap3RegsFile 
*          1    00006a40    00000020     UNINITIALIZED
                  00006a40    00000020     DSP2833x_GlobalVariableDefs.obj (ECap3RegsFile)

ECap4RegsFile 
*          1    00006a60    00000020     UNINITIALIZED
                  00006a60    00000020     DSP2833x_GlobalVariableDefs.obj (ECap4RegsFile)

ECap5RegsFile 
*          1    00006a80    00000020     UNINITIALIZED
                  00006a80    00000020     DSP2833x_GlobalVariableDefs.obj (ECap5RegsFile)

ECap6RegsFile 
*          1    00006aa0    00000020     UNINITIALIZED
                  00006aa0    00000020     DSP2833x_GlobalVariableDefs.obj (ECap6RegsFile)

EQep1RegsFile 
*          1    00006b00    00000040     UNINITIALIZED
                  00006b00    00000040     DSP2833x_GlobalVariableDefs.obj (EQep1RegsFile)

EQep2RegsFile 
*          1    00006b40    00000040     UNINITIALIZED
                  00006b40    00000040     DSP2833x_GlobalVariableDefs.obj (EQep2RegsFile)

GpioCtrlRegsFile 
*          1    00006f80    0000002e     UNINITIALIZED
                  00006f80    0000002e     DSP2833x_GlobalVariableDefs.obj (GpioCtrlRegsFile)

GpioDataRegsFile 
*          1    00006fc0    00000020     UNINITIALIZED
                  00006fc0    00000020     DSP2833x_GlobalVariableDefs.obj (GpioDataRegsFile)

GpioIntRegsFile 
*          1    00006fe0    0000000a     UNINITIALIZED
                  00006fe0    0000000a     DSP2833x_GlobalVariableDefs.obj (GpioIntRegsFile)

SysCtrlRegsFile 
*          1    00007010    00000020     UNINITIALIZED
                  00007010    00000020     DSP2833x_GlobalVariableDefs.obj (SysCtrlRegsFile)

SpiaRegsFile 
*          1    00007040    00000010     UNINITIALIZED
                  00007040    00000010     DSP2833x_GlobalVariableDefs.obj (SpiaRegsFile)

SciaRegsFile 
*          1    00007050    00000010     UNINITIALIZED
                  00007050    00000010     DSP2833x_GlobalVariableDefs.obj (SciaRegsFile)

XIntruptRegsFile 
*          1    00007070    00000010     UNINITIALIZED
                  00007070    00000010     DSP2833x_GlobalVariableDefs.obj (XIntruptRegsFile)

AdcRegsFile 
*          1    00007100    0000001e     UNINITIALIZED
                  00007100    0000001e     DSP2833x_GlobalVariableDefs.obj (AdcRegsFile)

ScibRegsFile 
*          1    00007750    00000010     UNINITIALIZED
                  00007750    00000010     DSP2833x_GlobalVariableDefs.obj (ScibRegsFile)

ScicRegsFile 
*          1    00007770    00000010     UNINITIALIZED
                  00007770    00000010     DSP2833x_GlobalVariableDefs.obj (ScicRegsFile)

I2caRegsFile 
*          1    00007900    00000022     UNINITIALIZED
                  00007900    00000022     DSP2833x_GlobalVariableDefs.obj (I2caRegsFile)

.bss       1    0000c000    00000000     UNINITIALIZED

.sysmem    1    0000c000    00000400     UNINITIALIZED
                  0000c000    00000001     rts2800_fpu32.lib : memory.obj (.sysmem)
                  0000c001    000003ff     --HOLE--

.ebss.1    1    0000c400    00000bfd     UNINITIALIZED
                  0000c400    0000070c     main.obj (.ebss)
                  0000cb0c    00000032     autoWah.obj (.ebss)
                  0000cb3e    00000001     rts2800_fpu32.lib : errno.obj (.ebss)
                  0000cb3f    00000001     --HOLE--
                  0000cb40    000004b0     bp_iir.obj (.ebss)
                  0000cff0    00000008     rts2800_fpu32.lib : memory.obj (.ebss)
                  0000cff8    00000005     lcd.obj (.ebss)

.ebss.2    1    0000d000    0000007a     UNINITIALIZED
                  0000d000    0000005a     effect.obj (.ebss)
                  0000d05a    00000018     DSP2833x_CpuTimers.obj (.ebss)
                  0000d072    00000004     rts2800_fpu32.lib : _lock.obj (.ebss)
                  0000d076    00000004                       : exit.obj (.ebss)

.ebss.3    1    0000d080    00000014     UNINITIALIZED
                  0000d080    00000014     lowpass.obj (.ebss)

CsmPwlFile 
*          1    0033fff8    00000008     UNINITIALIZED
                  0033fff8    00000008     DSP2833x_GlobalVariableDefs.obj (CsmPwlFile)

PartIdRegsFile 
*          1    00380090    00000001     UNINITIALIZED
                  00380090    00000001     DSP2833x_GlobalVariableDefs.obj (PartIdRegsFile)


GLOBAL DATA SYMBOLS: SORTED BY DATA PAGE

address     data page           name
--------    ----------------    ----
00000400      10 (00000400)     __stack

00000880      22 (00000880)     _DevEmuRegs

00000a80      2a (00000a80)     _FlashRegs

00000ae0      2b (00000ac0)     _CsmRegs

00000b00      2c (00000b00)     _AdcMirror
00000b20      2c (00000b00)     _XintfRegs

00000c00      30 (00000c00)     _CpuTimer0Regs
00000c08      30 (00000c00)     _CpuTimer1Regs
00000c10      30 (00000c00)     _CpuTimer2Regs

00000ce0      33 (00000cc0)     _PieCtrlRegs

00000d00      34 (00000d00)     _PieVectTable

00001000      40 (00001000)     _DmaRegs

00005000     140 (00005000)     _McbspaRegs

00005040     141 (00005040)     _McbspbRegs

00006000     180 (00006000)     _ECanaRegs

00006040     181 (00006040)     _ECanaLAMRegs

00006080     182 (00006080)     _ECanaMOTSRegs

000060c0     183 (000060c0)     _ECanaMOTORegs

00006100     184 (00006100)     _ECanaMboxes

00006200     188 (00006200)     _ECanbRegs

00006240     189 (00006240)     _ECanbLAMRegs

00006280     18a (00006280)     _ECanbMOTSRegs

000062c0     18b (000062c0)     _ECanbMOTORegs

00006300     18c (00006300)     _ECanbMboxes

00006800     1a0 (00006800)     _EPwm1Regs

00006840     1a1 (00006840)     _EPwm2Regs

00006880     1a2 (00006880)     _EPwm3Regs

000068c0     1a3 (000068c0)     _EPwm4Regs

00006900     1a4 (00006900)     _EPwm5Regs

00006940     1a5 (00006940)     _EPwm6Regs

00006a00     1a8 (00006a00)     _ECap1Regs
00006a20     1a8 (00006a00)     _ECap2Regs

00006a40     1a9 (00006a40)     _ECap3Regs
00006a60     1a9 (00006a40)     _ECap4Regs

00006a80     1aa (00006a80)     _ECap5Regs
00006aa0     1aa (00006a80)     _ECap6Regs

00006b00     1ac (00006b00)     _EQep1Regs

00006b40     1ad (00006b40)     _EQep2Regs

00006f80     1be (00006f80)     _GpioCtrlRegs

00006fc0     1bf (00006fc0)     _GpioDataRegs
00006fe0     1bf (00006fc0)     _GpioIntRegs

00007010     1c0 (00007000)     _SysCtrlRegs

00007040     1c1 (00007040)     _SpiaRegs
00007050     1c1 (00007040)     _SciaRegs
00007070     1c1 (00007040)     _XIntruptRegs

00007100     1c4 (00007100)     _AdcRegs

00007750     1dd (00007740)     _ScibRegs
00007770     1dd (00007740)     _ScicRegs

00007900     1e4 (00007900)     _I2caRegs

0000c000     300 (0000c000)     __sys_memory

0000c400     310 (0000c400)     _oldLevel
0000c401     310 (0000c400)     _numQueued
0000c402     310 (0000c400)     _effectToToggle
0000c403     310 (0000c400)     _volumeLevel
0000c404     310 (0000c400)     _trebleLevel
0000c405     310 (0000c400)     _reverbLevel
0000c406     310 (0000c400)     _bassLevel
0000c407     310 (0000c400)     _midLevel
0000c408     310 (0000c400)     _indexToToggle
0000c409     310 (0000c400)     _newLevel
0000c40a     310 (0000c400)     _sysStart
0000c40b     310 (0000c400)     _updateChange
0000c40c     310 (0000c400)     _updateLcd
0000c40d     310 (0000c400)     _preset
0000c40e     310 (0000c400)     _tuner
0000c40f     310 (0000c400)     _resetTimer
0000c410     310 (0000c400)     _currentChangeScreen
0000c411     310 (0000c400)     _updateCode
0000c412     310 (0000c400)     _delayChange
0000c413     310 (0000c400)     _chorusChange
0000c414     310 (0000c400)     _midChange
0000c415     310 (0000c400)     _flangeChange
0000c416     310 (0000c400)     _updateVolume
0000c417     310 (0000c400)     _newVolumeLevel
0000c418     310 (0000c400)     _reverbChange
0000c419     310 (0000c400)     _tremoloChange
0000c41a     310 (0000c400)     _trebleChange
0000c41b     310 (0000c400)     _flangeLevel
0000c41c     310 (0000c400)     _presetNumber
0000c41d     310 (0000c400)     _delayLevel
0000c41e     310 (0000c400)     _chorusLevel
0000c41f     310 (0000c400)     _load
0000c420     310 (0000c400)     _volumeChange
0000c421     310 (0000c400)     _save
0000c422     310 (0000c400)     _bassChange
0000c423     310 (0000c400)     _toggle
0000c424     310 (0000c400)     _tremoloLevel
0000c425     310 (0000c400)     _enc_position
0000c426     310 (0000c400)     _old_enc_value
0000c427     310 (0000c400)     _enc_value
0000c428     310 (0000c400)     _my_enc_val
0000c429     310 (0000c400)     _adcVals
0000c433     310 (0000c400)     _on_off

0000c440     311 (0000c440)     _mainDisplay
0000c44a     311 (0000c440)     _location
0000c454     311 (0000c440)     _enc_states
0000c464     311 (0000c440)     _list

0000c480     312 (0000c480)     _pipeline

0000cb10     32c (0000cb00)     _x
0000cb16     32c (0000cb00)     _y
0000cb3e     32c (0000cb00)     _errno

0000cff8     33f (0000cfc0)     _tunerScreen
0000cff9     33f (0000cfc0)     _numInMainDisplay
0000cffa     33f (0000cfc0)     _presetScreen
0000cffb     33f (0000cfc0)     _reprint
0000cffc     33f (0000cfc0)     _currentPreset

0000d000     340 (0000d000)     _Error
0000d001     340 (0000d000)     _writeDone
0000d002     340 (0000d000)     _readDone
0000d004     340 (0000d000)     _CurrentMsgPtr
0000d006     340 (0000d000)     _adcVal
0000d00b     340 (0000d000)     _messageOut
0000d020     340 (0000d000)     _messageIn

0000d040     341 (0000d040)     _returnArray
0000d05a     341 (0000d040)     _CpuTimer1
0000d062     341 (0000d040)     _CpuTimer2
0000d06a     341 (0000d040)     _CpuTimer0
0000d072     341 (0000d040)     __unlock
0000d074     341 (0000d040)     __lock
0000d076     341 (0000d040)     ___TI_cleanup_ptr
0000d078     341 (0000d040)     ___TI_dtors_ptr

0000d080     342 (0000d080)     _lowpass_coefficients

00301e50    c079 (00301e40)     _PieVectTableInit

0033fff8    cfff (0033ffc0)     _CsmPwl

00380090    e002 (00380080)     _PartIdRegs


GLOBAL SYMBOLS: SORTED ALPHABETICALLY BY Name 

address    name
--------   ----
0000c000   .bss
00300a30   .text
00301dd3   C$$EXIT
00301826   FS$$DIV
00301d5d   I$$DIV
00301d6e   I$$MOD
00300b26   _ADCINT_ISR
00380080   _ADC_cal
00000b00   _AdcMirror
00007100   _AdcRegs
003015da   _AutoWah_init
00301653   _AutoWah_process
00301664   _AutoWah_sweep
00301966   _ConfigCpuTimer
0000d06a   _CpuTimer0
00000c00   _CpuTimer0Regs
0000d05a   _CpuTimer1
00000c08   _CpuTimer1Regs
0000d062   _CpuTimer2
00000c10   _CpuTimer2Regs
0033fff8   _CsmPwl
00000ae0   _CsmRegs
0000d004   _CurrentMsgPtr
00300a44   _DATALOG_ISR
00300cbc   _DINTCH1_ISR
00300cca   _DINTCH2_ISR
00300cd8   _DINTCH3_ISR
00300ce6   _DINTCH4_ISR
00300cf4   _DINTCH5_ISR
00300d02   _DINTCH6_ISR
00301e2c   _DelayUs
00000880   _DevEmuRegs
00001000   _DmaRegs
00300d80   _ECAN0INTA_ISR
00300d9c   _ECAN0INTB_ISR
00300d8e   _ECAN1INTA_ISR
00300daa   _ECAN1INTB_ISR
00300bf8   _ECAP1_INT_ISR
00300c06   _ECAP2_INT_ISR
00300c14   _ECAP3_INT_ISR
00300c22   _ECAP4_INT_ISR
00300c30   _ECAP5_INT_ISR
00300c3e   _ECAP6_INT_ISR
00006040   _ECanaLAMRegs
000060c0   _ECanaMOTORegs
00006080   _ECanaMOTSRegs
00006100   _ECanaMboxes
00006000   _ECanaRegs
00006240   _ECanbLAMRegs
000062c0   _ECanbMOTORegs
00006280   _ECanbMOTSRegs
00006300   _ECanbMboxes
00006200   _ECanbRegs
00006a00   _ECap1Regs
00006a20   _ECap2Regs
00006a40   _ECap3Regs
00006a60   _ECap4Regs
00006a80   _ECap5Regs
00006aa0   _ECap6Regs
00300a58   _EMUINT_ISR
00300ba4   _EPWM1_INT_ISR
00300b50   _EPWM1_TZINT_ISR
00300bb2   _EPWM2_INT_ISR
00300b5e   _EPWM2_TZINT_ISR
00300bc0   _EPWM3_INT_ISR
00300b6c   _EPWM3_TZINT_ISR
00300bce   _EPWM4_INT_ISR
00300b7a   _EPWM4_TZINT_ISR
00300bdc   _EPWM5_INT_ISR
00300b88   _EPWM5_TZINT_ISR
00300bea   _EPWM6_INT_ISR
00300b96   _EPWM6_TZINT_ISR
00006800   _EPwm1Regs
00006840   _EPwm2Regs
00006880   _EPwm3Regs
000068c0   _EPwm4Regs
00006900   _EPwm5Regs
00006940   _EPwm6Regs
00300c4c   _EQEP1_INT_ISR
00300c5a   _EQEP2_INT_ISR
00006b00   _EQep1Regs
00006b40   _EQep2Regs
0000d000   _Error
00000a80   _FlashRegs
00006f80   _GpioCtrlRegs
00006fc0   _GpioDataRegs
00006fe0   _GpioIntRegs
00008922   _I2CA_Init
00008968   _I2CA_ReadData
00008935   _I2CA_WriteData
00300d10   _I2CINT1A_ISR
00300d1e   _I2CINT2A_ISR
00007900   _I2caRegs
00300a6c   _ILLEGAL_ISR
00300a30   _INT13_ISR
00300a3a   _INT14_ISR
00301e19   _InitAdc
0030192d   _InitCpuTimers
00008a10   _InitFlash
00301dec   _InitI2C
00301ded   _InitI2CGpio
00300fbc   _InitMcbsp
00301095   _InitMcbspGpio
00300fc1   _InitMcbspa
00301020   _InitMcbspa12bit
0030102b   _InitMcbspa16bit
00301036   _InitMcbspa20bit
00301041   _InitMcbspa24bit
0030104c   _InitMcbspa32bit
00301019   _InitMcbspa8bit
0030109a   _InitMcbspaGpio
00300fed   _InitMcbspb
0030105e   _InitMcbspb12bit
00301069   _InitMcbspb16bit
00301074   _InitMcbspb20bit
0030107f   _InitMcbspb24bit
0030108a   _InitMcbspb32bit
00301057   _InitMcbspb8bit
003010d4   _InitMcbspbGpio
00301c88   _InitPieCtrl
00301ce6   _InitSpi
00301ce7   _InitSpiGpio
00301cea   _InitSpiaGpio
003018ae   _InitSysCtrl
00300e0c   _LUF_ISR
00300dfe   _LVF_ISR
00300ca0   _MRINTA_ISR
00300c84   _MRINTB_ISR
00300cae   _MXINTA_ISR
00300c92   _MXINTB_ISR
00005000   _McbspaRegs
00005040   _McbspbRegs
00300a62   _NMI_ISR
00380090   _PartIdRegs
00000ce0   _PieCtrlRegs
00000d00   _PieVectTable
00301e50   _PieVectTableInit
00301266   _RFFT_adc_f32
00301788   _RFFT_adc_f32u
00301c13   _RFFT_f32_mag
00300a4e   _RTOSINT_ISR
00300d48   _SCIRXINTA_ISR
00300d64   _SCIRXINTB_ISR
00300d2c   _SCIRXINTC_ISR
00300d56   _SCITXINTA_ISR
00300d72   _SCITXINTB_ISR
00300d3a   _SCITXINTC_ISR
00300aee   _SEQ1INT_ISR
00300afc   _SEQ2INT_ISR
00300c68   _SPIRXINTA_ISR
00300c76   _SPITXINTA_ISR
00007050   _SciaRegs
00007750   _ScibRegs
00007770   _ScicRegs
00301e4c   _SetDBGIER
00007040   _SpiaRegs
00007010   _SysCtrlRegs
00300b34   _TINT0_ISR
00300ad0   _USER10_ISR
00300ada   _USER11_ISR
00300ae4   _USER12_ISR
00300a76   _USER1_ISR
00300a80   _USER2_ISR
00300a8a   _USER3_ISR
00300a94   _USER4_ISR
00300a9e   _USER5_ISR
00300aa8   _USER6_ISR
00300ab2   _USER7_ISR
00300abc   _USER8_ISR
00300ac6   _USER9_ISR
00300b42   _WAKEINT_ISR
00300b0a   _XINT1_ISR
00300b18   _XINT2_ISR
00300db8   _XINT3_ISR
00300dc6   _XINT4_ISR
00300dd4   _XINT5_ISR
00300de2   _XINT6_ISR
00300df0   _XINT7_ISR
00007070   _XIntruptRegs
00000b20   _XintfRegs
00000700   __STACK_END
00000300   __STACK_SIZE
00000400   __SYSMEM_SIZE
00000001   __TI_args_main
0000d076   ___TI_cleanup_ptr
0000d078   ___TI_dtors_ptr
ffffffff   ___binit__
0000c000   ___bss__
ffffffff   ___c_args__
00301f50   ___cinit__
0000c000   ___end__
00301e4f   ___etext__
00301d7f   ___memcpy_ff
ffffffff   ___pinit__
00300a30   ___text__
00301dba   __args_main
0000d074   __lock
00301b7d   __log
00301e44   __nop
00301e40   __register_lock
00301e3c   __register_unlock
00000400   __stack
0000c000   __sys_memory
0000d072   __unlock
00301dd3   _abort
0000d006   _adcVal
0000c429   _adcVals
000085fc   _addToLCD
0000c422   _bassChange
0000c406   _bassLevel
00301206   _bp_iir_filter
00301116   _bp_iir_init
003011d3   _bp_iir_setup
00301bcd   _c_int00
0000c413   _chorusChange
0000c41e   _chorusLevel
00300f5e   _clearPipeline
00301100   _clkg_delay_loop
000086d3   _controlLCD
00301a09   _cos
0000870e   _cpu_timer0_isr
00008751   _cpu_timer1_isr
0000c410   _currentChangeScreen
0000cffc   _currentPreset
0000c412   _delayChange
0000c41d   _delayLevel
003010ea   _delay_loop
000083e8   _eepromRead
000083cd   _eepromWrite
0000c402   _effectToToggle
00008822   _effects
0000c425   _enc_position
0000c454   _enc_states
0000c427   _enc_value
0000cb3e   _errno
00301dd5   _exit
003019a1   _exp
0000c415   _flangeChange
0000c41b   _flangeLevel
00301cb8   _fmod
00301e03   _frexp
00301d35   _getAdc
000085ad   _goToMain
0000899a   _i2c_int1a_isr
00300f97   _indexLookup
0000c408   _indexToToggle
00301d10   _initAdc
0030139e   _initEffects
003014ca   _initINTS
0030175a   _initLCD
000088bc   _init_adc_spi
000088d4   _init_mcbsp_spi
00301c57   _ldexp
0000c464   _list
0000c41f   _load
00008259   _loadPreset
00301737   _loadPresetScreen
000087de   _load_preset
0000c44a   _location
0000d080   _lowpass_coefficients
00300e24   _main
0000c440   _mainDisplay
0000890f   _mcbsp_xmit
0000d020   _messageIn
0000d00b   _messageOut
0000c414   _midChange
0000c407   _midLevel
00301da0   _modf
0000c428   _my_enc_val
0000c409   _newLevel
0000c417   _newVolumeLevel
0000cff9   _numInMainDisplay
0000c401   _numQueued
0000c400   _oldLevel
0000c426   _old_enc_value
0000c433   _on_off
0000c480   _pipeline
00301acb   _pow
0000c40d   _preset
0000c41c   _presetNumber
0000cffa   _presetScreen
000087ad   _preset_down
0000877b   _preset_up
0030171b   _printChorus
003016e6   _printDelay
003016ff   _printFlange
0000868d   _printFreq
000086f5   _printLCD
00008431   _printReverb
00008412   _printTremolo
00008000   _process
003014c0   _processChorus
00008037   _processCrunch
003013e2   _processDelay
00008021   _processDistortion
003013f5   _processFlange
003013f0   _processPhaser
003014c5   _processPitchShift
0000809f   _processReverb
0000804d   _processTremolo
003013e7   _processWah
00300f3a   _queueEffect
0000d002   _readDone
000088ab   _read_adc
00300ef0   _read_encoder
0000cffb   _reprint
0000c40f   _resetTimer
0000d040   _returnArray
0000c418   _reverbChange
0000c405   _reverbLevel
003012f6   _rfft_adc_f32_Stages4andUp
00300e1a   _rsvd_ISR
0000c421   _save
00008120   _savePreset
00008800   _save_preset
00000a2f   _secureRamFuncs_loadsize
00300000   _secureRamFuncs_loadstart
00008000   _secureRamFuncs_runstart
000085ee   _shiftCursor
00301b25   _sin
00301d3a   _sqrt
0000c40a   _sysStart
00301a6a   _tan
0000c423   _toggle
00300f81   _toggleEffectOnDisplay
00008662   _toggleLCD
00300f1e   _toggleOn_Off
0000c41a   _trebleChange
0000c404   _trebleLevel
0000c419   _tremoloChange
0000c424   _tremoloLevel
0000c40e   _tuner
0000cff8   _tunerScreen
0000c40b   _updateChange
0000c411   _updateCode
00008493   _updateLCD
0000c40c   _updateLcd
0000844d   _updateLevel
003015c9   _updateTimer0
0000c416   _updateVolume
0000c420   _volumeChange
0000c403   _volumeLevel
00301751   _wait
0000d001   _writeDone
0000889c   _write_dac
0000cb10   _x
0000cb16   _y
ffffffff   binit
00301f50   cinit
0033fff6   code_start
0000c000   end
00301e4f   etext
ffffffff   pinit


GLOBAL SYMBOLS: SORTED BY Symbol Address 

address    name
--------   ----
00000001   __TI_args_main
00000300   __STACK_SIZE
00000400   __SYSMEM_SIZE
00000400   __stack
00000700   __STACK_END
00000880   _DevEmuRegs
00000a2f   _secureRamFuncs_loadsize
00000a80   _FlashRegs
00000ae0   _CsmRegs
00000b00   _AdcMirror
00000b20   _XintfRegs
00000c00   _CpuTimer0Regs
00000c08   _CpuTimer1Regs
00000c10   _CpuTimer2Regs
00000ce0   _PieCtrlRegs
00000d00   _PieVectTable
00001000   _DmaRegs
00005000   _McbspaRegs
00005040   _McbspbRegs
00006000   _ECanaRegs
00006040   _ECanaLAMRegs
00006080   _ECanaMOTSRegs
000060c0   _ECanaMOTORegs
00006100   _ECanaMboxes
00006200   _ECanbRegs
00006240   _ECanbLAMRegs
00006280   _ECanbMOTSRegs
000062c0   _ECanbMOTORegs
00006300   _ECanbMboxes
00006800   _EPwm1Regs
00006840   _EPwm2Regs
00006880   _EPwm3Regs
000068c0   _EPwm4Regs
00006900   _EPwm5Regs
00006940   _EPwm6Regs
00006a00   _ECap1Regs
00006a20   _ECap2Regs
00006a40   _ECap3Regs
00006a60   _ECap4Regs
00006a80   _ECap5Regs
00006aa0   _ECap6Regs
00006b00   _EQep1Regs
00006b40   _EQep2Regs
00006f80   _GpioCtrlRegs
00006fc0   _GpioDataRegs
00006fe0   _GpioIntRegs
00007010   _SysCtrlRegs
00007040   _SpiaRegs
00007050   _SciaRegs
00007070   _XIntruptRegs
00007100   _AdcRegs
00007750   _ScibRegs
00007770   _ScicRegs
00007900   _I2caRegs
00008000   _process
00008000   _secureRamFuncs_runstart
00008021   _processDistortion
00008037   _processCrunch
0000804d   _processTremolo
0000809f   _processReverb
00008120   _savePreset
00008259   _loadPreset
000083cd   _eepromWrite
000083e8   _eepromRead
00008412   _printTremolo
00008431   _printReverb
0000844d   _updateLevel
00008493   _updateLCD
000085ad   _goToMain
000085ee   _shiftCursor
000085fc   _addToLCD
00008662   _toggleLCD
0000868d   _printFreq
000086d3   _controlLCD
000086f5   _printLCD
0000870e   _cpu_timer0_isr
00008751   _cpu_timer1_isr
0000877b   _preset_up
000087ad   _preset_down
000087de   _load_preset
00008800   _save_preset
00008822   _effects
0000889c   _write_dac
000088ab   _read_adc
000088bc   _init_adc_spi
000088d4   _init_mcbsp_spi
0000890f   _mcbsp_xmit
00008922   _I2CA_Init
00008935   _I2CA_WriteData
00008968   _I2CA_ReadData
0000899a   _i2c_int1a_isr
00008a10   _InitFlash
0000c000   .bss
0000c000   ___bss__
0000c000   ___end__
0000c000   __sys_memory
0000c000   end
0000c400   _oldLevel
0000c401   _numQueued
0000c402   _effectToToggle
0000c403   _volumeLevel
0000c404   _trebleLevel
0000c405   _reverbLevel
0000c406   _bassLevel
0000c407   _midLevel
0000c408   _indexToToggle
0000c409   _newLevel
0000c40a   _sysStart
0000c40b   _updateChange
0000c40c   _updateLcd
0000c40d   _preset
0000c40e   _tuner
0000c40f   _resetTimer
0000c410   _currentChangeScreen
0000c411   _updateCode
0000c412   _delayChange
0000c413   _chorusChange
0000c414   _midChange
0000c415   _flangeChange
0000c416   _updateVolume
0000c417   _newVolumeLevel
0000c418   _reverbChange
0000c419   _tremoloChange
0000c41a   _trebleChange
0000c41b   _flangeLevel
0000c41c   _presetNumber
0000c41d   _delayLevel
0000c41e   _chorusLevel
0000c41f   _load
0000c420   _volumeChange
0000c421   _save
0000c422   _bassChange
0000c423   _toggle
0000c424   _tremoloLevel
0000c425   _enc_position
0000c426   _old_enc_value
0000c427   _enc_value
0000c428   _my_enc_val
0000c429   _adcVals
0000c433   _on_off
0000c440   _mainDisplay
0000c44a   _location
0000c454   _enc_states
0000c464   _list
0000c480   _pipeline
0000cb10   _x
0000cb16   _y
0000cb3e   _errno
0000cff8   _tunerScreen
0000cff9   _numInMainDisplay
0000cffa   _presetScreen
0000cffb   _reprint
0000cffc   _currentPreset
0000d000   _Error
0000d001   _writeDone
0000d002   _readDone
0000d004   _CurrentMsgPtr
0000d006   _adcVal
0000d00b   _messageOut
0000d020   _messageIn
0000d040   _returnArray
0000d05a   _CpuTimer1
0000d062   _CpuTimer2
0000d06a   _CpuTimer0
0000d072   __unlock
0000d074   __lock
0000d076   ___TI_cleanup_ptr
0000d078   ___TI_dtors_ptr
0000d080   _lowpass_coefficients
00300000   _secureRamFuncs_loadstart
00300a30   .text
00300a30   _INT13_ISR
00300a30   ___text__
00300a3a   _INT14_ISR
00300a44   _DATALOG_ISR
00300a4e   _RTOSINT_ISR
00300a58   _EMUINT_ISR
00300a62   _NMI_ISR
00300a6c   _ILLEGAL_ISR
00300a76   _USER1_ISR
00300a80   _USER2_ISR
00300a8a   _USER3_ISR
00300a94   _USER4_ISR
00300a9e   _USER5_ISR
00300aa8   _USER6_ISR
00300ab2   _USER7_ISR
00300abc   _USER8_ISR
00300ac6   _USER9_ISR
00300ad0   _USER10_ISR
00300ada   _USER11_ISR
00300ae4   _USER12_ISR
00300aee   _SEQ1INT_ISR
00300afc   _SEQ2INT_ISR
00300b0a   _XINT1_ISR
00300b18   _XINT2_ISR
00300b26   _ADCINT_ISR
00300b34   _TINT0_ISR
00300b42   _WAKEINT_ISR
00300b50   _EPWM1_TZINT_ISR
00300b5e   _EPWM2_TZINT_ISR
00300b6c   _EPWM3_TZINT_ISR
00300b7a   _EPWM4_TZINT_ISR
00300b88   _EPWM5_TZINT_ISR
00300b96   _EPWM6_TZINT_ISR
00300ba4   _EPWM1_INT_ISR
00300bb2   _EPWM2_INT_ISR
00300bc0   _EPWM3_INT_ISR
00300bce   _EPWM4_INT_ISR
00300bdc   _EPWM5_INT_ISR
00300bea   _EPWM6_INT_ISR
00300bf8   _ECAP1_INT_ISR
00300c06   _ECAP2_INT_ISR
00300c14   _ECAP3_INT_ISR
00300c22   _ECAP4_INT_ISR
00300c30   _ECAP5_INT_ISR
00300c3e   _ECAP6_INT_ISR
00300c4c   _EQEP1_INT_ISR
00300c5a   _EQEP2_INT_ISR
00300c68   _SPIRXINTA_ISR
00300c76   _SPITXINTA_ISR
00300c84   _MRINTB_ISR
00300c92   _MXINTB_ISR
00300ca0   _MRINTA_ISR
00300cae   _MXINTA_ISR
00300cbc   _DINTCH1_ISR
00300cca   _DINTCH2_ISR
00300cd8   _DINTCH3_ISR
00300ce6   _DINTCH4_ISR
00300cf4   _DINTCH5_ISR
00300d02   _DINTCH6_ISR
00300d10   _I2CINT1A_ISR
00300d1e   _I2CINT2A_ISR
00300d2c   _SCIRXINTC_ISR
00300d3a   _SCITXINTC_ISR
00300d48   _SCIRXINTA_ISR
00300d56   _SCITXINTA_ISR
00300d64   _SCIRXINTB_ISR
00300d72   _SCITXINTB_ISR
00300d80   _ECAN0INTA_ISR
00300d8e   _ECAN1INTA_ISR
00300d9c   _ECAN0INTB_ISR
00300daa   _ECAN1INTB_ISR
00300db8   _XINT3_ISR
00300dc6   _XINT4_ISR
00300dd4   _XINT5_ISR
00300de2   _XINT6_ISR
00300df0   _XINT7_ISR
00300dfe   _LVF_ISR
00300e0c   _LUF_ISR
00300e1a   _rsvd_ISR
00300e24   _main
00300ef0   _read_encoder
00300f1e   _toggleOn_Off
00300f3a   _queueEffect
00300f5e   _clearPipeline
00300f81   _toggleEffectOnDisplay
00300f97   _indexLookup
00300fbc   _InitMcbsp
00300fc1   _InitMcbspa
00300fed   _InitMcbspb
00301019   _InitMcbspa8bit
00301020   _InitMcbspa12bit
0030102b   _InitMcbspa16bit
00301036   _InitMcbspa20bit
00301041   _InitMcbspa24bit
0030104c   _InitMcbspa32bit
00301057   _InitMcbspb8bit
0030105e   _InitMcbspb12bit
00301069   _InitMcbspb16bit
00301074   _InitMcbspb20bit
0030107f   _InitMcbspb24bit
0030108a   _InitMcbspb32bit
00301095   _InitMcbspGpio
0030109a   _InitMcbspaGpio
003010d4   _InitMcbspbGpio
003010ea   _delay_loop
00301100   _clkg_delay_loop
00301116   _bp_iir_init
003011d3   _bp_iir_setup
00301206   _bp_iir_filter
00301266   _RFFT_adc_f32
003012f6   _rfft_adc_f32_Stages4andUp
0030139e   _initEffects
003013e2   _processDelay
003013e7   _processWah
003013f0   _processPhaser
003013f5   _processFlange
003014c0   _processChorus
003014c5   _processPitchShift
003014ca   _initINTS
003015c9   _updateTimer0
003015da   _AutoWah_init
00301653   _AutoWah_process
00301664   _AutoWah_sweep
003016e6   _printDelay
003016ff   _printFlange
0030171b   _printChorus
00301737   _loadPresetScreen
00301751   _wait
0030175a   _initLCD
00301788   _RFFT_adc_f32u
00301826   FS$$DIV
003018ae   _InitSysCtrl
0030192d   _InitCpuTimers
00301966   _ConfigCpuTimer
003019a1   _exp
00301a09   _cos
00301a6a   _tan
00301acb   _pow
00301b25   _sin
00301b7d   __log
00301bcd   _c_int00
00301c13   _RFFT_f32_mag
00301c57   _ldexp
00301c88   _InitPieCtrl
00301cb8   _fmod
00301ce6   _InitSpi
00301ce7   _InitSpiGpio
00301cea   _InitSpiaGpio
00301d10   _initAdc
00301d35   _getAdc
00301d3a   _sqrt
00301d5d   I$$DIV
00301d6e   I$$MOD
00301d7f   ___memcpy_ff
00301da0   _modf
00301dba   __args_main
00301dd3   C$$EXIT
00301dd3   _abort
00301dd5   _exit
00301dec   _InitI2C
00301ded   _InitI2CGpio
00301e03   _frexp
00301e19   _InitAdc
00301e2c   _DelayUs
00301e3c   __register_unlock
00301e40   __register_lock
00301e44   __nop
00301e4c   _SetDBGIER
00301e4f   ___etext__
00301e4f   etext
00301e50   _PieVectTableInit
00301f50   ___cinit__
00301f50   cinit
0033fff6   code_start
0033fff8   _CsmPwl
00380080   _ADC_cal
00380090   _PartIdRegs
ffffffff   ___binit__
ffffffff   ___c_args__
ffffffff   ___pinit__
ffffffff   binit
ffffffff   pinit

[353 symbols]
