******************************************************************************
             TMS320C2000 Linker PC v6.2.7                      
******************************************************************************
>> Linked Sun Nov 09 01:23:24 2014

OUTPUT FILE NAME:   <guitarEffects.out>
ENTRY POINT SYMBOL: "_c_int00"  address: 0030206b


MEMORY CONFIGURATION

         name            origin    length      used     unused   attr    fill
----------------------  --------  ---------  --------  --------  ----  --------
PAGE 0:
  BEGIN_M0              00000000   00000002  00000000  00000002  RWIX
  L0123SARAM            00008000   00004000  00000af7  00003509  RWIX
  FLASH_ABCDEFGH        00300000   0003ff80  00002515  0003da6b  R   
  CSM_RSVD              0033ff80   00000076  00000076  00000000  R   
  BEGIN_FLASH           0033fff6   00000002  00000002  00000000  R   
  PASSWORDS             0033fff8   00000008  00000008  00000000  R   
  ADC_CAL               00380080   00000009  00000007  00000002  RWIX
  OTP                   00380400   00000400  00000000  00000400  R   
  IQTABLES              003fe000   00000b50  00000000  00000b50  R   
  IQTABLES2             003feb50   0000008c  00000000  0000008c  R   
  FPUTABLES             003febdc   000006a0  00000000  000006a0  R   
  RESET                 003fffc0   00000002  00000000  00000002  R   

PAGE 1:
  M0SARAM               00000002   000003fe  00000000  000003fe  RWIX
  M1SARAM               00000400   00000400  00000300  00000100  RWIX
  DEV_EMU               00000880   00000180  000000d0  000000b0  RWIX
  FLASH_REGS            00000a80   00000060  00000008  00000058  RWIX
  CSM                   00000ae0   00000010  00000010  00000000  RWIX
  ADC_MIRROR            00000b00   00000010  00000010  00000000  RWIX
  XINTF                 00000b20   00000020  0000001e  00000002  RWIX
  CPU_TIMER0            00000c00   00000008  00000008  00000000  RWIX
  CPU_TIMER1            00000c08   00000008  00000008  00000000  RWIX
  CPU_TIMER2            00000c10   00000008  00000008  00000000  RWIX
  PIE_CTRL              00000ce0   00000020  0000001a  00000006  RWIX
  PIE_VECT              00000d00   00000100  00000100  00000000  RWIX
  DMA                   00001000   00000200  000000e0  00000120  RWIX
  MCBSPA                00005000   00000040  00000025  0000001b  RWIX
  MCBSPB                00005040   00000040  00000025  0000001b  RWIX
  ECANA                 00006000   00000040  00000034  0000000c  RWIX
  ECANA_LAM             00006040   00000040  00000040  00000000  RWIX
  ECANA_MOTS            00006080   00000040  00000040  00000000  RWIX
  ECANA_MOTO            000060c0   00000040  00000040  00000000  RWIX
  ECANA_MBOX            00006100   00000100  00000100  00000000  RWIX
  ECANB                 00006200   00000040  00000034  0000000c  RWIX
  ECANB_LAM             00006240   00000040  00000040  00000000  RWIX
  ECANB_MOTS            00006280   00000040  00000040  00000000  RWIX
  ECANB_MOTO            000062c0   00000040  00000040  00000000  RWIX
  ECANB_MBOX            00006300   00000100  00000100  00000000  RWIX
  EPWM1                 00006800   00000022  00000022  00000000  RWIX
  EPWM2                 00006840   00000022  00000022  00000000  RWIX
  EPWM3                 00006880   00000022  00000022  00000000  RWIX
  EPWM4                 000068c0   00000022  00000022  00000000  RWIX
  EPWM5                 00006900   00000022  00000022  00000000  RWIX
  EPWM6                 00006940   00000022  00000022  00000000  RWIX
  ECAP1                 00006a00   00000020  00000020  00000000  RWIX
  ECAP2                 00006a20   00000020  00000020  00000000  RWIX
  ECAP3                 00006a40   00000020  00000020  00000000  RWIX
  ECAP4                 00006a60   00000020  00000020  00000000  RWIX
  ECAP5                 00006a80   00000020  00000020  00000000  RWIX
  ECAP6                 00006aa0   00000020  00000020  00000000  RWIX
  EQEP1                 00006b00   00000040  00000040  00000000  RWIX
  EQEP2                 00006b40   00000040  00000040  00000000  RWIX
  GPIOCTRL              00006f80   00000040  0000002e  00000012  RWIX
  GPIODAT               00006fc0   00000020  00000020  00000000  RWIX
  GPIOINT               00006fe0   00000020  0000000a  00000016  RWIX
  SYSTEM                00007010   00000020  00000020  00000000  RWIX
  SPIA                  00007040   00000010  00000010  00000000  RWIX
  SCIA                  00007050   00000010  00000010  00000000  RWIX
  XINTRUPT              00007070   00000010  00000010  00000000  RWIX
  ADC                   00007100   00000020  0000001e  00000002  RWIX
  SCIB                  00007750   00000010  00000010  00000000  RWIX
  SCIC                  00007770   00000010  00000010  00000000  RWIX
  I2CA                  00007900   00000040  00000022  0000001e  RWIX
  L4SARAM               0000c000   00001000  00000fd4  0000002c  RWIX
  L5SARAM               0000d000   00001000  00000c80  00000380  RWIX
  L6SARAM               0000e000   00001000  00000000  00001000  RWIX
  L7SARAM               0000f000   00001000  00000000  00001000  RWIX
  CSM_PWL               0033fff8   00000008  00000008  00000000  RWIX
  PARTID                00380090   00000001  00000001  00000000  RWIX


SECTION ALLOCATION MAP

 output                                  attributes/
section   page    origin      length       input sections
--------  ----  ----------  ----------   ----------------
.pinit     0    00300000    00000000     UNINITIALIZED

secureRamFuncs 
*          0    00300000    00000af7     RUN ADDR = 00008000
                  00300000    00000412     effect.obj (secureRamFuncs)
                  00300412    00000341     lcd.obj (secureRamFuncs)
                  00300753    000001b9     main.obj (secureRamFuncs:retain)
                  0030090c    00000086     spi.obj (secureRamFuncs)
                  00300992    00000078     eeprom.obj (secureRamFuncs)
                  00300a0a    00000076     effect.obj (secureRamFuncs:retain)
                  00300a80    00000058     fft.obj (secureRamFuncs)
                  00300ad8    0000001f     Flash.obj (secureRamFuncs)

.text      0    00300af8    00001821     
                  00300af8    000003f4     DefaultIsr_nonBIOS.obj (.text:retain)
                  00300eec    000002df     lcd.obj (.text)
                  003011cb    000001e3     main.obj (.text)
                  003013ae    0000015a     DSP2833x_Mcbsp.obj (.text)
                  00301508    00000150     bp_iir.obj (.text)
                  00301658    00000138     RFFT_adc_f32.obj (.text)
                  00301790    00000131     sys.obj (.text)
                  003018c1    0000010c     autoWah.obj (.text)
                  003019cd    0000010b     effect.obj (.text)
                  00301ad8    0000009e     RFFT_adc_f32u.obj (.text)
                  00301b76    00000088     rts2800_fpu32.lib : fs_div.obj (.text)
                  00301bfe    00000083                       : fd_mpy.obj (.text)
                  00301c81    0000007f     SysCtrl.obj (.text)
                  00301d00    00000074     DSP2833x_CpuTimers.obj (.text)
                  00301d74    0000006e     RFFT_f32_sincostable.obj (.text)
                  00301de2    00000068     rts2800_fpu32.lib : exp.obj (.text)
                  00301e4a    00000061                       : cos.obj (.text)
                  00301eab    00000061                       : tan.obj (.text)
                  00301f0c    0000005d     fft.obj (.text)
                  00301f69    0000005a     rts2800_fpu32.lib : pow.obj (.text)
                  00301fc3    00000058                       : sin.obj (.text)
                  0030201b    00000050                       : _log.obj (.text)
                  0030206b    00000046                       : boot.obj (.text)
                  003020b1    00000044     RFFT_f32_mag.obj (.text)
                  003020f5    00000031     rts2800_fpu32.lib : ldexp.obj (.text)
                  00302126    00000030     PieCtrl_nonBIOS.obj (.text)
                  00302156    0000002e     rts2800_fpu32.lib : fmod.obj (.text)
                  00302184    0000002c     main.obj (.text:retain)
                  003021b0    0000002a     DSP2833x_Spi.obj (.text)
                  003021da    00000023     rts2800_fpu32.lib : sqrt.obj (.text)
                  003021fd    00000022                       : i_div.obj (.text)
                  0030221f    00000021                       : fd_toi.obj (.text)
                  00302240    00000021                       : memcpy_ff.obj (.text)
                  00302261    0000001c                       : fs_tofd.obj (.text)
                  0030227d    0000001a                       : modf.obj (.text)
                  00302297    00000019                       : args_main.obj (.text)
                  003022b0    00000019                       : exit.obj (.text)
                  003022c9    00000017     DSP2833x_I2C.obj (.text)
                  003022e0    00000016     rts2800_fpu32.lib : frexp.obj (.text)
                  003022f6    00000010     DelayUs.obj (.text)
                  00302306    00000009     rts2800_fpu32.lib : _lock.obj (.text)
                  0030230f    00000007     CodeStartBranch.obj (.text)
                  00302316    00000003     SetDBGIER.obj (.text)

.econst    0    0030231a    00000104     
                  0030231a    00000100     PieVect_nonBIOS.obj (.econst)
                  0030241a    00000004     fft.obj (.econst)

.cinit     0    0030241e    000000f9     
                  0030241e    000000b7     main.obj (.cinit)
                  003024d5    00000017     lowpass.obj (.cinit)
                  003024ec    0000000a     rts2800_fpu32.lib : _lock.obj (.cinit)
                  003024f6    0000000a                       : exit.obj (.cinit)
                  00302500    00000009     fft.obj (.cinit)
                  00302509    00000004     effect.obj (.cinit)
                  0030250d    00000004     rts2800_fpu32.lib : errno.obj (.cinit)
                  00302511    00000004                       : memory.obj (.cinit)
                  00302515    00000002     --HOLE-- [fill = 0]

csm_rsvd   0    0033ff80    00000076     
                  0033ff80    00000076     Passwords.obj (csm_rsvd)

codestart 
*          0    0033fff6    00000002     
                  0033fff6    00000002     CodeStartBranch.obj (codestart)

passwords 
*          0    0033fff8    00000008     
                  0033fff8    00000008     Passwords.obj (passwords)

.adc_cal   0    00380080    00000007     NOLOAD SECTION
                  00380080    00000007     DSP2833x_ADC_cal.obj (.adc_cal)

.reset     0    003fffc0    00000002     DSECT
                  003fffc0    00000002     rts2800_fpu32.lib : boot.obj (.reset)

.stack     1    00000400    00000300     UNINITIALIZED
                  00000400    00000300     --HOLE--

DevEmuRegsFile 
*          1    00000880    000000d0     UNINITIALIZED
                  00000880    000000d0     DSP2833x_GlobalVariableDefs.obj (DevEmuRegsFile)

FlashRegsFile 
*          1    00000a80    00000008     UNINITIALIZED
                  00000a80    00000008     DSP2833x_GlobalVariableDefs.obj (FlashRegsFile)

CsmRegsFile 
*          1    00000ae0    00000010     UNINITIALIZED
                  00000ae0    00000010     DSP2833x_GlobalVariableDefs.obj (CsmRegsFile)

AdcMirrorFile 
*          1    00000b00    00000010     UNINITIALIZED
                  00000b00    00000010     DSP2833x_GlobalVariableDefs.obj (AdcMirrorFile)

XintfRegsFile 
*          1    00000b20    0000001e     UNINITIALIZED
                  00000b20    0000001e     DSP2833x_GlobalVariableDefs.obj (XintfRegsFile)

CpuTimer0RegsFile 
*          1    00000c00    00000008     UNINITIALIZED
                  00000c00    00000008     DSP2833x_GlobalVariableDefs.obj (CpuTimer0RegsFile)

CpuTimer1RegsFile 
*          1    00000c08    00000008     UNINITIALIZED
                  00000c08    00000008     DSP2833x_GlobalVariableDefs.obj (CpuTimer1RegsFile)

CpuTimer2RegsFile 
*          1    00000c10    00000008     UNINITIALIZED
                  00000c10    00000008     DSP2833x_GlobalVariableDefs.obj (CpuTimer2RegsFile)

PieCtrlRegsFile 
*          1    00000ce0    0000001a     UNINITIALIZED
                  00000ce0    0000001a     DSP2833x_GlobalVariableDefs.obj (PieCtrlRegsFile)

PieVectTableFile 
*          1    00000d00    00000100     UNINITIALIZED
                  00000d00    00000100     DSP2833x_GlobalVariableDefs.obj (PieVectTableFile)

DmaRegsFile 
*          1    00001000    000000e0     UNINITIALIZED
                  00001000    000000e0     DSP2833x_GlobalVariableDefs.obj (DmaRegsFile)

McbspaRegsFile 
*          1    00005000    00000025     UNINITIALIZED
                  00005000    00000025     DSP2833x_GlobalVariableDefs.obj (McbspaRegsFile)

McbspbRegsFile 
*          1    00005040    00000025     UNINITIALIZED
                  00005040    00000025     DSP2833x_GlobalVariableDefs.obj (McbspbRegsFile)

ECanaRegsFile 
*          1    00006000    00000034     UNINITIALIZED
                  00006000    00000034     DSP2833x_GlobalVariableDefs.obj (ECanaRegsFile)

ECanaLAMRegsFile 
*          1    00006040    00000040     UNINITIALIZED
                  00006040    00000040     DSP2833x_GlobalVariableDefs.obj (ECanaLAMRegsFile)

ECanaMOTSRegsFile 
*          1    00006080    00000040     UNINITIALIZED
                  00006080    00000040     DSP2833x_GlobalVariableDefs.obj (ECanaMOTSRegsFile)

ECanaMOTORegsFile 
*          1    000060c0    00000040     UNINITIALIZED
                  000060c0    00000040     DSP2833x_GlobalVariableDefs.obj (ECanaMOTORegsFile)

ECanaMboxesFile 
*          1    00006100    00000100     UNINITIALIZED
                  00006100    00000100     DSP2833x_GlobalVariableDefs.obj (ECanaMboxesFile)

ECanbRegsFile 
*          1    00006200    00000034     UNINITIALIZED
                  00006200    00000034     DSP2833x_GlobalVariableDefs.obj (ECanbRegsFile)

ECanbLAMRegsFile 
*          1    00006240    00000040     UNINITIALIZED
                  00006240    00000040     DSP2833x_GlobalVariableDefs.obj (ECanbLAMRegsFile)

ECanbMOTSRegsFile 
*          1    00006280    00000040     UNINITIALIZED
                  00006280    00000040     DSP2833x_GlobalVariableDefs.obj (ECanbMOTSRegsFile)

ECanbMOTORegsFile 
*          1    000062c0    00000040     UNINITIALIZED
                  000062c0    00000040     DSP2833x_GlobalVariableDefs.obj (ECanbMOTORegsFile)

ECanbMboxesFile 
*          1    00006300    00000100     UNINITIALIZED
                  00006300    00000100     DSP2833x_GlobalVariableDefs.obj (ECanbMboxesFile)

EPwm1RegsFile 
*          1    00006800    00000022     UNINITIALIZED
                  00006800    00000022     DSP2833x_GlobalVariableDefs.obj (EPwm1RegsFile)

EPwm2RegsFile 
*          1    00006840    00000022     UNINITIALIZED
                  00006840    00000022     DSP2833x_GlobalVariableDefs.obj (EPwm2RegsFile)

EPwm3RegsFile 
*          1    00006880    00000022     UNINITIALIZED
                  00006880    00000022     DSP2833x_GlobalVariableDefs.obj (EPwm3RegsFile)

EPwm4RegsFile 
*          1    000068c0    00000022     UNINITIALIZED
                  000068c0    00000022     DSP2833x_GlobalVariableDefs.obj (EPwm4RegsFile)

EPwm5RegsFile 
*          1    00006900    00000022     UNINITIALIZED
                  00006900    00000022     DSP2833x_GlobalVariableDefs.obj (EPwm5RegsFile)

EPwm6RegsFile 
*          1    00006940    00000022     UNINITIALIZED
                  00006940    00000022     DSP2833x_GlobalVariableDefs.obj (EPwm6RegsFile)

ECap1RegsFile 
*          1    00006a00    00000020     UNINITIALIZED
                  00006a00    00000020     DSP2833x_GlobalVariableDefs.obj (ECap1RegsFile)

ECap2RegsFile 
*          1    00006a20    00000020     UNINITIALIZED
                  00006a20    00000020     DSP2833x_GlobalVariableDefs.obj (ECap2RegsFile)

ECap3RegsFile 
*          1    00006a40    00000020     UNINITIALIZED
                  00006a40    00000020     DSP2833x_GlobalVariableDefs.obj (ECap3RegsFile)

ECap4RegsFile 
*          1    00006a60    00000020     UNINITIALIZED
                  00006a60    00000020     DSP2833x_GlobalVariableDefs.obj (ECap4RegsFile)

ECap5RegsFile 
*          1    00006a80    00000020     UNINITIALIZED
                  00006a80    00000020     DSP2833x_GlobalVariableDefs.obj (ECap5RegsFile)

ECap6RegsFile 
*          1    00006aa0    00000020     UNINITIALIZED
                  00006aa0    00000020     DSP2833x_GlobalVariableDefs.obj (ECap6RegsFile)

EQep1RegsFile 
*          1    00006b00    00000040     UNINITIALIZED
                  00006b00    00000040     DSP2833x_GlobalVariableDefs.obj (EQep1RegsFile)

EQep2RegsFile 
*          1    00006b40    00000040     UNINITIALIZED
                  00006b40    00000040     DSP2833x_GlobalVariableDefs.obj (EQep2RegsFile)

GpioCtrlRegsFile 
*          1    00006f80    0000002e     UNINITIALIZED
                  00006f80    0000002e     DSP2833x_GlobalVariableDefs.obj (GpioCtrlRegsFile)

GpioDataRegsFile 
*          1    00006fc0    00000020     UNINITIALIZED
                  00006fc0    00000020     DSP2833x_GlobalVariableDefs.obj (GpioDataRegsFile)

GpioIntRegsFile 
*          1    00006fe0    0000000a     UNINITIALIZED
                  00006fe0    0000000a     DSP2833x_GlobalVariableDefs.obj (GpioIntRegsFile)

SysCtrlRegsFile 
*          1    00007010    00000020     UNINITIALIZED
                  00007010    00000020     DSP2833x_GlobalVariableDefs.obj (SysCtrlRegsFile)

SpiaRegsFile 
*          1    00007040    00000010     UNINITIALIZED
                  00007040    00000010     DSP2833x_GlobalVariableDefs.obj (SpiaRegsFile)

SciaRegsFile 
*          1    00007050    00000010     UNINITIALIZED
                  00007050    00000010     DSP2833x_GlobalVariableDefs.obj (SciaRegsFile)

XIntruptRegsFile 
*          1    00007070    00000010     UNINITIALIZED
                  00007070    00000010     DSP2833x_GlobalVariableDefs.obj (XIntruptRegsFile)

AdcRegsFile 
*          1    00007100    0000001e     UNINITIALIZED
                  00007100    0000001e     DSP2833x_GlobalVariableDefs.obj (AdcRegsFile)

ScibRegsFile 
*          1    00007750    00000010     UNINITIALIZED
                  00007750    00000010     DSP2833x_GlobalVariableDefs.obj (ScibRegsFile)

ScicRegsFile 
*          1    00007770    00000010     UNINITIALIZED
                  00007770    00000010     DSP2833x_GlobalVariableDefs.obj (ScicRegsFile)

I2caRegsFile 
*          1    00007900    00000022     UNINITIALIZED
                  00007900    00000022     DSP2833x_GlobalVariableDefs.obj (I2caRegsFile)

.bss       1    0000c000    00000000     UNINITIALIZED

.sysmem    1    0000c000    00000400     UNINITIALIZED
                  0000c000    00000001     rts2800_fpu32.lib : memory.obj (.sysmem)
                  0000c001    000003ff     --HOLE--

.ebss.1    1    0000c400    00000978     UNINITIALIZED
                  0000c400    000004b6     main.obj (.ebss)
                  0000c8b6    00000008     rts2800_fpu32.lib : memory.obj (.ebss)
                  0000c8be    00000001                       : errno.obj (.ebss)
                  0000c8bf    00000001     --HOLE--
                  0000c8c0    000004b0     bp_iir.obj (.ebss)
                  0000cd70    00000004     rts2800_fpu32.lib : _lock.obj (.ebss)
                  0000cd74    00000004                       : exit.obj (.ebss)

.ebss.2    1    0000cd80    000001bc     UNINITIALIZED
                  0000cd80    000001a3     lcd.obj (.ebss)
                  0000cf23    00000001     --HOLE--
                  0000cf24    00000018     DSP2833x_CpuTimers.obj (.ebss)

.ebss.3    1    0000cf40    0000006e     UNINITIALIZED
                  0000cf40    0000005a     effect.obj (.ebss)
                  0000cf9a    00000014     lowpass.obj (.ebss)

.ebss.4    1    0000cfc0    00000032     UNINITIALIZED
                  0000cfc0    00000032     autoWah.obj (.ebss)

.ebss.5    1    0000d000    00000c80     UNINITIALIZED
                  0000d000    00000c80     fft.obj (.ebss)

CsmPwlFile 
*          1    0033fff8    00000008     UNINITIALIZED
                  0033fff8    00000008     DSP2833x_GlobalVariableDefs.obj (CsmPwlFile)

PartIdRegsFile 
*          1    00380090    00000001     UNINITIALIZED
                  00380090    00000001     DSP2833x_GlobalVariableDefs.obj (PartIdRegsFile)


GLOBAL DATA SYMBOLS: SORTED BY DATA PAGE

address     data page           name
--------    ----------------    ----
00000400      10 (00000400)     __stack

00000880      22 (00000880)     _DevEmuRegs

00000a80      2a (00000a80)     _FlashRegs

00000ae0      2b (00000ac0)     _CsmRegs

00000b00      2c (00000b00)     _AdcMirror
00000b20      2c (00000b00)     _XintfRegs

00000c00      30 (00000c00)     _CpuTimer0Regs
00000c08      30 (00000c00)     _CpuTimer1Regs
00000c10      30 (00000c00)     _CpuTimer2Regs

00000ce0      33 (00000cc0)     _PieCtrlRegs

00000d00      34 (00000d00)     _PieVectTable

00001000      40 (00001000)     _DmaRegs

00005000     140 (00005000)     _McbspaRegs

00005040     141 (00005040)     _McbspbRegs

00006000     180 (00006000)     _ECanaRegs

00006040     181 (00006040)     _ECanaLAMRegs

00006080     182 (00006080)     _ECanaMOTSRegs

000060c0     183 (000060c0)     _ECanaMOTORegs

00006100     184 (00006100)     _ECanaMboxes

00006200     188 (00006200)     _ECanbRegs

00006240     189 (00006240)     _ECanbLAMRegs

00006280     18a (00006280)     _ECanbMOTSRegs

000062c0     18b (000062c0)     _ECanbMOTORegs

00006300     18c (00006300)     _ECanbMboxes

00006800     1a0 (00006800)     _EPwm1Regs

00006840     1a1 (00006840)     _EPwm2Regs

00006880     1a2 (00006880)     _EPwm3Regs

000068c0     1a3 (000068c0)     _EPwm4Regs

00006900     1a4 (00006900)     _EPwm5Regs

00006940     1a5 (00006940)     _EPwm6Regs

00006a00     1a8 (00006a00)     _ECap1Regs
00006a20     1a8 (00006a00)     _ECap2Regs

00006a40     1a9 (00006a40)     _ECap3Regs
00006a60     1a9 (00006a40)     _ECap4Regs

00006a80     1aa (00006a80)     _ECap5Regs
00006aa0     1aa (00006a80)     _ECap6Regs

00006b00     1ac (00006b00)     _EQep1Regs

00006b40     1ad (00006b40)     _EQep2Regs

00006f80     1be (00006f80)     _GpioCtrlRegs

00006fc0     1bf (00006fc0)     _GpioDataRegs
00006fe0     1bf (00006fc0)     _GpioIntRegs

00007010     1c0 (00007000)     _SysCtrlRegs

00007040     1c1 (00007040)     _SpiaRegs
00007050     1c1 (00007040)     _SciaRegs
00007070     1c1 (00007040)     _XIntruptRegs

00007100     1c4 (00007100)     _AdcRegs

00007750     1dd (00007740)     _ScibRegs
00007770     1dd (00007740)     _ScicRegs

00007900     1e4 (00007900)     _I2caRegs

0000c000     300 (0000c000)     __sys_memory

0000c400     310 (0000c400)     _updateFrequency
0000c401     310 (0000c400)     _oldLevel
0000c402     310 (0000c400)     _toggle
0000c403     310 (0000c400)     _indexToToggle
0000c404     310 (0000c400)     _effectToToggle
0000c405     310 (0000c400)     _midLevel
0000c406     310 (0000c400)     _trebleLevel
0000c407     310 (0000c400)     _volumeLevel
0000c408     310 (0000c400)     _bassLevel
0000c409     310 (0000c400)     _numQueued
0000c40a     310 (0000c400)     _freq
0000c40b     310 (0000c400)     _sysStart
0000c40c     310 (0000c400)     _updateLcd
0000c40d     310 (0000c400)     _updateChange
0000c40e     310 (0000c400)     _updateCode
0000c40f     310 (0000c400)     _preset
0000c410     310 (0000c400)     _tuner
0000c411     310 (0000c400)     _resetTimer
0000c412     310 (0000c400)     _currentChangeScreen
0000c413     310 (0000c400)     _updateVolume
0000c414     310 (0000c400)     _tremoloChange
0000c415     310 (0000c400)     _newVolumeLevel
0000c416     310 (0000c400)     _trebleChange
0000c417     310 (0000c400)     _volumeChange
0000c418     310 (0000c400)     _chorusChange
0000c419     310 (0000c400)     _reverbChange
0000c41a     310 (0000c400)     _flangeChange
0000c41b     310 (0000c400)     _delayChange
0000c41c     310 (0000c400)     _midChange
0000c41d     310 (0000c400)     _delayLevel
0000c41e     310 (0000c400)     _presetNumber
0000c41f     310 (0000c400)     _reverbLevel
0000c420     310 (0000c400)     _tremoloLevel
0000c421     310 (0000c400)     _newLevel
0000c422     310 (0000c400)     _flangeLevel
0000c423     310 (0000c400)     _bassChange
0000c424     310 (0000c400)     _chorusLevel
0000c425     310 (0000c400)     _load
0000c426     310 (0000c400)     _save
0000c427     310 (0000c400)     _previousUpdateNumber
0000c428     310 (0000c400)     _tremoloBprev
0000c429     310 (0000c400)     _reverbBprev
0000c42a     310 (0000c400)     _updateInputs
0000c42b     310 (0000c400)     _updateNumber
0000c42c     310 (0000c400)     _counts
0000c431     310 (0000c400)     _prevs
0000c436     310 (0000c400)     _effectChange
0000c43b     310 (0000c400)     _prevCounts

0000c440     311 (0000c440)     _mainDisplay
0000c44a     311 (0000c440)     _on_off
0000c454     311 (0000c440)     _location
0000c45e     311 (0000c440)     _adcVals
0000c468     311 (0000c440)     _list

0000c480     312 (0000c480)     _pipeline

0000c8be     322 (0000c880)     _errno

0000cd70     335 (0000cd40)     __unlock
0000cd72     335 (0000cd40)     __lock
0000cd74     335 (0000cd40)     ___TI_cleanup_ptr
0000cd76     335 (0000cd40)     ___TI_dtors_ptr

0000cd80     336 (0000cd80)     _numInMainDisplay
0000cd81     336 (0000cd80)     _tunerScreen
0000cd82     336 (0000cd80)     _reprint
0000cd83     336 (0000cd80)     _presetScreen
0000cd84     336 (0000cd80)     _currentPreset

0000cdc0     337 (0000cdc0)     _noteChart

0000cf24     33c (0000cf00)     _CpuTimer1
0000cf2c     33c (0000cf00)     _CpuTimer2
0000cf34     33c (0000cf00)     _CpuTimer0

0000cf40     33d (0000cf40)     _writeDone
0000cf41     33d (0000cf40)     _readDone
0000cf42     33d (0000cf40)     _Error
0000cf44     33d (0000cf40)     _CurrentMsgPtr
0000cf46     33d (0000cf40)     _adcVal
0000cf4b     33d (0000cf40)     _messageIn
0000cf60     33d (0000cf40)     _messageOut

0000cf80     33e (0000cf80)     _returnArray
0000cf9a     33e (0000cf80)     _lowpass_coefficients

0000cfc4     33f (0000cfc0)     _x
0000cfca     33f (0000cfc0)     _y

0000d000     340 (0000d000)     _FFTStartFlag
0000d004     340 (0000d000)     _rfft_adc
0000d008     340 (0000d000)     _rfft

0000d040     341 (0000d040)     _AdcBuf

0000d240     349 (0000d240)     _RFFTmagBuff

0000d480     352 (0000d480)     _RFFToutBuff

0000d880     362 (0000d880)     _RFFTF32Coef

0030231a    c08c (00302300)     _PieVectTableInit

0033fff8    cfff (0033ffc0)     _CsmPwl

00380090    e002 (00380080)     _PartIdRegs


GLOBAL SYMBOLS: SORTED ALPHABETICALLY BY Name 

address    name
--------   ----
0000c000   .bss
00300af8   .text
003022b0   C$$EXIT
00301bfe   FD$$MPY
0030221f   FD$$TOI
00301b76   FS$$DIV
00302261   FS$$TOFD
003021fd   I$$DIV
0030220e   I$$MOD
00300bee   _ADCINT_ISR
00380080   _ADC_cal
0000d040   _AdcBuf
00000b00   _AdcMirror
00007100   _AdcRegs
003018c1   _AutoWah_init
0030193a   _AutoWah_process
0030194b   _AutoWah_sweep
00301d39   _ConfigCpuTimer
0000cf34   _CpuTimer0
00000c00   _CpuTimer0Regs
0000cf24   _CpuTimer1
00000c08   _CpuTimer1Regs
0000cf2c   _CpuTimer2
00000c10   _CpuTimer2Regs
0033fff8   _CsmPwl
00000ae0   _CsmRegs
0000cf44   _CurrentMsgPtr
00300b0c   _DATALOG_ISR
00300d84   _DINTCH1_ISR
00300d92   _DINTCH2_ISR
00300da0   _DINTCH3_ISR
00300dae   _DINTCH4_ISR
00300dbc   _DINTCH5_ISR
00300dca   _DINTCH6_ISR
003022f6   _DelayUs
00000880   _DevEmuRegs
00001000   _DmaRegs
00300e48   _ECAN0INTA_ISR
00300e64   _ECAN0INTB_ISR
00300e56   _ECAN1INTA_ISR
00300e72   _ECAN1INTB_ISR
00300cc0   _ECAP1_INT_ISR
00300cce   _ECAP2_INT_ISR
00300cdc   _ECAP3_INT_ISR
00300cea   _ECAP4_INT_ISR
00300cf8   _ECAP5_INT_ISR
00300d06   _ECAP6_INT_ISR
00006040   _ECanaLAMRegs
000060c0   _ECanaMOTORegs
00006080   _ECanaMOTSRegs
00006100   _ECanaMboxes
00006000   _ECanaRegs
00006240   _ECanbLAMRegs
000062c0   _ECanbMOTORegs
00006280   _ECanbMOTSRegs
00006300   _ECanbMboxes
00006200   _ECanbRegs
00006a00   _ECap1Regs
00006a20   _ECap2Regs
00006a40   _ECap3Regs
00006a60   _ECap4Regs
00006a80   _ECap5Regs
00006aa0   _ECap6Regs
00300b20   _EMUINT_ISR
00300c6c   _EPWM1_INT_ISR
00300c18   _EPWM1_TZINT_ISR
00300c7a   _EPWM2_INT_ISR
00300c26   _EPWM2_TZINT_ISR
00300c88   _EPWM3_INT_ISR
00300c34   _EPWM3_TZINT_ISR
00300c96   _EPWM4_INT_ISR
00300c42   _EPWM4_TZINT_ISR
00300ca4   _EPWM5_INT_ISR
00300c50   _EPWM5_TZINT_ISR
00300cb2   _EPWM6_INT_ISR
00300c5e   _EPWM6_TZINT_ISR
00006800   _EPwm1Regs
00006840   _EPwm2Regs
00006880   _EPwm3Regs
000068c0   _EPwm4Regs
00006900   _EPwm5Regs
00006940   _EPwm6Regs
00300d14   _EQEP1_INT_ISR
00300d22   _EQEP2_INT_ISR
00006b00   _EQep1Regs
00006b40   _EQep2Regs
0000cf42   _Error
0000d000   _FFTStartFlag
00000a80   _FlashRegs
00006f80   _GpioCtrlRegs
00006fc0   _GpioDataRegs
00006fe0   _GpioIntRegs
00008992   _I2CA_Init
000089d8   _I2CA_ReadData
000089a5   _I2CA_WriteData
00300dd8   _I2CINT1A_ISR
00300de6   _I2CINT2A_ISR
00007900   _I2caRegs
00300b34   _ILLEGAL_ISR
00300af8   _INT13_ISR
00300b02   _INT14_ISR
00301d00   _InitCpuTimers
00008ad8   _InitFlash
003022c9   _InitI2C
003022ca   _InitI2CGpio
003013ae   _InitMcbsp
00301487   _InitMcbspGpio
003013b3   _InitMcbspa
00301412   _InitMcbspa12bit
0030141d   _InitMcbspa16bit
00301428   _InitMcbspa20bit
00301433   _InitMcbspa24bit
0030143e   _InitMcbspa32bit
0030140b   _InitMcbspa8bit
0030148c   _InitMcbspaGpio
003013df   _InitMcbspb
00301450   _InitMcbspb12bit
0030145b   _InitMcbspb16bit
00301466   _InitMcbspb20bit
00301471   _InitMcbspb24bit
0030147c   _InitMcbspb32bit
00301449   _InitMcbspb8bit
003014c6   _InitMcbspbGpio
00302126   _InitPieCtrl
003021b0   _InitSpi
003021b1   _InitSpiGpio
003021b4   _InitSpiaGpio
00301c81   _InitSysCtrl
00300ed4   _LUF_ISR
00300ec6   _LVF_ISR
00300d68   _MRINTA_ISR
00300d4c   _MRINTB_ISR
00300d76   _MXINTA_ISR
00300d5a   _MXINTB_ISR
00005000   _McbspaRegs
00005040   _McbspbRegs
00300b2a   _NMI_ISR
00380090   _PartIdRegs
00000ce0   _PieCtrlRegs
00000d00   _PieVectTable
0030231a   _PieVectTableInit
0000d880   _RFFTF32Coef
00301658   _RFFT_adc_f32
00301ad8   _RFFT_adc_f32u
003020b1   _RFFT_f32_mag
00301d74   _RFFT_f32_sincostable
0000d240   _RFFTmagBuff
0000d480   _RFFToutBuff
00300b16   _RTOSINT_ISR
00300e10   _SCIRXINTA_ISR
00300e2c   _SCIRXINTB_ISR
00300df4   _SCIRXINTC_ISR
00300e1e   _SCITXINTA_ISR
00300e3a   _SCITXINTB_ISR
00300e02   _SCITXINTC_ISR
00300bb6   _SEQ1INT_ISR
00300bc4   _SEQ2INT_ISR
00300d30   _SPIRXINTA_ISR
00300d3e   _SPITXINTA_ISR
00007050   _SciaRegs
00007750   _ScibRegs
00007770   _ScicRegs
00302316   _SetDBGIER
00007040   _SpiaRegs
00007010   _SysCtrlRegs
00300bfc   _TINT0_ISR
00300b98   _USER10_ISR
00300ba2   _USER11_ISR
00300bac   _USER12_ISR
00300b3e   _USER1_ISR
00300b48   _USER2_ISR
00300b52   _USER3_ISR
00300b5c   _USER4_ISR
00300b66   _USER5_ISR
00300b70   _USER6_ISR
00300b7a   _USER7_ISR
00300b84   _USER8_ISR
00300b8e   _USER9_ISR
00300c0a   _WAKEINT_ISR
00300bd2   _XINT1_ISR
00300be0   _XINT2_ISR
00300e80   _XINT3_ISR
00300e8e   _XINT4_ISR
00300e9c   _XINT5_ISR
00300eaa   _XINT6_ISR
00300eb8   _XINT7_ISR
00007070   _XIntruptRegs
00000b20   _XintfRegs
00000700   __STACK_END
00000300   __STACK_SIZE
00000400   __SYSMEM_SIZE
00000001   __TI_args_main
0000cd74   ___TI_cleanup_ptr
0000cd76   ___TI_dtors_ptr
ffffffff   ___binit__
0000c000   ___bss__
ffffffff   ___c_args__
0030241e   ___cinit__
0000c000   ___end__
00302319   ___etext__
00302240   ___memcpy_ff
ffffffff   ___pinit__
00300af8   ___text__
00302297   __args_main
0000cd72   __lock
0030201b   __log
0030230e   __nop
0030230a   __register_lock
00302306   __register_unlock
00000400   __stack
0000c000   __sys_memory
0000cd70   __unlock
003022b0   _abort
0000cf46   _adcVal
0000c45e   _adcVals
0000863d   _addToLCD
0000c423   _bassChange
0000c408   _bassLevel
003015f8   _bp_iir_filter
00301508   _bp_iir_init
003015c5   _bp_iir_setup
0030206b   _c_int00
0000c418   _chorusChange
0000c424   _chorusLevel
00301350   _clearPipeline
003014f2   _clkg_delay_loop
00008718   _controlLCD
00301e4a   _cos
0000c42c   _counts
00008753   _cpu_timer0_isr
000087aa   _cpu_timer1_isr
0000c412   _currentChangeScreen
0000cd84   _currentPreset
0000c41b   _delayChange
0000c41d   _delayLevel
003014dc   _delay_loop
000083e8   _eepromRead
000083cd   _eepromWrite
0000c436   _effectChange
0000c404   _effectToToggle
0000887c   _effects
0000c8be   _errno
003022b2   _exit
00301de2   _exp
00008a80   _findFrequency
00300fa5   _findNote
0000c41a   _flangeChange
0000c422   _flangeLevel
00302156   _fmod
0000c40a   _freq
003022e0   _frexp
003012ad   _getInputs
000085ee   _goToMain
00008a0a   _i2c_int1a_isr
00301389   _indexLookup
0000c403   _indexToToggle
003019cd   _initEffects
00301f0c   _initFFT
00301790   _initINTS
003010a3   _initLCD
0000892c   _init_adc_spi
00008944   _init_mcbsp_spi
003020f5   _ldexp
0000c468   _list
0000c425   _load
00008259   _loadPreset
00300f8b   _loadPresetScreen
00008838   _load_preset
0000c454   _location
0000cf9a   _lowpass_coefficients
003011cb   _main
0000c440   _mainDisplay
0000897f   _mcbsp_xmit
0000cf4b   _messageIn
0000cf60   _messageOut
0000c41c   _midChange
0000c405   _midLevel
0030227d   _modf
0000c421   _newLevel
0000c415   _newVolumeLevel
0000cdc0   _noteChart
0000cd80   _numInMainDisplay
0000c409   _numQueued
0000c401   _oldLevel
0000c44a   _on_off
0000c480   _pipeline
00301f69   _pow
0000c40f   _preset
0000c41e   _presetNumber
0000cd83   _presetScreen
00008807   _preset_down
000087d5   _preset_up
0000c43b   _prevCounts
0000c427   _previousUpdateNumber
0000c431   _prevs
00300f59   _printBass
00300f21   _printChorus
00300eec   _printDelay
00300f05   _printFlanger
000086ce   _printFreq
0000873a   _printLCD
00008431   _printReverb
00300f6f   _printTreble
00008412   _printTremolo
00300f3d   _printVolume
00008000   _process
00301ace   _processChorus
00008037   _processCrunch
00301a1f   _processDelay
00008021   _processDistortion
00301a32   _processFlanger
00301a2d   _processPhaser
00301ad3   _processPitchShift
0000809f   _processReverb
0000804d   _processTremolo
00301a24   _processWah
0030132c   _queueEffect
0000cf41   _readDone
0000891b   _read_adc
0000cd82   _reprint
0000c411   _resetTimer
0000cf80   _returnArray
0000c429   _reverbBprev
0000c419   _reverbChange
0000c41f   _reverbLevel
0000d008   _rfft
0000d004   _rfft_adc
003016e8   _rfft_adc_f32_Stages4andUp
00302184   _rotary
00300ee2   _rsvd_ISR
0000c426   _save
00008120   _savePreset
0000885a   _save_preset
00000af7   _secureRamFuncs_loadsize
00300000   _secureRamFuncs_loadstart
00008000   _secureRamFuncs_runstart
0000862f   _shiftCursor
00301fc3   _sin
003021da   _sqrt
00301f4d   _storeFFT
0000c40b   _sysStart
00301eab   _tan
0000c402   _toggle
00301373   _toggleEffectOnDisplay
000086a3   _toggleLCD
00301310   _toggleOn_Off
0000c416   _trebleChange
0000c406   _trebleLevel
0000c428   _tremoloBprev
0000c414   _tremoloChange
0000c420   _tremoloLevel
0000c410   _tuner
0000cd81   _tunerScreen
0000c40d   _updateChange
0000c40e   _updateCode
0000c400   _updateFrequency
0000c42a   _updateInputs
000084be   _updateLCD
0000c40c   _updateLcd
0000844d   _updateLevel
0000c42b   _updateNumber
003018b0   _updateTimer0
0000c413   _updateVolume
0000c417   _volumeChange
0000c407   _volumeLevel
0000cf40   _writeDone
0000890c   _write_dac
0000cfc4   _x
0000cfca   _y
ffffffff   binit
0030241e   cinit
0033fff6   code_start
0000c000   end
00302319   etext
ffffffff   pinit


GLOBAL SYMBOLS: SORTED BY Symbol Address 

address    name
--------   ----
00000001   __TI_args_main
00000300   __STACK_SIZE
00000400   __SYSMEM_SIZE
00000400   __stack
00000700   __STACK_END
00000880   _DevEmuRegs
00000a80   _FlashRegs
00000ae0   _CsmRegs
00000af7   _secureRamFuncs_loadsize
00000b00   _AdcMirror
00000b20   _XintfRegs
00000c00   _CpuTimer0Regs
00000c08   _CpuTimer1Regs
00000c10   _CpuTimer2Regs
00000ce0   _PieCtrlRegs
00000d00   _PieVectTable
00001000   _DmaRegs
00005000   _McbspaRegs
00005040   _McbspbRegs
00006000   _ECanaRegs
00006040   _ECanaLAMRegs
00006080   _ECanaMOTSRegs
000060c0   _ECanaMOTORegs
00006100   _ECanaMboxes
00006200   _ECanbRegs
00006240   _ECanbLAMRegs
00006280   _ECanbMOTSRegs
000062c0   _ECanbMOTORegs
00006300   _ECanbMboxes
00006800   _EPwm1Regs
00006840   _EPwm2Regs
00006880   _EPwm3Regs
000068c0   _EPwm4Regs
00006900   _EPwm5Regs
00006940   _EPwm6Regs
00006a00   _ECap1Regs
00006a20   _ECap2Regs
00006a40   _ECap3Regs
00006a60   _ECap4Regs
00006a80   _ECap5Regs
00006aa0   _ECap6Regs
00006b00   _EQep1Regs
00006b40   _EQep2Regs
00006f80   _GpioCtrlRegs
00006fc0   _GpioDataRegs
00006fe0   _GpioIntRegs
00007010   _SysCtrlRegs
00007040   _SpiaRegs
00007050   _SciaRegs
00007070   _XIntruptRegs
00007100   _AdcRegs
00007750   _ScibRegs
00007770   _ScicRegs
00007900   _I2caRegs
00008000   _process
00008000   _secureRamFuncs_runstart
00008021   _processDistortion
00008037   _processCrunch
0000804d   _processTremolo
0000809f   _processReverb
00008120   _savePreset
00008259   _loadPreset
000083cd   _eepromWrite
000083e8   _eepromRead
00008412   _printTremolo
00008431   _printReverb
0000844d   _updateLevel
000084be   _updateLCD
000085ee   _goToMain
0000862f   _shiftCursor
0000863d   _addToLCD
000086a3   _toggleLCD
000086ce   _printFreq
00008718   _controlLCD
0000873a   _printLCD
00008753   _cpu_timer0_isr
000087aa   _cpu_timer1_isr
000087d5   _preset_up
00008807   _preset_down
00008838   _load_preset
0000885a   _save_preset
0000887c   _effects
0000890c   _write_dac
0000891b   _read_adc
0000892c   _init_adc_spi
00008944   _init_mcbsp_spi
0000897f   _mcbsp_xmit
00008992   _I2CA_Init
000089a5   _I2CA_WriteData
000089d8   _I2CA_ReadData
00008a0a   _i2c_int1a_isr
00008a80   _findFrequency
00008ad8   _InitFlash
0000c000   .bss
0000c000   ___bss__
0000c000   ___end__
0000c000   __sys_memory
0000c000   end
0000c400   _updateFrequency
0000c401   _oldLevel
0000c402   _toggle
0000c403   _indexToToggle
0000c404   _effectToToggle
0000c405   _midLevel
0000c406   _trebleLevel
0000c407   _volumeLevel
0000c408   _bassLevel
0000c409   _numQueued
0000c40a   _freq
0000c40b   _sysStart
0000c40c   _updateLcd
0000c40d   _updateChange
0000c40e   _updateCode
0000c40f   _preset
0000c410   _tuner
0000c411   _resetTimer
0000c412   _currentChangeScreen
0000c413   _updateVolume
0000c414   _tremoloChange
0000c415   _newVolumeLevel
0000c416   _trebleChange
0000c417   _volumeChange
0000c418   _chorusChange
0000c419   _reverbChange
0000c41a   _flangeChange
0000c41b   _delayChange
0000c41c   _midChange
0000c41d   _delayLevel
0000c41e   _presetNumber
0000c41f   _reverbLevel
0000c420   _tremoloLevel
0000c421   _newLevel
0000c422   _flangeLevel
0000c423   _bassChange
0000c424   _chorusLevel
0000c425   _load
0000c426   _save
0000c427   _previousUpdateNumber
0000c428   _tremoloBprev
0000c429   _reverbBprev
0000c42a   _updateInputs
0000c42b   _updateNumber
0000c42c   _counts
0000c431   _prevs
0000c436   _effectChange
0000c43b   _prevCounts
0000c440   _mainDisplay
0000c44a   _on_off
0000c454   _location
0000c45e   _adcVals
0000c468   _list
0000c480   _pipeline
0000c8be   _errno
0000cd70   __unlock
0000cd72   __lock
0000cd74   ___TI_cleanup_ptr
0000cd76   ___TI_dtors_ptr
0000cd80   _numInMainDisplay
0000cd81   _tunerScreen
0000cd82   _reprint
0000cd83   _presetScreen
0000cd84   _currentPreset
0000cdc0   _noteChart
0000cf24   _CpuTimer1
0000cf2c   _CpuTimer2
0000cf34   _CpuTimer0
0000cf40   _writeDone
0000cf41   _readDone
0000cf42   _Error
0000cf44   _CurrentMsgPtr
0000cf46   _adcVal
0000cf4b   _messageIn
0000cf60   _messageOut
0000cf80   _returnArray
0000cf9a   _lowpass_coefficients
0000cfc4   _x
0000cfca   _y
0000d000   _FFTStartFlag
0000d004   _rfft_adc
0000d008   _rfft
0000d040   _AdcBuf
0000d240   _RFFTmagBuff
0000d480   _RFFToutBuff
0000d880   _RFFTF32Coef
00300000   _secureRamFuncs_loadstart
00300af8   .text
00300af8   _INT13_ISR
00300af8   ___text__
00300b02   _INT14_ISR
00300b0c   _DATALOG_ISR
00300b16   _RTOSINT_ISR
00300b20   _EMUINT_ISR
00300b2a   _NMI_ISR
00300b34   _ILLEGAL_ISR
00300b3e   _USER1_ISR
00300b48   _USER2_ISR
00300b52   _USER3_ISR
00300b5c   _USER4_ISR
00300b66   _USER5_ISR
00300b70   _USER6_ISR
00300b7a   _USER7_ISR
00300b84   _USER8_ISR
00300b8e   _USER9_ISR
00300b98   _USER10_ISR
00300ba2   _USER11_ISR
00300bac   _USER12_ISR
00300bb6   _SEQ1INT_ISR
00300bc4   _SEQ2INT_ISR
00300bd2   _XINT1_ISR
00300be0   _XINT2_ISR
00300bee   _ADCINT_ISR
00300bfc   _TINT0_ISR
00300c0a   _WAKEINT_ISR
00300c18   _EPWM1_TZINT_ISR
00300c26   _EPWM2_TZINT_ISR
00300c34   _EPWM3_TZINT_ISR
00300c42   _EPWM4_TZINT_ISR
00300c50   _EPWM5_TZINT_ISR
00300c5e   _EPWM6_TZINT_ISR
00300c6c   _EPWM1_INT_ISR
00300c7a   _EPWM2_INT_ISR
00300c88   _EPWM3_INT_ISR
00300c96   _EPWM4_INT_ISR
00300ca4   _EPWM5_INT_ISR
00300cb2   _EPWM6_INT_ISR
00300cc0   _ECAP1_INT_ISR
00300cce   _ECAP2_INT_ISR
00300cdc   _ECAP3_INT_ISR
00300cea   _ECAP4_INT_ISR
00300cf8   _ECAP5_INT_ISR
00300d06   _ECAP6_INT_ISR
00300d14   _EQEP1_INT_ISR
00300d22   _EQEP2_INT_ISR
00300d30   _SPIRXINTA_ISR
00300d3e   _SPITXINTA_ISR
00300d4c   _MRINTB_ISR
00300d5a   _MXINTB_ISR
00300d68   _MRINTA_ISR
00300d76   _MXINTA_ISR
00300d84   _DINTCH1_ISR
00300d92   _DINTCH2_ISR
00300da0   _DINTCH3_ISR
00300dae   _DINTCH4_ISR
00300dbc   _DINTCH5_ISR
00300dca   _DINTCH6_ISR
00300dd8   _I2CINT1A_ISR
00300de6   _I2CINT2A_ISR
00300df4   _SCIRXINTC_ISR
00300e02   _SCITXINTC_ISR
00300e10   _SCIRXINTA_ISR
00300e1e   _SCITXINTA_ISR
00300e2c   _SCIRXINTB_ISR
00300e3a   _SCITXINTB_ISR
00300e48   _ECAN0INTA_ISR
00300e56   _ECAN1INTA_ISR
00300e64   _ECAN0INTB_ISR
00300e72   _ECAN1INTB_ISR
00300e80   _XINT3_ISR
00300e8e   _XINT4_ISR
00300e9c   _XINT5_ISR
00300eaa   _XINT6_ISR
00300eb8   _XINT7_ISR
00300ec6   _LVF_ISR
00300ed4   _LUF_ISR
00300ee2   _rsvd_ISR
00300eec   _printDelay
00300f05   _printFlanger
00300f21   _printChorus
00300f3d   _printVolume
00300f59   _printBass
00300f6f   _printTreble
00300f8b   _loadPresetScreen
00300fa5   _findNote
003010a3   _initLCD
003011cb   _main
003012ad   _getInputs
00301310   _toggleOn_Off
0030132c   _queueEffect
00301350   _clearPipeline
00301373   _toggleEffectOnDisplay
00301389   _indexLookup
003013ae   _InitMcbsp
003013b3   _InitMcbspa
003013df   _InitMcbspb
0030140b   _InitMcbspa8bit
00301412   _InitMcbspa12bit
0030141d   _InitMcbspa16bit
00301428   _InitMcbspa20bit
00301433   _InitMcbspa24bit
0030143e   _InitMcbspa32bit
00301449   _InitMcbspb8bit
00301450   _InitMcbspb12bit
0030145b   _InitMcbspb16bit
00301466   _InitMcbspb20bit
00301471   _InitMcbspb24bit
0030147c   _InitMcbspb32bit
00301487   _InitMcbspGpio
0030148c   _InitMcbspaGpio
003014c6   _InitMcbspbGpio
003014dc   _delay_loop
003014f2   _clkg_delay_loop
00301508   _bp_iir_init
003015c5   _bp_iir_setup
003015f8   _bp_iir_filter
00301658   _RFFT_adc_f32
003016e8   _rfft_adc_f32_Stages4andUp
00301790   _initINTS
003018b0   _updateTimer0
003018c1   _AutoWah_init
0030193a   _AutoWah_process
0030194b   _AutoWah_sweep
003019cd   _initEffects
00301a1f   _processDelay
00301a24   _processWah
00301a2d   _processPhaser
00301a32   _processFlanger
00301ace   _processChorus
00301ad3   _processPitchShift
00301ad8   _RFFT_adc_f32u
00301b76   FS$$DIV
00301bfe   FD$$MPY
00301c81   _InitSysCtrl
00301d00   _InitCpuTimers
00301d39   _ConfigCpuTimer
00301d74   _RFFT_f32_sincostable
00301de2   _exp
00301e4a   _cos
00301eab   _tan
00301f0c   _initFFT
00301f4d   _storeFFT
00301f69   _pow
00301fc3   _sin
0030201b   __log
0030206b   _c_int00
003020b1   _RFFT_f32_mag
003020f5   _ldexp
00302126   _InitPieCtrl
00302156   _fmod
00302184   _rotary
003021b0   _InitSpi
003021b1   _InitSpiGpio
003021b4   _InitSpiaGpio
003021da   _sqrt
003021fd   I$$DIV
0030220e   I$$MOD
0030221f   FD$$TOI
00302240   ___memcpy_ff
00302261   FS$$TOFD
0030227d   _modf
00302297   __args_main
003022b0   C$$EXIT
003022b0   _abort
003022b2   _exit
003022c9   _InitI2C
003022ca   _InitI2CGpio
003022e0   _frexp
003022f6   _DelayUs
00302306   __register_unlock
0030230a   __register_lock
0030230e   __nop
00302316   _SetDBGIER
00302319   ___etext__
00302319   etext
0030231a   _PieVectTableInit
0030241e   ___cinit__
0030241e   cinit
0033fff6   code_start
0033fff8   _CsmPwl
00380080   _ADC_cal
00380090   _PartIdRegs
ffffffff   ___binit__
ffffffff   ___c_args__
ffffffff   ___pinit__
ffffffff   binit
ffffffff   pinit

[375 symbols]
