******************************************************************************
             TMS320C2000 Linker PC v6.2.7                      
******************************************************************************
>> Linked Thu Nov 13 15:11:51 2014

OUTPUT FILE NAME:   <guitarEffects.out>
ENTRY POINT SYMBOL: "_c_int00"  address: 00301d56


MEMORY CONFIGURATION

         name            origin    length      used     unused   attr    fill
----------------------  --------  ---------  --------  --------  ----  --------
PAGE 0:
  BEGIN_M0              00000000   00000002  00000000  00000002  RWIX
  L0123SARAM            00008000   00004000  000009ff  00003601  RWIX
  FLASH_ABCDEFGH        00300000   0003ff80  0000215c  0003de24  R   
  CSM_RSVD              0033ff80   00000076  00000076  00000000  R   
  BEGIN_FLASH           0033fff6   00000002  00000002  00000000  R   
  PASSWORDS             0033fff8   00000008  00000008  00000000  R   
  ADC_CAL               00380080   00000009  00000007  00000002  RWIX
  OTP                   00380400   00000400  00000000  00000400  R   
  IQTABLES              003fe000   00000b50  00000000  00000b50  R   
  IQTABLES2             003feb50   0000008c  00000000  0000008c  R   
  FPUTABLES             003febdc   000006a0  00000000  000006a0  R   
  RESET                 003fffc0   00000002  00000000  00000002  R   

PAGE 1:
  M0SARAM               00000002   000003fe  00000000  000003fe  RWIX
  M1SARAM               00000400   00000400  00000300  00000100  RWIX
  DEV_EMU               00000880   00000180  000000d0  000000b0  RWIX
  FLASH_REGS            00000a80   00000060  00000008  00000058  RWIX
  CSM                   00000ae0   00000010  00000010  00000000  RWIX
  ADC_MIRROR            00000b00   00000010  00000010  00000000  RWIX
  XINTF                 00000b20   00000020  0000001e  00000002  RWIX
  CPU_TIMER0            00000c00   00000008  00000008  00000000  RWIX
  CPU_TIMER1            00000c08   00000008  00000008  00000000  RWIX
  CPU_TIMER2            00000c10   00000008  00000008  00000000  RWIX
  PIE_CTRL              00000ce0   00000020  0000001a  00000006  RWIX
  PIE_VECT              00000d00   00000100  00000100  00000000  RWIX
  DMA                   00001000   00000200  000000e0  00000120  RWIX
  MCBSPA                00005000   00000040  00000025  0000001b  RWIX
  MCBSPB                00005040   00000040  00000025  0000001b  RWIX
  ECANA                 00006000   00000040  00000034  0000000c  RWIX
  ECANA_LAM             00006040   00000040  00000040  00000000  RWIX
  ECANA_MOTS            00006080   00000040  00000040  00000000  RWIX
  ECANA_MOTO            000060c0   00000040  00000040  00000000  RWIX
  ECANA_MBOX            00006100   00000100  00000100  00000000  RWIX
  ECANB                 00006200   00000040  00000034  0000000c  RWIX
  ECANB_LAM             00006240   00000040  00000040  00000000  RWIX
  ECANB_MOTS            00006280   00000040  00000040  00000000  RWIX
  ECANB_MOTO            000062c0   00000040  00000040  00000000  RWIX
  ECANB_MBOX            00006300   00000100  00000100  00000000  RWIX
  EPWM1                 00006800   00000022  00000022  00000000  RWIX
  EPWM2                 00006840   00000022  00000022  00000000  RWIX
  EPWM3                 00006880   00000022  00000022  00000000  RWIX
  EPWM4                 000068c0   00000022  00000022  00000000  RWIX
  EPWM5                 00006900   00000022  00000022  00000000  RWIX
  EPWM6                 00006940   00000022  00000022  00000000  RWIX
  ECAP1                 00006a00   00000020  00000020  00000000  RWIX
  ECAP2                 00006a20   00000020  00000020  00000000  RWIX
  ECAP3                 00006a40   00000020  00000020  00000000  RWIX
  ECAP4                 00006a60   00000020  00000020  00000000  RWIX
  ECAP5                 00006a80   00000020  00000020  00000000  RWIX
  ECAP6                 00006aa0   00000020  00000020  00000000  RWIX
  EQEP1                 00006b00   00000040  00000040  00000000  RWIX
  EQEP2                 00006b40   00000040  00000040  00000000  RWIX
  GPIOCTRL              00006f80   00000040  0000002e  00000012  RWIX
  GPIODAT               00006fc0   00000020  00000020  00000000  RWIX
  GPIOINT               00006fe0   00000020  0000000a  00000016  RWIX
  SYSTEM                00007010   00000020  00000020  00000000  RWIX
  SPIA                  00007040   00000010  00000010  00000000  RWIX
  SCIA                  00007050   00000010  00000010  00000000  RWIX
  XINTRUPT              00007070   00000010  00000010  00000000  RWIX
  ADC                   00007100   00000020  0000001e  00000002  RWIX
  SCIB                  00007750   00000010  00000010  00000000  RWIX
  SCIC                  00007770   00000010  00000010  00000000  RWIX
  I2CA                  00007900   00000040  00000022  0000001e  RWIX
  L4SARAM               0000c000   00001000  00000c12  000003ee  RWIX
  L5SARAM               0000d000   00001000  00000c80  00000380  RWIX
  L6SARAM               0000e000   00001000  00000000  00001000  RWIX
  L7SARAM               0000f000   00001000  00000000  00001000  RWIX
  CSM_PWL               0033fff8   00000008  00000008  00000000  RWIX
  PARTID                00380090   00000001  00000001  00000000  RWIX


SECTION ALLOCATION MAP

 output                                  attributes/
section   page    origin      length       input sections
--------  ----  ----------  ----------   ----------------
.pinit     0    00300000    00000000     UNINITIALIZED

secureRamFuncs 
*          0    00300000    000009ff     RUN ADDR = 00008000
                  00300000    00000339     lcd.obj (secureRamFuncs)
                  00300339    00000321     effect.obj (secureRamFuncs)
                  0030065a    000001ba     main.obj (secureRamFuncs:retain)
                  00300814    00000086     spi.obj (secureRamFuncs)
                  0030089a    00000078     eeprom.obj (secureRamFuncs)
                  00300912    00000076     effect.obj (secureRamFuncs:retain)
                  00300988    00000058     fft.obj (secureRamFuncs)
                  003009e0    0000001f     Flash.obj (secureRamFuncs)

.text      0    00300a00    000015ba     
                  00300a00    000003f4     DefaultIsr_nonBIOS.obj (.text:retain)
                  00300df4    0000031a     lcd.obj (.text)
                  0030110e    0000023b     effect.obj (.text)
                  00301349    0000022f     main.obj (.text)
                  00301578    00000157     DSP2833x_Mcbsp.obj (.text)
                  003016cf    00000001     --HOLE-- [fill = 0]
                  003016d0    00000138     RFFT_adc_f32.obj (.text)
                  00301808    0000012d     sys.obj (.text)
                  00301935    00000001     --HOLE-- [fill = 0]
                  00301936    0000009e     RFFT_adc_f32u.obj (.text)
                  003019d4    00000088     rts2800_fpu32.lib : fs_div.obj (.text)
                  00301a5c    00000083                       : fd_mpy.obj (.text)
                  00301adf    0000007f     SysCtrl.obj (.text)
                  00301b5e    00000074     DSP2833x_CpuTimers.obj (.text)
                  00301bd2    0000006e     RFFT_f32_sincostable.obj (.text)
                  00301c40    00000061     rts2800_fpu32.lib : cos.obj (.text)
                  00301ca1    0000005d     fft.obj (.text)
                  00301cfe    00000058     rts2800_fpu32.lib : sin.obj (.text)
                  00301d56    00000046                       : boot.obj (.text)
                  00301d9c    00000044     RFFT_f32_mag.obj (.text)
                  00301de0    00000030     PieCtrl_nonBIOS.obj (.text)
                  00301e10    0000002e     rts2800_fpu32.lib : fmod.obj (.text)
                  00301e3e    0000002c     main.obj (.text:retain)
                  00301e6a    0000002a     DSP2833x_Spi.obj (.text)
                  00301e94    00000023     rts2800_fpu32.lib : sqrt.obj (.text)
                  00301eb7    00000022                       : i_div.obj (.text)
                  00301ed9    00000021                       : fd_toi.obj (.text)
                  00301efa    00000021                       : memcpy_ff.obj (.text)
                  00301f1b    0000001c                       : fs_tofd.obj (.text)
                  00301f37    0000001a                       : modf.obj (.text)
                  00301f51    00000019                       : args_main.obj (.text)
                  00301f6a    00000019                       : exit.obj (.text)
                  00301f83    00000014     DSP2833x_I2C.obj (.text)
                  00301f97    00000010     DelayUs.obj (.text)
                  00301fa7    00000009     rts2800_fpu32.lib : _lock.obj (.text)
                  00301fb0    00000007     CodeStartBranch.obj (.text)
                  00301fb7    00000003     SetDBGIER.obj (.text)

.econst    0    00301fba    00000104     
                  00301fba    00000100     PieVect_nonBIOS.obj (.econst)
                  003020ba    00000004     fft.obj (.econst)

.cinit     0    003020be    0000009f     
                  003020be    0000005d     main.obj (.cinit)
                  0030211b    00000017     lowpass.obj (.cinit)
                  00302132    0000000a     rts2800_fpu32.lib : _lock.obj (.cinit)
                  0030213c    0000000a                       : exit.obj (.cinit)
                  00302146    00000009     fft.obj (.cinit)
                  0030214f    00000004     effect.obj (.cinit)
                  00302153    00000004     rts2800_fpu32.lib : errno.obj (.cinit)
                  00302157    00000004                       : memory.obj (.cinit)
                  0030215b    00000002     --HOLE-- [fill = 0]

csm_rsvd   0    0033ff80    00000076     
                  0033ff80    00000076     Passwords.obj (csm_rsvd)

codestart 
*          0    0033fff6    00000002     
                  0033fff6    00000002     CodeStartBranch.obj (codestart)

passwords 
*          0    0033fff8    00000008     
                  0033fff8    00000008     Passwords.obj (passwords)

.adc_cal   0    00380080    00000007     NOLOAD SECTION
                  00380080    00000007     DSP2833x_ADC_cal.obj (.adc_cal)

.reset     0    003fffc0    00000002     DSECT
                  003fffc0    00000002     rts2800_fpu32.lib : boot.obj (.reset)

.stack     1    00000400    00000300     UNINITIALIZED
                  00000400    00000300     --HOLE--

DevEmuRegsFile 
*          1    00000880    000000d0     UNINITIALIZED
                  00000880    000000d0     DSP2833x_GlobalVariableDefs.obj (DevEmuRegsFile)

FlashRegsFile 
*          1    00000a80    00000008     UNINITIALIZED
                  00000a80    00000008     DSP2833x_GlobalVariableDefs.obj (FlashRegsFile)

CsmRegsFile 
*          1    00000ae0    00000010     UNINITIALIZED
                  00000ae0    00000010     DSP2833x_GlobalVariableDefs.obj (CsmRegsFile)

AdcMirrorFile 
*          1    00000b00    00000010     UNINITIALIZED
                  00000b00    00000010     DSP2833x_GlobalVariableDefs.obj (AdcMirrorFile)

XintfRegsFile 
*          1    00000b20    0000001e     UNINITIALIZED
                  00000b20    0000001e     DSP2833x_GlobalVariableDefs.obj (XintfRegsFile)

CpuTimer0RegsFile 
*          1    00000c00    00000008     UNINITIALIZED
                  00000c00    00000008     DSP2833x_GlobalVariableDefs.obj (CpuTimer0RegsFile)

CpuTimer1RegsFile 
*          1    00000c08    00000008     UNINITIALIZED
                  00000c08    00000008     DSP2833x_GlobalVariableDefs.obj (CpuTimer1RegsFile)

CpuTimer2RegsFile 
*          1    00000c10    00000008     UNINITIALIZED
                  00000c10    00000008     DSP2833x_GlobalVariableDefs.obj (CpuTimer2RegsFile)

PieCtrlRegsFile 
*          1    00000ce0    0000001a     UNINITIALIZED
                  00000ce0    0000001a     DSP2833x_GlobalVariableDefs.obj (PieCtrlRegsFile)

PieVectTableFile 
*          1    00000d00    00000100     UNINITIALIZED
                  00000d00    00000100     DSP2833x_GlobalVariableDefs.obj (PieVectTableFile)

DmaRegsFile 
*          1    00001000    000000e0     UNINITIALIZED
                  00001000    000000e0     DSP2833x_GlobalVariableDefs.obj (DmaRegsFile)

McbspaRegsFile 
*          1    00005000    00000025     UNINITIALIZED
                  00005000    00000025     DSP2833x_GlobalVariableDefs.obj (McbspaRegsFile)

McbspbRegsFile 
*          1    00005040    00000025     UNINITIALIZED
                  00005040    00000025     DSP2833x_GlobalVariableDefs.obj (McbspbRegsFile)

ECanaRegsFile 
*          1    00006000    00000034     UNINITIALIZED
                  00006000    00000034     DSP2833x_GlobalVariableDefs.obj (ECanaRegsFile)

ECanaLAMRegsFile 
*          1    00006040    00000040     UNINITIALIZED
                  00006040    00000040     DSP2833x_GlobalVariableDefs.obj (ECanaLAMRegsFile)

ECanaMOTSRegsFile 
*          1    00006080    00000040     UNINITIALIZED
                  00006080    00000040     DSP2833x_GlobalVariableDefs.obj (ECanaMOTSRegsFile)

ECanaMOTORegsFile 
*          1    000060c0    00000040     UNINITIALIZED
                  000060c0    00000040     DSP2833x_GlobalVariableDefs.obj (ECanaMOTORegsFile)

ECanaMboxesFile 
*          1    00006100    00000100     UNINITIALIZED
                  00006100    00000100     DSP2833x_GlobalVariableDefs.obj (ECanaMboxesFile)

ECanbRegsFile 
*          1    00006200    00000034     UNINITIALIZED
                  00006200    00000034     DSP2833x_GlobalVariableDefs.obj (ECanbRegsFile)

ECanbLAMRegsFile 
*          1    00006240    00000040     UNINITIALIZED
                  00006240    00000040     DSP2833x_GlobalVariableDefs.obj (ECanbLAMRegsFile)

ECanbMOTSRegsFile 
*          1    00006280    00000040     UNINITIALIZED
                  00006280    00000040     DSP2833x_GlobalVariableDefs.obj (ECanbMOTSRegsFile)

ECanbMOTORegsFile 
*          1    000062c0    00000040     UNINITIALIZED
                  000062c0    00000040     DSP2833x_GlobalVariableDefs.obj (ECanbMOTORegsFile)

ECanbMboxesFile 
*          1    00006300    00000100     UNINITIALIZED
                  00006300    00000100     DSP2833x_GlobalVariableDefs.obj (ECanbMboxesFile)

EPwm1RegsFile 
*          1    00006800    00000022     UNINITIALIZED
                  00006800    00000022     DSP2833x_GlobalVariableDefs.obj (EPwm1RegsFile)

EPwm2RegsFile 
*          1    00006840    00000022     UNINITIALIZED
                  00006840    00000022     DSP2833x_GlobalVariableDefs.obj (EPwm2RegsFile)

EPwm3RegsFile 
*          1    00006880    00000022     UNINITIALIZED
                  00006880    00000022     DSP2833x_GlobalVariableDefs.obj (EPwm3RegsFile)

EPwm4RegsFile 
*          1    000068c0    00000022     UNINITIALIZED
                  000068c0    00000022     DSP2833x_GlobalVariableDefs.obj (EPwm4RegsFile)

EPwm5RegsFile 
*          1    00006900    00000022     UNINITIALIZED
                  00006900    00000022     DSP2833x_GlobalVariableDefs.obj (EPwm5RegsFile)

EPwm6RegsFile 
*          1    00006940    00000022     UNINITIALIZED
                  00006940    00000022     DSP2833x_GlobalVariableDefs.obj (EPwm6RegsFile)

ECap1RegsFile 
*          1    00006a00    00000020     UNINITIALIZED
                  00006a00    00000020     DSP2833x_GlobalVariableDefs.obj (ECap1RegsFile)

ECap2RegsFile 
*          1    00006a20    00000020     UNINITIALIZED
                  00006a20    00000020     DSP2833x_GlobalVariableDefs.obj (ECap2RegsFile)

ECap3RegsFile 
*          1    00006a40    00000020     UNINITIALIZED
                  00006a40    00000020     DSP2833x_GlobalVariableDefs.obj (ECap3RegsFile)

ECap4RegsFile 
*          1    00006a60    00000020     UNINITIALIZED
                  00006a60    00000020     DSP2833x_GlobalVariableDefs.obj (ECap4RegsFile)

ECap5RegsFile 
*          1    00006a80    00000020     UNINITIALIZED
                  00006a80    00000020     DSP2833x_GlobalVariableDefs.obj (ECap5RegsFile)

ECap6RegsFile 
*          1    00006aa0    00000020     UNINITIALIZED
                  00006aa0    00000020     DSP2833x_GlobalVariableDefs.obj (ECap6RegsFile)

EQep1RegsFile 
*          1    00006b00    00000040     UNINITIALIZED
                  00006b00    00000040     DSP2833x_GlobalVariableDefs.obj (EQep1RegsFile)

EQep2RegsFile 
*          1    00006b40    00000040     UNINITIALIZED
                  00006b40    00000040     DSP2833x_GlobalVariableDefs.obj (EQep2RegsFile)

GpioCtrlRegsFile 
*          1    00006f80    0000002e     UNINITIALIZED
                  00006f80    0000002e     DSP2833x_GlobalVariableDefs.obj (GpioCtrlRegsFile)

GpioDataRegsFile 
*          1    00006fc0    00000020     UNINITIALIZED
                  00006fc0    00000020     DSP2833x_GlobalVariableDefs.obj (GpioDataRegsFile)

GpioIntRegsFile 
*          1    00006fe0    0000000a     UNINITIALIZED
                  00006fe0    0000000a     DSP2833x_GlobalVariableDefs.obj (GpioIntRegsFile)

SysCtrlRegsFile 
*          1    00007010    00000020     UNINITIALIZED
                  00007010    00000020     DSP2833x_GlobalVariableDefs.obj (SysCtrlRegsFile)

SpiaRegsFile 
*          1    00007040    00000010     UNINITIALIZED
                  00007040    00000010     DSP2833x_GlobalVariableDefs.obj (SpiaRegsFile)

SciaRegsFile 
*          1    00007050    00000010     UNINITIALIZED
                  00007050    00000010     DSP2833x_GlobalVariableDefs.obj (SciaRegsFile)

XIntruptRegsFile 
*          1    00007070    00000010     UNINITIALIZED
                  00007070    00000010     DSP2833x_GlobalVariableDefs.obj (XIntruptRegsFile)

AdcRegsFile 
*          1    00007100    0000001e     UNINITIALIZED
                  00007100    0000001e     DSP2833x_GlobalVariableDefs.obj (AdcRegsFile)

ScibRegsFile 
*          1    00007750    00000010     UNINITIALIZED
                  00007750    00000010     DSP2833x_GlobalVariableDefs.obj (ScibRegsFile)

ScicRegsFile 
*          1    00007770    00000010     UNINITIALIZED
                  00007770    00000010     DSP2833x_GlobalVariableDefs.obj (ScicRegsFile)

I2caRegsFile 
*          1    00007900    00000022     UNINITIALIZED
                  00007900    00000022     DSP2833x_GlobalVariableDefs.obj (I2caRegsFile)

.bss       1    0000c000    00000000     UNINITIALIZED

.sysmem    1    0000c000    00000400     UNINITIALIZED
                  0000c000    00000001     rts2800_fpu32.lib : memory.obj (.sysmem)
                  0000c001    000003ff     --HOLE--

.ebss.1    1    0000c400    000007b8     UNINITIALIZED
                  0000c400    000005d8     main.obj (.ebss)
                  0000c9d8    00000018     DSP2833x_CpuTimers.obj (.ebss)
                  0000c9f0    00000008     rts2800_fpu32.lib : memory.obj (.ebss)
                  0000c9f8    00000004                       : _lock.obj (.ebss)
                  0000c9fc    00000004                       : exit.obj (.ebss)
                  0000ca00    000001a3     lcd.obj (.ebss)
                  0000cba3    00000001     rts2800_fpu32.lib : errno.obj (.ebss)
                  0000cba4    00000014     lowpass.obj (.ebss)

.ebss.2    1    0000cbc0    0000005a     UNINITIALIZED
                  0000cbc0    0000005a     effect.obj (.ebss)

.ebss.3    1    0000d000    00000c80     UNINITIALIZED
                  0000d000    00000c80     fft.obj (.ebss)

CsmPwlFile 
*          1    0033fff8    00000008     UNINITIALIZED
                  0033fff8    00000008     DSP2833x_GlobalVariableDefs.obj (CsmPwlFile)

PartIdRegsFile 
*          1    00380090    00000001     UNINITIALIZED
                  00380090    00000001     DSP2833x_GlobalVariableDefs.obj (PartIdRegsFile)


GLOBAL DATA SYMBOLS: SORTED BY DATA PAGE

address     data page           name
--------    ----------------    ----
00000400      10 (00000400)     __stack

00000880      22 (00000880)     _DevEmuRegs

00000a80      2a (00000a80)     _FlashRegs

00000ae0      2b (00000ac0)     _CsmRegs

00000b00      2c (00000b00)     _AdcMirror
00000b20      2c (00000b00)     _XintfRegs

00000c00      30 (00000c00)     _CpuTimer0Regs
00000c08      30 (00000c00)     _CpuTimer1Regs
00000c10      30 (00000c00)     _CpuTimer2Regs

00000ce0      33 (00000cc0)     _PieCtrlRegs

00000d00      34 (00000d00)     _PieVectTable

00001000      40 (00001000)     _DmaRegs

00005000     140 (00005000)     _McbspaRegs

00005040     141 (00005040)     _McbspbRegs

00006000     180 (00006000)     _ECanaRegs

00006040     181 (00006040)     _ECanaLAMRegs

00006080     182 (00006080)     _ECanaMOTSRegs

000060c0     183 (000060c0)     _ECanaMOTORegs

00006100     184 (00006100)     _ECanaMboxes

00006200     188 (00006200)     _ECanbRegs

00006240     189 (00006240)     _ECanbLAMRegs

00006280     18a (00006280)     _ECanbMOTSRegs

000062c0     18b (000062c0)     _ECanbMOTORegs

00006300     18c (00006300)     _ECanbMboxes

00006800     1a0 (00006800)     _EPwm1Regs

00006840     1a1 (00006840)     _EPwm2Regs

00006880     1a2 (00006880)     _EPwm3Regs

000068c0     1a3 (000068c0)     _EPwm4Regs

00006900     1a4 (00006900)     _EPwm5Regs

00006940     1a5 (00006940)     _EPwm6Regs

00006a00     1a8 (00006a00)     _ECap1Regs
00006a20     1a8 (00006a00)     _ECap2Regs

00006a40     1a9 (00006a40)     _ECap3Regs
00006a60     1a9 (00006a40)     _ECap4Regs

00006a80     1aa (00006a80)     _ECap5Regs
00006aa0     1aa (00006a80)     _ECap6Regs

00006b00     1ac (00006b00)     _EQep1Regs

00006b40     1ad (00006b40)     _EQep2Regs

00006f80     1be (00006f80)     _GpioCtrlRegs

00006fc0     1bf (00006fc0)     _GpioDataRegs
00006fe0     1bf (00006fc0)     _GpioIntRegs

00007010     1c0 (00007000)     _SysCtrlRegs

00007040     1c1 (00007040)     _SpiaRegs
00007050     1c1 (00007040)     _SciaRegs
00007070     1c1 (00007040)     _XIntruptRegs

00007100     1c4 (00007100)     _AdcRegs

00007750     1dd (00007740)     _ScibRegs
00007770     1dd (00007740)     _ScicRegs

00007900     1e4 (00007900)     _I2caRegs

0000c000     300 (0000c000)     __sys_memory

0000c400     310 (0000c400)     _sysStart
0000c401     310 (0000c400)     _resetTimer
0000c402     310 (0000c400)     _updateLcd
0000c403     310 (0000c400)     _updateCode
0000c404     310 (0000c400)     _currentChangeScreen
0000c405     310 (0000c400)     _freq
0000c406     310 (0000c400)     _toggleDist
0000c407     310 (0000c400)     _indexToToggle
0000c408     310 (0000c400)     _effectToToggle
0000c409     310 (0000c400)     _toggle
0000c40a     310 (0000c400)     _tuner
0000c40b     310 (0000c400)     _previous
0000c40c     310 (0000c400)     _load
0000c40d     310 (0000c400)     _updateFrequency
0000c40e     310 (0000c400)     _numQueued
0000c40f     310 (0000c400)     _inputNumber
0000c410     310 (0000c400)     _updateInputs
0000c411     310 (0000c400)     _updateChange
0000c412     310 (0000c400)     _preset
0000c413     310 (0000c400)     _newLevel
0000c414     310 (0000c400)     _oldLevel
0000c415     310 (0000c400)     _presetNumber
0000c416     310 (0000c400)     _save
0000c417     310 (0000c400)     _distortion
0000c418     310 (0000c400)     _inputs
0000c41b     310 (0000c400)     _mainDisplay
0000c41e     310 (0000c400)     _location
0000c421     310 (0000c400)     _previousInputs
0000c424     310 (0000c400)     _on_off
0000c428     310 (0000c400)     _list
0000c42e     310 (0000c400)     _pipeline

0000c9d8     327 (0000c9c0)     _CpuTimer1
0000c9e0     327 (0000c9c0)     _CpuTimer2
0000c9e8     327 (0000c9c0)     _CpuTimer0
0000c9f8     327 (0000c9c0)     __unlock
0000c9fa     327 (0000c9c0)     __lock
0000c9fc     327 (0000c9c0)     ___TI_cleanup_ptr
0000c9fe     327 (0000c9c0)     ___TI_dtors_ptr

0000ca00     328 (0000ca00)     _numInMainDisplay
0000ca01     328 (0000ca00)     _tunerScreen
0000ca02     328 (0000ca00)     _reprint
0000ca03     328 (0000ca00)     _presetScreen
0000ca04     328 (0000ca00)     _currentPreset

0000ca40     329 (0000ca40)     _noteChart

0000cba3     32e (0000cb80)     _errno
0000cba4     32e (0000cb80)     _lowpass_coefficients

0000cbc0     32f (0000cbc0)     _readDone
0000cbc1     32f (0000cbc0)     _writeDone
0000cbc2     32f (0000cbc0)     _Error
0000cbc4     32f (0000cbc0)     _CurrentMsgPtr
0000cbc6     32f (0000cbc0)     _adcVal
0000cbcb     32f (0000cbc0)     _messageOut
0000cbe0     32f (0000cbc0)     _messageIn

0000cc00     330 (0000cc00)     _returnArray

0000d000     340 (0000d000)     _FFTStartFlag
0000d004     340 (0000d000)     _rfft_adc
0000d008     340 (0000d000)     _rfft

0000d040     341 (0000d040)     _AdcBuf

0000d240     349 (0000d240)     _RFFTmagBuff

0000d480     352 (0000d480)     _RFFToutBuff

0000d880     362 (0000d880)     _RFFTF32Coef

00301fba    c07e (00301f80)     _PieVectTableInit

0033fff8    cfff (0033ffc0)     _CsmPwl

00380090    e002 (00380080)     _PartIdRegs


GLOBAL SYMBOLS: SORTED ALPHABETICALLY BY Name 

address    name
--------   ----
0000c000   .bss
00300a00   .text
00301f6a   C$$EXIT
00301a5c   FD$$MPY
00301ed9   FD$$TOI
003019d4   FS$$DIV
00301f1b   FS$$TOFD
00301eb7   I$$DIV
00301ec8   I$$MOD
00300af6   _ADCINT_ISR
00380080   _ADC_cal
0000d040   _AdcBuf
00000b00   _AdcMirror
00007100   _AdcRegs
00301b97   _ConfigCpuTimer
0000c9e8   _CpuTimer0
00000c00   _CpuTimer0Regs
0000c9d8   _CpuTimer1
00000c08   _CpuTimer1Regs
0000c9e0   _CpuTimer2
00000c10   _CpuTimer2Regs
0033fff8   _CsmPwl
00000ae0   _CsmRegs
0000cbc4   _CurrentMsgPtr
00300a14   _DATALOG_ISR
00300c8c   _DINTCH1_ISR
00300c9a   _DINTCH2_ISR
00300ca8   _DINTCH3_ISR
00300cb6   _DINTCH4_ISR
00300cc4   _DINTCH5_ISR
00300cd2   _DINTCH6_ISR
00301f97   _DelayUs
00000880   _DevEmuRegs
00001000   _DmaRegs
00300d50   _ECAN0INTA_ISR
00300d6c   _ECAN0INTB_ISR
00300d5e   _ECAN1INTA_ISR
00300d7a   _ECAN1INTB_ISR
00300bc8   _ECAP1_INT_ISR
00300bd6   _ECAP2_INT_ISR
00300be4   _ECAP3_INT_ISR
00300bf2   _ECAP4_INT_ISR
00300c00   _ECAP5_INT_ISR
00300c0e   _ECAP6_INT_ISR
00006040   _ECanaLAMRegs
000060c0   _ECanaMOTORegs
00006080   _ECanaMOTSRegs
00006100   _ECanaMboxes
00006000   _ECanaRegs
00006240   _ECanbLAMRegs
000062c0   _ECanbMOTORegs
00006280   _ECanbMOTSRegs
00006300   _ECanbMboxes
00006200   _ECanbRegs
00006a00   _ECap1Regs
00006a20   _ECap2Regs
00006a40   _ECap3Regs
00006a60   _ECap4Regs
00006a80   _ECap5Regs
00006aa0   _ECap6Regs
00300a28   _EMUINT_ISR
00300b74   _EPWM1_INT_ISR
00300b20   _EPWM1_TZINT_ISR
00300b82   _EPWM2_INT_ISR
00300b2e   _EPWM2_TZINT_ISR
00300b90   _EPWM3_INT_ISR
00300b3c   _EPWM3_TZINT_ISR
00300b9e   _EPWM4_INT_ISR
00300b4a   _EPWM4_TZINT_ISR
00300bac   _EPWM5_INT_ISR
00300b58   _EPWM5_TZINT_ISR
00300bba   _EPWM6_INT_ISR
00300b66   _EPWM6_TZINT_ISR
00006800   _EPwm1Regs
00006840   _EPwm2Regs
00006880   _EPwm3Regs
000068c0   _EPwm4Regs
00006900   _EPwm5Regs
00006940   _EPwm6Regs
00300c1c   _EQEP1_INT_ISR
00300c2a   _EQEP2_INT_ISR
00006b00   _EQep1Regs
00006b40   _EQep2Regs
0000cbc2   _Error
0000d000   _FFTStartFlag
00000a80   _FlashRegs
00006f80   _GpioCtrlRegs
00006fc0   _GpioDataRegs
00006fe0   _GpioIntRegs
0000889a   _I2CA_Init
000088e0   _I2CA_ReadData
000088ad   _I2CA_WriteData
00300ce0   _I2CINT1A_ISR
00300cee   _I2CINT2A_ISR
00007900   _I2caRegs
00300a3c   _ILLEGAL_ISR
00300a00   _INT13_ISR
00300a0a   _INT14_ISR
00301b5e   _InitCpuTimers
000089e0   _InitFlash
00301f83   _InitI2C
00301f84   _InitI2CGpio
00301578   _InitMcbsp
00301651   _InitMcbspGpio
0030157d   _InitMcbspa
003015dc   _InitMcbspa12bit
003015e7   _InitMcbspa16bit
003015f2   _InitMcbspa20bit
003015fd   _InitMcbspa24bit
00301608   _InitMcbspa32bit
003015d5   _InitMcbspa8bit
00301656   _InitMcbspaGpio
003015a9   _InitMcbspb
0030161a   _InitMcbspb12bit
00301625   _InitMcbspb16bit
00301630   _InitMcbspb20bit
0030163b   _InitMcbspb24bit
00301646   _InitMcbspb32bit
00301613   _InitMcbspb8bit
00301690   _InitMcbspbGpio
00301de0   _InitPieCtrl
00301e6a   _InitSpi
00301e6b   _InitSpiGpio
00301e6e   _InitSpiaGpio
00301adf   _InitSysCtrl
00300ddc   _LUF_ISR
00300dce   _LVF_ISR
00300c70   _MRINTA_ISR
00300c54   _MRINTB_ISR
00300c7e   _MXINTA_ISR
00300c62   _MXINTB_ISR
00005000   _McbspaRegs
00005040   _McbspbRegs
00300a32   _NMI_ISR
00380090   _PartIdRegs
00000ce0   _PieCtrlRegs
00000d00   _PieVectTable
00301fba   _PieVectTableInit
0000d880   _RFFTF32Coef
003016d0   _RFFT_adc_f32
00301936   _RFFT_adc_f32u
00301d9c   _RFFT_f32_mag
00301bd2   _RFFT_f32_sincostable
0000d240   _RFFTmagBuff
0000d480   _RFFToutBuff
00300a1e   _RTOSINT_ISR
00300d18   _SCIRXINTA_ISR
00300d34   _SCIRXINTB_ISR
00300cfc   _SCIRXINTC_ISR
00300d26   _SCITXINTA_ISR
00300d42   _SCITXINTB_ISR
00300d0a   _SCITXINTC_ISR
00300abe   _SEQ1INT_ISR
00300acc   _SEQ2INT_ISR
00300c38   _SPIRXINTA_ISR
00300c46   _SPITXINTA_ISR
00007050   _SciaRegs
00007750   _ScibRegs
00007770   _ScicRegs
00301fb7   _SetDBGIER
00007040   _SpiaRegs
00007010   _SysCtrlRegs
00300b04   _TINT0_ISR
00300aa0   _USER10_ISR
00300aaa   _USER11_ISR
00300ab4   _USER12_ISR
00300a46   _USER1_ISR
00300a50   _USER2_ISR
00300a5a   _USER3_ISR
00300a64   _USER4_ISR
00300a6e   _USER5_ISR
00300a78   _USER6_ISR
00300a82   _USER7_ISR
00300a8c   _USER8_ISR
00300a96   _USER9_ISR
00300b12   _WAKEINT_ISR
00300ada   _XINT1_ISR
00300ae8   _XINT2_ISR
00300d88   _XINT3_ISR
00300d96   _XINT4_ISR
00300da4   _XINT5_ISR
00300db2   _XINT6_ISR
00300dc0   _XINT7_ISR
00007070   _XIntruptRegs
00000b20   _XintfRegs
00000700   __STACK_END
00000300   __STACK_SIZE
00000400   __SYSMEM_SIZE
00000001   __TI_args_main
0000c9fc   ___TI_cleanup_ptr
0000c9fe   ___TI_dtors_ptr
ffffffff   ___binit__
0000c000   ___bss__
ffffffff   ___c_args__
003020be   ___cinit__
0000c000   ___end__
00301fba   ___etext__
00301efa   ___memcpy_ff
ffffffff   ___pinit__
00300a00   ___text__
00301f51   __args_main
0000c9fa   __lock
00301faf   __nop
00301fab   __register_lock
00301fa7   __register_unlock
00000400   __stack
0000c000   __sys_memory
0000c9f8   __unlock
00301f6a   _abort
0000cbc6   _adcVal
00008221   _addToLCD
00301d56   _c_int00
00301510   _clearPipeline
003016b9   _clkg_delay_loop
000082fe   _controlLCD
00301c40   _cos
0000865a   _cpu_timer0_isr
000086c3   _cpu_timer1_isr
0000c404   _currentChangeScreen
0000ca04   _currentPreset
003016a3   _delay_loop
0000c417   _distortion
00008630   _eepromRead
00008615   _eepromWrite
0000c408   _effectToToggle
0000879a   _effects
0000cba3   _errno
00301f6c   _exit
00008988   _findFrequency
00300ee1   _findNote
00301e10   _fmod
0000c405   _freq
00301468   _getInputs
000081b8   _goToMain
00008912   _i2c_int1a_isr
00301553   _indexLookup
0000c407   _indexToToggle
0030110e   _initEffects
00301ca1   _initFFT
00301808   _initINTS
00300fe6   _initLCD
00008834   _init_adc_spi
0000884c   _init_mcbsp_spi
0000c40f   _inputNumber
0000c418   _inputs
0000c428   _list
0000c40c   _load
00008510   _loadPreset
00300e96   _loadPresetScreen
0000874e   _load_preset
0000c41e   _location
0000cba4   _lowpass_coefficients
00301349   _main
0000c41b   _mainDisplay
00008887   _mcbsp_xmit
0000cbe0   _messageIn
0000cbcb   _messageOut
00301f37   _modf
0000c413   _newLevel
0000ca40   _noteChart
0000ca00   _numInMainDisplay
0000c40e   _numQueued
0000c414   _oldLevel
0000c424   _on_off
0000c42e   _pipeline
0000c412   _preset
0000c415   _presetNumber
0000ca03   _presetScreen
0000871a   _preset_down
000086e5   _preset_up
0000c40b   _previous
0000c421   _previousInputs
00300e64   _printBass
00300e2c   _printChorus
00300df4   _printDelay
00300e0d   _printFlanger
000082b4   _printFreq
00008320   _printLCD
0000801f   _printReverb
00300e7a   _printTreble
00008000   _printTremolo
00300e48   _printVolume
00008339   _process
0030133d   _processChorus
00008367   _processCrunch
0030115b   _processDelay
00008361   _processDistortion
0030125c   _processFlanger
00301256   _processPhaser
00301343   _processPitchShift
000083bd   _processReverb
0000836d   _processTremolo
00301161   _processWah
003014ea   _queueEffect
0000cbc0   _readDone
00008823   _read_adc
0000ca02   _reprint
0000c401   _resetTimer
0000cc00   _returnArray
0000d008   _rfft
0000d004   _rfft_adc
00301760   _rfft_adc_f32_Stages4andUp
00301e3e   _rotary
00300dea   _rsvd_ISR
0000c416   _save
0000843d   _savePreset
00008774   _save_preset
000009ff   _secureRamFuncs_loadsize
00300000   _secureRamFuncs_loadstart
00008000   _secureRamFuncs_runstart
00301cfe   _sin
00301e94   _sqrt
00301ce2   _storeFFT
0000c400   _sysStart
0000c409   _toggle
0000c406   _toggleDist
00300eb0   _toggleDistortion
0030153d   _toggleEffectOnDisplay
00008287   _toggleLCD
003014c0   _toggleOn_Off
0000c40a   _tuner
0000ca01   _tunerScreen
0000c411   _updateChange
0000c403   _updateCode
0000c40d   _updateFrequency
0000c410   _updateInputs
00008081   _updateLCD
0000c402   _updateLcd
0000803b   _updateLevel
00301924   _updateTimer0
0000cbc1   _writeDone
00008814   _write_dac
ffffffff   binit
003020be   cinit
0033fff6   code_start
0000c000   end
00301fba   etext
ffffffff   pinit


GLOBAL SYMBOLS: SORTED BY Symbol Address 

address    name
--------   ----
00000001   __TI_args_main
00000300   __STACK_SIZE
00000400   __SYSMEM_SIZE
00000400   __stack
00000700   __STACK_END
00000880   _DevEmuRegs
000009ff   _secureRamFuncs_loadsize
00000a80   _FlashRegs
00000ae0   _CsmRegs
00000b00   _AdcMirror
00000b20   _XintfRegs
00000c00   _CpuTimer0Regs
00000c08   _CpuTimer1Regs
00000c10   _CpuTimer2Regs
00000ce0   _PieCtrlRegs
00000d00   _PieVectTable
00001000   _DmaRegs
00005000   _McbspaRegs
00005040   _McbspbRegs
00006000   _ECanaRegs
00006040   _ECanaLAMRegs
00006080   _ECanaMOTSRegs
000060c0   _ECanaMOTORegs
00006100   _ECanaMboxes
00006200   _ECanbRegs
00006240   _ECanbLAMRegs
00006280   _ECanbMOTSRegs
000062c0   _ECanbMOTORegs
00006300   _ECanbMboxes
00006800   _EPwm1Regs
00006840   _EPwm2Regs
00006880   _EPwm3Regs
000068c0   _EPwm4Regs
00006900   _EPwm5Regs
00006940   _EPwm6Regs
00006a00   _ECap1Regs
00006a20   _ECap2Regs
00006a40   _ECap3Regs
00006a60   _ECap4Regs
00006a80   _ECap5Regs
00006aa0   _ECap6Regs
00006b00   _EQep1Regs
00006b40   _EQep2Regs
00006f80   _GpioCtrlRegs
00006fc0   _GpioDataRegs
00006fe0   _GpioIntRegs
00007010   _SysCtrlRegs
00007040   _SpiaRegs
00007050   _SciaRegs
00007070   _XIntruptRegs
00007100   _AdcRegs
00007750   _ScibRegs
00007770   _ScicRegs
00007900   _I2caRegs
00008000   _printTremolo
00008000   _secureRamFuncs_runstart
0000801f   _printReverb
0000803b   _updateLevel
00008081   _updateLCD
000081b8   _goToMain
00008221   _addToLCD
00008287   _toggleLCD
000082b4   _printFreq
000082fe   _controlLCD
00008320   _printLCD
00008339   _process
00008361   _processDistortion
00008367   _processCrunch
0000836d   _processTremolo
000083bd   _processReverb
0000843d   _savePreset
00008510   _loadPreset
00008615   _eepromWrite
00008630   _eepromRead
0000865a   _cpu_timer0_isr
000086c3   _cpu_timer1_isr
000086e5   _preset_up
0000871a   _preset_down
0000874e   _load_preset
00008774   _save_preset
0000879a   _effects
00008814   _write_dac
00008823   _read_adc
00008834   _init_adc_spi
0000884c   _init_mcbsp_spi
00008887   _mcbsp_xmit
0000889a   _I2CA_Init
000088ad   _I2CA_WriteData
000088e0   _I2CA_ReadData
00008912   _i2c_int1a_isr
00008988   _findFrequency
000089e0   _InitFlash
0000c000   .bss
0000c000   ___bss__
0000c000   ___end__
0000c000   __sys_memory
0000c000   end
0000c400   _sysStart
0000c401   _resetTimer
0000c402   _updateLcd
0000c403   _updateCode
0000c404   _currentChangeScreen
0000c405   _freq
0000c406   _toggleDist
0000c407   _indexToToggle
0000c408   _effectToToggle
0000c409   _toggle
0000c40a   _tuner
0000c40b   _previous
0000c40c   _load
0000c40d   _updateFrequency
0000c40e   _numQueued
0000c40f   _inputNumber
0000c410   _updateInputs
0000c411   _updateChange
0000c412   _preset
0000c413   _newLevel
0000c414   _oldLevel
0000c415   _presetNumber
0000c416   _save
0000c417   _distortion
0000c418   _inputs
0000c41b   _mainDisplay
0000c41e   _location
0000c421   _previousInputs
0000c424   _on_off
0000c428   _list
0000c42e   _pipeline
0000c9d8   _CpuTimer1
0000c9e0   _CpuTimer2
0000c9e8   _CpuTimer0
0000c9f8   __unlock
0000c9fa   __lock
0000c9fc   ___TI_cleanup_ptr
0000c9fe   ___TI_dtors_ptr
0000ca00   _numInMainDisplay
0000ca01   _tunerScreen
0000ca02   _reprint
0000ca03   _presetScreen
0000ca04   _currentPreset
0000ca40   _noteChart
0000cba3   _errno
0000cba4   _lowpass_coefficients
0000cbc0   _readDone
0000cbc1   _writeDone
0000cbc2   _Error
0000cbc4   _CurrentMsgPtr
0000cbc6   _adcVal
0000cbcb   _messageOut
0000cbe0   _messageIn
0000cc00   _returnArray
0000d000   _FFTStartFlag
0000d004   _rfft_adc
0000d008   _rfft
0000d040   _AdcBuf
0000d240   _RFFTmagBuff
0000d480   _RFFToutBuff
0000d880   _RFFTF32Coef
00300000   _secureRamFuncs_loadstart
00300a00   .text
00300a00   _INT13_ISR
00300a00   ___text__
00300a0a   _INT14_ISR
00300a14   _DATALOG_ISR
00300a1e   _RTOSINT_ISR
00300a28   _EMUINT_ISR
00300a32   _NMI_ISR
00300a3c   _ILLEGAL_ISR
00300a46   _USER1_ISR
00300a50   _USER2_ISR
00300a5a   _USER3_ISR
00300a64   _USER4_ISR
00300a6e   _USER5_ISR
00300a78   _USER6_ISR
00300a82   _USER7_ISR
00300a8c   _USER8_ISR
00300a96   _USER9_ISR
00300aa0   _USER10_ISR
00300aaa   _USER11_ISR
00300ab4   _USER12_ISR
00300abe   _SEQ1INT_ISR
00300acc   _SEQ2INT_ISR
00300ada   _XINT1_ISR
00300ae8   _XINT2_ISR
00300af6   _ADCINT_ISR
00300b04   _TINT0_ISR
00300b12   _WAKEINT_ISR
00300b20   _EPWM1_TZINT_ISR
00300b2e   _EPWM2_TZINT_ISR
00300b3c   _EPWM3_TZINT_ISR
00300b4a   _EPWM4_TZINT_ISR
00300b58   _EPWM5_TZINT_ISR
00300b66   _EPWM6_TZINT_ISR
00300b74   _EPWM1_INT_ISR
00300b82   _EPWM2_INT_ISR
00300b90   _EPWM3_INT_ISR
00300b9e   _EPWM4_INT_ISR
00300bac   _EPWM5_INT_ISR
00300bba   _EPWM6_INT_ISR
00300bc8   _ECAP1_INT_ISR
00300bd6   _ECAP2_INT_ISR
00300be4   _ECAP3_INT_ISR
00300bf2   _ECAP4_INT_ISR
00300c00   _ECAP5_INT_ISR
00300c0e   _ECAP6_INT_ISR
00300c1c   _EQEP1_INT_ISR
00300c2a   _EQEP2_INT_ISR
00300c38   _SPIRXINTA_ISR
00300c46   _SPITXINTA_ISR
00300c54   _MRINTB_ISR
00300c62   _MXINTB_ISR
00300c70   _MRINTA_ISR
00300c7e   _MXINTA_ISR
00300c8c   _DINTCH1_ISR
00300c9a   _DINTCH2_ISR
00300ca8   _DINTCH3_ISR
00300cb6   _DINTCH4_ISR
00300cc4   _DINTCH5_ISR
00300cd2   _DINTCH6_ISR
00300ce0   _I2CINT1A_ISR
00300cee   _I2CINT2A_ISR
00300cfc   _SCIRXINTC_ISR
00300d0a   _SCITXINTC_ISR
00300d18   _SCIRXINTA_ISR
00300d26   _SCITXINTA_ISR
00300d34   _SCIRXINTB_ISR
00300d42   _SCITXINTB_ISR
00300d50   _ECAN0INTA_ISR
00300d5e   _ECAN1INTA_ISR
00300d6c   _ECAN0INTB_ISR
00300d7a   _ECAN1INTB_ISR
00300d88   _XINT3_ISR
00300d96   _XINT4_ISR
00300da4   _XINT5_ISR
00300db2   _XINT6_ISR
00300dc0   _XINT7_ISR
00300dce   _LVF_ISR
00300ddc   _LUF_ISR
00300dea   _rsvd_ISR
00300df4   _printDelay
00300e0d   _printFlanger
00300e2c   _printChorus
00300e48   _printVolume
00300e64   _printBass
00300e7a   _printTreble
00300e96   _loadPresetScreen
00300eb0   _toggleDistortion
00300ee1   _findNote
00300fe6   _initLCD
0030110e   _initEffects
0030115b   _processDelay
00301161   _processWah
00301256   _processPhaser
0030125c   _processFlanger
0030133d   _processChorus
00301343   _processPitchShift
00301349   _main
00301468   _getInputs
003014c0   _toggleOn_Off
003014ea   _queueEffect
00301510   _clearPipeline
0030153d   _toggleEffectOnDisplay
00301553   _indexLookup
00301578   _InitMcbsp
0030157d   _InitMcbspa
003015a9   _InitMcbspb
003015d5   _InitMcbspa8bit
003015dc   _InitMcbspa12bit
003015e7   _InitMcbspa16bit
003015f2   _InitMcbspa20bit
003015fd   _InitMcbspa24bit
00301608   _InitMcbspa32bit
00301613   _InitMcbspb8bit
0030161a   _InitMcbspb12bit
00301625   _InitMcbspb16bit
00301630   _InitMcbspb20bit
0030163b   _InitMcbspb24bit
00301646   _InitMcbspb32bit
00301651   _InitMcbspGpio
00301656   _InitMcbspaGpio
00301690   _InitMcbspbGpio
003016a3   _delay_loop
003016b9   _clkg_delay_loop
003016d0   _RFFT_adc_f32
00301760   _rfft_adc_f32_Stages4andUp
00301808   _initINTS
00301924   _updateTimer0
00301936   _RFFT_adc_f32u
003019d4   FS$$DIV
00301a5c   FD$$MPY
00301adf   _InitSysCtrl
00301b5e   _InitCpuTimers
00301b97   _ConfigCpuTimer
00301bd2   _RFFT_f32_sincostable
00301c40   _cos
00301ca1   _initFFT
00301ce2   _storeFFT
00301cfe   _sin
00301d56   _c_int00
00301d9c   _RFFT_f32_mag
00301de0   _InitPieCtrl
00301e10   _fmod
00301e3e   _rotary
00301e6a   _InitSpi
00301e6b   _InitSpiGpio
00301e6e   _InitSpiaGpio
00301e94   _sqrt
00301eb7   I$$DIV
00301ec8   I$$MOD
00301ed9   FD$$TOI
00301efa   ___memcpy_ff
00301f1b   FS$$TOFD
00301f37   _modf
00301f51   __args_main
00301f6a   C$$EXIT
00301f6a   _abort
00301f6c   _exit
00301f83   _InitI2C
00301f84   _InitI2CGpio
00301f97   _DelayUs
00301fa7   __register_unlock
00301fab   __register_lock
00301faf   __nop
00301fb7   _SetDBGIER
00301fba   _PieVectTableInit
00301fba   ___etext__
00301fba   etext
003020be   ___cinit__
003020be   cinit
0033fff6   code_start
0033fff8   _CsmPwl
00380080   _ADC_cal
00380090   _PartIdRegs
ffffffff   ___binit__
ffffffff   ___c_args__
ffffffff   ___pinit__
ffffffff   binit
ffffffff   pinit

[338 symbols]
