<?xml version="1.0"?>
<link_info>
   <banner>TMS320C2000 Linker PC v6.2.7</banner>
   <copyright>Copyright (c) 1996-2014 Texas Instruments Incorporated</copyright>
   <link_time>0x545c6145</link_time>
   <link_errors>0x0</link_errors>
   <output_file>guitarEffects.out</output_file>
   <entry_point>
      <name>_c_int00</name>
      <address>0x301bcd</address>
   </entry_point>
   <input_file_list>
      <input_file id="fl-2">
         <path>.\DSP2833x_headers\src\</path>
         <kind>object</kind>
         <file>Xintf.obj</file>
         <name>Xintf.obj</name>
      </input_file>
      <input_file id="fl-3">
         <path>.\DSP2833x_headers\src\</path>
         <kind>object</kind>
         <file>Watchdog.obj</file>
         <name>Watchdog.obj</name>
      </input_file>
      <input_file id="fl-4">
         <path>.\DSP2833x_headers\src\</path>
         <kind>object</kind>
         <file>SysCtrl.obj</file>
         <name>SysCtrl.obj</name>
      </input_file>
      <input_file id="fl-5">
         <path>.\DSP2833x_headers\src\</path>
         <kind>object</kind>
         <file>SetDBGIER.obj</file>
         <name>SetDBGIER.obj</name>
      </input_file>
      <input_file id="fl-6">
         <path>.\DSP2833x_headers\src\</path>
         <kind>object</kind>
         <file>RFFT_f32_sincostable.obj</file>
         <name>RFFT_f32_sincostable.obj</name>
      </input_file>
      <input_file id="fl-7">
         <path>.\DSP2833x_headers\src\</path>
         <kind>object</kind>
         <file>RFFT_f32_mag.obj</file>
         <name>RFFT_f32_mag.obj</name>
      </input_file>
      <input_file id="fl-8">
         <path>.\DSP2833x_headers\src\</path>
         <kind>object</kind>
         <file>RFFT_adc_f32u.obj</file>
         <name>RFFT_adc_f32u.obj</name>
      </input_file>
      <input_file id="fl-9">
         <path>.\DSP2833x_headers\src\</path>
         <kind>object</kind>
         <file>RFFT_adc_f32.obj</file>
         <name>RFFT_adc_f32.obj</name>
      </input_file>
      <input_file id="fl-a">
         <path>.\DSP2833x_headers\src\</path>
         <kind>object</kind>
         <file>PieVect_nonBIOS.obj</file>
         <name>PieVect_nonBIOS.obj</name>
      </input_file>
      <input_file id="fl-b">
         <path>.\DSP2833x_headers\src\</path>
         <kind>object</kind>
         <file>PieCtrl_nonBIOS.obj</file>
         <name>PieCtrl_nonBIOS.obj</name>
      </input_file>
      <input_file id="fl-c">
         <path>.\DSP2833x_headers\src\</path>
         <kind>object</kind>
         <file>Passwords.obj</file>
         <name>Passwords.obj</name>
      </input_file>
      <input_file id="fl-d">
         <path>.\DSP2833x_headers\src\</path>
         <kind>object</kind>
         <file>Gpio.obj</file>
         <name>Gpio.obj</name>
      </input_file>
      <input_file id="fl-e">
         <path>.\DSP2833x_headers\src\</path>
         <kind>object</kind>
         <file>Flash.obj</file>
         <name>Flash.obj</name>
      </input_file>
      <input_file id="fl-f">
         <path>.\DSP2833x_headers\src\</path>
         <kind>object</kind>
         <file>DelayUs.obj</file>
         <name>DelayUs.obj</name>
      </input_file>
      <input_file id="fl-10">
         <path>.\DSP2833x_headers\src\</path>
         <kind>object</kind>
         <file>DefaultIsr_nonBIOS.obj</file>
         <name>DefaultIsr_nonBIOS.obj</name>
      </input_file>
      <input_file id="fl-11">
         <path>.\DSP2833x_headers\src\</path>
         <kind>object</kind>
         <file>DSP2833x_Spi.obj</file>
         <name>DSP2833x_Spi.obj</name>
      </input_file>
      <input_file id="fl-12">
         <path>.\DSP2833x_headers\src\</path>
         <kind>object</kind>
         <file>DSP2833x_Mcbsp.obj</file>
         <name>DSP2833x_Mcbsp.obj</name>
      </input_file>
      <input_file id="fl-13">
         <path>.\DSP2833x_headers\src\</path>
         <kind>object</kind>
         <file>DSP2833x_I2C.obj</file>
         <name>DSP2833x_I2C.obj</name>
      </input_file>
      <input_file id="fl-14">
         <path>.\DSP2833x_headers\src\</path>
         <kind>object</kind>
         <file>DSP2833x_GlobalVariableDefs.obj</file>
         <name>DSP2833x_GlobalVariableDefs.obj</name>
      </input_file>
      <input_file id="fl-15">
         <path>.\DSP2833x_headers\src\</path>
         <kind>object</kind>
         <file>DSP2833x_EPwm.obj</file>
         <name>DSP2833x_EPwm.obj</name>
      </input_file>
      <input_file id="fl-16">
         <path>.\DSP2833x_headers\src\</path>
         <kind>object</kind>
         <file>DSP2833x_CpuTimers.obj</file>
         <name>DSP2833x_CpuTimers.obj</name>
      </input_file>
      <input_file id="fl-17">
         <path>.\DSP2833x_headers\src\</path>
         <kind>object</kind>
         <file>DSP2833x_Adc.obj</file>
         <name>DSP2833x_Adc.obj</name>
      </input_file>
      <input_file id="fl-18">
         <path>.\DSP2833x_headers\src\</path>
         <kind>object</kind>
         <file>DSP2833x_ADC_cal.obj</file>
         <name>DSP2833x_ADC_cal.obj</name>
      </input_file>
      <input_file id="fl-19">
         <path>.\DSP2833x_headers\src\</path>
         <kind>object</kind>
         <file>CodeStartBranch.obj</file>
         <name>CodeStartBranch.obj</name>
      </input_file>
      <input_file id="fl-1a">
         <path>.\src\</path>
         <kind>object</kind>
         <file>sys.obj</file>
         <name>sys.obj</name>
      </input_file>
      <input_file id="fl-1b">
         <path>.\src\</path>
         <kind>object</kind>
         <file>spi.obj</file>
         <name>spi.obj</name>
      </input_file>
      <input_file id="fl-1c">
         <path>.\src\</path>
         <kind>object</kind>
         <file>main.obj</file>
         <name>main.obj</name>
      </input_file>
      <input_file id="fl-1d">
         <path>.\src\</path>
         <kind>object</kind>
         <file>lowpass.obj</file>
         <name>lowpass.obj</name>
      </input_file>
      <input_file id="fl-1e">
         <path>.\src\</path>
         <kind>object</kind>
         <file>lcd.obj</file>
         <name>lcd.obj</name>
      </input_file>
      <input_file id="fl-1f">
         <path>.\src\</path>
         <kind>object</kind>
         <file>effect.obj</file>
         <name>effect.obj</name>
      </input_file>
      <input_file id="fl-20">
         <path>.\src\</path>
         <kind>object</kind>
         <file>eeprom.obj</file>
         <name>eeprom.obj</name>
      </input_file>
      <input_file id="fl-21">
         <path>.\src\</path>
         <kind>object</kind>
         <file>bp_iir.obj</file>
         <name>bp_iir.obj</name>
      </input_file>
      <input_file id="fl-22">
         <path>.\src\</path>
         <kind>object</kind>
         <file>autoWah.obj</file>
         <name>autoWah.obj</name>
      </input_file>
      <input_file id="fl-23">
         <path>.\src\</path>
         <kind>object</kind>
         <file>adc.obj</file>
         <name>adc.obj</name>
      </input_file>
      <input_file id="fl-35">
         <path>E:\ti\ccsv6\tools\compiler\c2000_6.2.7\lib\</path>
         <kind>archive</kind>
         <file>rts2800_fpu32.lib</file>
         <name>boot.obj</name>
      </input_file>
      <input_file id="fl-36">
         <path>E:\ti\ccsv6\tools\compiler\c2000_6.2.7\lib\</path>
         <kind>archive</kind>
         <file>rts2800_fpu32.lib</file>
         <name>cos.obj</name>
      </input_file>
      <input_file id="fl-37">
         <path>E:\ti\ccsv6\tools\compiler\c2000_6.2.7\lib\</path>
         <kind>archive</kind>
         <file>rts2800_fpu32.lib</file>
         <name>exit.obj</name>
      </input_file>
      <input_file id="fl-38">
         <path>E:\ti\ccsv6\tools\compiler\c2000_6.2.7\lib\</path>
         <kind>archive</kind>
         <file>rts2800_fpu32.lib</file>
         <name>fmod.obj</name>
      </input_file>
      <input_file id="fl-39">
         <path>E:\ti\ccsv6\tools\compiler\c2000_6.2.7\lib\</path>
         <kind>archive</kind>
         <file>rts2800_fpu32.lib</file>
         <name>fs_div.obj</name>
      </input_file>
      <input_file id="fl-3a">
         <path>E:\ti\ccsv6\tools\compiler\c2000_6.2.7\lib\</path>
         <kind>archive</kind>
         <file>rts2800_fpu32.lib</file>
         <name>i_div.obj</name>
      </input_file>
      <input_file id="fl-3b">
         <path>E:\ti\ccsv6\tools\compiler\c2000_6.2.7\lib\</path>
         <kind>archive</kind>
         <file>rts2800_fpu32.lib</file>
         <name>memcpy_ff.obj</name>
      </input_file>
      <input_file id="fl-3c">
         <path>E:\ti\ccsv6\tools\compiler\c2000_6.2.7\lib\</path>
         <kind>archive</kind>
         <file>rts2800_fpu32.lib</file>
         <name>memory.obj</name>
      </input_file>
      <input_file id="fl-3d">
         <path>E:\ti\ccsv6\tools\compiler\c2000_6.2.7\lib\</path>
         <kind>archive</kind>
         <file>rts2800_fpu32.lib</file>
         <name>modf.obj</name>
      </input_file>
      <input_file id="fl-3e">
         <path>E:\ti\ccsv6\tools\compiler\c2000_6.2.7\lib\</path>
         <kind>archive</kind>
         <file>rts2800_fpu32.lib</file>
         <name>pow.obj</name>
      </input_file>
      <input_file id="fl-3f">
         <path>E:\ti\ccsv6\tools\compiler\c2000_6.2.7\lib\</path>
         <kind>archive</kind>
         <file>rts2800_fpu32.lib</file>
         <name>sin.obj</name>
      </input_file>
      <input_file id="fl-40">
         <path>E:\ti\ccsv6\tools\compiler\c2000_6.2.7\lib\</path>
         <kind>archive</kind>
         <file>rts2800_fpu32.lib</file>
         <name>sqrt.obj</name>
      </input_file>
      <input_file id="fl-41">
         <path>E:\ti\ccsv6\tools\compiler\c2000_6.2.7\lib\</path>
         <kind>archive</kind>
         <file>rts2800_fpu32.lib</file>
         <name>tan.obj</name>
      </input_file>
      <input_file id="fl-42">
         <path>E:\ti\ccsv6\tools\compiler\c2000_6.2.7\lib\</path>
         <kind>archive</kind>
         <file>rts2800_fpu32.lib</file>
         <name>_lock.obj</name>
      </input_file>
      <input_file id="fl-43">
         <path>E:\ti\ccsv6\tools\compiler\c2000_6.2.7\lib\</path>
         <kind>archive</kind>
         <file>rts2800_fpu32.lib</file>
         <name>_log.obj</name>
      </input_file>
      <input_file id="fl-44">
         <path>E:\ti\ccsv6\tools\compiler\c2000_6.2.7\lib\</path>
         <kind>archive</kind>
         <file>rts2800_fpu32.lib</file>
         <name>args_main.obj</name>
      </input_file>
      <input_file id="fl-45">
         <path>E:\ti\ccsv6\tools\compiler\c2000_6.2.7\lib\</path>
         <kind>archive</kind>
         <file>rts2800_fpu32.lib</file>
         <name>errno.obj</name>
      </input_file>
      <input_file id="fl-46">
         <path>E:\ti\ccsv6\tools\compiler\c2000_6.2.7\lib\</path>
         <kind>archive</kind>
         <file>rts2800_fpu32.lib</file>
         <name>exp.obj</name>
      </input_file>
      <input_file id="fl-47">
         <path>E:\ti\ccsv6\tools\compiler\c2000_6.2.7\lib\</path>
         <kind>archive</kind>
         <file>rts2800_fpu32.lib</file>
         <name>frexp.obj</name>
      </input_file>
      <input_file id="fl-48">
         <path>E:\ti\ccsv6\tools\compiler\c2000_6.2.7\lib\</path>
         <kind>archive</kind>
         <file>rts2800_fpu32.lib</file>
         <name>ldexp.obj</name>
      </input_file>
   </input_file_list>
   <object_component_list>
      <object_component id="oc-7f">
         <name>.text:retain</name>
         <load_address>0x300a30</load_address>
         <run_address>0x300a30</run_address>
         <size>0x3f4</size>
         <input_file_ref idref="fl-10"/>
      </object_component>
      <object_component id="oc-16a">
         <name>.text</name>
         <load_address>0x300e24</load_address>
         <run_address>0x300e24</run_address>
         <size>0x198</size>
         <input_file_ref idref="fl-1c"/>
      </object_component>
      <object_component id="oc-170">
         <name>.text</name>
         <load_address>0x300fbc</load_address>
         <run_address>0x300fbc</run_address>
         <size>0x15a</size>
         <input_file_ref idref="fl-12"/>
      </object_component>
      <object_component id="oc-179">
         <name>.text</name>
         <load_address>0x301116</load_address>
         <run_address>0x301116</run_address>
         <size>0x150</size>
         <input_file_ref idref="fl-21"/>
      </object_component>
      <object_component id="oc-65">
         <name>.text</name>
         <load_address>0x301266</load_address>
         <run_address>0x301266</run_address>
         <size>0x138</size>
         <input_file_ref idref="fl-9"/>
      </object_component>
      <object_component id="oc-168">
         <name>.text</name>
         <load_address>0x30139e</load_address>
         <run_address>0x30139e</run_address>
         <size>0x12c</size>
         <input_file_ref idref="fl-1f"/>
      </object_component>
      <object_component id="oc-177">
         <name>.text</name>
         <load_address>0x3014ca</load_address>
         <run_address>0x3014ca</run_address>
         <size>0x110</size>
         <input_file_ref idref="fl-1a"/>
      </object_component>
      <object_component id="oc-16d">
         <name>.text</name>
         <load_address>0x3015da</load_address>
         <run_address>0x3015da</run_address>
         <size>0x10c</size>
         <input_file_ref idref="fl-22"/>
      </object_component>
      <object_component id="oc-176">
         <name>.text</name>
         <load_address>0x3016e6</load_address>
         <run_address>0x3016e6</run_address>
         <size>0xa2</size>
         <input_file_ref idref="fl-1e"/>
      </object_component>
      <object_component id="oc-61">
         <name>.text</name>
         <load_address>0x301788</load_address>
         <run_address>0x301788</run_address>
         <size>0x9e</size>
         <input_file_ref idref="fl-8"/>
      </object_component>
      <object_component id="oc-11f">
         <name>.text</name>
         <load_address>0x301826</load_address>
         <run_address>0x301826</run_address>
         <size>0x88</size>
         <input_file_ref idref="fl-39"/>
      </object_component>
      <object_component id="oc-171">
         <name>.text</name>
         <load_address>0x3018ae</load_address>
         <run_address>0x3018ae</run_address>
         <size>0x7f</size>
         <input_file_ref idref="fl-4"/>
      </object_component>
      <object_component id="oc-17d">
         <name>.text</name>
         <load_address>0x30192d</load_address>
         <run_address>0x30192d</run_address>
         <size>0x74</size>
         <input_file_ref idref="fl-16"/>
      </object_component>
      <object_component id="oc-182">
         <name>.text</name>
         <load_address>0x3019a1</load_address>
         <run_address>0x3019a1</run_address>
         <size>0x68</size>
         <input_file_ref idref="fl-46"/>
      </object_component>
      <object_component id="oc-180">
         <name>.text</name>
         <load_address>0x301a09</load_address>
         <run_address>0x301a09</run_address>
         <size>0x61</size>
         <input_file_ref idref="fl-36"/>
      </object_component>
      <object_component id="oc-17f">
         <name>.text</name>
         <load_address>0x301a6a</load_address>
         <run_address>0x301a6a</run_address>
         <size>0x61</size>
         <input_file_ref idref="fl-41"/>
      </object_component>
      <object_component id="oc-17a">
         <name>.text</name>
         <load_address>0x301acb</load_address>
         <run_address>0x301acb</run_address>
         <size>0x5a</size>
         <input_file_ref idref="fl-3e"/>
      </object_component>
      <object_component id="oc-16e">
         <name>.text</name>
         <load_address>0x301b25</load_address>
         <run_address>0x301b25</run_address>
         <size>0x58</size>
         <input_file_ref idref="fl-3f"/>
      </object_component>
      <object_component id="oc-181">
         <name>.text</name>
         <load_address>0x301b7d</load_address>
         <run_address>0x301b7d</run_address>
         <size>0x50</size>
         <input_file_ref idref="fl-43"/>
      </object_component>
      <object_component id="oc-48">
         <name>.text</name>
         <load_address>0x301bcd</load_address>
         <run_address>0x301bcd</run_address>
         <size>0x46</size>
         <input_file_ref idref="fl-35"/>
      </object_component>
      <object_component id="oc-5d">
         <name>.text</name>
         <load_address>0x301c13</load_address>
         <run_address>0x301c13</run_address>
         <size>0x44</size>
         <input_file_ref idref="fl-7"/>
      </object_component>
      <object_component id="oc-185">
         <name>.text</name>
         <load_address>0x301c57</load_address>
         <run_address>0x301c57</run_address>
         <size>0x31</size>
         <input_file_ref idref="fl-48"/>
      </object_component>
      <object_component id="oc-17c">
         <name>.text</name>
         <load_address>0x301c88</load_address>
         <run_address>0x301c88</run_address>
         <size>0x30</size>
         <input_file_ref idref="fl-b"/>
      </object_component>
      <object_component id="oc-17e">
         <name>.text</name>
         <load_address>0x301cb8</load_address>
         <run_address>0x301cb8</run_address>
         <size>0x2e</size>
         <input_file_ref idref="fl-38"/>
      </object_component>
      <object_component id="oc-16f">
         <name>.text</name>
         <load_address>0x301ce6</load_address>
         <run_address>0x301ce6</run_address>
         <size>0x2a</size>
         <input_file_ref idref="fl-11"/>
      </object_component>
      <object_component id="oc-175">
         <name>.text</name>
         <load_address>0x301d10</load_address>
         <run_address>0x301d10</run_address>
         <size>0x2a</size>
         <input_file_ref idref="fl-23"/>
      </object_component>
      <object_component id="oc-166">
         <name>.text</name>
         <load_address>0x301d3a</load_address>
         <run_address>0x301d3a</run_address>
         <size>0x23</size>
         <input_file_ref idref="fl-40"/>
      </object_component>
      <object_component id="oc-123">
         <name>.text</name>
         <load_address>0x301d5d</load_address>
         <run_address>0x301d5d</run_address>
         <size>0x22</size>
         <input_file_ref idref="fl-3a"/>
      </object_component>
      <object_component id="oc-172">
         <name>.text</name>
         <load_address>0x301d7f</load_address>
         <run_address>0x301d7f</run_address>
         <size>0x21</size>
         <input_file_ref idref="fl-3b"/>
      </object_component>
      <object_component id="oc-183">
         <name>.text</name>
         <load_address>0x301da0</load_address>
         <run_address>0x301da0</run_address>
         <size>0x1a</size>
         <input_file_ref idref="fl-3d"/>
      </object_component>
      <object_component id="oc-164">
         <name>.text</name>
         <load_address>0x301dba</load_address>
         <run_address>0x301dba</run_address>
         <size>0x19</size>
         <input_file_ref idref="fl-44"/>
      </object_component>
      <object_component id="oc-165">
         <name>.text</name>
         <load_address>0x301dd3</load_address>
         <run_address>0x301dd3</run_address>
         <size>0x19</size>
         <input_file_ref idref="fl-37"/>
      </object_component>
      <object_component id="oc-174">
         <name>.text</name>
         <load_address>0x301dec</load_address>
         <run_address>0x301dec</run_address>
         <size>0x17</size>
         <input_file_ref idref="fl-13"/>
      </object_component>
      <object_component id="oc-184">
         <name>.text</name>
         <load_address>0x301e03</load_address>
         <run_address>0x301e03</run_address>
         <size>0x16</size>
         <input_file_ref idref="fl-47"/>
      </object_component>
      <object_component id="oc-17b">
         <name>.text</name>
         <load_address>0x301e19</load_address>
         <run_address>0x301e19</run_address>
         <size>0x13</size>
         <input_file_ref idref="fl-17"/>
      </object_component>
      <object_component id="oc-7a">
         <name>.text</name>
         <load_address>0x301e2c</load_address>
         <run_address>0x301e2c</run_address>
         <size>0x10</size>
         <input_file_ref idref="fl-f"/>
      </object_component>
      <object_component id="oc-16b">
         <name>.text</name>
         <load_address>0x301e3c</load_address>
         <run_address>0x301e3c</run_address>
         <size>0x9</size>
         <input_file_ref idref="fl-42"/>
      </object_component>
      <object_component id="oc-d4">
         <name>.text</name>
         <load_address>0x301e45</load_address>
         <run_address>0x301e45</run_address>
         <size>0x7</size>
         <input_file_ref idref="fl-19"/>
      </object_component>
      <object_component id="oc-55">
         <name>.text</name>
         <load_address>0x301e4c</load_address>
         <run_address>0x301e4c</run_address>
         <size>0x3</size>
         <input_file_ref idref="fl-5"/>
      </object_component>
      <object_component id="oc-e2">
         <name>.cinit</name>
         <load_address>0x301f50</load_address>
         <run_address>0x301f50</run_address>
         <size>0xc2</size>
         <input_file_ref idref="fl-1c"/>
      </object_component>
      <object_component id="oc-e9">
         <name>.cinit</name>
         <load_address>0x302012</load_address>
         <run_address>0x302012</run_address>
         <size>0x17</size>
         <input_file_ref idref="fl-1d"/>
      </object_component>
      <object_component id="oc-147">
         <name>.cinit</name>
         <load_address>0x302029</load_address>
         <run_address>0x302029</run_address>
         <size>0xa</size>
         <input_file_ref idref="fl-42"/>
      </object_component>
      <object_component id="oc-116">
         <name>.cinit</name>
         <load_address>0x302033</load_address>
         <run_address>0x302033</run_address>
         <size>0xa</size>
         <input_file_ref idref="fl-37"/>
      </object_component>
      <object_component id="oc-f4">
         <name>.cinit</name>
         <load_address>0x30203d</load_address>
         <run_address>0x30203d</run_address>
         <size>0x4</size>
         <input_file_ref idref="fl-1f"/>
      </object_component>
      <object_component id="oc-155">
         <name>.cinit</name>
         <load_address>0x302041</load_address>
         <run_address>0x302041</run_address>
         <size>0x4</size>
         <input_file_ref idref="fl-45"/>
      </object_component>
      <object_component id="oc-12c">
         <name>.cinit</name>
         <load_address>0x302045</load_address>
         <run_address>0x302045</run_address>
         <size>0x4</size>
         <input_file_ref idref="fl-3c"/>
      </object_component>
      <object_component id="oc-6a">
         <name>.econst</name>
         <load_address>0x301e50</load_address>
         <run_address>0x301e50</run_address>
         <size>0x100</size>
         <input_file_ref idref="fl-a"/>
      </object_component>
      <object_component id="oc-10d">
         <name>.reset</name>
         <load_address>0x3fffc0</load_address>
         <run_address>0x3fffc0</run_address>
         <size>0x2</size>
         <input_file_ref idref="fl-35"/>
      </object_component>
      <object_component id="oc-e3">
         <name>.ebss</name>
         <uninitialized>true</uninitialized>
         <run_address>0xc400</run_address>
         <size>0x70c</size>
         <input_file_ref idref="fl-1c"/>
      </object_component>
      <object_component id="oc-104">
         <name>.ebss</name>
         <uninitialized>true</uninitialized>
         <run_address>0xcb0c</run_address>
         <size>0x32</size>
         <input_file_ref idref="fl-22"/>
      </object_component>
      <object_component id="oc-156">
         <name>.ebss</name>
         <uninitialized>true</uninitialized>
         <run_address>0xcb3e</run_address>
         <size>0x1</size>
         <input_file_ref idref="fl-45"/>
      </object_component>
      <object_component id="oc-ff">
         <name>.ebss</name>
         <uninitialized>true</uninitialized>
         <run_address>0xcb40</run_address>
         <size>0x4b0</size>
         <input_file_ref idref="fl-21"/>
      </object_component>
      <object_component id="oc-12e">
         <name>.ebss</name>
         <uninitialized>true</uninitialized>
         <run_address>0xcff0</run_address>
         <size>0x8</size>
         <input_file_ref idref="fl-3c"/>
      </object_component>
      <object_component id="oc-ef">
         <name>.ebss</name>
         <uninitialized>true</uninitialized>
         <run_address>0xcff8</run_address>
         <size>0x5</size>
         <input_file_ref idref="fl-1e"/>
      </object_component>
      <object_component id="oc-f5">
         <name>.ebss</name>
         <uninitialized>true</uninitialized>
         <run_address>0xd000</run_address>
         <size>0x5a</size>
         <input_file_ref idref="fl-1f"/>
      </object_component>
      <object_component id="oc-c8">
         <name>.ebss</name>
         <uninitialized>true</uninitialized>
         <run_address>0xd05a</run_address>
         <size>0x18</size>
         <input_file_ref idref="fl-16"/>
      </object_component>
      <object_component id="oc-148">
         <name>.ebss</name>
         <uninitialized>true</uninitialized>
         <run_address>0xd072</run_address>
         <size>0x4</size>
         <input_file_ref idref="fl-42"/>
      </object_component>
      <object_component id="oc-117">
         <name>.ebss</name>
         <uninitialized>true</uninitialized>
         <run_address>0xd076</run_address>
         <size>0x4</size>
         <input_file_ref idref="fl-37"/>
      </object_component>
      <object_component id="oc-ea">
         <name>.ebss</name>
         <uninitialized>true</uninitialized>
         <run_address>0xd080</run_address>
         <size>0x14</size>
         <input_file_ref idref="fl-1d"/>
      </object_component>
      <object_component id="oc-10c">
         <name>.stack</name>
         <uninitialized>true</uninitialized>
         <run_address>0x400</run_address>
         <size>0x0</size>
         <input_file_ref idref="fl-35"/>
      </object_component>
      <object_component id="oc-1d5">
         <name>.stack</name>
         <uninitialized>true</uninitialized>
         <run_address>0x400</run_address>
         <size>0x0</size>
      </object_component>
      <object_component id="oc-12d">
         <name>.sysmem</name>
         <uninitialized>true</uninitialized>
         <run_address>0xc000</run_address>
         <size>0x1</size>
         <input_file_ref idref="fl-3c"/>
      </object_component>
      <object_component id="oc-1d6">
         <name>.sysmem</name>
         <uninitialized>true</uninitialized>
         <run_address>0xc000</run_address>
         <size>0x0</size>
      </object_component>
      <object_component id="oc-d5">
         <name>codestart</name>
         <load_address>0x33fff6</load_address>
         <run_address>0x33fff6</run_address>
         <size>0x2</size>
         <input_file_ref idref="fl-19"/>
      </object_component>
      <object_component id="oc-71">
         <name>csm_rsvd</name>
         <load_address>0x33ff80</load_address>
         <run_address>0x33ff80</run_address>
         <size>0x76</size>
         <input_file_ref idref="fl-c"/>
      </object_component>
      <object_component id="oc-70">
         <name>passwords</name>
         <load_address>0x33fff8</load_address>
         <run_address>0x33fff8</run_address>
         <size>0x8</size>
         <input_file_ref idref="fl-c"/>
      </object_component>
      <object_component id="oc-167">
         <name>secureRamFuncs</name>
         <load_address>0x300000</load_address>
         <run_address>0x8000</run_address>
         <size>0x412</size>
         <input_file_ref idref="fl-1f"/>
      </object_component>
      <object_component id="oc-178">
         <name>secureRamFuncs</name>
         <load_address>0x300412</load_address>
         <run_address>0x8412</run_address>
         <size>0x2fc</size>
         <input_file_ref idref="fl-1e"/>
      </object_component>
      <object_component id="oc-e4">
         <name>secureRamFuncs:retain</name>
         <load_address>0x30070e</load_address>
         <run_address>0x870e</run_address>
         <size>0x18e</size>
         <input_file_ref idref="fl-1c"/>
      </object_component>
      <object_component id="oc-169">
         <name>secureRamFuncs</name>
         <load_address>0x30089c</load_address>
         <run_address>0x889c</run_address>
         <size>0x86</size>
         <input_file_ref idref="fl-1b"/>
      </object_component>
      <object_component id="oc-16c">
         <name>secureRamFuncs</name>
         <load_address>0x300922</load_address>
         <run_address>0x8922</run_address>
         <size>0x78</size>
         <input_file_ref idref="fl-20"/>
      </object_component>
      <object_component id="oc-f6">
         <name>secureRamFuncs:retain</name>
         <load_address>0x30099a</load_address>
         <run_address>0x899a</run_address>
         <size>0x76</size>
         <input_file_ref idref="fl-1f"/>
      </object_component>
      <object_component id="oc-173">
         <name>secureRamFuncs</name>
         <load_address>0x300a10</load_address>
         <run_address>0x8a10</run_address>
         <size>0x1f</size>
         <input_file_ref idref="fl-e"/>
      </object_component>
      <object_component id="oc-d0">
         <name>.adc_cal</name>
         <load_address>0x380080</load_address>
         <run_address>0x380080</run_address>
         <size>0x7</size>
         <input_file_ref idref="fl-18"/>
      </object_component>
      <object_component id="oc-c1">
         <name>PieVectTableFile</name>
         <uninitialized>true</uninitialized>
         <run_address>0xd00</run_address>
         <size>0x100</size>
         <input_file_ref idref="fl-14"/>
      </object_component>
      <object_component id="oc-bd">
         <name>DevEmuRegsFile</name>
         <uninitialized>true</uninitialized>
         <run_address>0x880</run_address>
         <size>0xd0</size>
         <input_file_ref idref="fl-14"/>
      </object_component>
      <object_component id="oc-93">
         <name>FlashRegsFile</name>
         <uninitialized>true</uninitialized>
         <run_address>0xa80</run_address>
         <size>0x8</size>
         <input_file_ref idref="fl-14"/>
      </object_component>
      <object_component id="oc-9b">
         <name>CsmRegsFile</name>
         <uninitialized>true</uninitialized>
         <run_address>0xae0</run_address>
         <size>0x10</size>
         <input_file_ref idref="fl-14"/>
      </object_component>
      <object_component id="oc-9c">
         <name>AdcMirrorFile</name>
         <uninitialized>true</uninitialized>
         <run_address>0xb00</run_address>
         <size>0x10</size>
         <input_file_ref idref="fl-14"/>
      </object_component>
      <object_component id="oc-a0">
         <name>XintfRegsFile</name>
         <uninitialized>true</uninitialized>
         <run_address>0xb20</run_address>
         <size>0x1e</size>
         <input_file_ref idref="fl-14"/>
      </object_component>
      <object_component id="oc-94">
         <name>CpuTimer0RegsFile</name>
         <uninitialized>true</uninitialized>
         <run_address>0xc00</run_address>
         <size>0x8</size>
         <input_file_ref idref="fl-14"/>
      </object_component>
      <object_component id="oc-95">
         <name>CpuTimer1RegsFile</name>
         <uninitialized>true</uninitialized>
         <run_address>0xc08</run_address>
         <size>0x8</size>
         <input_file_ref idref="fl-14"/>
      </object_component>
      <object_component id="oc-91">
         <name>CpuTimer2RegsFile</name>
         <uninitialized>true</uninitialized>
         <run_address>0xc10</run_address>
         <size>0x8</size>
         <input_file_ref idref="fl-14"/>
      </object_component>
      <object_component id="oc-9e">
         <name>PieCtrlRegsFile</name>
         <uninitialized>true</uninitialized>
         <run_address>0xce0</run_address>
         <size>0x1a</size>
         <input_file_ref idref="fl-14"/>
      </object_component>
      <object_component id="oc-be">
         <name>DmaRegsFile</name>
         <uninitialized>true</uninitialized>
         <run_address>0x1000</run_address>
         <size>0xe0</size>
         <input_file_ref idref="fl-14"/>
      </object_component>
      <object_component id="oc-b1">
         <name>McbspaRegsFile</name>
         <uninitialized>true</uninitialized>
         <run_address>0x5000</run_address>
         <size>0x25</size>
         <input_file_ref idref="fl-14"/>
      </object_component>
      <object_component id="oc-b0">
         <name>McbspbRegsFile</name>
         <uninitialized>true</uninitialized>
         <run_address>0x5040</run_address>
         <size>0x25</size>
         <input_file_ref idref="fl-14"/>
      </object_component>
      <object_component id="oc-b3">
         <name>ECanaRegsFile</name>
         <uninitialized>true</uninitialized>
         <run_address>0x6000</run_address>
         <size>0x34</size>
         <input_file_ref idref="fl-14"/>
      </object_component>
      <object_component id="oc-b7">
         <name>ECanaLAMRegsFile</name>
         <uninitialized>true</uninitialized>
         <run_address>0x6040</run_address>
         <size>0x40</size>
         <input_file_ref idref="fl-14"/>
      </object_component>
      <object_component id="oc-c0">
         <name>ECanaMboxesFile</name>
         <uninitialized>true</uninitialized>
         <run_address>0x6100</run_address>
         <size>0x100</size>
         <input_file_ref idref="fl-14"/>
      </object_component>
      <object_component id="oc-b8">
         <name>ECanaMOTSRegsFile</name>
         <uninitialized>true</uninitialized>
         <run_address>0x6080</run_address>
         <size>0x40</size>
         <input_file_ref idref="fl-14"/>
      </object_component>
      <object_component id="oc-b5">
         <name>ECanaMOTORegsFile</name>
         <uninitialized>true</uninitialized>
         <run_address>0x60c0</run_address>
         <size>0x40</size>
         <input_file_ref idref="fl-14"/>
      </object_component>
      <object_component id="oc-b4">
         <name>ECanbRegsFile</name>
         <uninitialized>true</uninitialized>
         <run_address>0x6200</run_address>
         <size>0x34</size>
         <input_file_ref idref="fl-14"/>
      </object_component>
      <object_component id="oc-bc">
         <name>ECanbLAMRegsFile</name>
         <uninitialized>true</uninitialized>
         <run_address>0x6240</run_address>
         <size>0x40</size>
         <input_file_ref idref="fl-14"/>
      </object_component>
      <object_component id="oc-bf">
         <name>ECanbMboxesFile</name>
         <uninitialized>true</uninitialized>
         <run_address>0x6300</run_address>
         <size>0x100</size>
         <input_file_ref idref="fl-14"/>
      </object_component>
      <object_component id="oc-b6">
         <name>ECanbMOTSRegsFile</name>
         <uninitialized>true</uninitialized>
         <run_address>0x6280</run_address>
         <size>0x40</size>
         <input_file_ref idref="fl-14"/>
      </object_component>
      <object_component id="oc-b9">
         <name>ECanbMOTORegsFile</name>
         <uninitialized>true</uninitialized>
         <run_address>0x62c0</run_address>
         <size>0x40</size>
         <input_file_ref idref="fl-14"/>
      </object_component>
      <object_component id="oc-ae">
         <name>EPwm1RegsFile</name>
         <uninitialized>true</uninitialized>
         <run_address>0x6800</run_address>
         <size>0x22</size>
         <input_file_ref idref="fl-14"/>
      </object_component>
      <object_component id="oc-a9">
         <name>EPwm2RegsFile</name>
         <uninitialized>true</uninitialized>
         <run_address>0x6840</run_address>
         <size>0x22</size>
         <input_file_ref idref="fl-14"/>
      </object_component>
      <object_component id="oc-aa">
         <name>EPwm3RegsFile</name>
         <uninitialized>true</uninitialized>
         <run_address>0x6880</run_address>
         <size>0x22</size>
         <input_file_ref idref="fl-14"/>
      </object_component>
      <object_component id="oc-af">
         <name>EPwm4RegsFile</name>
         <uninitialized>true</uninitialized>
         <run_address>0x68c0</run_address>
         <size>0x22</size>
         <input_file_ref idref="fl-14"/>
      </object_component>
      <object_component id="oc-ac">
         <name>EPwm5RegsFile</name>
         <uninitialized>true</uninitialized>
         <run_address>0x6900</run_address>
         <size>0x22</size>
         <input_file_ref idref="fl-14"/>
      </object_component>
      <object_component id="oc-ad">
         <name>EPwm6RegsFile</name>
         <uninitialized>true</uninitialized>
         <run_address>0x6940</run_address>
         <size>0x22</size>
         <input_file_ref idref="fl-14"/>
      </object_component>
      <object_component id="oc-a3">
         <name>ECap1RegsFile</name>
         <uninitialized>true</uninitialized>
         <run_address>0x6a00</run_address>
         <size>0x20</size>
         <input_file_ref idref="fl-14"/>
      </object_component>
      <object_component id="oc-a4">
         <name>ECap2RegsFile</name>
         <uninitialized>true</uninitialized>
         <run_address>0x6a20</run_address>
         <size>0x20</size>
         <input_file_ref idref="fl-14"/>
      </object_component>
      <object_component id="oc-a1">
         <name>ECap3RegsFile</name>
         <uninitialized>true</uninitialized>
         <run_address>0x6a40</run_address>
         <size>0x20</size>
         <input_file_ref idref="fl-14"/>
      </object_component>
      <object_component id="oc-a2">
         <name>ECap4RegsFile</name>
         <uninitialized>true</uninitialized>
         <run_address>0x6a60</run_address>
         <size>0x20</size>
         <input_file_ref idref="fl-14"/>
      </object_component>
      <object_component id="oc-a7">
         <name>ECap5RegsFile</name>
         <uninitialized>true</uninitialized>
         <run_address>0x6a80</run_address>
         <size>0x20</size>
         <input_file_ref idref="fl-14"/>
      </object_component>
      <object_component id="oc-a8">
         <name>ECap6RegsFile</name>
         <uninitialized>true</uninitialized>
         <run_address>0x6aa0</run_address>
         <size>0x20</size>
         <input_file_ref idref="fl-14"/>
      </object_component>
      <object_component id="oc-ba">
         <name>EQep1RegsFile</name>
         <uninitialized>true</uninitialized>
         <run_address>0x6b00</run_address>
         <size>0x40</size>
         <input_file_ref idref="fl-14"/>
      </object_component>
      <object_component id="oc-bb">
         <name>EQep2RegsFile</name>
         <uninitialized>true</uninitialized>
         <run_address>0x6b40</run_address>
         <size>0x40</size>
         <input_file_ref idref="fl-14"/>
      </object_component>
      <object_component id="oc-b2">
         <name>GpioCtrlRegsFile</name>
         <uninitialized>true</uninitialized>
         <run_address>0x6f80</run_address>
         <size>0x2e</size>
         <input_file_ref idref="fl-14"/>
      </object_component>
      <object_component id="oc-a5">
         <name>GpioDataRegsFile</name>
         <uninitialized>true</uninitialized>
         <run_address>0x6fc0</run_address>
         <size>0x20</size>
         <input_file_ref idref="fl-14"/>
      </object_component>
      <object_component id="oc-96">
         <name>GpioIntRegsFile</name>
         <uninitialized>true</uninitialized>
         <run_address>0x6fe0</run_address>
         <size>0xa</size>
         <input_file_ref idref="fl-14"/>
      </object_component>
      <object_component id="oc-a6">
         <name>SysCtrlRegsFile</name>
         <uninitialized>true</uninitialized>
         <run_address>0x7010</run_address>
         <size>0x20</size>
         <input_file_ref idref="fl-14"/>
      </object_component>
      <object_component id="oc-97">
         <name>SpiaRegsFile</name>
         <uninitialized>true</uninitialized>
         <run_address>0x7040</run_address>
         <size>0x10</size>
         <input_file_ref idref="fl-14"/>
      </object_component>
      <object_component id="oc-9a">
         <name>SciaRegsFile</name>
         <uninitialized>true</uninitialized>
         <run_address>0x7050</run_address>
         <size>0x10</size>
         <input_file_ref idref="fl-14"/>
      </object_component>
      <object_component id="oc-9d">
         <name>XIntruptRegsFile</name>
         <uninitialized>true</uninitialized>
         <run_address>0x7070</run_address>
         <size>0x10</size>
         <input_file_ref idref="fl-14"/>
      </object_component>
      <object_component id="oc-9f">
         <name>AdcRegsFile</name>
         <uninitialized>true</uninitialized>
         <run_address>0x7100</run_address>
         <size>0x1e</size>
         <input_file_ref idref="fl-14"/>
      </object_component>
      <object_component id="oc-98">
         <name>ScibRegsFile</name>
         <uninitialized>true</uninitialized>
         <run_address>0x7750</run_address>
         <size>0x10</size>
         <input_file_ref idref="fl-14"/>
      </object_component>
      <object_component id="oc-99">
         <name>ScicRegsFile</name>
         <uninitialized>true</uninitialized>
         <run_address>0x7770</run_address>
         <size>0x10</size>
         <input_file_ref idref="fl-14"/>
      </object_component>
      <object_component id="oc-ab">
         <name>I2caRegsFile</name>
         <uninitialized>true</uninitialized>
         <run_address>0x7900</run_address>
         <size>0x22</size>
         <input_file_ref idref="fl-14"/>
      </object_component>
      <object_component id="oc-92">
         <name>CsmPwlFile</name>
         <uninitialized>true</uninitialized>
         <run_address>0x33fff8</run_address>
         <size>0x8</size>
         <input_file_ref idref="fl-14"/>
      </object_component>
      <object_component id="oc-90">
         <name>PartIdRegsFile</name>
         <uninitialized>true</uninitialized>
         <run_address>0x380090</run_address>
         <size>0x1</size>
         <input_file_ref idref="fl-14"/>
      </object_component>
      <object_component id="oc-49">
         <name>.debug_info</name>
         <load_address>0x0</load_address>
         <run_address>0x0</run_address>
         <size>0x909</size>
         <input_file_ref idref="fl-2"/>
      </object_component>
      <object_component id="oc-4d">
         <name>.debug_info</name>
         <load_address>0x909</load_address>
         <run_address>0x909</run_address>
         <size>0xec7</size>
         <input_file_ref idref="fl-3"/>
      </object_component>
      <object_component id="oc-51">
         <name>.debug_info</name>
         <load_address>0x17d0</load_address>
         <run_address>0x17d0</run_address>
         <size>0x120c</size>
         <input_file_ref idref="fl-4"/>
      </object_component>
      <object_component id="oc-56">
         <name>.debug_info</name>
         <load_address>0x29dc</load_address>
         <run_address>0x29dc</run_address>
         <size>0x105</size>
         <input_file_ref idref="fl-5"/>
      </object_component>
      <object_component id="oc-59">
         <name>.debug_info</name>
         <load_address>0x2ae1</load_address>
         <run_address>0x2ae1</run_address>
         <size>0x490</size>
         <input_file_ref idref="fl-6"/>
      </object_component>
      <object_component id="oc-5e">
         <name>.debug_info</name>
         <load_address>0x2f71</load_address>
         <run_address>0x2f71</run_address>
         <size>0x118</size>
         <input_file_ref idref="fl-7"/>
      </object_component>
      <object_component id="oc-62">
         <name>.debug_info</name>
         <load_address>0x3089</load_address>
         <run_address>0x3089</run_address>
         <size>0x1a9</size>
         <input_file_ref idref="fl-8"/>
      </object_component>
      <object_component id="oc-66">
         <name>.debug_info</name>
         <load_address>0x3232</load_address>
         <run_address>0x3232</run_address>
         <size>0x1eb</size>
         <input_file_ref idref="fl-9"/>
      </object_component>
      <object_component id="oc-69">
         <name>.debug_info</name>
         <load_address>0x341d</load_address>
         <run_address>0x341d</run_address>
         <size>0x1ab1</size>
         <input_file_ref idref="fl-a"/>
      </object_component>
      <object_component id="oc-6c">
         <name>.debug_info</name>
         <load_address>0x4ece</load_address>
         <run_address>0x4ece</run_address>
         <size>0x19e9</size>
         <input_file_ref idref="fl-b"/>
      </object_component>
      <object_component id="oc-72">
         <name>.debug_info</name>
         <load_address>0x68b7</load_address>
         <run_address>0x68b7</run_address>
         <size>0x2014</size>
         <input_file_ref idref="fl-d"/>
      </object_component>
      <object_component id="oc-76">
         <name>.debug_info</name>
         <load_address>0x88cb</load_address>
         <run_address>0x88cb</run_address>
         <size>0x8d2</size>
         <input_file_ref idref="fl-e"/>
      </object_component>
      <object_component id="oc-7b">
         <name>.debug_info</name>
         <load_address>0x919d</load_address>
         <run_address>0x919d</run_address>
         <size>0x101</size>
         <input_file_ref idref="fl-f"/>
      </object_component>
      <object_component id="oc-7e">
         <name>.debug_info</name>
         <load_address>0x929e</load_address>
         <run_address>0x929e</run_address>
         <size>0x32e4</size>
         <input_file_ref idref="fl-10"/>
      </object_component>
      <object_component id="oc-83">
         <name>.debug_info</name>
         <load_address>0xc582</load_address>
         <run_address>0xc582</run_address>
         <size>0x1ce0</size>
         <input_file_ref idref="fl-11"/>
      </object_component>
      <object_component id="oc-87">
         <name>.debug_info</name>
         <load_address>0xe262</load_address>
         <run_address>0xe262</run_address>
         <size>0x53b0</size>
         <input_file_ref idref="fl-12"/>
      </object_component>
      <object_component id="oc-8b">
         <name>.debug_info</name>
         <load_address>0x13612</load_address>
         <run_address>0x13612</run_address>
         <size>0x1c4d</size>
         <input_file_ref idref="fl-13"/>
      </object_component>
      <object_component id="oc-8f">
         <name>.debug_info</name>
         <load_address>0x1525f</load_address>
         <run_address>0x1525f</run_address>
         <size>0x12f05</size>
         <input_file_ref idref="fl-14"/>
      </object_component>
      <object_component id="oc-c3">
         <name>.debug_info</name>
         <load_address>0x28164</load_address>
         <run_address>0x28164</run_address>
         <size>0x1b5c</size>
         <input_file_ref idref="fl-15"/>
      </object_component>
      <object_component id="oc-c7">
         <name>.debug_info</name>
         <load_address>0x29cc0</load_address>
         <run_address>0x29cc0</run_address>
         <size>0x9d4</size>
         <input_file_ref idref="fl-16"/>
      </object_component>
      <object_component id="oc-cc">
         <name>.debug_info</name>
         <load_address>0x2a694</load_address>
         <run_address>0x2a694</run_address>
         <size>0x1e6a</size>
         <input_file_ref idref="fl-17"/>
      </object_component>
      <object_component id="oc-d1">
         <name>.debug_info</name>
         <load_address>0x2c4fe</load_address>
         <run_address>0x2c4fe</run_address>
         <size>0x113</size>
         <input_file_ref idref="fl-18"/>
      </object_component>
      <object_component id="oc-d6">
         <name>.debug_info</name>
         <load_address>0x2c611</load_address>
         <run_address>0x2c611</run_address>
         <size>0x14a</size>
         <input_file_ref idref="fl-19"/>
      </object_component>
      <object_component id="oc-d9">
         <name>.debug_info</name>
         <load_address>0x2c75b</load_address>
         <run_address>0x2c75b</run_address>
         <size>0x4ae0</size>
         <input_file_ref idref="fl-1a"/>
      </object_component>
      <object_component id="oc-dd">
         <name>.debug_info</name>
         <load_address>0x3123b</load_address>
         <run_address>0x3123b</run_address>
         <size>0x4699</size>
         <input_file_ref idref="fl-1b"/>
      </object_component>
      <object_component id="oc-e1">
         <name>.debug_info</name>
         <load_address>0x358d4</load_address>
         <run_address>0x358d4</run_address>
         <size>0x4c1a</size>
         <input_file_ref idref="fl-1c"/>
      </object_component>
      <object_component id="oc-e8">
         <name>.debug_info</name>
         <load_address>0x3a4ee</load_address>
         <run_address>0x3a4ee</run_address>
         <size>0x505</size>
         <input_file_ref idref="fl-1d"/>
      </object_component>
      <object_component id="oc-ee">
         <name>.debug_info</name>
         <load_address>0x3a9f3</load_address>
         <run_address>0x3a9f3</run_address>
         <size>0x3167</size>
         <input_file_ref idref="fl-1e"/>
      </object_component>
      <object_component id="oc-f3">
         <name>.debug_info</name>
         <load_address>0x3db5a</load_address>
         <run_address>0x3db5a</run_address>
         <size>0x38d1</size>
         <input_file_ref idref="fl-1f"/>
      </object_component>
      <object_component id="oc-fa">
         <name>.debug_info</name>
         <load_address>0x4142b</load_address>
         <run_address>0x4142b</run_address>
         <size>0xe45</size>
         <input_file_ref idref="fl-20"/>
      </object_component>
      <object_component id="oc-fe">
         <name>.debug_info</name>
         <load_address>0x42270</load_address>
         <run_address>0x42270</run_address>
         <size>0x763</size>
         <input_file_ref idref="fl-21"/>
      </object_component>
      <object_component id="oc-103">
         <name>.debug_info</name>
         <load_address>0x429d3</load_address>
         <run_address>0x429d3</run_address>
         <size>0x88d</size>
         <input_file_ref idref="fl-22"/>
      </object_component>
      <object_component id="oc-108">
         <name>.debug_info</name>
         <load_address>0x43260</load_address>
         <run_address>0x43260</run_address>
         <size>0x1e36</size>
         <input_file_ref idref="fl-23"/>
      </object_component>
      <object_component id="oc-10e">
         <name>.debug_info</name>
         <load_address>0x45096</load_address>
         <run_address>0x45096</run_address>
         <size>0xde</size>
         <input_file_ref idref="fl-35"/>
      </object_component>
      <object_component id="oc-111">
         <name>.debug_info</name>
         <load_address>0x45174</load_address>
         <run_address>0x45174</run_address>
         <size>0x3c6</size>
         <input_file_ref idref="fl-36"/>
      </object_component>
      <object_component id="oc-115">
         <name>.debug_info</name>
         <load_address>0x4553a</load_address>
         <run_address>0x4553a</run_address>
         <size>0x488</size>
         <input_file_ref idref="fl-37"/>
      </object_component>
      <object_component id="oc-11b">
         <name>.debug_info</name>
         <load_address>0x459c2</load_address>
         <run_address>0x459c2</run_address>
         <size>0x413</size>
         <input_file_ref idref="fl-38"/>
      </object_component>
      <object_component id="oc-120">
         <name>.debug_info</name>
         <load_address>0x45dd5</load_address>
         <run_address>0x45dd5</run_address>
         <size>0xc0</size>
         <input_file_ref idref="fl-39"/>
      </object_component>
      <object_component id="oc-124">
         <name>.debug_info</name>
         <load_address>0x45e95</load_address>
         <run_address>0x45e95</run_address>
         <size>0xeb</size>
         <input_file_ref idref="fl-3a"/>
      </object_component>
      <object_component id="oc-127">
         <name>.debug_info</name>
         <load_address>0x45f80</load_address>
         <run_address>0x45f80</run_address>
         <size>0x455</size>
         <input_file_ref idref="fl-3b"/>
      </object_component>
      <object_component id="oc-12b">
         <name>.debug_info</name>
         <load_address>0x463d5</load_address>
         <run_address>0x463d5</run_address>
         <size>0x501</size>
         <input_file_ref idref="fl-3c"/>
      </object_component>
      <object_component id="oc-132">
         <name>.debug_info</name>
         <load_address>0x468d6</load_address>
         <run_address>0x468d6</run_address>
         <size>0x3db</size>
         <input_file_ref idref="fl-3d"/>
      </object_component>
      <object_component id="oc-136">
         <name>.debug_info</name>
         <load_address>0x46cb1</load_address>
         <run_address>0x46cb1</run_address>
         <size>0x430</size>
         <input_file_ref idref="fl-3e"/>
      </object_component>
      <object_component id="oc-13a">
         <name>.debug_info</name>
         <load_address>0x470e1</load_address>
         <run_address>0x470e1</run_address>
         <size>0x3d8</size>
         <input_file_ref idref="fl-3f"/>
      </object_component>
      <object_component id="oc-13e">
         <name>.debug_info</name>
         <load_address>0x474b9</load_address>
         <run_address>0x474b9</run_address>
         <size>0x3e0</size>
         <input_file_ref idref="fl-40"/>
      </object_component>
      <object_component id="oc-142">
         <name>.debug_info</name>
         <load_address>0x47899</load_address>
         <run_address>0x47899</run_address>
         <size>0x3d2</size>
         <input_file_ref idref="fl-41"/>
      </object_component>
      <object_component id="oc-146">
         <name>.debug_info</name>
         <load_address>0x47c6b</load_address>
         <run_address>0x47c6b</run_address>
         <size>0x4ae</size>
         <input_file_ref idref="fl-42"/>
      </object_component>
      <object_component id="oc-14c">
         <name>.debug_info</name>
         <load_address>0x48119</load_address>
         <run_address>0x48119</run_address>
         <size>0x40c</size>
         <input_file_ref idref="fl-43"/>
      </object_component>
      <object_component id="oc-150">
         <name>.debug_info</name>
         <load_address>0x48525</load_address>
         <run_address>0x48525</run_address>
         <size>0x46f</size>
         <input_file_ref idref="fl-44"/>
      </object_component>
      <object_component id="oc-154">
         <name>.debug_info</name>
         <load_address>0x48994</load_address>
         <run_address>0x48994</run_address>
         <size>0x355</size>
         <input_file_ref idref="fl-45"/>
      </object_component>
      <object_component id="oc-158">
         <name>.debug_info</name>
         <load_address>0x48ce9</load_address>
         <run_address>0x48ce9</run_address>
         <size>0x3ec</size>
         <input_file_ref idref="fl-46"/>
      </object_component>
      <object_component id="oc-15c">
         <name>.debug_info</name>
         <load_address>0x490d5</load_address>
         <run_address>0x490d5</run_address>
         <size>0x3d2</size>
         <input_file_ref idref="fl-47"/>
      </object_component>
      <object_component id="oc-160">
         <name>.debug_info</name>
         <load_address>0x494a7</load_address>
         <run_address>0x494a7</run_address>
         <size>0x3e2</size>
         <input_file_ref idref="fl-48"/>
      </object_component>
      <object_component id="oc-1da">
         <name>.debug_info</name>
         <load_address>0x49889</load_address>
         <run_address>0x49889</run_address>
         <size>0x6f</size>
      </object_component>
      <object_component id="oc-4a">
         <name>.debug_frame</name>
         <load_address>0x0</load_address>
         <run_address>0x0</run_address>
         <size>0x8e</size>
         <input_file_ref idref="fl-2"/>
      </object_component>
      <object_component id="oc-4e">
         <name>.debug_frame</name>
         <load_address>0x8e</load_address>
         <run_address>0x8e</run_address>
         <size>0x8e</size>
         <input_file_ref idref="fl-3"/>
      </object_component>
      <object_component id="oc-52">
         <name>.debug_frame</name>
         <load_address>0x11c</load_address>
         <run_address>0x11c</run_address>
         <size>0xa6</size>
         <input_file_ref idref="fl-4"/>
      </object_component>
      <object_component id="oc-5a">
         <name>.debug_frame</name>
         <load_address>0x1c2</load_address>
         <run_address>0x1c2</run_address>
         <size>0x8e</size>
         <input_file_ref idref="fl-6"/>
      </object_component>
      <object_component id="oc-6d">
         <name>.debug_frame</name>
         <load_address>0x250</load_address>
         <run_address>0x250</run_address>
         <size>0xa6</size>
         <input_file_ref idref="fl-b"/>
      </object_component>
      <object_component id="oc-73">
         <name>.debug_frame</name>
         <load_address>0x2f6</load_address>
         <run_address>0x2f6</run_address>
         <size>0x8f</size>
         <input_file_ref idref="fl-d"/>
      </object_component>
      <object_component id="oc-77">
         <name>.debug_frame</name>
         <load_address>0x385</load_address>
         <run_address>0x385</run_address>
         <size>0xa6</size>
         <input_file_ref idref="fl-e"/>
      </object_component>
      <object_component id="oc-80">
         <name>.debug_frame</name>
         <load_address>0x42b</load_address>
         <run_address>0x42b</run_address>
         <size>0xcbe</size>
         <input_file_ref idref="fl-10"/>
      </object_component>
      <object_component id="oc-84">
         <name>.debug_frame</name>
         <load_address>0x10e9</load_address>
         <run_address>0x10e9</run_address>
         <size>0xd6</size>
         <input_file_ref idref="fl-11"/>
      </object_component>
      <object_component id="oc-88">
         <name>.debug_frame</name>
         <load_address>0x11bf</load_address>
         <run_address>0x11bf</run_address>
         <size>0x27a</size>
         <input_file_ref idref="fl-12"/>
      </object_component>
      <object_component id="oc-8c">
         <name>.debug_frame</name>
         <load_address>0x1439</load_address>
         <run_address>0x1439</run_address>
         <size>0xbe</size>
         <input_file_ref idref="fl-13"/>
      </object_component>
      <object_component id="oc-c4">
         <name>.debug_frame</name>
         <load_address>0x14f7</load_address>
         <run_address>0x14f7</run_address>
         <size>0x8e</size>
         <input_file_ref idref="fl-15"/>
      </object_component>
      <object_component id="oc-c9">
         <name>.debug_frame</name>
         <load_address>0x1585</load_address>
         <run_address>0x1585</run_address>
         <size>0xc4</size>
         <input_file_ref idref="fl-16"/>
      </object_component>
      <object_component id="oc-cd">
         <name>.debug_frame</name>
         <load_address>0x1649</load_address>
         <run_address>0x1649</run_address>
         <size>0xa6</size>
         <input_file_ref idref="fl-17"/>
      </object_component>
      <object_component id="oc-da">
         <name>.debug_frame</name>
         <load_address>0x16ef</load_address>
         <run_address>0x16ef</run_address>
         <size>0xc5</size>
         <input_file_ref idref="fl-1a"/>
      </object_component>
      <object_component id="oc-de">
         <name>.debug_frame</name>
         <load_address>0x17b4</load_address>
         <run_address>0x17b4</run_address>
         <size>0x112</size>
         <input_file_ref idref="fl-1b"/>
      </object_component>
      <object_component id="oc-e5">
         <name>.debug_frame</name>
         <load_address>0x18c6</load_address>
         <run_address>0x18c6</run_address>
         <size>0x35f</size>
         <input_file_ref idref="fl-1c"/>
      </object_component>
      <object_component id="oc-eb">
         <name>.debug_frame</name>
         <load_address>0x1c25</load_address>
         <run_address>0x1c25</run_address>
         <size>0x8e</size>
         <input_file_ref idref="fl-1d"/>
      </object_component>
      <object_component id="oc-f0">
         <name>.debug_frame</name>
         <load_address>0x1cb3</load_address>
         <run_address>0x1cb3</run_address>
         <size>0x26d</size>
         <input_file_ref idref="fl-1e"/>
      </object_component>
      <object_component id="oc-f7">
         <name>.debug_frame</name>
         <load_address>0x1f20</load_address>
         <run_address>0x1f20</run_address>
         <size>0x2dd</size>
         <input_file_ref idref="fl-1f"/>
      </object_component>
      <object_component id="oc-fb">
         <name>.debug_frame</name>
         <load_address>0x21fd</load_address>
         <run_address>0x21fd</run_address>
         <size>0xe2</size>
         <input_file_ref idref="fl-20"/>
      </object_component>
      <object_component id="oc-100">
         <name>.debug_frame</name>
         <load_address>0x22df</load_address>
         <run_address>0x22df</run_address>
         <size>0x105</size>
         <input_file_ref idref="fl-21"/>
      </object_component>
      <object_component id="oc-105">
         <name>.debug_frame</name>
         <load_address>0x23e4</load_address>
         <run_address>0x23e4</run_address>
         <size>0xf3</size>
         <input_file_ref idref="fl-22"/>
      </object_component>
      <object_component id="oc-109">
         <name>.debug_frame</name>
         <load_address>0x24d7</load_address>
         <run_address>0x24d7</run_address>
         <size>0xbe</size>
         <input_file_ref idref="fl-23"/>
      </object_component>
      <object_component id="oc-112">
         <name>.debug_frame</name>
         <load_address>0x2595</load_address>
         <run_address>0x2595</run_address>
         <size>0xad</size>
         <input_file_ref idref="fl-36"/>
      </object_component>
      <object_component id="oc-118">
         <name>.debug_frame</name>
         <load_address>0x2642</load_address>
         <run_address>0x2642</run_address>
         <size>0xc7</size>
         <input_file_ref idref="fl-37"/>
      </object_component>
      <object_component id="oc-11c">
         <name>.debug_frame</name>
         <load_address>0x2709</load_address>
         <run_address>0x2709</run_address>
         <size>0xac</size>
         <input_file_ref idref="fl-38"/>
      </object_component>
      <object_component id="oc-128">
         <name>.debug_frame</name>
         <load_address>0x27b5</load_address>
         <run_address>0x27b5</run_address>
         <size>0xa6</size>
         <input_file_ref idref="fl-3b"/>
      </object_component>
      <object_component id="oc-12f">
         <name>.debug_frame</name>
         <load_address>0x285b</load_address>
         <run_address>0x285b</run_address>
         <size>0x8e</size>
         <input_file_ref idref="fl-3c"/>
      </object_component>
      <object_component id="oc-133">
         <name>.debug_frame</name>
         <load_address>0x28e9</load_address>
         <run_address>0x28e9</run_address>
         <size>0xac</size>
         <input_file_ref idref="fl-3d"/>
      </object_component>
      <object_component id="oc-137">
         <name>.debug_frame</name>
         <load_address>0x2995</load_address>
         <run_address>0x2995</run_address>
         <size>0xb6</size>
         <input_file_ref idref="fl-3e"/>
      </object_component>
      <object_component id="oc-13b">
         <name>.debug_frame</name>
         <load_address>0x2a4b</load_address>
         <run_address>0x2a4b</run_address>
         <size>0xad</size>
         <input_file_ref idref="fl-3f"/>
      </object_component>
      <object_component id="oc-13f">
         <name>.debug_frame</name>
         <load_address>0x2af8</load_address>
         <run_address>0x2af8</run_address>
         <size>0xac</size>
         <input_file_ref idref="fl-40"/>
      </object_component>
      <object_component id="oc-143">
         <name>.debug_frame</name>
         <load_address>0x2ba4</load_address>
         <run_address>0x2ba4</run_address>
         <size>0xad</size>
         <input_file_ref idref="fl-41"/>
      </object_component>
      <object_component id="oc-149">
         <name>.debug_frame</name>
         <load_address>0x2c51</load_address>
         <run_address>0x2c51</run_address>
         <size>0xd6</size>
         <input_file_ref idref="fl-42"/>
      </object_component>
      <object_component id="oc-14d">
         <name>.debug_frame</name>
         <load_address>0x2d27</load_address>
         <run_address>0x2d27</run_address>
         <size>0xad</size>
         <input_file_ref idref="fl-43"/>
      </object_component>
      <object_component id="oc-151">
         <name>.debug_frame</name>
         <load_address>0x2dd4</load_address>
         <run_address>0x2dd4</run_address>
         <size>0xa6</size>
         <input_file_ref idref="fl-44"/>
      </object_component>
      <object_component id="oc-159">
         <name>.debug_frame</name>
         <load_address>0x2e7a</load_address>
         <run_address>0x2e7a</run_address>
         <size>0xb6</size>
         <input_file_ref idref="fl-46"/>
      </object_component>
      <object_component id="oc-15d">
         <name>.debug_frame</name>
         <load_address>0x2f30</load_address>
         <run_address>0x2f30</run_address>
         <size>0xac</size>
         <input_file_ref idref="fl-47"/>
      </object_component>
      <object_component id="oc-161">
         <name>.debug_frame</name>
         <load_address>0x2fdc</load_address>
         <run_address>0x2fdc</run_address>
         <size>0xac</size>
         <input_file_ref idref="fl-48"/>
      </object_component>
      <object_component id="oc-4b">
         <name>.debug_line</name>
         <load_address>0x0</load_address>
         <run_address>0x0</run_address>
         <size>0x3d</size>
         <input_file_ref idref="fl-2"/>
      </object_component>
      <object_component id="oc-4f">
         <name>.debug_line</name>
         <load_address>0x3d</load_address>
         <run_address>0x3d</run_address>
         <size>0x40</size>
         <input_file_ref idref="fl-3"/>
      </object_component>
      <object_component id="oc-53">
         <name>.debug_line</name>
         <load_address>0x7d</load_address>
         <run_address>0x7d</run_address>
         <size>0x98</size>
         <input_file_ref idref="fl-4"/>
      </object_component>
      <object_component id="oc-57">
         <name>.debug_line</name>
         <load_address>0x115</load_address>
         <run_address>0x115</run_address>
         <size>0x53</size>
         <input_file_ref idref="fl-5"/>
      </object_component>
      <object_component id="oc-5b">
         <name>.debug_line</name>
         <load_address>0x168</load_address>
         <run_address>0x168</run_address>
         <size>0x4c</size>
         <input_file_ref idref="fl-6"/>
      </object_component>
      <object_component id="oc-5f">
         <name>.debug_line</name>
         <load_address>0x1b4</load_address>
         <run_address>0x1b4</run_address>
         <size>0x85</size>
         <input_file_ref idref="fl-7"/>
      </object_component>
      <object_component id="oc-63">
         <name>.debug_line</name>
         <load_address>0x239</load_address>
         <run_address>0x239</run_address>
         <size>0xcc</size>
         <input_file_ref idref="fl-8"/>
      </object_component>
      <object_component id="oc-67">
         <name>.debug_line</name>
         <load_address>0x305</load_address>
         <run_address>0x305</run_address>
         <size>0x13f</size>
         <input_file_ref idref="fl-9"/>
      </object_component>
      <object_component id="oc-6e">
         <name>.debug_line</name>
         <load_address>0x444</load_address>
         <run_address>0x444</run_address>
         <size>0x7b</size>
         <input_file_ref idref="fl-b"/>
      </object_component>
      <object_component id="oc-74">
         <name>.debug_line</name>
         <load_address>0x4bf</load_address>
         <run_address>0x4bf</run_address>
         <size>0x3c</size>
         <input_file_ref idref="fl-d"/>
      </object_component>
      <object_component id="oc-78">
         <name>.debug_line</name>
         <load_address>0x4fb</load_address>
         <run_address>0x4fb</run_address>
         <size>0x5f</size>
         <input_file_ref idref="fl-e"/>
      </object_component>
      <object_component id="oc-7c">
         <name>.debug_line</name>
         <load_address>0x55a</load_address>
         <run_address>0x55a</run_address>
         <size>0x5a</size>
         <input_file_ref idref="fl-f"/>
      </object_component>
      <object_component id="oc-81">
         <name>.debug_line</name>
         <load_address>0x5b4</load_address>
         <run_address>0x5b4</run_address>
         <size>0x81b</size>
         <input_file_ref idref="fl-10"/>
      </object_component>
      <object_component id="oc-85">
         <name>.debug_line</name>
         <load_address>0xdcf</load_address>
         <run_address>0xdcf</run_address>
         <size>0x92</size>
         <input_file_ref idref="fl-11"/>
      </object_component>
      <object_component id="oc-89">
         <name>.debug_line</name>
         <load_address>0xe61</load_address>
         <run_address>0xe61</run_address>
         <size>0x2cb</size>
         <input_file_ref idref="fl-12"/>
      </object_component>
      <object_component id="oc-8d">
         <name>.debug_line</name>
         <load_address>0x112c</load_address>
         <run_address>0x112c</run_address>
         <size>0x7a</size>
         <input_file_ref idref="fl-13"/>
      </object_component>
      <object_component id="oc-c5">
         <name>.debug_line</name>
         <load_address>0x11a6</load_address>
         <run_address>0x11a6</run_address>
         <size>0x45</size>
         <input_file_ref idref="fl-15"/>
      </object_component>
      <object_component id="oc-ca">
         <name>.debug_line</name>
         <load_address>0x11eb</load_address>
         <run_address>0x11eb</run_address>
         <size>0x96</size>
         <input_file_ref idref="fl-16"/>
      </object_component>
      <object_component id="oc-ce">
         <name>.debug_line</name>
         <load_address>0x1281</load_address>
         <run_address>0x1281</run_address>
         <size>0x63</size>
         <input_file_ref idref="fl-17"/>
      </object_component>
      <object_component id="oc-d2">
         <name>.debug_line</name>
         <load_address>0x12e4</load_address>
         <run_address>0x12e4</run_address>
         <size>0x5b</size>
         <input_file_ref idref="fl-18"/>
      </object_component>
      <object_component id="oc-d7">
         <name>.debug_line</name>
         <load_address>0x133f</load_address>
         <run_address>0x133f</run_address>
         <size>0x69</size>
         <input_file_ref idref="fl-19"/>
      </object_component>
      <object_component id="oc-db">
         <name>.debug_line</name>
         <load_address>0x13a8</load_address>
         <run_address>0x13a8</run_address>
         <size>0xa3</size>
         <input_file_ref idref="fl-1a"/>
      </object_component>
      <object_component id="oc-df">
         <name>.debug_line</name>
         <load_address>0x144b</load_address>
         <run_address>0x144b</run_address>
         <size>0xe1</size>
         <input_file_ref idref="fl-1b"/>
      </object_component>
      <object_component id="oc-e6">
         <name>.debug_line</name>
         <load_address>0x152c</load_address>
         <run_address>0x152c</run_address>
         <size>0x32c</size>
         <input_file_ref idref="fl-1c"/>
      </object_component>
      <object_component id="oc-ec">
         <name>.debug_line</name>
         <load_address>0x1858</load_address>
         <run_address>0x1858</run_address>
         <size>0x2e</size>
         <input_file_ref idref="fl-1d"/>
      </object_component>
      <object_component id="oc-f1">
         <name>.debug_line</name>
         <load_address>0x1886</load_address>
         <run_address>0x1886</run_address>
         <size>0x431</size>
         <input_file_ref idref="fl-1e"/>
      </object_component>
      <object_component id="oc-f8">
         <name>.debug_line</name>
         <load_address>0x1cb7</load_address>
         <run_address>0x1cb7</run_address>
         <size>0x4f0</size>
         <input_file_ref idref="fl-1f"/>
      </object_component>
      <object_component id="oc-fc">
         <name>.debug_line</name>
         <load_address>0x21a7</load_address>
         <run_address>0x21a7</run_address>
         <size>0xbf</size>
         <input_file_ref idref="fl-20"/>
      </object_component>
      <object_component id="oc-101">
         <name>.debug_line</name>
         <load_address>0x2266</load_address>
         <run_address>0x2266</run_address>
         <size>0xa8</size>
         <input_file_ref idref="fl-21"/>
      </object_component>
      <object_component id="oc-106">
         <name>.debug_line</name>
         <load_address>0x230e</load_address>
         <run_address>0x230e</run_address>
         <size>0x9c</size>
         <input_file_ref idref="fl-22"/>
      </object_component>
      <object_component id="oc-10a">
         <name>.debug_line</name>
         <load_address>0x23aa</load_address>
         <run_address>0x23aa</run_address>
         <size>0x64</size>
         <input_file_ref idref="fl-23"/>
      </object_component>
      <object_component id="oc-10f">
         <name>.debug_line</name>
         <load_address>0x240e</load_address>
         <run_address>0x240e</run_address>
         <size>0x71</size>
         <input_file_ref idref="fl-35"/>
      </object_component>
      <object_component id="oc-113">
         <name>.debug_line</name>
         <load_address>0x247f</load_address>
         <run_address>0x247f</run_address>
         <size>0x49</size>
         <input_file_ref idref="fl-36"/>
      </object_component>
      <object_component id="oc-119">
         <name>.debug_line</name>
         <load_address>0x24c8</load_address>
         <run_address>0x24c8</run_address>
         <size>0x62</size>
         <input_file_ref idref="fl-37"/>
      </object_component>
      <object_component id="oc-11d">
         <name>.debug_line</name>
         <load_address>0x252a</load_address>
         <run_address>0x252a</run_address>
         <size>0x49</size>
         <input_file_ref idref="fl-38"/>
      </object_component>
      <object_component id="oc-121">
         <name>.debug_line</name>
         <load_address>0x2573</load_address>
         <run_address>0x2573</run_address>
         <size>0xaa</size>
         <input_file_ref idref="fl-39"/>
      </object_component>
      <object_component id="oc-125">
         <name>.debug_line</name>
         <load_address>0x261d</load_address>
         <run_address>0x261d</run_address>
         <size>0x66</size>
         <input_file_ref idref="fl-3a"/>
      </object_component>
      <object_component id="oc-129">
         <name>.debug_line</name>
         <load_address>0x2683</load_address>
         <run_address>0x2683</run_address>
         <size>0x5c</size>
         <input_file_ref idref="fl-3b"/>
      </object_component>
      <object_component id="oc-130">
         <name>.debug_line</name>
         <load_address>0x26df</load_address>
         <run_address>0x26df</run_address>
         <size>0x26</size>
         <input_file_ref idref="fl-3c"/>
      </object_component>
      <object_component id="oc-134">
         <name>.debug_line</name>
         <load_address>0x2705</load_address>
         <run_address>0x2705</run_address>
         <size>0x3e</size>
         <input_file_ref idref="fl-3d"/>
      </object_component>
      <object_component id="oc-138">
         <name>.debug_line</name>
         <load_address>0x2743</load_address>
         <run_address>0x2743</run_address>
         <size>0x60</size>
         <input_file_ref idref="fl-3e"/>
      </object_component>
      <object_component id="oc-13c">
         <name>.debug_line</name>
         <load_address>0x27a3</load_address>
         <run_address>0x27a3</run_address>
         <size>0x5c</size>
         <input_file_ref idref="fl-3f"/>
      </object_component>
      <object_component id="oc-140">
         <name>.debug_line</name>
         <load_address>0x27ff</load_address>
         <run_address>0x27ff</run_address>
         <size>0x4f</size>
         <input_file_ref idref="fl-40"/>
      </object_component>
      <object_component id="oc-144">
         <name>.debug_line</name>
         <load_address>0x284e</load_address>
         <run_address>0x284e</run_address>
         <size>0x5e</size>
         <input_file_ref idref="fl-41"/>
      </object_component>
      <object_component id="oc-14a">
         <name>.debug_line</name>
         <load_address>0x28ac</load_address>
         <run_address>0x28ac</run_address>
         <size>0x5b</size>
         <input_file_ref idref="fl-42"/>
      </object_component>
      <object_component id="oc-14e">
[...]
      </symbol>
      <symbol id="sm-346">
         <name>_tremoloLevel</name>
         <value>0xc424</value>
         <object_component_ref idref="oc-e3"/>
      </symbol>
      <symbol id="sm-347">
         <name>_toggleOn_Off</name>
         <value>0x300f1e</value>
         <object_component_ref idref="oc-16a"/>
      </symbol>
      <symbol id="sm-348">
         <name>_preset</name>
         <value>0xc40d</value>
         <object_component_ref idref="oc-e3"/>
      </symbol>
      <symbol id="sm-349">
         <name>_location</name>
         <value>0xc44a</value>
         <object_component_ref idref="oc-e3"/>
      </symbol>
      <symbol id="sm-34a">
         <name>_load_preset</name>
         <value>0x87de</value>
         <object_component_ref idref="oc-e4"/>
      </symbol>
      <symbol id="sm-34b">
         <name>_preset_up</name>
         <value>0x877b</value>
         <object_component_ref idref="oc-e4"/>
      </symbol>
      <symbol id="sm-34c">
         <name>_reverbChange</name>
         <value>0xc418</value>
         <object_component_ref idref="oc-e3"/>
      </symbol>
      <symbol id="sm-34d">
         <name>_effects</name>
         <value>0x8822</value>
         <object_component_ref idref="oc-e4"/>
      </symbol>
      <symbol id="sm-34e">
         <name>_newLevel</name>
         <value>0xc409</value>
         <object_component_ref idref="oc-e3"/>
      </symbol>
      <symbol id="sm-34f">
         <name>_load</name>
         <value>0xc41f</value>
         <object_component_ref idref="oc-e3"/>
      </symbol>
      <symbol id="sm-350">
         <name>_chorusChange</name>
         <value>0xc413</value>
         <object_component_ref idref="oc-e3"/>
      </symbol>
      <symbol id="sm-351">
         <name>_pipeline</name>
         <value>0xc480</value>
         <object_component_ref idref="oc-e3"/>
      </symbol>
      <symbol id="sm-352">
         <name>_bassLevel</name>
         <value>0xc406</value>
         <object_component_ref idref="oc-e3"/>
      </symbol>
      <symbol id="sm-353">
         <name>_effectToToggle</name>
         <value>0xc402</value>
         <object_component_ref idref="oc-e3"/>
      </symbol>
      <symbol id="sm-354">
         <name>_volumeLevel</name>
         <value>0xc403</value>
         <object_component_ref idref="oc-e3"/>
      </symbol>
      <symbol id="sm-355">
         <name>_save</name>
         <value>0xc421</value>
         <object_component_ref idref="oc-e3"/>
      </symbol>
      <symbol id="sm-356">
         <name>_my_enc_val</name>
         <value>0xc428</value>
         <object_component_ref idref="oc-e3"/>
      </symbol>
      <symbol id="sm-357">
         <name>_tremoloChange</name>
         <value>0xc419</value>
         <object_component_ref idref="oc-e3"/>
      </symbol>
      <symbol id="sm-358">
         <name>_enc_position</name>
         <value>0xc425</value>
         <object_component_ref idref="oc-e3"/>
      </symbol>
      <symbol id="sm-359">
         <name>_volumeChange</name>
         <value>0xc420</value>
         <object_component_ref idref="oc-e3"/>
      </symbol>
      <symbol id="sm-35a">
         <name>_midLevel</name>
         <value>0xc407</value>
         <object_component_ref idref="oc-e3"/>
      </symbol>
      <symbol id="sm-35b">
         <name>_indexToToggle</name>
         <value>0xc408</value>
         <object_component_ref idref="oc-e3"/>
      </symbol>
      <symbol id="sm-35c">
         <name>_list</name>
         <value>0xc464</value>
         <object_component_ref idref="oc-e3"/>
      </symbol>
      <symbol id="sm-35d">
         <name>_midChange</name>
         <value>0xc414</value>
         <object_component_ref idref="oc-e3"/>
      </symbol>
      <symbol id="sm-35e">
         <name>_adcVals</name>
         <value>0xc429</value>
         <object_component_ref idref="oc-e3"/>
      </symbol>
      <symbol id="sm-35f">
         <name>_chorusLevel</name>
         <value>0xc41e</value>
         <object_component_ref idref="oc-e3"/>
      </symbol>
      <symbol id="sm-360">
         <name>_delayLevel</name>
         <value>0xc41d</value>
         <object_component_ref idref="oc-e3"/>
      </symbol>
      <symbol id="sm-361">
         <name>_sysStart</name>
         <value>0xc40a</value>
         <object_component_ref idref="oc-e3"/>
      </symbol>
      <symbol id="sm-362">
         <name>_resetTimer</name>
         <value>0xc40f</value>
         <object_component_ref idref="oc-e3"/>
      </symbol>
      <symbol id="sm-363">
         <name>_bassChange</name>
         <value>0xc422</value>
         <object_component_ref idref="oc-e3"/>
      </symbol>
      <symbol id="sm-364">
         <name>_updateVolume</name>
         <value>0xc416</value>
         <object_component_ref idref="oc-e3"/>
      </symbol>
      <symbol id="sm-365">
         <name>_trebleChange</name>
         <value>0xc41a</value>
         <object_component_ref idref="oc-e3"/>
      </symbol>
      <symbol id="sm-371">
         <name>_lowpass_coefficients</name>
         <value>0xd080</value>
         <object_component_ref idref="oc-ea"/>
      </symbol>
      <symbol id="sm-3ba">
         <name>_currentPreset</name>
         <value>0xcffc</value>
         <object_component_ref idref="oc-ef"/>
      </symbol>
      <symbol id="sm-3bb">
         <name>_numInMainDisplay</name>
         <value>0xcff9</value>
         <object_component_ref idref="oc-ef"/>
      </symbol>
      <symbol id="sm-3bc">
         <name>_controlLCD</name>
         <value>0x86d3</value>
         <object_component_ref idref="oc-178"/>
      </symbol>
      <symbol id="sm-3bd">
         <name>_wait</name>
         <value>0x301751</value>
         <object_component_ref idref="oc-176"/>
      </symbol>
      <symbol id="sm-3be">
         <name>_shiftCursor</name>
         <value>0x85ee</value>
         <object_component_ref idref="oc-178"/>
      </symbol>
      <symbol id="sm-3bf">
         <name>_printFreq</name>
         <value>0x868d</value>
         <object_component_ref idref="oc-178"/>
      </symbol>
      <symbol id="sm-3c0">
         <name>_printChorus</name>
         <value>0x30171b</value>
         <object_component_ref idref="oc-176"/>
      </symbol>
      <symbol id="sm-3c1">
         <name>_printDelay</name>
         <value>0x3016e6</value>
         <object_component_ref idref="oc-176"/>
      </symbol>
      <symbol id="sm-3c2">
         <name>_updateLevel</name>
         <value>0x844d</value>
         <object_component_ref idref="oc-178"/>
      </symbol>
      <symbol id="sm-3c3">
         <name>_updateLCD</name>
         <value>0x8493</value>
         <object_component_ref idref="oc-178"/>
      </symbol>
      <symbol id="sm-3c4">
         <name>_printTremolo</name>
         <value>0x8412</value>
         <object_component_ref idref="oc-178"/>
      </symbol>
      <symbol id="sm-3c5">
         <name>_printFlange</name>
         <value>0x3016ff</value>
         <object_component_ref idref="oc-176"/>
      </symbol>
      <symbol id="sm-3c6">
         <name>_goToMain</name>
         <value>0x85ad</value>
         <object_component_ref idref="oc-178"/>
      </symbol>
      <symbol id="sm-3c7">
         <name>_printReverb</name>
         <value>0x8431</value>
         <object_component_ref idref="oc-178"/>
      </symbol>
      <symbol id="sm-3c8">
         <name>_addToLCD</name>
         <value>0x85fc</value>
         <object_component_ref idref="oc-178"/>
      </symbol>
      <symbol id="sm-3c9">
         <name>_loadPresetScreen</name>
         <value>0x301737</value>
         <object_component_ref idref="oc-176"/>
      </symbol>
      <symbol id="sm-3ca">
         <name>_printLCD</name>
         <value>0x86f5</value>
         <object_component_ref idref="oc-178"/>
      </symbol>
      <symbol id="sm-3cb">
         <name>_toggleLCD</name>
         <value>0x8662</value>
         <object_component_ref idref="oc-178"/>
      </symbol>
      <symbol id="sm-3cc">
         <name>_presetScreen</name>
         <value>0xcffa</value>
         <object_component_ref idref="oc-ef"/>
      </symbol>
      <symbol id="sm-3cd">
         <name>_reprint</name>
         <value>0xcffb</value>
         <object_component_ref idref="oc-ef"/>
      </symbol>
      <symbol id="sm-3ce">
         <name>_tunerScreen</name>
         <value>0xcff8</value>
         <object_component_ref idref="oc-ef"/>
      </symbol>
      <symbol id="sm-3cf">
         <name>_initLCD</name>
         <value>0x30175a</value>
         <object_component_ref idref="oc-176"/>
      </symbol>
      <symbol id="sm-423">
         <name>_readDone</name>
         <value>0xd002</value>
         <object_component_ref idref="oc-f5"/>
      </symbol>
      <symbol id="sm-424">
         <name>_savePreset</name>
         <value>0x8120</value>
         <object_component_ref idref="oc-167"/>
      </symbol>
      <symbol id="sm-425">
         <name>_initEffects</name>
         <value>0x30139e</value>
         <object_component_ref idref="oc-168"/>
      </symbol>
      <symbol id="sm-426">
         <name>_eepromRead</name>
         <value>0x83e8</value>
         <object_component_ref idref="oc-167"/>
      </symbol>
      <symbol id="sm-427">
         <name>_eepromWrite</name>
         <value>0x83cd</value>
         <object_component_ref idref="oc-167"/>
      </symbol>
      <symbol id="sm-428">
         <name>_processReverb</name>
         <value>0x809f</value>
         <object_component_ref idref="oc-167"/>
      </symbol>
      <symbol id="sm-429">
         <name>_processPhaser</name>
         <value>0x3013f0</value>
         <object_component_ref idref="oc-168"/>
      </symbol>
      <symbol id="sm-42a">
         <name>_writeDone</name>
         <value>0xd001</value>
         <object_component_ref idref="oc-f5"/>
      </symbol>
      <symbol id="sm-42b">
         <name>_processFlange</name>
         <value>0x3013f5</value>
         <object_component_ref idref="oc-168"/>
      </symbol>
      <symbol id="sm-42c">
         <name>_i2c_int1a_isr</name>
         <value>0x899a</value>
         <object_component_ref idref="oc-f6"/>
      </symbol>
      <symbol id="sm-42d">
         <name>_processDelay</name>
         <value>0x3013e2</value>
         <object_component_ref idref="oc-168"/>
      </symbol>
      <symbol id="sm-42e">
         <name>_messageOut</name>
         <value>0xd00b</value>
         <object_component_ref idref="oc-f5"/>
      </symbol>
      <symbol id="sm-42f">
         <name>_processDistortion</name>
         <value>0x8021</value>
         <object_component_ref idref="oc-167"/>
      </symbol>
      <symbol id="sm-430">
         <name>_processWah</name>
         <value>0x3013e7</value>
         <object_component_ref idref="oc-168"/>
      </symbol>
      <symbol id="sm-431">
         <name>_processPitchShift</name>
         <value>0x3014c5</value>
         <object_component_ref idref="oc-168"/>
      </symbol>
      <symbol id="sm-432">
         <name>_Error</name>
         <value>0xd000</value>
         <object_component_ref idref="oc-f5"/>
      </symbol>
      <symbol id="sm-433">
         <name>_adcVal</name>
         <value>0xd006</value>
         <object_component_ref idref="oc-f5"/>
      </symbol>
      <symbol id="sm-434">
         <name>_process</name>
         <value>0x8000</value>
         <object_component_ref idref="oc-167"/>
      </symbol>
      <symbol id="sm-435">
         <name>_CurrentMsgPtr</name>
         <value>0xd004</value>
         <object_component_ref idref="oc-f5"/>
      </symbol>
      <symbol id="sm-436">
         <name>_messageIn</name>
         <value>0xd020</value>
         <object_component_ref idref="oc-f5"/>
      </symbol>
      <symbol id="sm-437">
         <name>_processTremolo</name>
         <value>0x804d</value>
         <object_component_ref idref="oc-167"/>
      </symbol>
      <symbol id="sm-438">
         <name>_loadPreset</name>
         <value>0x8259</value>
         <object_component_ref idref="oc-167"/>
      </symbol>
      <symbol id="sm-439">
         <name>_processChorus</name>
         <value>0x3014c0</value>
         <object_component_ref idref="oc-168"/>
      </symbol>
      <symbol id="sm-43a">
         <name>_returnArray</name>
         <value>0xd040</value>
         <object_component_ref idref="oc-f5"/>
      </symbol>
      <symbol id="sm-43b">
         <name>_processCrunch</name>
         <value>0x8037</value>
         <object_component_ref idref="oc-167"/>
      </symbol>
      <symbol id="sm-44f">
         <name>_I2CA_ReadData</name>
         <value>0x8968</value>
         <object_component_ref idref="oc-16c"/>
      </symbol>
      <symbol id="sm-450">
         <name>_I2CA_WriteData</name>
         <value>0x8935</value>
         <object_component_ref idref="oc-16c"/>
      </symbol>
      <symbol id="sm-451">
         <name>_I2CA_Init</name>
         <value>0x8922</value>
         <object_component_ref idref="oc-16c"/>
      </symbol>
      <symbol id="sm-460">
         <name>_bp_iir_setup</name>
         <value>0x3011d3</value>
         <object_component_ref idref="oc-179"/>
      </symbol>
      <symbol id="sm-461">
         <name>_bp_iir_filter</name>
         <value>0x301206</value>
         <object_component_ref idref="oc-179"/>
      </symbol>
      <symbol id="sm-462">
         <name>_bp_iir_init</name>
         <value>0x301116</value>
         <object_component_ref idref="oc-179"/>
      </symbol>
      <symbol id="sm-478">
         <name>_AutoWah_sweep</name>
         <value>0x301664</value>
         <object_component_ref idref="oc-16d"/>
      </symbol>
      <symbol id="sm-479">
         <name>_AutoWah_process</name>
         <value>0x301653</value>
         <object_component_ref idref="oc-16d"/>
      </symbol>
      <symbol id="sm-47a">
         <name>_AutoWah_init</name>
         <value>0x3015da</value>
         <object_component_ref idref="oc-16d"/>
      </symbol>
      <symbol id="sm-47b">
         <name>_y</name>
         <value>0xcb16</value>
         <object_component_ref idref="oc-104"/>
      </symbol>
      <symbol id="sm-47c">
         <name>_x</name>
         <value>0xcb10</value>
         <object_component_ref idref="oc-104"/>
      </symbol>
      <symbol id="sm-486">
         <name>_initAdc</name>
         <value>0x301d10</value>
         <object_component_ref idref="oc-175"/>
      </symbol>
      <symbol id="sm-487">
         <name>_getAdc</name>
         <value>0x301d35</value>
         <object_component_ref idref="oc-175"/>
      </symbol>
      <symbol id="sm-49b">
         <name>_c_int00</name>
         <value>0x301bcd</value>
         <object_component_ref idref="oc-48"/>
      </symbol>
      <symbol id="sm-49c">
         <name>__stack</name>
         <value>0x400</value>
         <object_component_ref idref="oc-10c"/>
      </symbol>
      <symbol id="sm-4a8">
         <name>_cos</name>
         <value>0x301a09</value>
         <object_component_ref idref="oc-180"/>
      </symbol>
      <symbol id="sm-4b9">
         <name>C$$EXIT</name>
         <value>0x301dd3</value>
         <object_component_ref idref="oc-165"/>
      </symbol>
      <symbol id="sm-4ba">
         <name>_exit</name>
         <value>0x301dd5</value>
         <object_component_ref idref="oc-165"/>
      </symbol>
      <symbol id="sm-4bb">
         <name>___TI_cleanup_ptr</name>
         <value>0xd076</value>
         <object_component_ref idref="oc-117"/>
      </symbol>
      <symbol id="sm-4bc">
         <name>_abort</name>
         <value>0x301dd3</value>
         <object_component_ref idref="oc-165"/>
      </symbol>
      <symbol id="sm-4bd">
         <name>___TI_dtors_ptr</name>
         <value>0xd078</value>
         <object_component_ref idref="oc-117"/>
      </symbol>
      <symbol id="sm-4c9">
         <name>_fmod</name>
         <value>0x301cb8</value>
         <object_component_ref idref="oc-17e"/>
      </symbol>
      <symbol id="sm-4d6">
         <name>FS$$DIV</name>
         <value>0x301826</value>
         <object_component_ref idref="oc-11f"/>
      </symbol>
      <symbol id="sm-4e0">
         <name>I$$MOD</name>
         <value>0x301d6e</value>
         <object_component_ref idref="oc-123"/>
      </symbol>
      <symbol id="sm-4e1">
         <name>I$$DIV</name>
         <value>0x301d5d</value>
         <object_component_ref idref="oc-123"/>
      </symbol>
      <symbol id="sm-4f0">
         <name>___memcpy_ff</name>
         <value>0x301d7f</value>
         <object_component_ref idref="oc-172"/>
      </symbol>
      <symbol id="sm-502">
         <name>__sys_memory</name>
         <value>0xc000</value>
         <object_component_ref idref="oc-12d"/>
      </symbol>
      <symbol id="sm-50f">
         <name>_modf</name>
         <value>0x301da0</value>
         <object_component_ref idref="oc-183"/>
      </symbol>
      <symbol id="sm-520">
         <name>_pow</name>
         <value>0x301acb</value>
         <object_component_ref idref="oc-17a"/>
      </symbol>
      <symbol id="sm-52b">
         <name>_sin</name>
         <value>0x301b25</value>
         <object_component_ref idref="oc-16e"/>
      </symbol>
      <symbol id="sm-539">
         <name>_sqrt</name>
         <value>0x301d3a</value>
         <object_component_ref idref="oc-166"/>
      </symbol>
      <symbol id="sm-546">
         <name>_tan</name>
         <value>0x301a6a</value>
         <object_component_ref idref="oc-17f"/>
      </symbol>
      <symbol id="sm-554">
         <name>__unlock</name>
         <value>0xd072</value>
         <object_component_ref idref="oc-148"/>
      </symbol>
      <symbol id="sm-555">
         <name>__lock</name>
         <value>0xd074</value>
         <object_component_ref idref="oc-148"/>
      </symbol>
      <symbol id="sm-556">
         <name>__register_lock</name>
         <value>0x301e40</value>
         <object_component_ref idref="oc-16b"/>
      </symbol>
      <symbol id="sm-557">
         <name>__nop</name>
         <value>0x301e44</value>
         <object_component_ref idref="oc-16b"/>
      </symbol>
      <symbol id="sm-558">
         <name>__register_unlock</name>
         <value>0x301e3c</value>
         <object_component_ref idref="oc-16b"/>
      </symbol>
      <symbol id="sm-564">
         <name>__log</name>
         <value>0x301b7d</value>
         <object_component_ref idref="oc-181"/>
      </symbol>
      <symbol id="sm-570">
         <name>__args_main</name>
         <value>0x301dba</value>
         <object_component_ref idref="oc-164"/>
      </symbol>
      <symbol id="sm-571">
         <name>__TI_args_main</name>
         <value>0x1</value>
      </symbol>
      <symbol id="sm-57b">
         <name>_errno</name>
         <value>0xcb3e</value>
         <object_component_ref idref="oc-156"/>
      </symbol>
      <symbol id="sm-589">
         <name>_exp</name>
         <value>0x3019a1</value>
         <object_component_ref idref="oc-182"/>
      </symbol>
      <symbol id="sm-596">
         <name>_frexp</name>
         <value>0x301e03</value>
         <object_component_ref idref="oc-184"/>
      </symbol>
      <symbol id="sm-5a6">
         <name>_ldexp</name>
         <value>0x301c57</value>
         <object_component_ref idref="oc-185"/>
      </symbol>
   </symbol_table>
   <title>Link successful</title>
</link_info>
