******************************************************************************
             TMS320C2000 Linker PC v6.2.7                      
******************************************************************************
>> Linked Tue Sep 30 13:13:06 2014

OUTPUT FILE NAME:   <guitarEffects.out>
ENTRY POINT SYMBOL: "_c_int00"  address: 00000d61


MEMORY CONFIGURATION

         name            origin    length      used     unused   attr    fill
----------------------  --------  ---------  --------  --------  ----  --------
PAGE 0:
  BEGIN                 00000000   00000002  00000002  00000000  RWIX
  BOOT_RSVD             00000002   0000004e  0000003e  00000010  RWIX
  RAMM0                 00000050   000003b0  00000000  000003b0  RWIX
  RAML0                 00008000   00001000  00000004  00000ffc  RWIX
  RAML1                 00009000   00001000  00000000  00001000  RWIX
  RAML2                 0000a000   00001000  00000000  00001000  RWIX
  RAML3                 0000b000   00001000  00000000  00001000  RWIX
  ZONE7A                00200000   0000fc00  00000000  0000fc00  RWIX
  CSM_RSVD              0033ff80   00000076  00000000  00000076  RWIX
  CSM_PWL               0033fff8   00000008  00000000  00000008  RWIX
  ADC_CAL               00380080   00000009  00000007  00000002  RWIX
  IQTABLES              003fe000   00000b50  00000000  00000b50  RWIX
  IQTABLES2             003feb50   0000008c  00000000  0000008c  RWIX
  FPUTABLES             003febdc   000006a0  00000000  000006a0  RWIX
  BOOTROM               003ff27c   00000d44  00000000  00000d44  RWIX
  RESET                 003fffc0   00000002  00000000  00000002  RWIX

PAGE 1:
  RAMM1                 00000400   00000400  00000300  00000100  RWIX
  DEV_EMU               00000880   00000180  000000d0  000000b0  RWIX
  FLASH_REGS            00000a80   00000060  00000008  00000058  RWIX
  CSM                   00000ae0   00000010  00000010  00000000  RWIX
  ADC_MIRROR            00000b00   00000010  00000010  00000000  RWIX
  XINTF                 00000b20   00000020  0000001e  00000002  RWIX
  CPU_TIMER0            00000c00   00000008  00000008  00000000  RWIX
  CPU_TIMER1            00000c08   00000008  00000008  00000000  RWIX
  CPU_TIMER2            00000c10   00000008  00000008  00000000  RWIX
  PIE_CTRL              00000ce0   00000020  0000001a  00000006  RWIX
  PIE_VECT              00000d00   00000100  00000100  00000000  RWIX
  DMA                   00001000   00000200  000000e0  00000120  RWIX
  MCBSPA                00005000   00000040  00000025  0000001b  RWIX
  MCBSPB                00005040   00000040  00000025  0000001b  RWIX
  ECANA                 00006000   00000040  00000034  0000000c  RWIX
  ECANA_LAM             00006040   00000040  00000040  00000000  RWIX
  ECANA_MOTS            00006080   00000040  00000040  00000000  RWIX
  ECANA_MOTO            000060c0   00000040  00000040  00000000  RWIX
  ECANA_MBOX            00006100   00000100  00000100  00000000  RWIX
  ECANB                 00006200   00000040  00000034  0000000c  RWIX
  ECANB_LAM             00006240   00000040  00000040  00000000  RWIX
  ECANB_MOTS            00006280   00000040  00000040  00000000  RWIX
  ECANB_MOTO            000062c0   00000040  00000040  00000000  RWIX
  ECANB_MBOX            00006300   00000100  00000100  00000000  RWIX
  EPWM1                 00006800   00000022  00000022  00000000  RWIX
  EPWM2                 00006840   00000022  00000022  00000000  RWIX
  EPWM3                 00006880   00000022  00000022  00000000  RWIX
  EPWM4                 000068c0   00000022  00000022  00000000  RWIX
  EPWM5                 00006900   00000022  00000022  00000000  RWIX
  EPWM6                 00006940   00000022  00000022  00000000  RWIX
  ECAP1                 00006a00   00000020  00000020  00000000  RWIX
  ECAP2                 00006a20   00000020  00000020  00000000  RWIX
  ECAP3                 00006a40   00000020  00000020  00000000  RWIX
  ECAP4                 00006a60   00000020  00000020  00000000  RWIX
  ECAP5                 00006a80   00000020  00000020  00000000  RWIX
  ECAP6                 00006aa0   00000020  00000020  00000000  RWIX
  EQEP1                 00006b00   00000040  00000040  00000000  RWIX
  EQEP2                 00006b40   00000040  00000040  00000000  RWIX
  GPIOCTRL              00006f80   00000040  0000002e  00000012  RWIX
  GPIODAT               00006fc0   00000020  00000020  00000000  RWIX
  GPIOINT               00006fe0   00000020  0000000a  00000016  RWIX
  SYSTEM                00007010   00000020  00000020  00000000  RWIX
  SPIA                  00007040   00000010  00000010  00000000  RWIX
  SCIA                  00007050   00000010  00000010  00000000  RWIX
  XINTRUPT              00007070   00000010  00000010  00000000  RWIX
  ADC                   00007100   00000020  0000001e  00000002  RWIX
  SCIB                  00007750   00000010  00000010  00000000  RWIX
  SCIC                  00007770   00000010  00000010  00000000  RWIX
  I2CA                  00007900   00000040  00000022  0000001e  RWIX
  RAML4                 0000c000   00001000  00000d16  000002ea  RWIX
  RAML5                 0000d000   00001000  00000104  00000efc  RWIX
  RAML6                 0000e000   00001000  00000000  00001000  RWIX
  RAML7                 0000f000   00001000  00000000  00001000  RWIX
  ZONE7B                0020fc00   00000400  00000000  00000400  RWIX
  CSM_PWL               0033fff8   00000008  00000008  00000000  RWIX
  PARTID                00380090   00000001  00000001  00000000  RWIX


SECTION ALLOCATION MAP

 output                                  attributes/
section   page    origin      length       input sections
--------  ----  ----------  ----------   ----------------
codestart 
*          0    00000000    00000002     
                  00000000    00000002     DSP2833x_CodeStartBranch.obj (codestart)

.text      0    00000000    00001007     FAILED TO ALLOCATE
.cinit     0    00000002    0000003e     
                  00000002    00000017     effect.obj (.cinit)
                  00000019    0000000a     rts2800_fpu32.lib : _lock.obj (.cinit)
                  00000023    0000000a                       : exit.obj (.cinit)
                  0000002d    00000009     fft.obj (.cinit)
                  00000036    00000004     main.obj (.cinit)
                  0000003a    00000004     rts2800_fpu32.lib : errno.obj (.cinit)
                  0000003e    00000002     --HOLE-- [fill = 0]

ramfuncs   0    00008000    00000004     
                  00008000    00000004     DSP2833x_usDelay.obj (ramfuncs)

.data      0    0000a000    00000000     UNINITIALIZED

.bss       0    0000b000    00000000     UNINITIALIZED

csm_rsvd   0    0033ff80    00000000     DSECT

csmpasswds 
*          0    0033fff8    00000000     DSECT

.adc_cal   0    00380080    00000007     NOLOAD SECTION
                  00380080    00000007     DSP2833x_ADC_cal.obj (.adc_cal)

.reset     0    003fffc0    00000002     DSECT
                  003fffc0    00000002     rts2800_fpu32.lib : boot.obj (.reset)

.stack     1    00000400    00000300     UNINITIALIZED
                  00000400    00000300     --HOLE--

DevEmuRegsFile 
*          1    00000880    000000d0     UNINITIALIZED
                  00000880    000000d0     DSP2833x_GlobalVariableDefs.obj (DevEmuRegsFile)

FlashRegsFile 
*          1    00000a80    00000008     UNINITIALIZED
                  00000a80    00000008     DSP2833x_GlobalVariableDefs.obj (FlashRegsFile)

CsmRegsFile 
*          1    00000ae0    00000010     UNINITIALIZED
                  00000ae0    00000010     DSP2833x_GlobalVariableDefs.obj (CsmRegsFile)

AdcMirrorFile 
*          1    00000b00    00000010     UNINITIALIZED
                  00000b00    00000010     DSP2833x_GlobalVariableDefs.obj (AdcMirrorFile)

XintfRegsFile 
*          1    00000b20    0000001e     UNINITIALIZED
                  00000b20    0000001e     DSP2833x_GlobalVariableDefs.obj (XintfRegsFile)

CpuTimer0RegsFile 
*          1    00000c00    00000008     UNINITIALIZED
                  00000c00    00000008     DSP2833x_GlobalVariableDefs.obj (CpuTimer0RegsFile)

CpuTimer1RegsFile 
*          1    00000c08    00000008     UNINITIALIZED
                  00000c08    00000008     DSP2833x_GlobalVariableDefs.obj (CpuTimer1RegsFile)

CpuTimer2RegsFile 
*          1    00000c10    00000008     UNINITIALIZED
                  00000c10    00000008     DSP2833x_GlobalVariableDefs.obj (CpuTimer2RegsFile)

PieCtrlRegsFile 
*          1    00000ce0    0000001a     UNINITIALIZED
                  00000ce0    0000001a     DSP2833x_GlobalVariableDefs.obj (PieCtrlRegsFile)

PieVectTableFile 
*          1    00000d00    00000100     UNINITIALIZED
                  00000d00    00000100     DSP2833x_GlobalVariableDefs.obj (PieVectTableFile)

DmaRegsFile 
*          1    00001000    000000e0     UNINITIALIZED
                  00001000    000000e0     DSP2833x_GlobalVariableDefs.obj (DmaRegsFile)

McbspaRegsFile 
*          1    00005000    00000025     UNINITIALIZED
                  00005000    00000025     DSP2833x_GlobalVariableDefs.obj (McbspaRegsFile)

McbspbRegsFile 
*          1    00005040    00000025     UNINITIALIZED
                  00005040    00000025     DSP2833x_GlobalVariableDefs.obj (McbspbRegsFile)

ECanaRegsFile 
*          1    00006000    00000034     UNINITIALIZED
                  00006000    00000034     DSP2833x_GlobalVariableDefs.obj (ECanaRegsFile)

ECanaLAMRegsFile 
*          1    00006040    00000040     UNINITIALIZED
                  00006040    00000040     DSP2833x_GlobalVariableDefs.obj (ECanaLAMRegsFile)

ECanaMOTSRegsFile 
*          1    00006080    00000040     UNINITIALIZED
                  00006080    00000040     DSP2833x_GlobalVariableDefs.obj (ECanaMOTSRegsFile)

ECanaMOTORegsFile 
*          1    000060c0    00000040     UNINITIALIZED
                  000060c0    00000040     DSP2833x_GlobalVariableDefs.obj (ECanaMOTORegsFile)

ECanaMboxesFile 
*          1    00006100    00000100     UNINITIALIZED
                  00006100    00000100     DSP2833x_GlobalVariableDefs.obj (ECanaMboxesFile)

ECanbRegsFile 
*          1    00006200    00000034     UNINITIALIZED
                  00006200    00000034     DSP2833x_GlobalVariableDefs.obj (ECanbRegsFile)

ECanbLAMRegsFile 
*          1    00006240    00000040     UNINITIALIZED
                  00006240    00000040     DSP2833x_GlobalVariableDefs.obj (ECanbLAMRegsFile)

ECanbMOTSRegsFile 
*          1    00006280    00000040     UNINITIALIZED
                  00006280    00000040     DSP2833x_GlobalVariableDefs.obj (ECanbMOTSRegsFile)

ECanbMOTORegsFile 
*          1    000062c0    00000040     UNINITIALIZED
                  000062c0    00000040     DSP2833x_GlobalVariableDefs.obj (ECanbMOTORegsFile)

ECanbMboxesFile 
*          1    00006300    00000100     UNINITIALIZED
                  00006300    00000100     DSP2833x_GlobalVariableDefs.obj (ECanbMboxesFile)

EPwm1RegsFile 
*          1    00006800    00000022     UNINITIALIZED
                  00006800    00000022     DSP2833x_GlobalVariableDefs.obj (EPwm1RegsFile)

EPwm2RegsFile 
*          1    00006840    00000022     UNINITIALIZED
                  00006840    00000022     DSP2833x_GlobalVariableDefs.obj (EPwm2RegsFile)

EPwm3RegsFile 
*          1    00006880    00000022     UNINITIALIZED
                  00006880    00000022     DSP2833x_GlobalVariableDefs.obj (EPwm3RegsFile)

EPwm4RegsFile 
*          1    000068c0    00000022     UNINITIALIZED
                  000068c0    00000022     DSP2833x_GlobalVariableDefs.obj (EPwm4RegsFile)

EPwm5RegsFile 
*          1    00006900    00000022     UNINITIALIZED
                  00006900    00000022     DSP2833x_GlobalVariableDefs.obj (EPwm5RegsFile)

EPwm6RegsFile 
*          1    00006940    00000022     UNINITIALIZED
                  00006940    00000022     DSP2833x_GlobalVariableDefs.obj (EPwm6RegsFile)

ECap1RegsFile 
*          1    00006a00    00000020     UNINITIALIZED
                  00006a00    00000020     DSP2833x_GlobalVariableDefs.obj (ECap1RegsFile)

ECap2RegsFile 
*          1    00006a20    00000020     UNINITIALIZED
                  00006a20    00000020     DSP2833x_GlobalVariableDefs.obj (ECap2RegsFile)

ECap3RegsFile 
*          1    00006a40    00000020     UNINITIALIZED
                  00006a40    00000020     DSP2833x_GlobalVariableDefs.obj (ECap3RegsFile)

ECap4RegsFile 
*          1    00006a60    00000020     UNINITIALIZED
                  00006a60    00000020     DSP2833x_GlobalVariableDefs.obj (ECap4RegsFile)

ECap5RegsFile 
*          1    00006a80    00000020     UNINITIALIZED
                  00006a80    00000020     DSP2833x_GlobalVariableDefs.obj (ECap5RegsFile)

ECap6RegsFile 
*          1    00006aa0    00000020     UNINITIALIZED
                  00006aa0    00000020     DSP2833x_GlobalVariableDefs.obj (ECap6RegsFile)

EQep1RegsFile 
*          1    00006b00    00000040     UNINITIALIZED
                  00006b00    00000040     DSP2833x_GlobalVariableDefs.obj (EQep1RegsFile)

EQep2RegsFile 
*          1    00006b40    00000040     UNINITIALIZED
                  00006b40    00000040     DSP2833x_GlobalVariableDefs.obj (EQep2RegsFile)

GpioCtrlRegsFile 
*          1    00006f80    0000002e     UNINITIALIZED
                  00006f80    0000002e     DSP2833x_GlobalVariableDefs.obj (GpioCtrlRegsFile)

GpioDataRegsFile 
*          1    00006fc0    00000020     UNINITIALIZED
                  00006fc0    00000020     DSP2833x_GlobalVariableDefs.obj (GpioDataRegsFile)

GpioIntRegsFile 
*          1    00006fe0    0000000a     UNINITIALIZED
                  00006fe0    0000000a     DSP2833x_GlobalVariableDefs.obj (GpioIntRegsFile)

SysCtrlRegsFile 
*          1    00007010    00000020     UNINITIALIZED
                  00007010    00000020     DSP2833x_GlobalVariableDefs.obj (SysCtrlRegsFile)

SpiaRegsFile 
*          1    00007040    00000010     UNINITIALIZED
                  00007040    00000010     DSP2833x_GlobalVariableDefs.obj (SpiaRegsFile)

SciaRegsFile 
*          1    00007050    00000010     UNINITIALIZED
                  00007050    00000010     DSP2833x_GlobalVariableDefs.obj (SciaRegsFile)

XIntruptRegsFile 
*          1    00007070    00000010     UNINITIALIZED
                  00007070    00000010     DSP2833x_GlobalVariableDefs.obj (XIntruptRegsFile)

AdcRegsFile 
*          1    00007100    0000001e     UNINITIALIZED
                  00007100    0000001e     DSP2833x_GlobalVariableDefs.obj (AdcRegsFile)

ScibRegsFile 
*          1    00007750    00000010     UNINITIALIZED
                  00007750    00000010     DSP2833x_GlobalVariableDefs.obj (ScibRegsFile)

ScicRegsFile 
*          1    00007770    00000010     UNINITIALIZED
                  00007770    00000010     DSP2833x_GlobalVariableDefs.obj (ScicRegsFile)

I2caRegsFile 
*          1    00007900    00000022     UNINITIALIZED
                  00007900    00000022     DSP2833x_GlobalVariableDefs.obj (I2caRegsFile)

.ebss      1    0000c000    00000d16     UNINITIALIZED
                  0000c000    00000c80     fft.obj (.ebss)
                  0000cc80    00000054     effect.obj (.ebss)
                  0000ccd4    00000018     DSP2833x_CpuTimers.obj (.ebss)
                  0000ccec    00000004     rts2800_fpu32.lib : _lock.obj (.ebss)
                  0000ccf0    00000004                       : exit.obj (.ebss)
                  0000ccf4    00000001     main.obj (.ebss)
                  0000ccf5    00000001     rts2800_fpu32.lib : errno.obj (.ebss)
                  0000ccf6    0000000a     --HOLE--
                  0000cd00    00000016     lcd.obj (.ebss)

.econst    1    0000d000    00000104     
                  0000d000    00000100     DSP2833x_PieVect.obj (.econst)
                  0000d100    00000004     fft.obj (.econst)

CsmPwlFile 
*          1    0033fff8    00000008     UNINITIALIZED
                  0033fff8    00000008     DSP2833x_GlobalVariableDefs.obj (CsmPwlFile)

PartIdRegsFile 
*          1    00380090    00000001     UNINITIALIZED
                  00380090    00000001     DSP2833x_GlobalVariableDefs.obj (PartIdRegsFile)


GLOBAL DATA SYMBOLS: SORTED BY DATA PAGE

address     data page           name
--------    ----------------    ----
00000400      10 (00000400)     __stack

00000880      22 (00000880)     _DevEmuRegs

00000a80      2a (00000a80)     _FlashRegs

00000ae0      2b (00000ac0)     _CsmRegs

00000b00      2c (00000b00)     _AdcMirror
00000b20      2c (00000b00)     _XintfRegs

00000c00      30 (00000c00)     _CpuTimer0Regs
00000c08      30 (00000c00)     _CpuTimer1Regs
00000c10      30 (00000c00)     _CpuTimer2Regs

00000ce0      33 (00000cc0)     _PieCtrlRegs

00000d00      34 (00000d00)     _PieVectTable

00001000      40 (00001000)     _DmaRegs

00005000     140 (00005000)     _McbspaRegs

00005040     141 (00005040)     _McbspbRegs

00006000     180 (00006000)     _ECanaRegs

00006040     181 (00006040)     _ECanaLAMRegs

00006080     182 (00006080)     _ECanaMOTSRegs

000060c0     183 (000060c0)     _ECanaMOTORegs

00006100     184 (00006100)     _ECanaMboxes

00006200     188 (00006200)     _ECanbRegs

00006240     189 (00006240)     _ECanbLAMRegs

00006280     18a (00006280)     _ECanbMOTSRegs

000062c0     18b (000062c0)     _ECanbMOTORegs

00006300     18c (00006300)     _ECanbMboxes

00006800     1a0 (00006800)     _EPwm1Regs

00006840     1a1 (00006840)     _EPwm2Regs

00006880     1a2 (00006880)     _EPwm3Regs

000068c0     1a3 (000068c0)     _EPwm4Regs

00006900     1a4 (00006900)     _EPwm5Regs

00006940     1a5 (00006940)     _EPwm6Regs

00006a00     1a8 (00006a00)     _ECap1Regs
00006a20     1a8 (00006a00)     _ECap2Regs

00006a40     1a9 (00006a40)     _ECap3Regs
00006a60     1a9 (00006a40)     _ECap4Regs

00006a80     1aa (00006a80)     _ECap5Regs
00006aa0     1aa (00006a80)     _ECap6Regs

00006b00     1ac (00006b00)     _EQep1Regs

00006b40     1ad (00006b40)     _EQep2Regs

00006f80     1be (00006f80)     _GpioCtrlRegs

00006fc0     1bf (00006fc0)     _GpioDataRegs
00006fe0     1bf (00006fc0)     _GpioIntRegs

00007010     1c0 (00007000)     _SysCtrlRegs

00007040     1c1 (00007040)     _SpiaRegs
00007050     1c1 (00007040)     _SciaRegs
00007070     1c1 (00007040)     _XIntruptRegs

00007100     1c4 (00007100)     _AdcRegs

00007750     1dd (00007740)     _ScibRegs
00007770     1dd (00007740)     _ScicRegs

00007900     1e4 (00007900)     _I2caRegs

0000c000     300 (0000c000)     _FFTStartFlag
0000c004     300 (0000c000)     _rfft_adc
0000c008     300 (0000c000)     _rfft

0000c040     301 (0000c040)     _AdcBuf

0000c240     309 (0000c240)     _RFFTmagBuff

0000c480     312 (0000c480)     _RFFToutBuff

0000c880     322 (0000c880)     _RFFTF32Coef

0000cc80     332 (0000cc80)     _numQueued
0000cc85     332 (0000cc80)     _on_off
0000cc8f     332 (0000cc80)     _location
0000cc9a     332 (0000cc80)     _list

0000ccc0     333 (0000ccc0)     _pipeline
0000ccd4     333 (0000ccc0)     _CpuTimer1
0000ccdc     333 (0000ccc0)     _CpuTimer2
0000cce4     333 (0000ccc0)     _CpuTimer0
0000ccec     333 (0000ccc0)     __unlock
0000ccee     333 (0000ccc0)     __lock
0000ccf0     333 (0000ccc0)     ___TI_cleanup_ptr
0000ccf2     333 (0000ccc0)     ___TI_dtors_ptr
0000ccf4     333 (0000ccc0)     _tuner
0000ccf5     333 (0000ccc0)     _errno

0000cd00     334 (0000cd00)     _numInMainDisplay
0000cd01     334 (0000cd00)     _tunerScreen
0000cd02     334 (0000cd00)     _mainDisplay_show
0000cd0c     334 (0000cd00)     _mainDisplay

0000d000     340 (0000d000)     _PieVectTableInit

0033fff8    cfff (0033ffc0)     _CsmPwl

00380090    e002 (00380080)     _PartIdRegs


GLOBAL SYMBOLS: SORTED ALPHABETICALLY BY Name 

address    name
--------   ----
0000b000   .bss
0000a000   .data
00000000   .text
00000fb9   C$$EXIT
00000ae4   FD$$MPY
00000f29   FD$$TOI
00000a5c   FS$$DIV
00000f6a   FS$$TOFD
00000f07   I$$DIV
00000f18   I$$MOD
000000e6   _ADCINT_ISR
00380080   _ADC_cal
0000c040   _AdcBuf
00000b00   _AdcMirror
00007100   _AdcRegs
00000ba0   _ConfigCpuTimer
0000cce4   _CpuTimer0
00000c00   _CpuTimer0Regs
0000ccd4   _CpuTimer1
00000c08   _CpuTimer1Regs
0000ccdc   _CpuTimer2
00000c10   _CpuTimer2Regs
0033fff8   _CsmPwl
00000ae0   _CsmRegs
0000082b   _CsmUnlock
00000014   _DATALOG_ISR
0000020b   _DINTCH1_ISR
00000215   _DINTCH2_ISR
0000021f   _DINTCH3_ISR
00000229   _DINTCH4_ISR
00000233   _DINTCH5_ISR
0000023d   _DINTCH6_ISR
00008000   _DSP28x_usDelay
00000880   _DevEmuRegs
00000778   _DisableDog
00001000   _DmaRegs
00000297   _ECAN0INTA_ISR
000002ab   _ECAN0INTB_ISR
000002a1   _ECAN1INTA_ISR
000002b5   _ECAN1INTB_ISR
0000017f   _ECAP1_INT_ISR
00000189   _ECAP2_INT_ISR
00000193   _ECAP3_INT_ISR
0000019d   _ECAP4_INT_ISR
000001a7   _ECAP5_INT_ISR
000001b1   _ECAP6_INT_ISR
00006040   _ECanaLAMRegs
000060c0   _ECanaMOTORegs
00006080   _ECanaMOTSRegs
00006100   _ECanaMboxes
00006000   _ECanaRegs
00006240   _ECanbLAMRegs
000062c0   _ECanbMOTORegs
00006280   _ECanbMOTSRegs
00006300   _ECanbMboxes
00006200   _ECanbRegs
00006a00   _ECap1Regs
00006a20   _ECap2Regs
00006a40   _ECap3Regs
00006a60   _ECap4Regs
00006a80   _ECap5Regs
00006aa0   _ECap6Regs
00000028   _EMUINT_ISR
00000143   _EPWM1_INT_ISR
00000107   _EPWM1_TZINT_ISR
0000014d   _EPWM2_INT_ISR
00000111   _EPWM2_TZINT_ISR
00000157   _EPWM3_INT_ISR
0000011b   _EPWM3_TZINT_ISR
00000161   _EPWM4_INT_ISR
00000125   _EPWM4_TZINT_ISR
0000016b   _EPWM5_INT_ISR
0000012f   _EPWM5_TZINT_ISR
00000175   _EPWM6_INT_ISR
00000139   _EPWM6_TZINT_ISR
00006800   _EPwm1Regs
00006840   _EPwm2Regs
00006880   _EPwm3Regs
000068c0   _EPwm4Regs
00006900   _EPwm5Regs
00006940   _EPwm6Regs
000001bb   _EQEP1_INT_ISR
000001c5   _EQEP2_INT_ISR
00006b00   _EQep1Regs
00006b40   _EQep2Regs
00000e8d   _EnableInterrupts
0000c000   _FFTStartFlag
00000a80   _FlashRegs
00006f80   _GpioCtrlRegs
00006fc0   _GpioDataRegs
00006fe0   _GpioIntRegs
00000247   _I2CINT1A_ISR
00000251   _I2CINT2A_ISR
00007900   _I2caRegs
0000003c   _ILLEGAL_ISR
00000000   _INT13_ISR
0000000a   _INT14_ISR
00000fd2   _InitAdc
00000b67   _InitCpuTimers
000007d0   _InitPeripheralClocks
00000e6e   _InitPieCtrl
00000f4a   _InitPieVectTable
00000780   _InitPll
00000ebe   _InitSpi
00000ebf   _InitSpiGpio
00000ec2   _InitSpiaGpio
00000765   _InitSysCtrl
000002fb   _LUF_ISR
000002f1   _LVF_ISR
000001f7   _MRINTA_ISR
000001e3   _MRINTB_ISR
00000201   _MXINTA_ISR
000001ed   _MXINTB_ISR
00005000   _McbspaRegs
00005040   _McbspbRegs
00000032   _NMI_ISR
00000305   _PIE_RESERVED
00380090   _PartIdRegs
00000ce0   _PieCtrlRegs
00000d00   _PieVectTable
0000d000   _PieVectTableInit
0000c880   _RFFTF32Coef
00000514   _RFFT_adc_f32
000009be   _RFFT_adc_f32u
00000da7   _RFFT_f32_mag
00000bdb   _RFFT_f32_sincostable
0000c240   _RFFTmagBuff
0000c480   _RFFToutBuff
0000001e   _RTOSINT_ISR
0000026f   _SCIRXINTA_ISR
00000283   _SCIRXINTB_ISR
0000025b   _SCIRXINTC_ISR
00000279   _SCITXINTA_ISR
0000028d   _SCITXINTB_ISR
00000265   _SCITXINTC_ISR
000000be   _SEQ1INT_ISR
000000c8   _SEQ2INT_ISR
000001cf   _SPIRXINTA_ISR
000001d9   _SPITXINTA_ISR
00007050   _SciaRegs
00007750   _ScibRegs
00007770   _ScicRegs
0000076e   _ServiceDog
00001004   _SetDBGIER
00007040   _SpiaRegs
00007010   _SysCtrlRegs
000000f0   _TINT0_ISR
000000a0   _USER10_ISR
000000aa   _USER11_ISR
000000b4   _USER12_ISR
00000046   _USER1_ISR
00000050   _USER2_ISR
0000005a   _USER3_ISR
00000064   _USER4_ISR
0000006e   _USER5_ISR
00000078   _USER6_ISR
00000082   _USER7_ISR
0000008c   _USER8_ISR
00000096   _USER9_ISR
000000fa   _WAKEINT_ISR
000000d2   _XINT1_ISR
000000dc   _XINT2_ISR
000002bf   _XINT3_ISR
000002c9   _XINT4_ISR
000002d3   _XINT5_ISR
000002dd   _XINT6_ISR
000002e7   _XINT7_ISR
00007070   _XIntruptRegs
00000b20   _XintfRegs
00000700   __STACK_END
00000300   __STACK_SIZE
00000001   __TI_args_main
0000ccf0   ___TI_cleanup_ptr
0000ccf2   ___TI_dtors_ptr
ffffffff   ___binit__
0000b000   ___bss__
ffffffff   ___c_args__
00000002   ___cinit__
0000a000   ___data__
0000a000   ___edata__
0000b000   ___end__
00001007   ___etext__
ffffffff   ___pinit__
00000000   ___text__
00000fa0   __args_main
0000ccee   __lock
00000ffb   __nop
00000ff7   __register_lock
00000ff3   __register_unlock
00000400   __stack
0000ccec   __unlock
00000fb9   _abort
000003d5   _addToLCD
00000d61   _c_int00
00000695   _clearPipeline
000004de   _controlLCD
00000ca8   _cos
00000911   _cpu_timer0_isr
0000ccf5   _errno
00000fbb   _exit
0000089d   _findFrequency
00000deb   _fmod
00000eb9   _getAdc
00000e49   _indexLookup
00000e96   _initADC
0000064c   _initEffects
0000085c   _initFFT
00000c43   _initINTS
00000499   _initLCD
00000e2d   _initSPI
00000fe6   _initialize
0000cc9a   _list
0000cc8f   _location
00000e44   _main
0000cd0c   _mainDisplay
0000cd02   _mainDisplay_show
00000f86   _modf
0000cd00   _numInMainDisplay
0000cc80   _numQueued
0000cc85   _on_off
0000ccc0   _pipeline
0000044a   _printFreq
000004f9   _printLCD
000006b1   _process
0000075b   _processChorus
000006e6   _processCrunch
000006d6   _processDelay
000006db   _processDistortion
00000751   _processFlange
0000074c   _processPhaser
00000760   _processPitchShift
00000756   _processReverb
000006eb   _processTremolo
00000747   _processWah
00000671   _queueEffect
0000c008   _rfft
0000c004   _rfft_adc
000005a4   _rfft_adc_f32_Stages4andUp
0000030f   _rsvd_ISR
00000d09   _sin
00000ee4   _sqrt
000008f5   _storeFFT
00000417   _toggleLCD
00000655   _toggleOn_Off
0000ccf4   _tuner
0000cd01   _tunerScreen
00000319   _updateLCD
00000c97   _updateTimer0
00000490   _wait
00000e19   _writeSPI
00000954   _xint1_isr
ffffffff   binit
00000002   cinit
00000000   code_start
0000a000   edata
0000b000   end
00001007   etext
ffffffff   pinit


GLOBAL SYMBOLS: SORTED BY Symbol Address 

address    name
--------   ----
00000000   .text
00000000   _INT13_ISR
00000000   ___text__
00000000   code_start
00000001   __TI_args_main
00000002   ___cinit__
00000002   cinit
0000000a   _INT14_ISR
00000014   _DATALOG_ISR
0000001e   _RTOSINT_ISR
00000028   _EMUINT_ISR
00000032   _NMI_ISR
0000003c   _ILLEGAL_ISR
00000046   _USER1_ISR
00000050   _USER2_ISR
0000005a   _USER3_ISR
00000064   _USER4_ISR
0000006e   _USER5_ISR
00000078   _USER6_ISR
00000082   _USER7_ISR
0000008c   _USER8_ISR
00000096   _USER9_ISR
000000a0   _USER10_ISR
000000aa   _USER11_ISR
000000b4   _USER12_ISR
000000be   _SEQ1INT_ISR
000000c8   _SEQ2INT_ISR
000000d2   _XINT1_ISR
000000dc   _XINT2_ISR
000000e6   _ADCINT_ISR
000000f0   _TINT0_ISR
000000fa   _WAKEINT_ISR
00000107   _EPWM1_TZINT_ISR
00000111   _EPWM2_TZINT_ISR
0000011b   _EPWM3_TZINT_ISR
00000125   _EPWM4_TZINT_ISR
0000012f   _EPWM5_TZINT_ISR
00000139   _EPWM6_TZINT_ISR
00000143   _EPWM1_INT_ISR
0000014d   _EPWM2_INT_ISR
00000157   _EPWM3_INT_ISR
00000161   _EPWM4_INT_ISR
0000016b   _EPWM5_INT_ISR
00000175   _EPWM6_INT_ISR
0000017f   _ECAP1_INT_ISR
00000189   _ECAP2_INT_ISR
00000193   _ECAP3_INT_ISR
0000019d   _ECAP4_INT_ISR
000001a7   _ECAP5_INT_ISR
000001b1   _ECAP6_INT_ISR
000001bb   _EQEP1_INT_ISR
000001c5   _EQEP2_INT_ISR
000001cf   _SPIRXINTA_ISR
000001d9   _SPITXINTA_ISR
000001e3   _MRINTB_ISR
000001ed   _MXINTB_ISR
000001f7   _MRINTA_ISR
00000201   _MXINTA_ISR
0000020b   _DINTCH1_ISR
00000215   _DINTCH2_ISR
0000021f   _DINTCH3_ISR
00000229   _DINTCH4_ISR
00000233   _DINTCH5_ISR
0000023d   _DINTCH6_ISR
00000247   _I2CINT1A_ISR
00000251   _I2CINT2A_ISR
0000025b   _SCIRXINTC_ISR
00000265   _SCITXINTC_ISR
0000026f   _SCIRXINTA_ISR
00000279   _SCITXINTA_ISR
00000283   _SCIRXINTB_ISR
0000028d   _SCITXINTB_ISR
00000297   _ECAN0INTA_ISR
000002a1   _ECAN1INTA_ISR
000002ab   _ECAN0INTB_ISR
000002b5   _ECAN1INTB_ISR
000002bf   _XINT3_ISR
000002c9   _XINT4_ISR
000002d3   _XINT5_ISR
000002dd   _XINT6_ISR
000002e7   _XINT7_ISR
000002f1   _LVF_ISR
000002fb   _LUF_ISR
00000300   __STACK_SIZE
00000305   _PIE_RESERVED
0000030f   _rsvd_ISR
00000319   _updateLCD
000003d5   _addToLCD
00000400   __stack
00000417   _toggleLCD
0000044a   _printFreq
00000490   _wait
00000499   _initLCD
000004de   _controlLCD
000004f9   _printLCD
00000514   _RFFT_adc_f32
000005a4   _rfft_adc_f32_Stages4andUp
0000064c   _initEffects
00000655   _toggleOn_Off
00000671   _queueEffect
00000695   _clearPipeline
000006b1   _process
000006d6   _processDelay
000006db   _processDistortion
000006e6   _processCrunch
000006eb   _processTremolo
00000700   __STACK_END
00000747   _processWah
0000074c   _processPhaser
00000751   _processFlange
00000756   _processReverb
0000075b   _processChorus
00000760   _processPitchShift
00000765   _InitSysCtrl
0000076e   _ServiceDog
00000778   _DisableDog
00000780   _InitPll
000007d0   _InitPeripheralClocks
0000082b   _CsmUnlock
0000085c   _initFFT
00000880   _DevEmuRegs
0000089d   _findFrequency
000008f5   _storeFFT
00000911   _cpu_timer0_isr
00000954   _xint1_isr
000009be   _RFFT_adc_f32u
00000a5c   FS$$DIV
00000a80   _FlashRegs
00000ae0   _CsmRegs
00000ae4   FD$$MPY
00000b00   _AdcMirror
00000b20   _XintfRegs
00000b67   _InitCpuTimers
00000ba0   _ConfigCpuTimer
00000bdb   _RFFT_f32_sincostable
00000c00   _CpuTimer0Regs
00000c08   _CpuTimer1Regs
00000c10   _CpuTimer2Regs
00000c43   _initINTS
00000c97   _updateTimer0
00000ca8   _cos
00000ce0   _PieCtrlRegs
00000d00   _PieVectTable
00000d09   _sin
00000d61   _c_int00
00000da7   _RFFT_f32_mag
00000deb   _fmod
00000e19   _writeSPI
00000e2d   _initSPI
00000e44   _main
00000e49   _indexLookup
00000e6e   _InitPieCtrl
00000e8d   _EnableInterrupts
00000e96   _initADC
00000eb9   _getAdc
00000ebe   _InitSpi
00000ebf   _InitSpiGpio
00000ec2   _InitSpiaGpio
00000ee4   _sqrt
00000f07   I$$DIV
00000f18   I$$MOD
00000f29   FD$$TOI
00000f4a   _InitPieVectTable
00000f6a   FS$$TOFD
00000f86   _modf
00000fa0   __args_main
00000fb9   C$$EXIT
00000fb9   _abort
00000fbb   _exit
00000fd2   _InitAdc
00000fe6   _initialize
00000ff3   __register_unlock
00000ff7   __register_lock
00000ffb   __nop
00001000   _DmaRegs
00001004   _SetDBGIER
00001007   ___etext__
00001007   etext
00005000   _McbspaRegs
00005040   _McbspbRegs
00006000   _ECanaRegs
00006040   _ECanaLAMRegs
00006080   _ECanaMOTSRegs
000060c0   _ECanaMOTORegs
00006100   _ECanaMboxes
00006200   _ECanbRegs
00006240   _ECanbLAMRegs
00006280   _ECanbMOTSRegs
000062c0   _ECanbMOTORegs
00006300   _ECanbMboxes
00006800   _EPwm1Regs
00006840   _EPwm2Regs
00006880   _EPwm3Regs
000068c0   _EPwm4Regs
00006900   _EPwm5Regs
00006940   _EPwm6Regs
00006a00   _ECap1Regs
00006a20   _ECap2Regs
00006a40   _ECap3Regs
00006a60   _ECap4Regs
00006a80   _ECap5Regs
00006aa0   _ECap6Regs
00006b00   _EQep1Regs
00006b40   _EQep2Regs
00006f80   _GpioCtrlRegs
00006fc0   _GpioDataRegs
00006fe0   _GpioIntRegs
00007010   _SysCtrlRegs
00007040   _SpiaRegs
00007050   _SciaRegs
00007070   _XIntruptRegs
00007100   _AdcRegs
00007750   _ScibRegs
00007770   _ScicRegs
00007900   _I2caRegs
00008000   _DSP28x_usDelay
0000a000   .data
0000a000   ___data__
0000a000   ___edata__
0000a000   edata
0000b000   .bss
0000b000   ___bss__
0000b000   ___end__
0000b000   end
0000c000   _FFTStartFlag
0000c004   _rfft_adc
0000c008   _rfft
0000c040   _AdcBuf
0000c240   _RFFTmagBuff
0000c480   _RFFToutBuff
0000c880   _RFFTF32Coef
0000cc80   _numQueued
0000cc85   _on_off
0000cc8f   _location
0000cc9a   _list
0000ccc0   _pipeline
0000ccd4   _CpuTimer1
0000ccdc   _CpuTimer2
0000cce4   _CpuTimer0
0000ccec   __unlock
0000ccee   __lock
0000ccf0   ___TI_cleanup_ptr
0000ccf2   ___TI_dtors_ptr
0000ccf4   _tuner
0000ccf5   _errno
0000cd00   _numInMainDisplay
0000cd01   _tunerScreen
0000cd02   _mainDisplay_show
0000cd0c   _mainDisplay
0000d000   _PieVectTableInit
0033fff8   _CsmPwl
00380080   _ADC_cal
00380090   _PartIdRegs
ffffffff   ___binit__
ffffffff   ___c_args__
ffffffff   ___pinit__
ffffffff   binit
ffffffff   pinit

[258 symbols]
