<?xml version="1.0"?>
<link_info>
   <banner>TMS320C2000 Linker PC v6.2.7</banner>
   <copyright>Copyright (c) 1996-2014 Texas Instruments Incorporated</copyright>
   <link_time>0x54789cce</link_time>
   <link_errors>0x0</link_errors>
   <output_file>guitarEffects.out</output_file>
   <entry_point>
      <name>_c_int00</name>
      <address>0x301eda</address>
   </entry_point>
   <input_file_list>
      <input_file id="fl-2">
         <path>.\DSP2833x_headers\src\</path>
         <kind>object</kind>
         <file>Xintf.obj</file>
         <name>Xintf.obj</name>
      </input_file>
      <input_file id="fl-3">
         <path>.\DSP2833x_headers\src\</path>
         <kind>object</kind>
         <file>Watchdog.obj</file>
         <name>Watchdog.obj</name>
      </input_file>
      <input_file id="fl-4">
         <path>.\DSP2833x_headers\src\</path>
         <kind>object</kind>
         <file>SysCtrl.obj</file>
         <name>SysCtrl.obj</name>
      </input_file>
      <input_file id="fl-5">
         <path>.\DSP2833x_headers\src\</path>
         <kind>object</kind>
         <file>SetDBGIER.obj</file>
         <name>SetDBGIER.obj</name>
      </input_file>
      <input_file id="fl-6">
         <path>.\DSP2833x_headers\src\</path>
         <kind>object</kind>
         <file>RFFT_f32_sincostable.obj</file>
         <name>RFFT_f32_sincostable.obj</name>
      </input_file>
      <input_file id="fl-7">
         <path>.\DSP2833x_headers\src\</path>
         <kind>object</kind>
         <file>RFFT_f32_mag.obj</file>
         <name>RFFT_f32_mag.obj</name>
      </input_file>
      <input_file id="fl-8">
         <path>.\DSP2833x_headers\src\</path>
         <kind>object</kind>
         <file>RFFT_adc_f32u.obj</file>
         <name>RFFT_adc_f32u.obj</name>
      </input_file>
      <input_file id="fl-9">
         <path>.\DSP2833x_headers\src\</path>
         <kind>object</kind>
         <file>RFFT_adc_f32.obj</file>
         <name>RFFT_adc_f32.obj</name>
      </input_file>
      <input_file id="fl-a">
         <path>.\DSP2833x_headers\src\</path>
         <kind>object</kind>
         <file>PieVect_nonBIOS.obj</file>
         <name>PieVect_nonBIOS.obj</name>
      </input_file>
      <input_file id="fl-b">
         <path>.\DSP2833x_headers\src\</path>
         <kind>object</kind>
         <file>PieCtrl_nonBIOS.obj</file>
         <name>PieCtrl_nonBIOS.obj</name>
      </input_file>
      <input_file id="fl-c">
         <path>.\DSP2833x_headers\src\</path>
         <kind>object</kind>
         <file>Passwords.obj</file>
         <name>Passwords.obj</name>
      </input_file>
      <input_file id="fl-d">
         <path>.\DSP2833x_headers\src\</path>
         <kind>object</kind>
         <file>Gpio.obj</file>
         <name>Gpio.obj</name>
      </input_file>
      <input_file id="fl-e">
         <path>.\DSP2833x_headers\src\</path>
         <kind>object</kind>
         <file>Flash.obj</file>
         <name>Flash.obj</name>
      </input_file>
      <input_file id="fl-f">
         <path>.\DSP2833x_headers\src\</path>
         <kind>object</kind>
         <file>DelayUs.obj</file>
         <name>DelayUs.obj</name>
      </input_file>
      <input_file id="fl-10">
         <path>.\DSP2833x_headers\src\</path>
         <kind>object</kind>
         <file>DefaultIsr_nonBIOS.obj</file>
         <name>DefaultIsr_nonBIOS.obj</name>
      </input_file>
      <input_file id="fl-11">
         <path>.\DSP2833x_headers\src\</path>
         <kind>object</kind>
         <file>DSP2833x_Spi.obj</file>
         <name>DSP2833x_Spi.obj</name>
      </input_file>
      <input_file id="fl-12">
         <path>.\DSP2833x_headers\src\</path>
         <kind>object</kind>
         <file>DSP2833x_Mcbsp.obj</file>
         <name>DSP2833x_Mcbsp.obj</name>
      </input_file>
      <input_file id="fl-13">
         <path>.\DSP2833x_headers\src\</path>
         <kind>object</kind>
         <file>DSP2833x_I2C.obj</file>
         <name>DSP2833x_I2C.obj</name>
      </input_file>
      <input_file id="fl-14">
         <path>.\DSP2833x_headers\src\</path>
         <kind>object</kind>
         <file>DSP2833x_GlobalVariableDefs.obj</file>
         <name>DSP2833x_GlobalVariableDefs.obj</name>
      </input_file>
      <input_file id="fl-15">
         <path>.\DSP2833x_headers\src\</path>
         <kind>object</kind>
         <file>DSP2833x_EQep.obj</file>
         <name>DSP2833x_EQep.obj</name>
      </input_file>
      <input_file id="fl-16">
         <path>.\DSP2833x_headers\src\</path>
         <kind>object</kind>
         <file>DSP2833x_EPwm.obj</file>
         <name>DSP2833x_EPwm.obj</name>
      </input_file>
      <input_file id="fl-17">
         <path>.\DSP2833x_headers\src\</path>
         <kind>object</kind>
         <file>DSP2833x_CpuTimers.obj</file>
         <name>DSP2833x_CpuTimers.obj</name>
      </input_file>
      <input_file id="fl-18">
         <path>.\DSP2833x_headers\src\</path>
         <kind>object</kind>
         <file>DSP2833x_Adc.obj</file>
         <name>DSP2833x_Adc.obj</name>
      </input_file>
      <input_file id="fl-19">
         <path>.\DSP2833x_headers\src\</path>
         <kind>object</kind>
         <file>DSP2833x_ADC_cal.obj</file>
         <name>DSP2833x_ADC_cal.obj</name>
      </input_file>
      <input_file id="fl-1a">
         <path>.\DSP2833x_headers\src\</path>
         <kind>object</kind>
         <file>CodeStartBranch.obj</file>
         <name>CodeStartBranch.obj</name>
      </input_file>
      <input_file id="fl-1b">
         <path>.\src\</path>
         <kind>object</kind>
         <file>spi.obj</file>
         <name>spi.obj</name>
      </input_file>
      <input_file id="fl-1c">
         <path>.\src\</path>
         <kind>object</kind>
         <file>main.obj</file>
         <name>main.obj</name>
      </input_file>
      <input_file id="fl-1d">
         <path>.\src\</path>
         <kind>object</kind>
         <file>lcd.obj</file>
         <name>lcd.obj</name>
      </input_file>
      <input_file id="fl-1e">
         <path>.\src\</path>
         <kind>object</kind>
         <file>interrupts.obj</file>
         <name>interrupts.obj</name>
      </input_file>
      <input_file id="fl-1f">
         <path>.\src\</path>
         <kind>object</kind>
         <file>fft.obj</file>
         <name>fft.obj</name>
      </input_file>
      <input_file id="fl-20">
         <path>.\src\</path>
         <kind>object</kind>
         <file>effect.obj</file>
         <name>effect.obj</name>
      </input_file>
      <input_file id="fl-21">
         <path>.\src\</path>
         <kind>object</kind>
         <file>eeprom.obj</file>
         <name>eeprom.obj</name>
      </input_file>
      <input_file id="fl-33">
         <path>E:\ti\ccsv6\tools\compiler\c2000_6.2.7\lib\</path>
         <kind>archive</kind>
         <file>rts2800_fpu32.lib</file>
         <name>boot.obj</name>
      </input_file>
      <input_file id="fl-34">
         <path>E:\ti\ccsv6\tools\compiler\c2000_6.2.7\lib\</path>
         <kind>archive</kind>
         <file>rts2800_fpu32.lib</file>
         <name>cos.obj</name>
      </input_file>
      <input_file id="fl-35">
         <path>E:\ti\ccsv6\tools\compiler\c2000_6.2.7\lib\</path>
         <kind>archive</kind>
         <file>rts2800_fpu32.lib</file>
         <name>exit.obj</name>
      </input_file>
      <input_file id="fl-36">
         <path>E:\ti\ccsv6\tools\compiler\c2000_6.2.7\lib\</path>
         <kind>archive</kind>
         <file>rts2800_fpu32.lib</file>
         <name>fd_mpy.obj</name>
      </input_file>
      <input_file id="fl-37">
         <path>E:\ti\ccsv6\tools\compiler\c2000_6.2.7\lib\</path>
         <kind>archive</kind>
         <file>rts2800_fpu32.lib</file>
         <name>fd_toi.obj</name>
      </input_file>
      <input_file id="fl-38">
         <path>E:\ti\ccsv6\tools\compiler\c2000_6.2.7\lib\</path>
         <kind>archive</kind>
         <file>rts2800_fpu32.lib</file>
         <name>fmod.obj</name>
      </input_file>
      <input_file id="fl-39">
         <path>E:\ti\ccsv6\tools\compiler\c2000_6.2.7\lib\</path>
         <kind>archive</kind>
         <file>rts2800_fpu32.lib</file>
         <name>fs_div.obj</name>
      </input_file>
      <input_file id="fl-3a">
         <path>E:\ti\ccsv6\tools\compiler\c2000_6.2.7\lib\</path>
         <kind>archive</kind>
         <file>rts2800_fpu32.lib</file>
         <name>fs_tofd.obj</name>
      </input_file>
      <input_file id="fl-3b">
         <path>E:\ti\ccsv6\tools\compiler\c2000_6.2.7\lib\</path>
         <kind>archive</kind>
         <file>rts2800_fpu32.lib</file>
         <name>i_div.obj</name>
      </input_file>
      <input_file id="fl-3c">
         <path>E:\ti\ccsv6\tools\compiler\c2000_6.2.7\lib\</path>
         <kind>archive</kind>
         <file>rts2800_fpu32.lib</file>
         <name>memcpy_ff.obj</name>
      </input_file>
      <input_file id="fl-3d">
         <path>E:\ti\ccsv6\tools\compiler\c2000_6.2.7\lib\</path>
         <kind>archive</kind>
         <file>rts2800_fpu32.lib</file>
         <name>modf.obj</name>
      </input_file>
      <input_file id="fl-3e">
         <path>E:\ti\ccsv6\tools\compiler\c2000_6.2.7\lib\</path>
         <kind>archive</kind>
         <file>rts2800_fpu32.lib</file>
         <name>sin.obj</name>
      </input_file>
      <input_file id="fl-3f">
         <path>E:\ti\ccsv6\tools\compiler\c2000_6.2.7\lib\</path>
         <kind>archive</kind>
         <file>rts2800_fpu32.lib</file>
         <name>sqrt.obj</name>
      </input_file>
      <input_file id="fl-40">
         <path>E:\ti\ccsv6\tools\compiler\c2000_6.2.7\lib\</path>
         <kind>archive</kind>
         <file>rts2800_fpu32.lib</file>
         <name>_lock.obj</name>
      </input_file>
      <input_file id="fl-41">
         <path>E:\ti\ccsv6\tools\compiler\c2000_6.2.7\lib\</path>
         <kind>archive</kind>
         <file>rts2800_fpu32.lib</file>
         <name>args_main.obj</name>
      </input_file>
      <input_file id="fl-42">
         <path>E:\ti\ccsv6\tools\compiler\c2000_6.2.7\lib\</path>
         <kind>archive</kind>
         <file>rts2800_fpu32.lib</file>
         <name>errno.obj</name>
      </input_file>
   </input_file_list>
   <object_component_list>
      <object_component id="oc-7f">
         <name>.text:retain</name>
         <load_address>0x300a0c</load_address>
         <run_address>0x300a0c</run_address>
         <size>0x3f4</size>
         <input_file_ref idref="fl-10"/>
      </object_component>
      <object_component id="oc-14d">
         <name>.text</name>
         <load_address>0x300e00</load_address>
         <run_address>0x300e00</run_address>
         <size>0x3b9</size>
         <input_file_ref idref="fl-20"/>
      </object_component>
      <object_component id="oc-15e">
         <name>.text</name>
         <load_address>0x3011b9</load_address>
         <run_address>0x3011b9</run_address>
         <size>0x2e4</size>
         <input_file_ref idref="fl-1d"/>
      </object_component>
      <object_component id="oc-151">
         <name>.text</name>
         <load_address>0x30149d</load_address>
         <run_address>0x30149d</run_address>
         <size>0x212</size>
         <input_file_ref idref="fl-1c"/>
      </object_component>
      <object_component id="oc-158">
         <name>.text</name>
         <load_address>0x3016af</load_address>
         <run_address>0x3016af</run_address>
         <size>0x157</size>
         <input_file_ref idref="fl-12"/>
      </object_component>
      <object_component id="oc-65">
         <name>.text</name>
         <load_address>0x301806</load_address>
         <run_address>0x301806</run_address>
         <size>0x138</size>
         <input_file_ref idref="fl-9"/>
      </object_component>
      <object_component id="oc-152">
         <name>.text</name>
         <load_address>0x30193e</load_address>
         <run_address>0x30193e</run_address>
         <size>0x12d</size>
         <input_file_ref idref="fl-1e"/>
      </object_component>
      <object_component id="oc-61">
         <name>.text</name>
         <load_address>0x301a6c</load_address>
         <run_address>0x301a6c</run_address>
         <size>0x9e</size>
         <input_file_ref idref="fl-8"/>
      </object_component>
      <object_component id="oc-11f">
         <name>.text</name>
         <load_address>0x301b0a</load_address>
         <run_address>0x301b0a</run_address>
         <size>0x88</size>
         <input_file_ref idref="fl-39"/>
      </object_component>
      <object_component id="oc-113">
         <name>.text</name>
         <load_address>0x301b92</load_address>
         <run_address>0x301b92</run_address>
         <size>0x83</size>
         <input_file_ref idref="fl-36"/>
      </object_component>
      <object_component id="oc-15a">
         <name>.text</name>
         <load_address>0x301c15</load_address>
         <run_address>0x301c15</run_address>
         <size>0x7f</size>
         <input_file_ref idref="fl-4"/>
      </object_component>
      <object_component id="oc-161">
         <name>.text</name>
         <load_address>0x301c94</load_address>
         <run_address>0x301c94</run_address>
         <size>0x74</size>
         <input_file_ref idref="fl-17"/>
      </object_component>
      <object_component id="oc-159">
         <name>.text</name>
         <load_address>0x301d08</load_address>
         <run_address>0x301d08</run_address>
         <size>0x6e</size>
         <input_file_ref idref="fl-6"/>
      </object_component>
      <object_component id="oc-156">
         <name>.text</name>
         <load_address>0x301d76</load_address>
         <run_address>0x301d76</run_address>
         <size>0x61</size>
         <input_file_ref idref="fl-34"/>
      </object_component>
      <object_component id="oc-14f">
         <name>.text</name>
         <load_address>0x301dd7</load_address>
         <run_address>0x301dd7</run_address>
         <size>0x5d</size>
         <input_file_ref idref="fl-1f"/>
      </object_component>
      <object_component id="oc-155">
         <name>.text</name>
         <load_address>0x301e34</load_address>
         <run_address>0x301e34</run_address>
         <size>0x58</size>
         <input_file_ref idref="fl-3e"/>
      </object_component>
      <object_component id="oc-e4">
         <name>.text:retain</name>
         <load_address>0x301e8c</load_address>
         <run_address>0x301e8c</run_address>
         <size>0x4e</size>
         <input_file_ref idref="fl-1c"/>
      </object_component>
      <object_component id="oc-48">
         <name>.text</name>
         <load_address>0x301eda</load_address>
         <run_address>0x301eda</run_address>
         <size>0x46</size>
         <input_file_ref idref="fl-33"/>
      </object_component>
      <object_component id="oc-5d">
         <name>.text</name>
         <load_address>0x301f20</load_address>
         <run_address>0x301f20</run_address>
         <size>0x44</size>
         <input_file_ref idref="fl-7"/>
      </object_component>
      <object_component id="oc-160">
         <name>.text</name>
         <load_address>0x301f64</load_address>
         <run_address>0x301f64</run_address>
         <size>0x30</size>
         <input_file_ref idref="fl-b"/>
      </object_component>
      <object_component id="oc-162">
         <name>.text</name>
         <load_address>0x301f94</load_address>
         <run_address>0x301f94</run_address>
         <size>0x2e</size>
         <input_file_ref idref="fl-38"/>
      </object_component>
      <object_component id="oc-157">
         <name>.text</name>
         <load_address>0x301fc2</load_address>
         <run_address>0x301fc2</run_address>
         <size>0x2a</size>
         <input_file_ref idref="fl-11"/>
      </object_component>
      <object_component id="oc-14b">
         <name>.text</name>
         <load_address>0x301fec</load_address>
         <run_address>0x301fec</run_address>
         <size>0x23</size>
         <input_file_ref idref="fl-3f"/>
      </object_component>
      <object_component id="oc-127">
         <name>.text</name>
         <load_address>0x30200f</load_address>
         <run_address>0x30200f</run_address>
         <size>0x22</size>
         <input_file_ref idref="fl-3b"/>
      </object_component>
      <object_component id="oc-117">
         <name>.text</name>
         <load_address>0x302031</load_address>
         <run_address>0x302031</run_address>
         <size>0x21</size>
         <input_file_ref idref="fl-37"/>
      </object_component>
      <object_component id="oc-15b">
         <name>.text</name>
         <load_address>0x302052</load_address>
         <run_address>0x302052</run_address>
         <size>0x21</size>
         <input_file_ref idref="fl-3c"/>
      </object_component>
      <object_component id="oc-123">
         <name>.text</name>
         <load_address>0x302073</load_address>
         <run_address>0x302073</run_address>
         <size>0x1c</size>
         <input_file_ref idref="fl-3a"/>
      </object_component>
      <object_component id="oc-163">
         <name>.text</name>
         <load_address>0x30208f</load_address>
         <run_address>0x30208f</run_address>
         <size>0x1a</size>
         <input_file_ref idref="fl-3d"/>
      </object_component>
      <object_component id="oc-149">
         <name>.text</name>
         <load_address>0x3020a9</load_address>
         <run_address>0x3020a9</run_address>
         <size>0x19</size>
         <input_file_ref idref="fl-41"/>
      </object_component>
      <object_component id="oc-14a">
         <name>.text</name>
         <load_address>0x3020c2</load_address>
         <run_address>0x3020c2</run_address>
         <size>0x19</size>
         <input_file_ref idref="fl-35"/>
      </object_component>
      <object_component id="oc-15d">
         <name>.text</name>
         <load_address>0x3020db</load_address>
         <run_address>0x3020db</run_address>
         <size>0x14</size>
         <input_file_ref idref="fl-13"/>
      </object_component>
      <object_component id="oc-7a">
         <name>.text</name>
         <load_address>0x3020ef</load_address>
         <run_address>0x3020ef</run_address>
         <size>0x10</size>
         <input_file_ref idref="fl-f"/>
      </object_component>
      <object_component id="oc-153">
         <name>.text</name>
         <load_address>0x3020ff</load_address>
         <run_address>0x3020ff</run_address>
         <size>0x9</size>
         <input_file_ref idref="fl-40"/>
      </object_component>
      <object_component id="oc-d8">
         <name>.text</name>
         <load_address>0x302108</load_address>
         <run_address>0x302108</run_address>
         <size>0x7</size>
         <input_file_ref idref="fl-1a"/>
      </object_component>
      <object_component id="oc-55">
         <name>.text</name>
         <load_address>0x30210f</load_address>
         <run_address>0x30210f</run_address>
         <size>0x3</size>
         <input_file_ref idref="fl-5"/>
      </object_component>
      <object_component id="oc-e2">
         <name>.cinit</name>
         <load_address>0x302216</load_address>
         <run_address>0x302216</run_address>
         <size>0x67</size>
         <input_file_ref idref="fl-1c"/>
      </object_component>
      <object_component id="oc-13c">
         <name>.cinit</name>
         <load_address>0x30227d</load_address>
         <run_address>0x30227d</run_address>
         <size>0xa</size>
         <input_file_ref idref="fl-40"/>
      </object_component>
      <object_component id="oc-10e">
         <name>.cinit</name>
         <load_address>0x302287</load_address>
         <run_address>0x302287</run_address>
         <size>0xa</size>
         <input_file_ref idref="fl-35"/>
      </object_component>
      <object_component id="oc-f3">
         <name>.cinit</name>
         <load_address>0x302291</load_address>
         <run_address>0x302291</run_address>
         <size>0x9</size>
         <input_file_ref idref="fl-1f"/>
      </object_component>
      <object_component id="oc-fa">
         <name>.cinit</name>
         <load_address>0x30229a</load_address>
         <run_address>0x30229a</run_address>
         <size>0x4</size>
         <input_file_ref idref="fl-20"/>
      </object_component>
      <object_component id="oc-146">
         <name>.cinit</name>
         <load_address>0x30229e</load_address>
         <run_address>0x30229e</run_address>
         <size>0x4</size>
         <input_file_ref idref="fl-42"/>
      </object_component>
      <object_component id="oc-6a">
         <name>.econst</name>
         <load_address>0x302112</load_address>
         <run_address>0x302112</run_address>
         <size>0x100</size>
         <input_file_ref idref="fl-a"/>
      </object_component>
      <object_component id="oc-f5">
         <name>.econst</name>
         <load_address>0x302212</load_address>
         <run_address>0x302212</run_address>
         <size>0x4</size>
         <input_file_ref idref="fl-1f"/>
      </object_component>
      <object_component id="oc-105">
         <name>.reset</name>
         <load_address>0x3fffc0</load_address>
         <run_address>0x3fffc0</run_address>
         <size>0x2</size>
         <input_file_ref idref="fl-33"/>
      </object_component>
      <object_component id="oc-f4">
         <name>.ebss</name>
         <uninitialized>true</uninitialized>
         <run_address>0xc000</run_address>
         <size>0xc80</size>
         <input_file_ref idref="fl-1f"/>
      </object_component>
      <object_component id="oc-ea">
         <name>.ebss</name>
         <uninitialized>true</uninitialized>
         <run_address>0xcc80</run_address>
         <size>0x1a3</size>
         <input_file_ref idref="fl-1d"/>
      </object_component>
      <object_component id="oc-147">
         <name>.ebss</name>
         <uninitialized>true</uninitialized>
         <run_address>0xce23</run_address>
         <size>0x1</size>
         <input_file_ref idref="fl-42"/>
      </object_component>
      <object_component id="oc-cc">
         <name>.ebss</name>
         <uninitialized>true</uninitialized>
         <run_address>0xce24</run_address>
         <size>0x18</size>
         <input_file_ref idref="fl-17"/>
      </object_component>
      <object_component id="oc-13d">
         <name>.ebss</name>
         <uninitialized>true</uninitialized>
         <run_address>0xce3c</run_address>
         <size>0x4</size>
         <input_file_ref idref="fl-40"/>
      </object_component>
      <object_component id="oc-fb">
         <name>.ebss</name>
         <uninitialized>true</uninitialized>
         <run_address>0xce40</run_address>
         <size>0x5a</size>
         <input_file_ref idref="fl-20"/>
      </object_component>
      <object_component id="oc-10f">
         <name>.ebss</name>
         <uninitialized>true</uninitialized>
         <run_address>0xce9a</run_address>
         <size>0x4</size>
         <input_file_ref idref="fl-35"/>
      </object_component>
      <object_component id="oc-e3">
         <name>.ebss</name>
         <uninitialized>true</uninitialized>
         <run_address>0xd000</run_address>
         <size>0x5e8</size>
         <input_file_ref idref="fl-1c"/>
      </object_component>
      <object_component id="oc-104">
         <name>.stack</name>
         <uninitialized>true</uninitialized>
         <run_address>0x400</run_address>
         <size>0x0</size>
         <input_file_ref idref="fl-33"/>
      </object_component>
      <object_component id="oc-1b3">
         <name>.stack</name>
         <uninitialized>true</uninitialized>
         <run_address>0x400</run_address>
         <size>0x0</size>
      </object_component>
      <object_component id="oc-d9">
         <name>codestart</name>
         <load_address>0x33fff6</load_address>
         <run_address>0x33fff6</run_address>
         <size>0x2</size>
         <input_file_ref idref="fl-1a"/>
      </object_component>
      <object_component id="oc-71">
         <name>csm_rsvd</name>
         <load_address>0x33ff80</load_address>
         <run_address>0x33ff80</run_address>
         <size>0x76</size>
         <input_file_ref idref="fl-c"/>
      </object_component>
      <object_component id="oc-70">
         <name>passwords</name>
         <load_address>0x33fff8</load_address>
         <run_address>0x33fff8</run_address>
         <size>0x8</size>
         <input_file_ref idref="fl-c"/>
      </object_component>
      <object_component id="oc-15f">
         <name>secureRamFuncs</name>
         <load_address>0x300000</load_address>
         <run_address>0x8000</run_address>
         <size>0x32f</size>
         <input_file_ref idref="fl-1d"/>
      </object_component>
      <object_component id="oc-14c">
         <name>secureRamFuncs</name>
         <load_address>0x30032f</load_address>
         <run_address>0x832f</run_address>
         <size>0x303</size>
         <input_file_ref idref="fl-20"/>
      </object_component>
      <object_component id="oc-e5">
         <name>secureRamFuncs:retain</name>
         <load_address>0x300632</load_address>
         <run_address>0x8632</run_address>
         <size>0x1ee</size>
         <input_file_ref idref="fl-1c"/>
      </object_component>
      <object_component id="oc-14e">
         <name>secureRamFuncs</name>
         <load_address>0x300820</load_address>
         <run_address>0x8820</run_address>
         <size>0x86</size>
         <input_file_ref idref="fl-1b"/>
      </object_component>
      <object_component id="oc-154">
         <name>secureRamFuncs</name>
         <load_address>0x3008a6</load_address>
         <run_address>0x88a6</run_address>
         <size>0x78</size>
         <input_file_ref idref="fl-21"/>
      </object_component>
      <object_component id="oc-fc">
         <name>secureRamFuncs:retain</name>
         <load_address>0x30091e</load_address>
         <run_address>0x891e</run_address>
         <size>0x76</size>
         <input_file_ref idref="fl-20"/>
      </object_component>
      <object_component id="oc-150">
         <name>secureRamFuncs</name>
         <load_address>0x300994</load_address>
         <run_address>0x8994</run_address>
         <size>0x58</size>
         <input_file_ref idref="fl-1f"/>
      </object_component>
      <object_component id="oc-15c">
         <name>secureRamFuncs</name>
         <load_address>0x3009ec</load_address>
         <run_address>0x89ec</run_address>
         <size>0x1f</size>
         <input_file_ref idref="fl-e"/>
      </object_component>
      <object_component id="oc-d4">
         <name>.adc_cal</name>
         <load_address>0x380080</load_address>
         <run_address>0x380080</run_address>
         <size>0x7</size>
         <input_file_ref idref="fl-19"/>
      </object_component>
      <object_component id="oc-c1">
         <name>PieVectTableFile</name>
         <uninitialized>true</uninitialized>
         <run_address>0xd00</run_address>
         <size>0x100</size>
         <input_file_ref idref="fl-14"/>
      </object_component>
      <object_component id="oc-bd">
         <name>DevEmuRegsFile</name>
         <uninitialized>true</uninitialized>
         <run_address>0x880</run_address>
         <size>0xd0</size>
         <input_file_ref idref="fl-14"/>
      </object_component>
      <object_component id="oc-93">
         <name>FlashRegsFile</name>
         <uninitialized>true</uninitialized>
         <run_address>0xa80</run_address>
         <size>0x8</size>
         <input_file_ref idref="fl-14"/>
      </object_component>
      <object_component id="oc-9b">
         <name>CsmRegsFile</name>
         <uninitialized>true</uninitialized>
         <run_address>0xae0</run_address>
         <size>0x10</size>
         <input_file_ref idref="fl-14"/>
      </object_component>
      <object_component id="oc-9c">
         <name>AdcMirrorFile</name>
         <uninitialized>true</uninitialized>
         <run_address>0xb00</run_address>
         <size>0x10</size>
         <input_file_ref idref="fl-14"/>
      </object_component>
      <object_component id="oc-a0">
         <name>XintfRegsFile</name>
         <uninitialized>true</uninitialized>
         <run_address>0xb20</run_address>
         <size>0x1e</size>
         <input_file_ref idref="fl-14"/>
      </object_component>
      <object_component id="oc-94">
         <name>CpuTimer0RegsFile</name>
         <uninitialized>true</uninitialized>
         <run_address>0xc00</run_address>
         <size>0x8</size>
         <input_file_ref idref="fl-14"/>
      </object_component>
      <object_component id="oc-95">
         <name>CpuTimer1RegsFile</name>
         <uninitialized>true</uninitialized>
         <run_address>0xc08</run_address>
         <size>0x8</size>
         <input_file_ref idref="fl-14"/>
      </object_component>
      <object_component id="oc-91">
         <name>CpuTimer2RegsFile</name>
         <uninitialized>true</uninitialized>
         <run_address>0xc10</run_address>
         <size>0x8</size>
         <input_file_ref idref="fl-14"/>
      </object_component>
      <object_component id="oc-9e">
         <name>PieCtrlRegsFile</name>
         <uninitialized>true</uninitialized>
         <run_address>0xce0</run_address>
         <size>0x1a</size>
         <input_file_ref idref="fl-14"/>
      </object_component>
      <object_component id="oc-be">
         <name>DmaRegsFile</name>
         <uninitialized>true</uninitialized>
         <run_address>0x1000</run_address>
         <size>0xe0</size>
         <input_file_ref idref="fl-14"/>
      </object_component>
      <object_component id="oc-b1">
         <name>McbspaRegsFile</name>
         <uninitialized>true</uninitialized>
         <run_address>0x5000</run_address>
         <size>0x25</size>
         <input_file_ref idref="fl-14"/>
      </object_component>
      <object_component id="oc-b0">
         <name>McbspbRegsFile</name>
         <uninitialized>true</uninitialized>
         <run_address>0x5040</run_address>
         <size>0x25</size>
         <input_file_ref idref="fl-14"/>
      </object_component>
      <object_component id="oc-b3">
         <name>ECanaRegsFile</name>
         <uninitialized>true</uninitialized>
         <run_address>0x6000</run_address>
         <size>0x34</size>
         <input_file_ref idref="fl-14"/>
      </object_component>
      <object_component id="oc-b7">
         <name>ECanaLAMRegsFile</name>
         <uninitialized>true</uninitialized>
         <run_address>0x6040</run_address>
         <size>0x40</size>
         <input_file_ref idref="fl-14"/>
      </object_component>
      <object_component id="oc-c0">
         <name>ECanaMboxesFile</name>
         <uninitialized>true</uninitialized>
         <run_address>0x6100</run_address>
         <size>0x100</size>
         <input_file_ref idref="fl-14"/>
      </object_component>
      <object_component id="oc-b8">
         <name>ECanaMOTSRegsFile</name>
         <uninitialized>true</uninitialized>
         <run_address>0x6080</run_address>
         <size>0x40</size>
         <input_file_ref idref="fl-14"/>
      </object_component>
      <object_component id="oc-b5">
         <name>ECanaMOTORegsFile</name>
         <uninitialized>true</uninitialized>
         <run_address>0x60c0</run_address>
         <size>0x40</size>
         <input_file_ref idref="fl-14"/>
      </object_component>
      <object_component id="oc-b4">
         <name>ECanbRegsFile</name>
         <uninitialized>true</uninitialized>
         <run_address>0x6200</run_address>
         <size>0x34</size>
         <input_file_ref idref="fl-14"/>
      </object_component>
      <object_component id="oc-bc">
         <name>ECanbLAMRegsFile</name>
         <uninitialized>true</uninitialized>
         <run_address>0x6240</run_address>
         <size>0x40</size>
         <input_file_ref idref="fl-14"/>
      </object_component>
      <object_component id="oc-bf">
         <name>ECanbMboxesFile</name>
         <uninitialized>true</uninitialized>
         <run_address>0x6300</run_address>
         <size>0x100</size>
         <input_file_ref idref="fl-14"/>
      </object_component>
      <object_component id="oc-b6">
         <name>ECanbMOTSRegsFile</name>
         <uninitialized>true</uninitialized>
         <run_address>0x6280</run_address>
         <size>0x40</size>
         <input_file_ref idref="fl-14"/>
      </object_component>
      <object_component id="oc-b9">
         <name>ECanbMOTORegsFile</name>
         <uninitialized>true</uninitialized>
         <run_address>0x62c0</run_address>
         <size>0x40</size>
         <input_file_ref idref="fl-14"/>
      </object_component>
      <object_component id="oc-ae">
         <name>EPwm1RegsFile</name>
         <uninitialized>true</uninitialized>
         <run_address>0x6800</run_address>
         <size>0x22</size>
         <input_file_ref idref="fl-14"/>
      </object_component>
      <object_component id="oc-a9">
         <name>EPwm2RegsFile</name>
         <uninitialized>true</uninitialized>
         <run_address>0x6840</run_address>
         <size>0x22</size>
         <input_file_ref idref="fl-14"/>
      </object_component>
      <object_component id="oc-aa">
         <name>EPwm3RegsFile</name>
         <uninitialized>true</uninitialized>
         <run_address>0x6880</run_address>
         <size>0x22</size>
         <input_file_ref idref="fl-14"/>
      </object_component>
      <object_component id="oc-af">
         <name>EPwm4RegsFile</name>
         <uninitialized>true</uninitialized>
         <run_address>0x68c0</run_address>
         <size>0x22</size>
         <input_file_ref idref="fl-14"/>
      </object_component>
      <object_component id="oc-ac">
         <name>EPwm5RegsFile</name>
         <uninitialized>true</uninitialized>
         <run_address>0x6900</run_address>
         <size>0x22</size>
         <input_file_ref idref="fl-14"/>
      </object_component>
      <object_component id="oc-ad">
         <name>EPwm6RegsFile</name>
         <uninitialized>true</uninitialized>
         <run_address>0x6940</run_address>
         <size>0x22</size>
         <input_file_ref idref="fl-14"/>
      </object_component>
      <object_component id="oc-a3">
         <name>ECap1RegsFile</name>
         <uninitialized>true</uninitialized>
         <run_address>0x6a00</run_address>
         <size>0x20</size>
         <input_file_ref idref="fl-14"/>
      </object_component>
      <object_component id="oc-a4">
         <name>ECap2RegsFile</name>
         <uninitialized>true</uninitialized>
         <run_address>0x6a20</run_address>
         <size>0x20</size>
         <input_file_ref idref="fl-14"/>
      </object_component>
      <object_component id="oc-a1">
         <name>ECap3RegsFile</name>
         <uninitialized>true</uninitialized>
         <run_address>0x6a40</run_address>
         <size>0x20</size>
         <input_file_ref idref="fl-14"/>
      </object_component>
      <object_component id="oc-a2">
         <name>ECap4RegsFile</name>
         <uninitialized>true</uninitialized>
         <run_address>0x6a60</run_address>
         <size>0x20</size>
         <input_file_ref idref="fl-14"/>
      </object_component>
      <object_component id="oc-a7">
         <name>ECap5RegsFile</name>
         <uninitialized>true</uninitialized>
         <run_address>0x6a80</run_address>
         <size>0x20</size>
         <input_file_ref idref="fl-14"/>
      </object_component>
      <object_component id="oc-a8">
         <name>ECap6RegsFile</name>
         <uninitialized>true</uninitialized>
         <run_address>0x6aa0</run_address>
         <size>0x20</size>
         <input_file_ref idref="fl-14"/>
      </object_component>
      <object_component id="oc-ba">
         <name>EQep1RegsFile</name>
         <uninitialized>true</uninitialized>
         <run_address>0x6b00</run_address>
         <size>0x40</size>
         <input_file_ref idref="fl-14"/>
      </object_component>
      <object_component id="oc-bb">
         <name>EQep2RegsFile</name>
         <uninitialized>true</uninitialized>
         <run_address>0x6b40</run_address>
         <size>0x40</size>
         <input_file_ref idref="fl-14"/>
      </object_component>
      <object_component id="oc-b2">
         <name>GpioCtrlRegsFile</name>
         <uninitialized>true</uninitialized>
         <run_address>0x6f80</run_address>
         <size>0x2e</size>
         <input_file_ref idref="fl-14"/>
      </object_component>
      <object_component id="oc-a5">
         <name>GpioDataRegsFile</name>
         <uninitialized>true</uninitialized>
         <run_address>0x6fc0</run_address>
         <size>0x20</size>
         <input_file_ref idref="fl-14"/>
      </object_component>
      <object_component id="oc-96">
         <name>GpioIntRegsFile</name>
         <uninitialized>true</uninitialized>
         <run_address>0x6fe0</run_address>
         <size>0xa</size>
         <input_file_ref idref="fl-14"/>
      </object_component>
      <object_component id="oc-a6">
         <name>SysCtrlRegsFile</name>
         <uninitialized>true</uninitialized>
         <run_address>0x7010</run_address>
         <size>0x20</size>
         <input_file_ref idref="fl-14"/>
      </object_component>
      <object_component id="oc-97">
         <name>SpiaRegsFile</name>
         <uninitialized>true</uninitialized>
         <run_address>0x7040</run_address>
         <size>0x10</size>
         <input_file_ref idref="fl-14"/>
      </object_component>
      <object_component id="oc-9a">
         <name>SciaRegsFile</name>
         <uninitialized>true</uninitialized>
         <run_address>0x7050</run_address>
         <size>0x10</size>
         <input_file_ref idref="fl-14"/>
      </object_component>
      <object_component id="oc-9d">
         <name>XIntruptRegsFile</name>
         <uninitialized>true</uninitialized>
         <run_address>0x7070</run_address>
         <size>0x10</size>
         <input_file_ref idref="fl-14"/>
      </object_component>
      <object_component id="oc-9f">
         <name>AdcRegsFile</name>
         <uninitialized>true</uninitialized>
         <run_address>0x7100</run_address>
         <size>0x1e</size>
         <input_file_ref idref="fl-14"/>
      </object_component>
      <object_component id="oc-98">
         <name>ScibRegsFile</name>
         <uninitialized>true</uninitialized>
         <run_address>0x7750</run_address>
         <size>0x10</size>
         <input_file_ref idref="fl-14"/>
      </object_component>
      <object_component id="oc-99">
         <name>ScicRegsFile</name>
         <uninitialized>true</uninitialized>
         <run_address>0x7770</run_address>
         <size>0x10</size>
         <input_file_ref idref="fl-14"/>
      </object_component>
      <object_component id="oc-ab">
         <name>I2caRegsFile</name>
         <uninitialized>true</uninitialized>
         <run_address>0x7900</run_address>
         <size>0x22</size>
         <input_file_ref idref="fl-14"/>
      </object_component>
      <object_component id="oc-92">
         <name>CsmPwlFile</name>
         <uninitialized>true</uninitialized>
         <run_address>0x33fff8</run_address>
         <size>0x8</size>
         <input_file_ref idref="fl-14"/>
      </object_component>
      <object_component id="oc-90">
         <name>PartIdRegsFile</name>
         <uninitialized>true</uninitialized>
         <run_address>0x380090</run_address>
         <size>0x1</size>
         <input_file_ref idref="fl-14"/>
      </object_component>
      <object_component id="oc-49">
         <name>.debug_info</name>
         <load_address>0x0</load_address>
         <run_address>0x0</run_address>
         <size>0x909</size>
         <input_file_ref idref="fl-2"/>
      </object_component>
      <object_component id="oc-4d">
         <name>.debug_info</name>
         <load_address>0x909</load_address>
         <run_address>0x909</run_address>
         <size>0xec7</size>
         <input_file_ref idref="fl-3"/>
      </object_component>
      <object_component id="oc-51">
         <name>.debug_info</name>
         <load_address>0x17d0</load_address>
         <run_address>0x17d0</run_address>
         <size>0x120c</size>
         <input_file_ref idref="fl-4"/>
      </object_component>
      <object_component id="oc-56">
         <name>.debug_info</name>
         <load_address>0x29dc</load_address>
         <run_address>0x29dc</run_address>
         <size>0x105</size>
         <input_file_ref idref="fl-5"/>
      </object_component>
      <object_component id="oc-59">
         <name>.debug_info</name>
         <load_address>0x2ae1</load_address>
         <run_address>0x2ae1</run_address>
         <size>0x5d1</size>
         <input_file_ref idref="fl-6"/>
      </object_component>
      <object_component id="oc-5e">
         <name>.debug_info</name>
         <load_address>0x30b2</load_address>
         <run_address>0x30b2</run_address>
         <size>0x118</size>
         <input_file_ref idref="fl-7"/>
      </object_component>
      <object_component id="oc-62">
         <name>.debug_info</name>
         <load_address>0x31ca</load_address>
         <run_address>0x31ca</run_address>
         <size>0x1a9</size>
         <input_file_ref idref="fl-8"/>
      </object_component>
      <object_component id="oc-66">
         <name>.debug_info</name>
         <load_address>0x3373</load_address>
         <run_address>0x3373</run_address>
         <size>0x1eb</size>
         <input_file_ref idref="fl-9"/>
      </object_component>
      <object_component id="oc-69">
         <name>.debug_info</name>
         <load_address>0x355e</load_address>
         <run_address>0x355e</run_address>
         <size>0x1ab1</size>
         <input_file_ref idref="fl-a"/>
      </object_component>
      <object_component id="oc-6c">
         <name>.debug_info</name>
         <load_address>0x500f</load_address>
         <run_address>0x500f</run_address>
         <size>0x19e9</size>
         <input_file_ref idref="fl-b"/>
      </object_component>
      <object_component id="oc-72">
         <name>.debug_info</name>
         <load_address>0x69f8</load_address>
         <run_address>0x69f8</run_address>
         <size>0x2014</size>
         <input_file_ref idref="fl-d"/>
      </object_component>
      <object_component id="oc-76">
         <name>.debug_info</name>
         <load_address>0x8a0c</load_address>
         <run_address>0x8a0c</run_address>
         <size>0x8d2</size>
         <input_file_ref idref="fl-e"/>
      </object_component>
      <object_component id="oc-7b">
         <name>.debug_info</name>
         <load_address>0x92de</load_address>
         <run_address>0x92de</run_address>
         <size>0x101</size>
         <input_file_ref idref="fl-f"/>
      </object_component>
      <object_component id="oc-7e">
         <name>.debug_info</name>
         <load_address>0x93df</load_address>
         <run_address>0x93df</run_address>
         <size>0x32e4</size>
         <input_file_ref idref="fl-10"/>
      </object_component>
      <object_component id="oc-83">
         <name>.debug_info</name>
         <load_address>0xc6c3</load_address>
         <run_address>0xc6c3</run_address>
         <size>0x1ce0</size>
         <input_file_ref idref="fl-11"/>
      </object_component>
      <object_component id="oc-87">
         <name>.debug_info</name>
         <load_address>0xe3a3</load_address>
         <run_address>0xe3a3</run_address>
         <size>0x53b0</size>
         <input_file_ref idref="fl-12"/>
      </object_component>
      <object_component id="oc-8b">
         <name>.debug_info</name>
         <load_address>0x13753</load_address>
         <run_address>0x13753</run_address>
         <size>0x1c4d</size>
         <input_file_ref idref="fl-13"/>
      </object_component>
      <object_component id="oc-8f">
         <name>.debug_info</name>
         <load_address>0x153a0</load_address>
         <run_address>0x153a0</run_address>
         <size>0x12f05</size>
         <input_file_ref idref="fl-14"/>
      </object_component>
      <object_component id="oc-c3">
         <name>.debug_info</name>
         <load_address>0x282a5</load_address>
         <run_address>0x282a5</run_address>
         <size>0x1b5c</size>
         <input_file_ref idref="fl-15"/>
      </object_component>
      <object_component id="oc-c7">
         <name>.debug_info</name>
         <load_address>0x29e01</load_address>
         <run_address>0x29e01</run_address>
         <size>0x1b5c</size>
         <input_file_ref idref="fl-16"/>
      </object_component>
      <object_component id="oc-cb">
         <name>.debug_info</name>
         <load_address>0x2b95d</load_address>
         <run_address>0x2b95d</run_address>
         <size>0x9d4</size>
         <input_file_ref idref="fl-17"/>
      </object_component>
      <object_component id="oc-d0">
         <name>.debug_info</name>
         <load_address>0x2c331</load_address>
         <run_address>0x2c331</run_address>
         <size>0x1dd7</size>
         <input_file_ref idref="fl-18"/>
      </object_component>
      <object_component id="oc-d5">
         <name>.debug_info</name>
         <load_address>0x2e108</load_address>
         <run_address>0x2e108</run_address>
         <size>0x113</size>
         <input_file_ref idref="fl-19"/>
      </object_component>
      <object_component id="oc-da">
         <name>.debug_info</name>
         <load_address>0x2e21b</load_address>
         <run_address>0x2e21b</run_address>
         <size>0x14a</size>
         <input_file_ref idref="fl-1a"/>
      </object_component>
      <object_component id="oc-dd">
         <name>.debug_info</name>
         <load_address>0x2e365</load_address>
         <run_address>0x2e365</run_address>
         <size>0x4699</size>
         <input_file_ref idref="fl-1b"/>
      </object_component>
      <object_component id="oc-e1">
         <name>.debug_info</name>
         <load_address>0x329fe</load_address>
         <run_address>0x329fe</run_address>
         <size>0x3ced</size>
         <input_file_ref idref="fl-1c"/>
      </object_component>
      <object_component id="oc-e9">
         <name>.debug_info</name>
         <load_address>0x366eb</load_address>
         <run_address>0x366eb</run_address>
         <size>0x3718</size>
         <input_file_ref idref="fl-1d"/>
      </object_component>
      <object_component id="oc-ee">
         <name>.debug_info</name>
         <load_address>0x39e03</load_address>
         <run_address>0x39e03</run_address>
         <size>0x3c35</size>
         <input_file_ref idref="fl-1e"/>
      </object_component>
      <object_component id="oc-f2">
         <name>.debug_info</name>
         <load_address>0x3da38</load_address>
         <run_address>0x3da38</run_address>
         <size>0xf3a</size>
         <input_file_ref idref="fl-1f"/>
      </object_component>
      <object_component id="oc-f9">
         <name>.debug_info</name>
         <load_address>0x3e972</load_address>
         <run_address>0x3e972</run_address>
         <size>0x2af1</size>
         <input_file_ref idref="fl-20"/>
      </object_component>
      <object_component id="oc-100">
         <name>.debug_info</name>
         <load_address>0x41463</load_address>
         <run_address>0x41463</run_address>
         <size>0xe45</size>
         <input_file_ref idref="fl-21"/>
      </object_component>
      <object_component id="oc-106">
         <name>.debug_info</name>
         <load_address>0x422a8</load_address>
         <run_address>0x422a8</run_address>
         <size>0xde</size>
         <input_file_ref idref="fl-33"/>
      </object_component>
      <object_component id="oc-109">
         <name>.debug_info</name>
         <load_address>0x42386</load_address>
         <run_address>0x42386</run_address>
         <size>0x3c6</size>
         <input_file_ref idref="fl-34"/>
      </object_component>
      <object_component id="oc-10d">
         <name>.debug_info</name>
         <load_address>0x4274c</load_address>
         <run_address>0x4274c</run_address>
         <size>0x488</size>
         <input_file_ref idref="fl-35"/>
      </object_component>
      <object_component id="oc-114">
         <name>.debug_info</name>
         <load_address>0x42bd4</load_address>
         <run_address>0x42bd4</run_address>
         <size>0xc0</size>
         <input_file_ref idref="fl-36"/>
      </object_component>
      <object_component id="oc-118">
         <name>.debug_info</name>
         <load_address>0x42c94</load_address>
         <run_address>0x42c94</run_address>
         <size>0xc0</size>
         <input_file_ref idref="fl-37"/>
      </object_component>
      <object_component id="oc-11b">
         <name>.debug_info</name>
         <load_address>0x42d54</load_address>
         <run_address>0x42d54</run_address>
         <size>0x413</size>
         <input_file_ref idref="fl-38"/>
      </object_component>
      <object_component id="oc-120">
         <name>.debug_info</name>
         <load_address>0x43167</load_address>
         <run_address>0x43167</run_address>
         <size>0xc0</size>
         <input_file_ref idref="fl-39"/>
      </object_component>
      <object_component id="oc-124">
         <name>.debug_info</name>
         <load_address>0x43227</load_address>
         <run_address>0x43227</run_address>
         <size>0xc6</size>
         <input_file_ref idref="fl-3a"/>
      </object_component>
      <object_component id="oc-128">
         <name>.debug_info</name>
         <load_address>0x432ed</load_address>
         <run_address>0x432ed</run_address>
         <size>0xeb</size>
         <input_file_ref idref="fl-3b"/>
      </object_component>
      <object_component id="oc-12b">
         <name>.debug_info</name>
         <load_address>0x433d8</load_address>
         <run_address>0x433d8</run_address>
         <size>0x455</size>
         <input_file_ref idref="fl-3c"/>
      </object_component>
      <object_component id="oc-12f">
         <name>.debug_info</name>
         <load_address>0x4382d</load_address>
         <run_address>0x4382d</run_address>
         <size>0x3db</size>
         <input_file_ref idref="fl-3d"/>
      </object_component>
      <object_component id="oc-133">
         <name>.debug_info</name>
         <load_address>0x43c08</load_address>
         <run_address>0x43c08</run_address>
         <size>0x3d8</size>
         <input_file_ref idref="fl-3e"/>
      </object_component>
      <object_component id="oc-137">
         <name>.debug_info</name>
         <load_address>0x43fe0</load_address>
         <run_address>0x43fe0</run_address>
         <size>0x3e0</size>
         <input_file_ref idref="fl-3f"/>
      </object_component>
      <object_component id="oc-13b">
         <name>.debug_info</name>
         <load_address>0x443c0</load_address>
         <run_address>0x443c0</run_address>
         <size>0x4ae</size>
         <input_file_ref idref="fl-40"/>
      </object_component>
      <object_component id="oc-141">
         <name>.debug_info</name>
         <load_address>0x4486e</load_address>
         <run_address>0x4486e</run_address>
         <size>0x46f</size>
         <input_file_ref idref="fl-41"/>
      </object_component>
      <object_component id="oc-145">
         <name>.debug_info</name>
         <load_address>0x44cdd</load_address>
         <run_address>0x44cdd</run_address>
         <size>0x355</size>
         <input_file_ref idref="fl-42"/>
      </object_component>
      <object_component id="oc-1b6">
         <name>.debug_info</name>
         <load_address>0x45032</load_address>
         <run_address>0x45032</run_address>
         <size>0x6f</size>
      </object_component>
      <object_component id="oc-4a">
         <name>.debug_frame</name>
         <load_address>0x0</load_address>
         <run_address>0x0</run_address>
         <size>0x8e</size>
         <input_file_ref idref="fl-2"/>
      </object_component>
      <object_component id="oc-4e">
         <name>.debug_frame</name>
         <load_address>0x8e</load_address>
         <run_address>0x8e</run_address>
         <size>0x8e</size>
         <input_file_ref idref="fl-3"/>
      </object_component>
      <object_component id="oc-52">
         <name>.debug_frame</name>
         <load_address>0x11c</load_address>
         <run_address>0x11c</run_address>
         <size>0xa6</size>
         <input_file_ref idref="fl-4"/>
      </object_component>
      <object_component id="oc-5a">
         <name>.debug_frame</name>
         <load_address>0x1c2</load_address>
         <run_address>0x1c2</run_address>
         <size>0xad</size>
         <input_file_ref idref="fl-6"/>
      </object_component>
      <object_component id="oc-6d">
         <name>.debug_frame</name>
         <load_address>0x26f</load_address>
         <run_address>0x26f</run_address>
         <size>0xa6</size>
         <input_file_ref idref="fl-b"/>
      </object_component>
      <object_component id="oc-73">
         <name>.debug_frame</name>
         <load_address>0x315</load_address>
         <run_address>0x315</run_address>
         <size>0x8f</size>
         <input_file_ref idref="fl-d"/>
      </object_component>
      <object_component id="oc-77">
         <name>.debug_frame</name>
         <load_address>0x3a4</load_address>
         <run_address>0x3a4</run_address>
         <size>0xa6</size>
         <input_file_ref idref="fl-e"/>
      </object_component>
      <object_component id="oc-80">
         <name>.debug_frame</name>
         <load_address>0x44a</load_address>
         <run_address>0x44a</run_address>
         <size>0xcbe</size>
         <input_file_ref idref="fl-10"/>
      </object_component>
      <object_component id="oc-84">
         <name>.debug_frame</name>
         <load_address>0x1108</load_address>
         <run_address>0x1108</run_address>
         <size>0xd6</size>
         <input_file_ref idref="fl-11"/>
      </object_component>
      <object_component id="oc-88">
         <name>.debug_frame</name>
         <load_address>0x11de</load_address>
         <run_address>0x11de</run_address>
         <size>0x27a</size>
         <input_file_ref idref="fl-12"/>
      </object_component>
      <object_component id="oc-8c">
         <name>.debug_frame</name>
         <load_address>0x1458</load_address>
         <run_address>0x1458</run_address>
         <size>0xbe</size>
         <input_file_ref idref="fl-13"/>
      </object_component>
      <object_component id="oc-c4">
         <name>.debug_frame</name>
         <load_address>0x1516</load_address>
         <run_address>0x1516</run_address>
         <size>0x8e</size>
         <input_file_ref idref="fl-15"/>
      </object_component>
      <object_component id="oc-c8">
         <name>.debug_frame</name>
         <load_address>0x15a4</load_address>
         <run_address>0x15a4</run_address>
         <size>0x8e</size>
         <input_file_ref idref="fl-16"/>
      </object_component>
      <object_component id="oc-cd">
         <name>.debug_frame</name>
         <load_address>0x1632</load_address>
         <run_address>0x1632</run_address>
         <size>0xc4</size>
         <input_file_ref idref="fl-17"/>
      </object_component>
      <object_component id="oc-d1">
         <name>.debug_frame</name>
         <load_address>0x16f6</load_address>
         <run_address>0x16f6</run_address>
         <size>0x8e</size>
         <input_file_ref idref="fl-18"/>
      </object_component>
      <object_component id="oc-de">
         <name>.debug_frame</name>
         <load_address>0x1784</load_address>
         <run_address>0x1784</run_address>
         <size>0x112</size>
         <input_file_ref idref="fl-1b"/>
      </object_component>
      <object_component id="oc-e6">
         <name>.debug_frame</name>
         <load_address>0x1896</load_address>
         <run_address>0x1896</run_address>
         <size>0x3db</size>
         <input_file_ref idref="fl-1c"/>
      </object_component>
      <object_component id="oc-eb">
         <name>.debug_frame</name>
         <load_address>0x1c71</load_address>
         <run_address>0x1c71</run_address>
         <size>0x260</size>
         <input_file_ref idref="fl-1d"/>
      </object_component>
      <object_component id="oc-ef">
         <name>.debug_frame</name>
         <load_address>0x1ed1</load_address>
         <run_address>0x1ed1</run_address>
         <size>0xc6</size>
         <input_file_ref idref="fl-1e"/>
      </object_component>
      <object_component id="oc-f6">
         <name>.debug_frame</name>
         <load_address>0x1f97</load_address>
         <run_address>0x1f97</run_address>
         <size>0xe9</size>
         <input_file_ref idref="fl-1f"/>
      </object_component>
      <object_component id="oc-fd">
         <name>.debug_frame</name>
         <load_address>0x2080</load_address>
         <run_address>0x2080</run_address>
         <size>0x297</size>
         <input_file_ref idref="fl-20"/>
      </object_component>
      <object_component id="oc-101">
         <name>.debug_frame</name>
         <load_address>0x2317</load_address>
         <run_address>0x2317</run_address>
         <size>0xe2</size>
         <input_file_ref idref="fl-21"/>
      </object_component>
      <object_component id="oc-10a">
         <name>.debug_frame</name>
         <load_address>0x23f9</load_address>
         <run_address>0x23f9</run_address>
         <size>0xad</size>
         <input_file_ref idref="fl-34"/>
      </object_component>
      <object_component id="oc-110">
         <name>.debug_frame</name>
         <load_address>0x24a6</load_address>
         <run_address>0x24a6</run_address>
         <size>0xc7</size>
         <input_file_ref idref="fl-35"/>
      </object_component>
      <object_component id="oc-11c">
         <name>.debug_frame</name>
         <load_address>0x256d</load_address>
         <run_address>0x256d</run_address>
         <size>0xac</size>
         <input_file_ref idref="fl-38"/>
      </object_component>
      <object_component id="oc-12c">
         <name>.debug_frame</name>
         <load_address>0x2619</load_address>
         <run_address>0x2619</run_address>
         <size>0xa6</size>
         <input_file_ref idref="fl-3c"/>
      </object_component>
      <object_component id="oc-130">
         <name>.debug_frame</name>
         <load_address>0x26bf</load_address>
         <run_address>0x26bf</run_address>
         <size>0xac</size>
         <input_file_ref idref="fl-3d"/>
      </object_component>
      <object_component id="oc-134">
         <name>.debug_frame</name>
         <load_address>0x276b</load_address>
         <run_address>0x276b</run_address>
         <size>0xad</size>
         <input_file_ref idref="fl-3e"/>
      </object_component>
      <object_component id="oc-138">
         <name>.debug_frame</name>
         <load_address>0x2818</load_address>
         <run_address>0x2818</run_address>
         <size>0xac</size>
         <input_file_ref idref="fl-3f"/>
      </object_component>
      <object_component id="oc-13e">
         <name>.debug_frame</name>
         <load_address>0x28c4</load_address>
         <run_address>0x28c4</run_address>
         <size>0xd6</size>
         <input_file_ref idref="fl-40"/>
      </object_component>
      <object_component id="oc-142">
         <name>.debug_frame</name>
         <load_address>0x299a</load_address>
         <run_address>0x299a</run_address>
         <size>0xa6</size>
         <input_file_ref idref="fl-41"/>
      </object_component>
      <object_component id="oc-4b">
         <name>.debug_line</name>
         <load_address>0x0</load_address>
         <run_address>0x0</run_address>
         <size>0x3d</size>
         <input_file_ref idref="fl-2"/>
      </object_component>
      <object_component id="oc-4f">
         <name>.debug_line</name>
         <load_address>0x3d</load_address>
         <run_address>0x3d</run_address>
         <size>0x40</size>
         <input_file_ref idref="fl-3"/>
      </object_component>
      <object_component id="oc-53">
         <name>.debug_line</name>
         <load_address>0x7d</load_address>
         <run_address>0x7d</run_address>
         <size>0x98</size>
         <input_file_ref idref="fl-4"/>
      </object_component>
      <object_component id="oc-57">
         <name>.debug_line</name>
         <load_address>0x115</load_address>
         <run_address>0x115</run_address>
         <size>0x53</size>
         <input_file_ref idref="fl-5"/>
      </object_component>
      <object_component id="oc-5b">
         <name>.debug_line</name>
         <load_address>0x168</load_address>
         <run_address>0x168</run_address>
         <size>0x90</size>
         <input_file_ref idref="fl-6"/>
      </object_component>
      <object_component id="oc-5f">
         <name>.debug_line</name>
         <load_address>0x1f8</load_address>
         <run_address>0x1f8</run_address>
         <size>0x85</size>
         <input_file_ref idref="fl-7"/>
      </object_component>
      <object_component id="oc-63">
         <name>.debug_line</name>
         <load_address>0x27d</load_address>
         <run_address>0x27d</run_address>
         <size>0xcc</size>
         <input_file_ref idref="fl-8"/>
      </object_component>
      <object_component id="oc-67">
         <name>.debug_line</name>
         <load_address>0x349</load_address>
         <run_address>0x349</run_address>
         <size>0x13f</size>
         <input_file_ref idref="fl-9"/>
      </object_component>
      <object_component id="oc-6e">
         <name>.debug_line</name>
         <load_address>0x488</load_address>
         <run_address>0x488</run_address>
         <size>0x7b</size>
         <input_file_ref idref="fl-b"/>
      </object_component>
      <object_component id="oc-74">
         <name>.debug_line</name>
         <load_address>0x503</load_address>
         <run_address>0x503</run_address>
         <size>0x3c</size>
         <input_file_ref idref="fl-d"/>
      </object_component>
      <object_component id="oc-78">
         <name>.debug_line</name>
         <load_address>0x53f</load_address>
         <run_address>0x53f</run_address>
         <size>0x5f</size>
         <input_file_ref idref="fl-e"/>
      </object_component>
      <object_component id="oc-7c">
         <name>.debug_line</name>
         <load_address>0x59e</load_address>
         <run_address>0x59e</run_address>
         <size>0x5a</size>
         <input_file_ref idref="fl-f"/>
      </object_component>
      <object_component id="oc-81">
         <name>.debug_line</name>
         <load_address>0x5f8</load_address>
         <run_address>0x5f8</run_address>
         <size>0x81b</size>
         <input_file_ref idref="fl-10"/>
      </object_component>
      <object_component id="oc-85">
         <name>.debug_line</name>
         <load_address>0xe13</load_address>
         <run_address>0xe13</run_address>
         <size>0x92</size>
         <input_file_ref idref="fl-11"/>
      </object_component>
      <object_component id="oc-89">
         <name>.debug_line</name>
         <load_address>0xea5</load_address>
         <run_address>0xea5</run_address>
         <size>0x2c5</size>
         <input_file_ref idref="fl-12"/>
      </object_component>
      <object_component id="oc-8d">
         <name>.debug_line</name>
         <load_address>0x116a</load_address>
         <run_address>0x116a</run_address>
         <size>0x74</size>
         <input_file_ref idref="fl-13"/>
      </object_component>
      <object_component id="oc-c5">
         <name>.debug_line</name>
         <load_address>0x11de</load_address>
         <run_address>0x11de</run_address>
         <size>0x45</size>
         <input_file_ref idref="fl-15"/>
      </object_component>
      <object_component id="oc-c9">
         <name>.debug_line</name>
         <load_address>0x1223</load_address>
         <run_address>0x1223</run_address>
         <size>0x45</size>
         <input_file_ref idref="fl-16"/>
      </object_component>
      <object_component id="oc-ce">
         <name>.debug_line</name>
         <load_address>0x1268</load_address>
         <run_address>0x1268</run_address>
         <size>0x96</size>
         <input_file_ref idref="fl-17"/>
      </object_component>
      <object_component id="oc-d2">
         <name>.debug_line</name>
         <load_address>0x12fe</load_address>
         <run_address>0x12fe</run_address>
         <size>0x44</size>
         <input_file_ref idref="fl-18"/>
      </object_component>
      <object_component id="oc-d6">
         <name>.debug_line</name>
         <load_address>0x1342</load_address>
         <run_address>0x1342</run_address>
         <size>0x5b</size>
         <input_file_ref idref="fl-19"/>
      </object_component>
      <object_component id="oc-db">
         <name>.debug_line</name>
         <load_address>0x139d</load_address>
         <run_address>0x139d</run_address>
         <size>0x69</size>
         <input_file_ref idref="fl-1a"/>
      </object_component>
      <object_component id="oc-df">
         <name>.debug_line</name>
         <load_address>0x1406</load_address>
         <run_address>0x1406</run_address>
         <size>0xe1</size>
         <input_file_ref idref="fl-1b"/>
      </object_component>
      <object_component id="oc-e7">
         <name>.debug_line</name>
         <load_address>0x14e7</load_address>
         <run_address>0x14e7</run_address>
         <size>0x40b</size>
         <input_file_ref idref="fl-1c"/>
      </object_component>
      <object_component id="oc-ec">
         <name>.debug_line</name>
         <load_address>0x18f2</load_address>
         <run_address>0x18f2</run_address>
         <size>0x584</size>
         <input_file_ref idref="fl-1d"/>
      </object_component>
      <object_component id="oc-f0">
         <name>.debug_line</name>
         <load_address>0x1e76</load_address>
         <run_address>0x1e76</run_address>
         <size>0xaf</size>
         <input_file_ref idref="fl-1e"/>
      </object_component>
      <object_component id="oc-f7">
         <name>.debug_line</name>
         <load_address>0x1f25</load_address>
         <run_address>0x1f25</run_address>
         <size>0xc9</size>
         <input_file_ref idref="fl-1f"/>
      </object_component>
      <object_component id="oc-fe">
         <name>.debug_line</name>
         <load_address>0x1fee</load_address>
         <run_address>0x1fee</run_address>
         <size>0x4ee</size>
         <input_file_ref idref="fl-20"/>
      </object_component>
      <object_component id="oc-102">
         <name>.debug_line</name>
         <load_address>0x24dc</load_address>
         <run_address>0x24dc</run_address>
         <size>0xbb</size>
         <input_file_ref idref="fl-21"/>
      </object_component>
      <object_component id="oc-107">
         <name>.debug_line</name>
         <load_address>0x2597</load_address>
         <run_address>0x2597</run_address>
         <size>0x71</size>
         <input_file_ref idref="fl-33"/>
      </object_component>
      <object_component id="oc-10b">
         <name>.debug_line</name>
         <load_address>0x2608</load_address>
         <run_address>0x2608</run_address>
         <size>0x49</size>
         <input_file_ref idref="fl-34"/>
      </object_component>
      <object_component id="oc-111">
         <name>.debug_line</name>
         <load_address>0x2651</load_address>
         <run_address>0x2651</run_address>
         <size>0x62</size>
         <input_file_ref idref="fl-35"/>
      </object_component>
      <object_component id="oc-115">
         <name>.debug_line</name>
         <load_address>0x26b3</load_address>
         <run_address>0x26b3</run_address>
         <size>0x9f</size>
         <input_file_ref idref="fl-36"/>
      </object_component>
      <object_component id="oc-119">
         <name>.debug_line</name>
         <load_address>0x2752</load_address>
         <run_address>0x2752</run_address>
         <size>0x56</size>
         <input_file_ref idref="fl-37"/>
      </object_component>
      <object_component id="oc-11d">
         <name>.debug_line</name>
         <load_address>0x27a8</load_address>
         <run_address>0x27a8</run_address>
         <size>0x49</size>
         <input_file_ref idref="fl-38"/>
      </object_component>
      <object_component id="oc-121">
         <name>.debug_line</name>
         <load_address>0x27f1</load_address>
         <run_address>0x27f1</run_address>
         <size>0xaa</size>
         <input_file_ref idref="fl-39"/>
      </object_component>
      <object_component id="oc-125">
         <name>.debug_line</name>
         <load_address>0x289b</load_address>
         <run_address>0x289b</run_address>
         <size>0x55</size>
         <input_file_ref idref="fl-3a"/>
      </object_component>
      <object_component id="oc-129">
         <name>.debug_line</name>
         <load_address>0x28f0</load_address>
         <run_address>0x28f0</run_address>
         <size>0x66</size>
         <input_file_ref idref="fl-3b"/>
      </object_component>
      <object_component id="oc-12d">
         <name>.debug_line</name>
         <load_address>0x2956</load_address>
         <run_address>0x2956</run_address>
         <size>0x5c</size>
         <input_file_ref idref="fl-3c"/>
      </object_component>
      <object_component id="oc-131">
         <name>.debug_line</name>
         <load_address>0x29b2</load_address>
         <run_address>0x29b2</run_address>
         <size>0x3e</size>
         <input_file_ref idref="fl-3d"/>
      </object_component>
      <object_component id="oc-135">
         <name>.debug_line</name>
         <load_address>0x29f0</load_address>
         <run_address>0x29f0</run_address>
         <size>0x5c</size>
         <input_file_ref idref="fl-3e"/>
      </object_component>
      <object_component id="oc-139">
         <name>.debug_line</name>
         <load_address>0x2a4c</load_address>
         <run_address>0x2a4c</run_address>
         <size>0x4f</size>
         <input_file_ref idref="fl-3f"/>
      </object_component>
      <object_component id="oc-13f">
         <name>.debug_line</name>
         <load_address>0x2a9b</load_address>
         <run_address>0x2a9b</run_address>
         <size>0x5b</size>
         <input_file_ref idref="fl-40"/>
      </object_component>
      <object_component id="oc-143">
         <name>.debug_line</name>
         <load_address>0x2af6</load_address>
         <run_address>0x2af6</run_address>
         <size>0x50</size>
         <input_file_ref idref="fl-41"/>
      </object_component>
      <object_component id="oc-4c">
         <name>.debug_abbrev</name>
         <load_address>0x0</load_address>
         <run_address>0x0</run_address>
         <size>0xcd</size>
         <input_file_ref idref="fl-2"/>
      </object_component>
      <object_component id="oc-50">
         <name>.debug_abbrev</name>
         <load_address>0xcd</load_address>
         <run_address>0xcd</run_address>
         <size>0xcd</size>
         <input_file_ref idref="fl-3"/>
      </object_component>
      <object_component id="oc-54">
         <name>.debug_abbrev</name>
         <load_address>0x19a</load_address>
         <run_address>0x19a</run_address>
         <size>0xff</size>
         <input_file_ref idref="fl-4"/>
      </object_component>
      <object_component id="oc-58">
         <name>.debug_abbrev</name>
         <load_address>0x299</load_address>
         <run_address>0x299</run_address>
         <size>0x2c</size>
         <input_file_ref idref="fl-5"/>
      </object_component>
      <object_component id="oc-5c">
         <name>.debug_abbrev</name>
         <load_address>0x2c5</load_address>
         <run_address>0x2c5</run_address>
         <size>0xc6</size>
         <input_file_ref idref="fl-6"/>
      </object_component>
      <object_component id="oc-60">
         <name>.debug_abbrev</name>
         <load_address>0x38b</load_address>
         <run_address>0x38b</run_address>
         <size>0x3a</size>
         <input_file_ref idref="fl-7"/>
      </object_component>
      <object_component id="oc-64">
         <name>.debug_abbrev</name>
         <load_address>0x3c5</load_address>
         <run_address>0x3c5</run_address>
         <size>0x3a</size>
         <input_file_ref idref="fl-8"/>
      </object_component>
      <object_component id="oc-68">
         <name>.debug_abbrev</name>
         <load_address>0x3ff</load_address>
         <run_address>0x3ff</run_address>
         <size>0x3a</size>
         <input_file_ref idref="fl-9"/>
      </object_component>
      <object_component id="oc-6b">
         <name>.debug_abbrev</name>
         <load_address>0x439</load_address>
         <run_address>0x439</run_address>
         <size>0x89</size>
         <input_file_ref idref="fl-a"/>
      </object_component>
      <object_component id="oc-6f">
         <name>.debug_abbrev</name>
         <load_address>0x4c2</load_address>
         <run_address>0x4c2</run_address>
         <size>0x10e</size>
         <input_file_ref idref="fl-b"/>
      </object_component>
      <object_component id="oc-75">
         <name>.debug_abbrev</name>
         <load_address>0x5d0</load_address>
         <run_address>0x5d0</run_address>
         <size>0xcd</size>
         <input_file_ref idref="fl-d"/>
      </object_component>
      <object_component id="oc-79">
         <name>.debug_abbrev</name>
         <load_address>0x69d</load_address>
         <run_address>0x69d</run_address>
         <size>0xbb</size>
         <input_file_ref idref="fl-e"/>
      </object_component>
      <object_component id="oc-7d">
         <name>.debug_abbrev</name>
         <load_address>0x758</load_address>
         <run_address>0x758</run_address>
         <size>0x2c</size>
         <input_file_ref idref="fl-f"/>
      </object_component>
      <object_component id="oc-82">
         <name>.debug_abbrev</name>
         <load_address>0x784</load_address>
         <run_address>0x784</run_address>
         <size>0xda</size>
         <input_file_ref idref="fl-10"/>
      </object_component>
      <object_component id="oc-86">
         <name>.debug_abbrev</name>
         <load_address>0x85e</load_address>
         <run_address>0x85e</run_address>
         <size>0xdb</size>
         <input_file_ref idref="fl-11"/>
      </object_component>
      <object_component id="oc-8a">
         <name>.debug_abbrev</name>
         <load_address>0x939</load_address>
         <run_address>0x939</run_address>
         <size>0x133</size>
         <input_file_ref idref="fl-12"/>
      </object_component>
      <object_component id="oc-8e">
         <name>.debug_abbrev</name>
         <load_address>0xa6c</load_address>
         <run_address>0xa6c</run_address>
         <size>0xcd</size>
         <input_file_ref idref="fl-13"/>
      </object_component>
      <object_component id="oc-c2">
         <name>.debug_abbrev</name>
         <load_address>0xb39</load_address>
         <run_address>0xb39</run_address>
         <size>0xb3</size>
         <input_file_ref idref="fl-14"/>
      </object_component>
      <object_component id="oc-c6">
         <name>.debug_abbrev</name>
         <load_address>0xbec</load_address>
         <run_address>0xbec</run_address>
         <size>0xdb</size>
         <input_file_ref idref="fl-15"/>
      </object_component>
      <object_component id="oc-ca">
         <name>.debug_abbrev</name>
         <load_address>0xcc7</load_address>
         <run_address>0xcc7</run_address>
         <size>0x100</size>
         <input_file_ref idref="fl-16"/>
      </object_component>
      <object_component id="oc-cf">
         <name>.debug_abbrev</name>
         <load_address>0xdc7</load_address>
         <run_address>0xdc7</run_address>
         <size>0xf0</size>
         <input_file_ref idref="fl-17"/>
      </object_component>
      <object_component id="oc-d3">
         <name>.debug_abbrev</name>
         <load_address>0xeb7</load_address>
         <run_address>0xeb7</run_address>
         <size>0xfe</size>
         <input_file_ref idref="fl-18"/>
      </object_component>
      <object_component id="oc-d7">
         <name>.debug_abbrev</name>
         <load_address>0xfb5</load_address>
         <run_address>0xfb5</run_address>
         <size>0x2c</size>
         <input_file_ref idref="fl-19"/>
      </object_component>
      <object_component id="oc-dc">
         <name>.debug_abbrev</name>
         <load_address>0xfe1</load_address>
         <run_address>0xfe1</run_address>
         <size>0x20</size>
         <input_file_ref idref="fl-1a"/>
      </object_component>
      <object_component id="oc-e0">
         <name>.debug_abbrev</name>
         <load_address>0x1001</load_address>
         <run_address>0x1001</run_address>
         <size>0x151</size>
         <input_file_ref idref="fl-1b"/>
      </object_component>
      <object_component id="oc-e8">
         <name>.debug_abbrev</name>
         <load_address>0x1152</load_address>
         <run_address>0x1152</run_address>
         <size>0x280</size>
         <input_file_ref idref="fl-1c"/>
      </object_component>
      <object_component id="oc-ed">
         <name>.debug_abbrev</name>
         <load_address>0x13d2</load_address>
         <run_address>0x13d2</run_address>
         <size>0x19a</size>
         <input_file_ref idref="fl-1d"/>
      </object_component>
      <object_component id="oc-f1">
         <name>.debug_abbrev</name>
         <load_address>0x156c</load_address>
         <run_address>0x156c</run_address>
         <size>0x133</size>
         <input_file_ref idref="fl-1e"/>
      </object_component>
      <object_component id="oc-f8">
         <name>.debug_abbrev</name>
         <load_address>0x169f</load_address>
         <run_address>0x169f</run_address>
         <size>0x15a</size>
[...]
         <object_component_ref idref="oc-e3"/>
      </symbol>
      <symbol id="sm-345">
         <name>_tuner</name>
         <value>0xd014</value>
         <object_component_ref idref="oc-e3"/>
      </symbol>
      <symbol id="sm-346">
         <name>_distortion</name>
         <value>0xd019</value>
         <object_component_ref idref="oc-e3"/>
      </symbol>
      <symbol id="sm-347">
         <name>_currentChangeScreen</name>
         <value>0xd001</value>
         <object_component_ref idref="oc-e3"/>
      </symbol>
      <symbol id="sm-348">
         <name>_oldLevel</name>
         <value>0xd012</value>
         <object_component_ref idref="oc-e3"/>
      </symbol>
      <symbol id="sm-349">
         <name>_preset_down</name>
         <value>0x8708</value>
         <object_component_ref idref="oc-e5"/>
      </symbol>
      <symbol id="sm-34a">
         <name>_mainDisplay</name>
         <value>0xd026</value>
         <object_component_ref idref="oc-e3"/>
      </symbol>
      <symbol id="sm-34b">
         <name>_queueEffect</name>
         <value>0x301630</value>
         <object_component_ref idref="oc-151"/>
      </symbol>
      <symbol id="sm-34c">
         <name>_updateCode</name>
         <value>0xd003</value>
         <object_component_ref idref="oc-e3"/>
      </symbol>
      <symbol id="sm-34d">
         <name>_save_preset</name>
         <value>0x8762</value>
         <object_component_ref idref="oc-e5"/>
      </symbol>
      <symbol id="sm-34e">
         <name>_cpu_timer0_isr</name>
         <value>0x8632</value>
         <object_component_ref idref="oc-e5"/>
      </symbol>
      <symbol id="sm-34f">
         <name>_presetNumber</name>
         <value>0xd00e</value>
         <object_component_ref idref="oc-e3"/>
      </symbol>
      <symbol id="sm-350">
         <name>_inputNumber</name>
         <value>0xd016</value>
         <object_component_ref idref="oc-e3"/>
      </symbol>
      <symbol id="sm-351">
         <name>_sample</name>
         <value>0xd015</value>
         <object_component_ref idref="oc-e3"/>
      </symbol>
      <symbol id="sm-352">
         <name>_rotary</name>
         <value>0x301e8c</value>
         <object_component_ref idref="oc-e4"/>
      </symbol>
      <symbol id="sm-353">
         <name>_toggleOn_Off</name>
         <value>0x3015ee</value>
         <object_component_ref idref="oc-151"/>
      </symbol>
      <symbol id="sm-354">
         <name>_preset</name>
         <value>0xd009</value>
         <object_component_ref idref="oc-e3"/>
      </symbol>
      <symbol id="sm-355">
         <name>_location</name>
         <value>0xd01e</value>
         <object_component_ref idref="oc-e3"/>
      </symbol>
      <symbol id="sm-356">
         <name>_load_preset</name>
         <value>0x873c</value>
         <object_component_ref idref="oc-e5"/>
      </symbol>
      <symbol id="sm-357">
         <name>_preset_up</name>
         <value>0x86b0</value>
         <object_component_ref idref="oc-e5"/>
      </symbol>
      <symbol id="sm-358">
         <name>_previousInputs</name>
         <value>0xd022</value>
         <object_component_ref idref="oc-e3"/>
      </symbol>
      <symbol id="sm-359">
         <name>_effects</name>
         <value>0x8788</value>
         <object_component_ref idref="oc-e5"/>
      </symbol>
      <symbol id="sm-35a">
         <name>_presetTimeout</name>
         <value>0x301eb8</value>
         <object_component_ref idref="oc-e4"/>
      </symbol>
      <symbol id="sm-35b">
         <name>_newLevel</name>
         <value>0xd017</value>
         <object_component_ref idref="oc-e3"/>
      </symbol>
      <symbol id="sm-35c">
         <name>_load</name>
         <value>0xd00c</value>
         <object_component_ref idref="oc-e3"/>
      </symbol>
      <symbol id="sm-35d">
         <name>_pipeline</name>
         <value>0xd02e</value>
         <object_component_ref idref="oc-e3"/>
      </symbol>
      <symbol id="sm-35e">
         <name>_previous</name>
         <value>0xd00d</value>
         <object_component_ref idref="oc-e3"/>
      </symbol>
      <symbol id="sm-35f">
         <name>_iCount</name>
         <value>0xd013</value>
         <object_component_ref idref="oc-e3"/>
      </symbol>
      <symbol id="sm-360">
         <name>_effectToToggle</name>
         <value>0xd00b</value>
         <object_component_ref idref="oc-e3"/>
      </symbol>
      <symbol id="sm-361">
         <name>_save</name>
         <value>0xd011</value>
         <object_component_ref idref="oc-e3"/>
      </symbol>
      <symbol id="sm-362">
         <name>_getInputs</name>
         <value>0x301596</value>
         <object_component_ref idref="oc-151"/>
      </symbol>
      <symbol id="sm-363">
         <name>_inputs</name>
         <value>0xd01a</value>
         <object_component_ref idref="oc-e3"/>
      </symbol>
      <symbol id="sm-364">
         <name>_freq</name>
         <value>0xd005</value>
         <object_component_ref idref="oc-e3"/>
      </symbol>
      <symbol id="sm-365">
         <name>_indexToToggle</name>
         <value>0xd006</value>
         <object_component_ref idref="oc-e3"/>
      </symbol>
      <symbol id="sm-366">
         <name>_list</name>
         <value>0xd036</value>
         <object_component_ref idref="oc-e3"/>
      </symbol>
      <symbol id="sm-367">
         <name>_updateInputs</name>
         <value>0xd00f</value>
         <object_component_ref idref="oc-e3"/>
      </symbol>
      <symbol id="sm-368">
         <name>_sysStart</name>
         <value>0xd000</value>
         <object_component_ref idref="oc-e3"/>
      </symbol>
      <symbol id="sm-369">
         <name>_resetTimer</name>
         <value>0xd002</value>
         <object_component_ref idref="oc-e3"/>
      </symbol>
      <symbol id="sm-36a">
         <name>_toggleDist</name>
         <value>0xd007</value>
         <object_component_ref idref="oc-e3"/>
      </symbol>
      <symbol id="sm-3f8">
         <name>_currentPreset</name>
         <value>0xcc83</value>
         <object_component_ref idref="oc-ea"/>
      </symbol>
      <symbol id="sm-3f9">
         <name>_numInMainDisplay</name>
         <value>0xcc80</value>
         <object_component_ref idref="oc-ea"/>
      </symbol>
      <symbol id="sm-3fa">
         <name>_controlLCD</name>
         <value>0x82f4</value>
         <object_component_ref idref="oc-15f"/>
      </symbol>
      <symbol id="sm-3fb">
         <name>_printFreq</name>
         <value>0x82aa</value>
         <object_component_ref idref="oc-15f"/>
      </symbol>
      <symbol id="sm-3fc">
         <name>_updateLevel</name>
         <value>0x803b</value>
         <object_component_ref idref="oc-15f"/>
      </symbol>
      <symbol id="sm-3fd">
         <name>_printFlanger</name>
         <value>0x3011b9</value>
         <object_component_ref idref="oc-15e"/>
      </symbol>
      <symbol id="sm-3fe">
         <name>_updateLCD</name>
         <value>0x8081</value>
         <object_component_ref idref="oc-15f"/>
      </symbol>
      <symbol id="sm-3ff">
         <name>_printTremolo</name>
         <value>0x8000</value>
         <object_component_ref idref="oc-15f"/>
      </symbol>
      <symbol id="sm-400">
         <name>_printWah</name>
         <value>0x3011d8</value>
         <object_component_ref idref="oc-15e"/>
      </symbol>
      <symbol id="sm-401">
         <name>_goToMain</name>
         <value>0x819c</value>
         <object_component_ref idref="oc-15f"/>
      </symbol>
      <symbol id="sm-402">
         <name>_printReverb</name>
         <value>0x801f</value>
         <object_component_ref idref="oc-15f"/>
      </symbol>
      <symbol id="sm-403">
         <name>_addToLCD</name>
         <value>0x8242</value>
         <object_component_ref idref="oc-15f"/>
      </symbol>
      <symbol id="sm-404">
         <name>_loadPresetScreen</name>
         <value>0x3011eb</value>
         <object_component_ref idref="oc-15e"/>
      </symbol>
      <symbol id="sm-405">
         <name>_printLCD</name>
         <value>0x8316</value>
         <object_component_ref idref="oc-15f"/>
      </symbol>
      <symbol id="sm-406">
         <name>_toggleLCD</name>
         <value>0x827b</value>
         <object_component_ref idref="oc-15f"/>
      </symbol>
      <symbol id="sm-407">
         <name>_presetScreen</name>
         <value>0xcc82</value>
         <object_component_ref idref="oc-ea"/>
      </symbol>
      <symbol id="sm-408">
         <name>_toggleDistortion</name>
         <value>0x301205</value>
         <object_component_ref idref="oc-15e"/>
      </symbol>
      <symbol id="sm-409">
         <name>_noteChart</name>
         <value>0xccc0</value>
         <object_component_ref idref="oc-ea"/>
      </symbol>
      <symbol id="sm-40a">
         <name>_findNote</name>
         <value>0x301270</value>
         <object_component_ref idref="oc-15e"/>
      </symbol>
      <symbol id="sm-40b">
         <name>_reprint</name>
         <value>0xcc84</value>
         <object_component_ref idref="oc-ea"/>
      </symbol>
      <symbol id="sm-40c">
         <name>_tunerScreen</name>
         <value>0xcc81</value>
         <object_component_ref idref="oc-ea"/>
      </symbol>
      <symbol id="sm-40d">
         <name>_initLCD</name>
         <value>0x301375</value>
         <object_component_ref idref="oc-15e"/>
      </symbol>
      <symbol id="sm-417">
         <name>_updateTimer0</name>
         <value>0x301a5a</value>
         <object_component_ref idref="oc-152"/>
      </symbol>
      <symbol id="sm-418">
         <name>_initINTS</name>
         <value>0x30193e</value>
         <object_component_ref idref="oc-152"/>
      </symbol>
      <symbol id="sm-434">
         <name>_FFTStartFlag</name>
         <value>0xc000</value>
         <object_component_ref idref="oc-f4"/>
      </symbol>
      <symbol id="sm-435">
         <name>_RFFToutBuff</name>
         <value>0xc480</value>
         <object_component_ref idref="oc-f4"/>
      </symbol>
      <symbol id="sm-436">
         <name>_AdcBuf</name>
         <value>0xc040</value>
         <object_component_ref idref="oc-f4"/>
      </symbol>
      <symbol id="sm-437">
         <name>_initFFT</name>
         <value>0x301dd7</value>
         <object_component_ref idref="oc-14f"/>
      </symbol>
      <symbol id="sm-438">
         <name>_findFrequency</name>
         <value>0x8994</value>
         <object_component_ref idref="oc-150"/>
      </symbol>
      <symbol id="sm-439">
         <name>_storeFFT</name>
         <value>0x301e18</value>
         <object_component_ref idref="oc-14f"/>
      </symbol>
      <symbol id="sm-43a">
         <name>_RFFTF32Coef</name>
         <value>0xc880</value>
         <object_component_ref idref="oc-f4"/>
      </symbol>
      <symbol id="sm-43b">
         <name>_RFFTmagBuff</name>
         <value>0xc240</value>
         <object_component_ref idref="oc-f4"/>
      </symbol>
      <symbol id="sm-43c">
         <name>_rfft</name>
         <value>0xc008</value>
         <object_component_ref idref="oc-f4"/>
      </symbol>
      <symbol id="sm-43d">
         <name>_rfft_adc</name>
         <value>0xc004</value>
         <object_component_ref idref="oc-f4"/>
      </symbol>
      <symbol id="sm-496">
         <name>_readDone</name>
         <value>0xce42</value>
         <object_component_ref idref="oc-fb"/>
      </symbol>
      <symbol id="sm-497">
         <name>_savePreset</name>
         <value>0x841b</value>
         <object_component_ref idref="oc-14c"/>
      </symbol>
      <symbol id="sm-498">
         <name>_initEffects</name>
         <value>0x300e00</value>
         <object_component_ref idref="oc-14d"/>
      </symbol>
      <symbol id="sm-499">
         <name>_eepromRead</name>
         <value>0x8608</value>
         <object_component_ref idref="oc-14c"/>
      </symbol>
      <symbol id="sm-49a">
         <name>_eepromWrite</name>
         <value>0x85ed</value>
         <object_component_ref idref="oc-14c"/>
      </symbol>
      <symbol id="sm-49b">
         <name>_processReverb</name>
         <value>0x83a7</value>
         <object_component_ref idref="oc-14c"/>
      </symbol>
      <symbol id="sm-49c">
         <name>_processPhaser</name>
         <value>0x300f7d</value>
         <object_component_ref idref="oc-14d"/>
      </symbol>
      <symbol id="sm-49d">
         <name>_writeDone</name>
         <value>0xce40</value>
         <object_component_ref idref="oc-fb"/>
      </symbol>
      <symbol id="sm-49e">
         <name>_i2c_int1a_isr</name>
         <value>0x891e</value>
         <object_component_ref idref="oc-fc"/>
      </symbol>
      <symbol id="sm-49f">
         <name>_messageOut</name>
         <value>0xce4b</value>
         <object_component_ref idref="oc-fb"/>
      </symbol>
      <symbol id="sm-4a0">
         <name>_processWah</name>
         <value>0x300e76</value>
         <object_component_ref idref="oc-14d"/>
      </symbol>
      <symbol id="sm-4a1">
         <name>_processFlanger</name>
         <value>0x3010cc</value>
         <object_component_ref idref="oc-14d"/>
      </symbol>
      <symbol id="sm-4a2">
         <name>_processPitchShift</name>
         <value>0x3011b3</value>
         <object_component_ref idref="oc-14d"/>
      </symbol>
      <symbol id="sm-4a3">
         <name>_Error</name>
         <value>0xce41</value>
         <object_component_ref idref="oc-fb"/>
      </symbol>
      <symbol id="sm-4a4">
         <name>_adcVal</name>
         <value>0xce46</value>
         <object_component_ref idref="oc-fb"/>
      </symbol>
      <symbol id="sm-4a5">
         <name>_process</name>
         <value>0x832f</value>
         <object_component_ref idref="oc-14c"/>
      </symbol>
      <symbol id="sm-4a6">
         <name>_CurrentMsgPtr</name>
         <value>0xce44</value>
         <object_component_ref idref="oc-fb"/>
      </symbol>
      <symbol id="sm-4a7">
         <name>_messageIn</name>
         <value>0xce60</value>
         <object_component_ref idref="oc-fb"/>
      </symbol>
      <symbol id="sm-4a8">
         <name>_processTremolo</name>
         <value>0x8357</value>
         <object_component_ref idref="oc-14c"/>
      </symbol>
      <symbol id="sm-4a9">
         <name>_loadPreset</name>
         <value>0x84ee</value>
         <object_component_ref idref="oc-14c"/>
      </symbol>
      <symbol id="sm-4aa">
         <name>_processChorus</name>
         <value>0x3011ad</value>
         <object_component_ref idref="oc-14d"/>
      </symbol>
      <symbol id="sm-4ab">
         <name>_returnArray</name>
         <value>0xce80</value>
         <object_component_ref idref="oc-fb"/>
      </symbol>
      <symbol id="sm-4bf">
         <name>_I2CA_ReadData</name>
         <value>0x88ec</value>
         <object_component_ref idref="oc-154"/>
      </symbol>
      <symbol id="sm-4c0">
         <name>_I2CA_WriteData</name>
         <value>0x88b9</value>
         <object_component_ref idref="oc-154"/>
      </symbol>
      <symbol id="sm-4c1">
         <name>_I2CA_Init</name>
         <value>0x88a6</value>
         <object_component_ref idref="oc-154"/>
      </symbol>
      <symbol id="sm-4d5">
         <name>_c_int00</name>
         <value>0x301eda</value>
         <object_component_ref idref="oc-48"/>
      </symbol>
      <symbol id="sm-4d6">
         <name>__stack</name>
         <value>0x400</value>
         <object_component_ref idref="oc-104"/>
      </symbol>
      <symbol id="sm-4e2">
         <name>_cos</name>
         <value>0x301d76</value>
         <object_component_ref idref="oc-156"/>
      </symbol>
      <symbol id="sm-4f3">
         <name>C$$EXIT</name>
         <value>0x3020c2</value>
         <object_component_ref idref="oc-14a"/>
      </symbol>
      <symbol id="sm-4f4">
         <name>_exit</name>
         <value>0x3020c4</value>
         <object_component_ref idref="oc-14a"/>
      </symbol>
      <symbol id="sm-4f5">
         <name>___TI_cleanup_ptr</name>
         <value>0xce9a</value>
         <object_component_ref idref="oc-10f"/>
      </symbol>
      <symbol id="sm-4f6">
         <name>_abort</name>
         <value>0x3020c2</value>
         <object_component_ref idref="oc-14a"/>
      </symbol>
      <symbol id="sm-4f7">
         <name>___TI_dtors_ptr</name>
         <value>0xce9c</value>
         <object_component_ref idref="oc-10f"/>
      </symbol>
      <symbol id="sm-505">
         <name>FD$$MPY</name>
         <value>0x301b92</value>
         <object_component_ref idref="oc-113"/>
      </symbol>
      <symbol id="sm-510">
         <name>FD$$TOI</name>
         <value>0x302031</value>
         <object_component_ref idref="oc-117"/>
      </symbol>
      <symbol id="sm-51c">
         <name>_fmod</name>
         <value>0x301f94</value>
         <object_component_ref idref="oc-162"/>
      </symbol>
      <symbol id="sm-529">
         <name>FS$$DIV</name>
         <value>0x301b0a</value>
         <object_component_ref idref="oc-11f"/>
      </symbol>
      <symbol id="sm-535">
         <name>FS$$TOFD</name>
         <value>0x302073</value>
         <object_component_ref idref="oc-123"/>
      </symbol>
      <symbol id="sm-53f">
         <name>I$$MOD</name>
         <value>0x302020</value>
         <object_component_ref idref="oc-127"/>
      </symbol>
      <symbol id="sm-540">
         <name>I$$DIV</name>
         <value>0x30200f</value>
         <object_component_ref idref="oc-127"/>
      </symbol>
      <symbol id="sm-54f">
         <name>___memcpy_ff</name>
         <value>0x302052</value>
         <object_component_ref idref="oc-15b"/>
      </symbol>
      <symbol id="sm-55c">
         <name>_modf</name>
         <value>0x30208f</value>
         <object_component_ref idref="oc-163"/>
      </symbol>
      <symbol id="sm-567">
         <name>_sin</name>
         <value>0x301e34</value>
         <object_component_ref idref="oc-155"/>
      </symbol>
      <symbol id="sm-575">
         <name>_sqrt</name>
         <value>0x301fec</value>
         <object_component_ref idref="oc-14b"/>
      </symbol>
      <symbol id="sm-583">
         <name>__unlock</name>
         <value>0xce3c</value>
         <object_component_ref idref="oc-13d"/>
      </symbol>
      <symbol id="sm-584">
         <name>__lock</name>
         <value>0xce3e</value>
         <object_component_ref idref="oc-13d"/>
      </symbol>
      <symbol id="sm-585">
         <name>__register_lock</name>
         <value>0x302103</value>
         <object_component_ref idref="oc-153"/>
      </symbol>
      <symbol id="sm-586">
         <name>__nop</name>
         <value>0x302107</value>
         <object_component_ref idref="oc-153"/>
      </symbol>
      <symbol id="sm-587">
         <name>__register_unlock</name>
         <value>0x3020ff</value>
         <object_component_ref idref="oc-153"/>
      </symbol>
      <symbol id="sm-593">
         <name>__args_main</name>
         <value>0x3020a9</value>
         <object_component_ref idref="oc-149"/>
      </symbol>
      <symbol id="sm-594">
         <name>__TI_args_main</name>
         <value>0x1</value>
      </symbol>
      <symbol id="sm-59e">
         <name>_errno</name>
         <value>0xce23</value>
         <object_component_ref idref="oc-147"/>
      </symbol>
   </symbol_table>
   <title>Link successful</title>
</link_info>
