******************************************************************************
             TMS320C2000 Linker PC v6.2.7                      
******************************************************************************
>> Linked Fri Nov 21 17:55:52 2014

OUTPUT FILE NAME:   <guitarEffects.out>
ENTRY POINT SYMBOL: "_c_int00"  address: 00301fb0


MEMORY CONFIGURATION

         name            origin    length      used     unused   attr    fill
----------------------  --------  ---------  --------  --------  ----  --------
PAGE 0:
  BEGIN_M0              00000000   00000002  00000000  00000002  RWIX
  L0123SARAM            00008000   00004000  00000af0  00003510  RWIX
  FLASH_ABCDEFGH        00300000   0003ff80  000023ed  0003db93  R   
  CSM_RSVD              0033ff80   00000076  00000076  00000000  R   
  BEGIN_FLASH           0033fff6   00000002  00000002  00000000  R   
  PASSWORDS             0033fff8   00000008  00000008  00000000  R   
  ADC_CAL               00380080   00000009  00000007  00000002  RWIX
  OTP                   00380400   00000400  00000000  00000400  R   
  IQTABLES              003fe000   00000b50  00000000  00000b50  R   
  IQTABLES2             003feb50   0000008c  00000000  0000008c  R   
  FPUTABLES             003febdc   000006a0  00000000  000006a0  R   
  RESET                 003fffc0   00000002  00000000  00000002  R   

PAGE 1:
  M0SARAM               00000002   000003fe  00000000  000003fe  RWIX
  M1SARAM               00000400   00000400  00000300  00000100  RWIX
  DEV_EMU               00000880   00000180  000000d0  000000b0  RWIX
  FLASH_REGS            00000a80   00000060  00000008  00000058  RWIX
  CSM                   00000ae0   00000010  00000010  00000000  RWIX
  ADC_MIRROR            00000b00   00000010  00000010  00000000  RWIX
  XINTF                 00000b20   00000020  0000001e  00000002  RWIX
  CPU_TIMER0            00000c00   00000008  00000008  00000000  RWIX
  CPU_TIMER1            00000c08   00000008  00000008  00000000  RWIX
  CPU_TIMER2            00000c10   00000008  00000008  00000000  RWIX
  PIE_CTRL              00000ce0   00000020  0000001a  00000006  RWIX
  PIE_VECT              00000d00   00000100  00000100  00000000  RWIX
  DMA                   00001000   00000200  000000e0  00000120  RWIX
  MCBSPA                00005000   00000040  00000025  0000001b  RWIX
  MCBSPB                00005040   00000040  00000025  0000001b  RWIX
  ECANA                 00006000   00000040  00000034  0000000c  RWIX
  ECANA_LAM             00006040   00000040  00000040  00000000  RWIX
  ECANA_MOTS            00006080   00000040  00000040  00000000  RWIX
  ECANA_MOTO            000060c0   00000040  00000040  00000000  RWIX
  ECANA_MBOX            00006100   00000100  00000100  00000000  RWIX
  ECANB                 00006200   00000040  00000034  0000000c  RWIX
  ECANB_LAM             00006240   00000040  00000040  00000000  RWIX
  ECANB_MOTS            00006280   00000040  00000040  00000000  RWIX
  ECANB_MOTO            000062c0   00000040  00000040  00000000  RWIX
  ECANB_MBOX            00006300   00000100  00000100  00000000  RWIX
  EPWM1                 00006800   00000022  00000022  00000000  RWIX
  EPWM2                 00006840   00000022  00000022  00000000  RWIX
  EPWM3                 00006880   00000022  00000022  00000000  RWIX
  EPWM4                 000068c0   00000022  00000022  00000000  RWIX
  EPWM5                 00006900   00000022  00000022  00000000  RWIX
  EPWM6                 00006940   00000022  00000022  00000000  RWIX
  ECAP1                 00006a00   00000020  00000020  00000000  RWIX
  ECAP2                 00006a20   00000020  00000020  00000000  RWIX
  ECAP3                 00006a40   00000020  00000020  00000000  RWIX
  ECAP4                 00006a60   00000020  00000020  00000000  RWIX
  ECAP5                 00006a80   00000020  00000020  00000000  RWIX
  ECAP6                 00006aa0   00000020  00000020  00000000  RWIX
  EQEP1                 00006b00   00000040  00000040  00000000  RWIX
  EQEP2                 00006b40   00000040  00000040  00000000  RWIX
  GPIOCTRL              00006f80   00000040  0000002e  00000012  RWIX
  GPIODAT               00006fc0   00000020  00000020  00000000  RWIX
  GPIOINT               00006fe0   00000020  0000000a  00000016  RWIX
  SYSTEM                00007010   00000020  00000020  00000000  RWIX
  SPIA                  00007040   00000010  00000010  00000000  RWIX
  SCIA                  00007050   00000010  00000010  00000000  RWIX
  XINTRUPT              00007070   00000010  00000010  00000000  RWIX
  ADC                   00007100   00000020  0000001e  00000002  RWIX
  SCIB                  00007750   00000010  00000010  00000000  RWIX
  SCIC                  00007770   00000010  00000010  00000000  RWIX
  I2CA                  00007900   00000040  00000022  0000001e  RWIX
  L4SARAM               0000c000   00001000  00000ca2  0000035e  RWIX
  L5SARAM               0000d000   00001000  00000c80  00000380  RWIX
  L6SARAM               0000e000   00001000  00000000  00001000  RWIX
  L7SARAM               0000f000   00001000  00000000  00001000  RWIX
  CSM_PWL               0033fff8   00000008  00000008  00000000  RWIX
  PARTID                00380090   00000001  00000001  00000000  RWIX


SECTION ALLOCATION MAP

 output                                  attributes/
section   page    origin      length       input sections
--------  ----  ----------  ----------   ----------------
.pinit     0    00300000    00000000     UNINITIALIZED

secureRamFuncs 
*          0    00300000    00000af0     RUN ADDR = 00008000
                  00300000    00000416     effect.obj (secureRamFuncs)
                  00300416    0000032f     lcd.obj (secureRamFuncs)
                  00300745    000001c0     main.obj (secureRamFuncs:retain)
                  00300905    00000086     spi.obj (secureRamFuncs)
                  0030098b    00000078     eeprom.obj (secureRamFuncs)
                  00300a03    00000076     effect.obj (secureRamFuncs:retain)
                  00300a79    00000058     fft.obj (secureRamFuncs)
                  00300ad1    0000001f     Flash.obj (secureRamFuncs)

.text      0    00300af0    00001758     
                  00300af0    000003f4     DefaultIsr_nonBIOS.obj (.text:retain)
                  00300ee4    000003dc     effect.obj (.text)
                  003012c0    000002e4     lcd.obj (.text)
                  003015a4    0000022f     main.obj (.text)
                  003017d3    00000157     DSP2833x_Mcbsp.obj (.text)
                  0030192a    00000138     RFFT_adc_f32.obj (.text)
                  00301a62    0000012d     sys.obj (.text)
                  00301b8f    00000001     --HOLE-- [fill = 0]
                  00301b90    0000009e     RFFT_adc_f32u.obj (.text)
                  00301c2e    00000088     rts2800_fpu32.lib : fs_div.obj (.text)
                  00301cb6    00000083                       : fd_mpy.obj (.text)
                  00301d39    0000007f     SysCtrl.obj (.text)
                  00301db8    00000074     DSP2833x_CpuTimers.obj (.text)
                  00301e2c    0000006e     RFFT_f32_sincostable.obj (.text)
                  00301e9a    00000061     rts2800_fpu32.lib : cos.obj (.text)
                  00301efb    0000005d     fft.obj (.text)
                  00301f58    00000058     rts2800_fpu32.lib : sin.obj (.text)
                  00301fb0    00000046                       : boot.obj (.text)
                  00301ff6    00000044     RFFT_f32_mag.obj (.text)
                  0030203a    00000033     iir5biq16.obj (.text)
                  0030206d    00000030     PieCtrl_nonBIOS.obj (.text)
                  0030209d    0000002e     rts2800_fpu32.lib : fmod.obj (.text)
                  003020cb    0000002c     main.obj (.text:retain)
                  003020f7    0000002a     DSP2833x_Spi.obj (.text)
                  00302121    00000001     --HOLE-- [fill = 0]
                  00302122    00000023     rts2800_fpu32.lib : sqrt.obj (.text)
                  00302145    00000022                       : i_div.obj (.text)
                  00302167    00000021                       : fd_toi.obj (.text)
                  00302188    00000021                       : memcpy_ff.obj (.text)
                  003021a9    0000001c                       : fs_tofd.obj (.text)
                  003021c5    0000001a                       : modf.obj (.text)
                  003021df    00000019                       : args_main.obj (.text)
                  003021f8    00000019                       : exit.obj (.text)
                  00302211    00000014     DSP2833x_I2C.obj (.text)
                  00302225    00000010     DelayUs.obj (.text)
                  00302235    00000009     rts2800_fpu32.lib : _lock.obj (.text)
                  0030223e    00000007     CodeStartBranch.obj (.text)
                  00302245    00000003     SetDBGIER.obj (.text)

.econst    0    00302248    00000104     
                  00302248    00000100     PieVect_nonBIOS.obj (.econst)
                  00302348    00000004     fft.obj (.econst)

.cinit     0    0030234c    000000a1     
                  0030234c    0000005f     main.obj (.cinit)
                  003023ab    00000017     lowpass.obj (.cinit)
                  003023c2    0000000a     rts2800_fpu32.lib : _lock.obj (.cinit)
                  003023cc    0000000a                       : exit.obj (.cinit)
                  003023d6    00000009     fft.obj (.cinit)
                  003023df    00000004     effect.obj (.cinit)
                  003023e3    00000004     rts2800_fpu32.lib : errno.obj (.cinit)
                  003023e7    00000004                       : memory.obj (.cinit)
                  003023eb    00000002     --HOLE-- [fill = 0]

csm_rsvd   0    0033ff80    00000076     
                  0033ff80    00000076     Passwords.obj (csm_rsvd)

codestart 
*          0    0033fff6    00000002     
                  0033fff6    00000002     CodeStartBranch.obj (codestart)

passwords 
*          0    0033fff8    00000008     
                  0033fff8    00000008     Passwords.obj (passwords)

.adc_cal   0    00380080    00000007     NOLOAD SECTION
                  00380080    00000007     DSP2833x_ADC_cal.obj (.adc_cal)

.reset     0    003fffc0    00000002     DSECT
                  003fffc0    00000002     rts2800_fpu32.lib : boot.obj (.reset)

.stack     1    00000400    00000300     UNINITIALIZED
                  00000400    00000300     --HOLE--

DevEmuRegsFile 
*          1    00000880    000000d0     UNINITIALIZED
                  00000880    000000d0     DSP2833x_GlobalVariableDefs.obj (DevEmuRegsFile)

FlashRegsFile 
*          1    00000a80    00000008     UNINITIALIZED
                  00000a80    00000008     DSP2833x_GlobalVariableDefs.obj (FlashRegsFile)

CsmRegsFile 
*          1    00000ae0    00000010     UNINITIALIZED
                  00000ae0    00000010     DSP2833x_GlobalVariableDefs.obj (CsmRegsFile)

AdcMirrorFile 
*          1    00000b00    00000010     UNINITIALIZED
                  00000b00    00000010     DSP2833x_GlobalVariableDefs.obj (AdcMirrorFile)

XintfRegsFile 
*          1    00000b20    0000001e     UNINITIALIZED
                  00000b20    0000001e     DSP2833x_GlobalVariableDefs.obj (XintfRegsFile)

CpuTimer0RegsFile 
*          1    00000c00    00000008     UNINITIALIZED
                  00000c00    00000008     DSP2833x_GlobalVariableDefs.obj (CpuTimer0RegsFile)

CpuTimer1RegsFile 
*          1    00000c08    00000008     UNINITIALIZED
                  00000c08    00000008     DSP2833x_GlobalVariableDefs.obj (CpuTimer1RegsFile)

CpuTimer2RegsFile 
*          1    00000c10    00000008     UNINITIALIZED
                  00000c10    00000008     DSP2833x_GlobalVariableDefs.obj (CpuTimer2RegsFile)

PieCtrlRegsFile 
*          1    00000ce0    0000001a     UNINITIALIZED
                  00000ce0    0000001a     DSP2833x_GlobalVariableDefs.obj (PieCtrlRegsFile)

PieVectTableFile 
*          1    00000d00    00000100     UNINITIALIZED
                  00000d00    00000100     DSP2833x_GlobalVariableDefs.obj (PieVectTableFile)

DmaRegsFile 
*          1    00001000    000000e0     UNINITIALIZED
                  00001000    000000e0     DSP2833x_GlobalVariableDefs.obj (DmaRegsFile)

McbspaRegsFile 
*          1    00005000    00000025     UNINITIALIZED
                  00005000    00000025     DSP2833x_GlobalVariableDefs.obj (McbspaRegsFile)

McbspbRegsFile 
*          1    00005040    00000025     UNINITIALIZED
                  00005040    00000025     DSP2833x_GlobalVariableDefs.obj (McbspbRegsFile)

ECanaRegsFile 
*          1    00006000    00000034     UNINITIALIZED
                  00006000    00000034     DSP2833x_GlobalVariableDefs.obj (ECanaRegsFile)

ECanaLAMRegsFile 
*          1    00006040    00000040     UNINITIALIZED
                  00006040    00000040     DSP2833x_GlobalVariableDefs.obj (ECanaLAMRegsFile)

ECanaMOTSRegsFile 
*          1    00006080    00000040     UNINITIALIZED
                  00006080    00000040     DSP2833x_GlobalVariableDefs.obj (ECanaMOTSRegsFile)

ECanaMOTORegsFile 
*          1    000060c0    00000040     UNINITIALIZED
                  000060c0    00000040     DSP2833x_GlobalVariableDefs.obj (ECanaMOTORegsFile)

ECanaMboxesFile 
*          1    00006100    00000100     UNINITIALIZED
                  00006100    00000100     DSP2833x_GlobalVariableDefs.obj (ECanaMboxesFile)

ECanbRegsFile 
*          1    00006200    00000034     UNINITIALIZED
                  00006200    00000034     DSP2833x_GlobalVariableDefs.obj (ECanbRegsFile)

ECanbLAMRegsFile 
*          1    00006240    00000040     UNINITIALIZED
                  00006240    00000040     DSP2833x_GlobalVariableDefs.obj (ECanbLAMRegsFile)

ECanbMOTSRegsFile 
*          1    00006280    00000040     UNINITIALIZED
                  00006280    00000040     DSP2833x_GlobalVariableDefs.obj (ECanbMOTSRegsFile)

ECanbMOTORegsFile 
*          1    000062c0    00000040     UNINITIALIZED
                  000062c0    00000040     DSP2833x_GlobalVariableDefs.obj (ECanbMOTORegsFile)

ECanbMboxesFile 
*          1    00006300    00000100     UNINITIALIZED
                  00006300    00000100     DSP2833x_GlobalVariableDefs.obj (ECanbMboxesFile)

EPwm1RegsFile 
*          1    00006800    00000022     UNINITIALIZED
                  00006800    00000022     DSP2833x_GlobalVariableDefs.obj (EPwm1RegsFile)

EPwm2RegsFile 
*          1    00006840    00000022     UNINITIALIZED
                  00006840    00000022     DSP2833x_GlobalVariableDefs.obj (EPwm2RegsFile)

EPwm3RegsFile 
*          1    00006880    00000022     UNINITIALIZED
                  00006880    00000022     DSP2833x_GlobalVariableDefs.obj (EPwm3RegsFile)

EPwm4RegsFile 
*          1    000068c0    00000022     UNINITIALIZED
                  000068c0    00000022     DSP2833x_GlobalVariableDefs.obj (EPwm4RegsFile)

EPwm5RegsFile 
*          1    00006900    00000022     UNINITIALIZED
                  00006900    00000022     DSP2833x_GlobalVariableDefs.obj (EPwm5RegsFile)

EPwm6RegsFile 
*          1    00006940    00000022     UNINITIALIZED
                  00006940    00000022     DSP2833x_GlobalVariableDefs.obj (EPwm6RegsFile)

ECap1RegsFile 
*          1    00006a00    00000020     UNINITIALIZED
                  00006a00    00000020     DSP2833x_GlobalVariableDefs.obj (ECap1RegsFile)

ECap2RegsFile 
*          1    00006a20    00000020     UNINITIALIZED
                  00006a20    00000020     DSP2833x_GlobalVariableDefs.obj (ECap2RegsFile)

ECap3RegsFile 
*          1    00006a40    00000020     UNINITIALIZED
                  00006a40    00000020     DSP2833x_GlobalVariableDefs.obj (ECap3RegsFile)

ECap4RegsFile 
*          1    00006a60    00000020     UNINITIALIZED
                  00006a60    00000020     DSP2833x_GlobalVariableDefs.obj (ECap4RegsFile)

ECap5RegsFile 
*          1    00006a80    00000020     UNINITIALIZED
                  00006a80    00000020     DSP2833x_GlobalVariableDefs.obj (ECap5RegsFile)

ECap6RegsFile 
*          1    00006aa0    00000020     UNINITIALIZED
                  00006aa0    00000020     DSP2833x_GlobalVariableDefs.obj (ECap6RegsFile)

EQep1RegsFile 
*          1    00006b00    00000040     UNINITIALIZED
                  00006b00    00000040     DSP2833x_GlobalVariableDefs.obj (EQep1RegsFile)

EQep2RegsFile 
*          1    00006b40    00000040     UNINITIALIZED
                  00006b40    00000040     DSP2833x_GlobalVariableDefs.obj (EQep2RegsFile)

GpioCtrlRegsFile 
*          1    00006f80    0000002e     UNINITIALIZED
                  00006f80    0000002e     DSP2833x_GlobalVariableDefs.obj (GpioCtrlRegsFile)

GpioDataRegsFile 
*          1    00006fc0    00000020     UNINITIALIZED
                  00006fc0    00000020     DSP2833x_GlobalVariableDefs.obj (GpioDataRegsFile)

GpioIntRegsFile 
*          1    00006fe0    0000000a     UNINITIALIZED
                  00006fe0    0000000a     DSP2833x_GlobalVariableDefs.obj (GpioIntRegsFile)

SysCtrlRegsFile 
*          1    00007010    00000020     UNINITIALIZED
                  00007010    00000020     DSP2833x_GlobalVariableDefs.obj (SysCtrlRegsFile)

SpiaRegsFile 
*          1    00007040    00000010     UNINITIALIZED
                  00007040    00000010     DSP2833x_GlobalVariableDefs.obj (SpiaRegsFile)

SciaRegsFile 
*          1    00007050    00000010     UNINITIALIZED
                  00007050    00000010     DSP2833x_GlobalVariableDefs.obj (SciaRegsFile)

XIntruptRegsFile 
*          1    00007070    00000010     UNINITIALIZED
                  00007070    00000010     DSP2833x_GlobalVariableDefs.obj (XIntruptRegsFile)

AdcRegsFile 
*          1    00007100    0000001e     UNINITIALIZED
                  00007100    0000001e     DSP2833x_GlobalVariableDefs.obj (AdcRegsFile)

ScibRegsFile 
*          1    00007750    00000010     UNINITIALIZED
                  00007750    00000010     DSP2833x_GlobalVariableDefs.obj (ScibRegsFile)

ScicRegsFile 
*          1    00007770    00000010     UNINITIALIZED
                  00007770    00000010     DSP2833x_GlobalVariableDefs.obj (ScicRegsFile)

I2caRegsFile 
*          1    00007900    00000022     UNINITIALIZED
                  00007900    00000022     DSP2833x_GlobalVariableDefs.obj (I2caRegsFile)

.bss       1    0000c000    00000000     UNINITIALIZED

.sysmem    1    0000c000    00000400     UNINITIALIZED
                  0000c000    00000001     rts2800_fpu32.lib : memory.obj (.sysmem)
                  0000c001    000003ff     --HOLE--

.ebss.1    1    0000c400    000008a2     UNINITIALIZED
                  0000c400    000005e8     main.obj (.ebss)
                  0000c9e8    00000018     DSP2833x_CpuTimers.obj (.ebss)
                  0000ca00    000001a3     lcd.obj (.ebss)
                  0000cba3    00000001     rts2800_fpu32.lib : errno.obj (.ebss)
                  0000cba4    00000014     lowpass.obj (.ebss)
                  0000cbb8    00000008     rts2800_fpu32.lib : memory.obj (.ebss)
                  0000cbc0    000000da     effect.obj (.ebss)
                  0000cc9a    00000004     rts2800_fpu32.lib : _lock.obj (.ebss)
                  0000cc9e    00000004                       : exit.obj (.ebss)

.ebss.2    1    0000d000    00000c80     UNINITIALIZED
                  0000d000    00000c80     fft.obj (.ebss)

CsmPwlFile 
*          1    0033fff8    00000008     UNINITIALIZED
                  0033fff8    00000008     DSP2833x_GlobalVariableDefs.obj (CsmPwlFile)

PartIdRegsFile 
*          1    00380090    00000001     UNINITIALIZED
                  00380090    00000001     DSP2833x_GlobalVariableDefs.obj (PartIdRegsFile)


GLOBAL DATA SYMBOLS: SORTED BY DATA PAGE

address     data page           name
--------    ----------------    ----
00000400      10 (00000400)     __stack

00000880      22 (00000880)     _DevEmuRegs

00000a80      2a (00000a80)     _FlashRegs

00000ae0      2b (00000ac0)     _CsmRegs

00000b00      2c (00000b00)     _AdcMirror
00000b20      2c (00000b00)     _XintfRegs

00000c00      30 (00000c00)     _CpuTimer0Regs
00000c08      30 (00000c00)     _CpuTimer1Regs
00000c10      30 (00000c00)     _CpuTimer2Regs

00000ce0      33 (00000cc0)     _PieCtrlRegs

00000d00      34 (00000d00)     _PieVectTable

00001000      40 (00001000)     _DmaRegs

00005000     140 (00005000)     _McbspaRegs

00005040     141 (00005040)     _McbspbRegs

00006000     180 (00006000)     _ECanaRegs

00006040     181 (00006040)     _ECanaLAMRegs

00006080     182 (00006080)     _ECanaMOTSRegs

000060c0     183 (000060c0)     _ECanaMOTORegs

00006100     184 (00006100)     _ECanaMboxes

00006200     188 (00006200)     _ECanbRegs

00006240     189 (00006240)     _ECanbLAMRegs

00006280     18a (00006280)     _ECanbMOTSRegs

000062c0     18b (000062c0)     _ECanbMOTORegs

00006300     18c (00006300)     _ECanbMboxes

00006800     1a0 (00006800)     _EPwm1Regs

00006840     1a1 (00006840)     _EPwm2Regs

00006880     1a2 (00006880)     _EPwm3Regs

000068c0     1a3 (000068c0)     _EPwm4Regs

00006900     1a4 (00006900)     _EPwm5Regs

00006940     1a5 (00006940)     _EPwm6Regs

00006a00     1a8 (00006a00)     _ECap1Regs
00006a20     1a8 (00006a00)     _ECap2Regs

00006a40     1a9 (00006a40)     _ECap3Regs
00006a60     1a9 (00006a40)     _ECap4Regs

00006a80     1aa (00006a80)     _ECap5Regs
00006aa0     1aa (00006a80)     _ECap6Regs

00006b00     1ac (00006b00)     _EQep1Regs

00006b40     1ad (00006b40)     _EQep2Regs

00006f80     1be (00006f80)     _GpioCtrlRegs

00006fc0     1bf (00006fc0)     _GpioDataRegs
00006fe0     1bf (00006fc0)     _GpioIntRegs

00007010     1c0 (00007000)     _SysCtrlRegs

00007040     1c1 (00007040)     _SpiaRegs
00007050     1c1 (00007040)     _SciaRegs
00007070     1c1 (00007040)     _XIntruptRegs

00007100     1c4 (00007100)     _AdcRegs

00007750     1dd (00007740)     _ScibRegs
00007770     1dd (00007740)     _ScicRegs

00007900     1e4 (00007900)     _I2caRegs

0000c000     300 (0000c000)     __sys_memory

0000c400     310 (0000c400)     _preset
0000c401     310 (0000c400)     _freq
0000c402     310 (0000c400)     _updateLcd
0000c403     310 (0000c400)     _resetTimer
0000c404     310 (0000c400)     _sysStart
0000c405     310 (0000c400)     _currentChangeScreen
0000c406     310 (0000c400)     _toggle
0000c407     310 (0000c400)     _distortion
0000c408     310 (0000c400)     _effectToToggle
0000c409     310 (0000c400)     _toggleDist
0000c40a     310 (0000c400)     _indexToToggle
0000c40b     310 (0000c400)     _tuner
0000c40c     310 (0000c400)     _oldLevel
0000c40d     310 (0000c400)     _previous
0000c40e     310 (0000c400)     _updateFrequency
0000c40f     310 (0000c400)     _updateInputs
0000c410     310 (0000c400)     _numQueued
0000c411     310 (0000c400)     _inputNumber
0000c412     310 (0000c400)     _updateChange
0000c413     310 (0000c400)     _updateCode
0000c414     310 (0000c400)     _presetNumber
0000c415     310 (0000c400)     _save
0000c416     310 (0000c400)     _newLevel
0000c417     310 (0000c400)     _load
0000c418     310 (0000c400)     _previousInputs
0000c41c     310 (0000c400)     _inputs
0000c420     310 (0000c400)     _location
0000c424     310 (0000c400)     _on_off
0000c428     310 (0000c400)     _mainDisplay
0000c42c     310 (0000c400)     _list
0000c434     310 (0000c400)     _pipeline

0000c9e8     327 (0000c9c0)     _CpuTimer1
0000c9f0     327 (0000c9c0)     _CpuTimer2
0000c9f8     327 (0000c9c0)     _CpuTimer0

0000ca00     328 (0000ca00)     _numInMainDisplay
0000ca01     328 (0000ca00)     _tunerScreen
0000ca02     328 (0000ca00)     _presetScreen
0000ca03     328 (0000ca00)     _currentPreset
0000ca04     328 (0000ca00)     _reprint

0000ca40     329 (0000ca40)     _noteChart

0000cba3     32e (0000cb80)     _errno
0000cba4     32e (0000cb80)     _lowpass_coefficients

0000cbc0     32f (0000cbc0)     _writeDone
0000cbc1     32f (0000cbc0)     _Error
0000cbc2     32f (0000cbc0)     _readDone
0000cbc4     32f (0000cbc0)     _CurrentMsgPtr
0000cbc6     32f (0000cbc0)     _adcVal
0000cbcb     32f (0000cbc0)     _messageOut
0000cbe0     32f (0000cbc0)     _messageIn

0000cc80     332 (0000cc80)     _returnArray
0000cc9a     332 (0000cc80)     __unlock
0000cc9c     332 (0000cc80)     __lock
0000cc9e     332 (0000cc80)     ___TI_cleanup_ptr
0000cca0     332 (0000cc80)     ___TI_dtors_ptr

0000d000     340 (0000d000)     _FFTStartFlag
0000d004     340 (0000d000)     _rfft_adc
0000d008     340 (0000d000)     _rfft

0000d040     341 (0000d040)     _AdcBuf

0000d240     349 (0000d240)     _RFFTmagBuff

0000d480     352 (0000d480)     _RFFToutBuff

0000d880     362 (0000d880)     _RFFTF32Coef

00302248    c089 (00302240)     _PieVectTableInit

0033fff8    cfff (0033ffc0)     _CsmPwl

00380090    e002 (00380080)     _PartIdRegs


GLOBAL SYMBOLS: SORTED ALPHABETICALLY BY Name 

address    name
--------   ----
0000c000   .bss
00300af0   .text
003021f8   C$$EXIT
00301cb6   FD$$MPY
00302167   FD$$TOI
00301c2e   FS$$DIV
003021a9   FS$$TOFD
00302145   I$$DIV
00302156   I$$MOD
00300be6   _ADCINT_ISR
00380080   _ADC_cal
0000d040   _AdcBuf
00000b00   _AdcMirror
00007100   _AdcRegs
00301df1   _ConfigCpuTimer
0000c9f8   _CpuTimer0
00000c00   _CpuTimer0Regs
0000c9e8   _CpuTimer1
00000c08   _CpuTimer1Regs
0000c9f0   _CpuTimer2
00000c10   _CpuTimer2Regs
0033fff8   _CsmPwl
00000ae0   _CsmRegs
0000cbc4   _CurrentMsgPtr
00300b04   _DATALOG_ISR
00300d7c   _DINTCH1_ISR
00300d8a   _DINTCH2_ISR
00300d98   _DINTCH3_ISR
00300da6   _DINTCH4_ISR
00300db4   _DINTCH5_ISR
00300dc2   _DINTCH6_ISR
00302225   _DelayUs
00000880   _DevEmuRegs
00001000   _DmaRegs
00300e40   _ECAN0INTA_ISR
00300e5c   _ECAN0INTB_ISR
00300e4e   _ECAN1INTA_ISR
00300e6a   _ECAN1INTB_ISR
00300cb8   _ECAP1_INT_ISR
00300cc6   _ECAP2_INT_ISR
00300cd4   _ECAP3_INT_ISR
00300ce2   _ECAP4_INT_ISR
00300cf0   _ECAP5_INT_ISR
00300cfe   _ECAP6_INT_ISR
00006040   _ECanaLAMRegs
000060c0   _ECanaMOTORegs
00006080   _ECanaMOTSRegs
00006100   _ECanaMboxes
00006000   _ECanaRegs
00006240   _ECanbLAMRegs
000062c0   _ECanbMOTORegs
00006280   _ECanbMOTSRegs
00006300   _ECanbMboxes
00006200   _ECanbRegs
00006a00   _ECap1Regs
00006a20   _ECap2Regs
00006a40   _ECap3Regs
00006a60   _ECap4Regs
00006a80   _ECap5Regs
00006aa0   _ECap6Regs
00300b18   _EMUINT_ISR
00300c64   _EPWM1_INT_ISR
00300c10   _EPWM1_TZINT_ISR
00300c72   _EPWM2_INT_ISR
00300c1e   _EPWM2_TZINT_ISR
00300c80   _EPWM3_INT_ISR
00300c2c   _EPWM3_TZINT_ISR
00300c8e   _EPWM4_INT_ISR
00300c3a   _EPWM4_TZINT_ISR
00300c9c   _EPWM5_INT_ISR
00300c48   _EPWM5_TZINT_ISR
00300caa   _EPWM6_INT_ISR
00300c56   _EPWM6_TZINT_ISR
00006800   _EPwm1Regs
00006840   _EPwm2Regs
00006880   _EPwm3Regs
000068c0   _EPwm4Regs
00006900   _EPwm5Regs
00006940   _EPwm6Regs
00300d0c   _EQEP1_INT_ISR
00300d1a   _EQEP2_INT_ISR
00006b00   _EQep1Regs
00006b40   _EQep2Regs
0000cbc1   _Error
0000d000   _FFTStartFlag
00000a80   _FlashRegs
00006f80   _GpioCtrlRegs
00006fc0   _GpioDataRegs
00006fe0   _GpioIntRegs
0000898b   _I2CA_Init
000089d1   _I2CA_ReadData
0000899e   _I2CA_WriteData
00300dd0   _I2CINT1A_ISR
00300dde   _I2CINT2A_ISR
00007900   _I2caRegs
0030204a   _IIR5BIQ16_calc
0030203a   _IIR5BIQ16_init
00300b2c   _ILLEGAL_ISR
00300af0   _INT13_ISR
00300afa   _INT14_ISR
00301db8   _InitCpuTimers
00008ad1   _InitFlash
00302211   _InitI2C
00302212   _InitI2CGpio
003017d3   _InitMcbsp
003018ac   _InitMcbspGpio
003017d8   _InitMcbspa
00301837   _InitMcbspa12bit
00301842   _InitMcbspa16bit
0030184d   _InitMcbspa20bit
00301858   _InitMcbspa24bit
00301863   _InitMcbspa32bit
00301830   _InitMcbspa8bit
003018b1   _InitMcbspaGpio
00301804   _InitMcbspb
00301875   _InitMcbspb12bit
00301880   _InitMcbspb16bit
0030188b   _InitMcbspb20bit
00301896   _InitMcbspb24bit
003018a1   _InitMcbspb32bit
0030186e   _InitMcbspb8bit
003018eb   _InitMcbspbGpio
0030206d   _InitPieCtrl
003020f7   _InitSpi
003020f8   _InitSpiGpio
003020fb   _InitSpiaGpio
00301d39   _InitSysCtrl
00300ecc   _LUF_ISR
00300ebe   _LVF_ISR
00300d60   _MRINTA_ISR
00300d44   _MRINTB_ISR
00300d6e   _MXINTA_ISR
00300d52   _MXINTB_ISR
00005000   _McbspaRegs
00005040   _McbspbRegs
00300b22   _NMI_ISR
00380090   _PartIdRegs
00000ce0   _PieCtrlRegs
00000d00   _PieVectTable
00302248   _PieVectTableInit
0000d880   _RFFTF32Coef
0030192a   _RFFT_adc_f32
00301b90   _RFFT_adc_f32u
00301ff6   _RFFT_f32_mag
00301e2c   _RFFT_f32_sincostable
0000d240   _RFFTmagBuff
0000d480   _RFFToutBuff
00300b0e   _RTOSINT_ISR
00300e08   _SCIRXINTA_ISR
00300e24   _SCIRXINTB_ISR
00300dec   _SCIRXINTC_ISR
00300e16   _SCITXINTA_ISR
00300e32   _SCITXINTB_ISR
00300dfa   _SCITXINTC_ISR
00300bae   _SEQ1INT_ISR
00300bbc   _SEQ2INT_ISR
00300d28   _SPIRXINTA_ISR
00300d36   _SPITXINTA_ISR
00007050   _SciaRegs
00007750   _ScibRegs
00007770   _ScicRegs
00302245   _SetDBGIER
00007040   _SpiaRegs
00007010   _SysCtrlRegs
00300bf4   _TINT0_ISR
00300b90   _USER10_ISR
00300b9a   _USER11_ISR
00300ba4   _USER12_ISR
00300b36   _USER1_ISR
00300b40   _USER2_ISR
00300b4a   _USER3_ISR
00300b54   _USER4_ISR
00300b5e   _USER5_ISR
00300b68   _USER6_ISR
00300b72   _USER7_ISR
00300b7c   _USER8_ISR
00300b86   _USER9_ISR
00300c02   _WAKEINT_ISR
00300bca   _XINT1_ISR
00300bd8   _XINT2_ISR
00300e78   _XINT3_ISR
00300e86   _XINT4_ISR
00300e94   _XINT5_ISR
00300ea2   _XINT6_ISR
00300eb0   _XINT7_ISR
00007070   _XIntruptRegs
00000b20   _XintfRegs
00000700   __STACK_END
00000300   __STACK_SIZE
00000400   __SYSMEM_SIZE
00000001   __TI_args_main
0000cc9e   ___TI_cleanup_ptr
0000cca0   ___TI_dtors_ptr
ffffffff   ___binit__
0000c000   ___bss__
ffffffff   ___c_args__
0030234c   ___cinit__
0000c000   ___end__
00302248   ___etext__
00302188   ___memcpy_ff
ffffffff   ___pinit__
00300af0   ___text__
003021df   __args_main
0000cc9c   __lock
0030223d   __nop
00302239   __register_lock
00302235   __register_unlock
00000400   __stack
0000c000   __sys_memory
0000cc9a   __unlock
003021f8   _abort
0000cbc6   _adcVal
00008658   _addToLCD
00301fb0   _c_int00
0030177a   _clearPipeline
00301914   _clkg_delay_loop
0000870a   _controlLCD
00301e9a   _cos
00008745   _cpu_timer0_isr
000087b0   _cpu_timer1_isr
0000c405   _currentChangeScreen
0000ca03   _currentPreset
003018fe   _delay_loop
0000c407   _distortion
000083ec   _eepromRead
000083d1   _eepromWrite
0000c408   _effectToToggle
00008887   _effects
0000cba3   _errno
003021fa   _exit
00008a79   _findFrequency
00301377   _findNote
0030209d   _fmod
0000c401   _freq
003016ba   _getInputs
000085b2   _goToMain
00008a03   _i2c_int1a_isr
003017ba   _indexLookup
0000c40a   _indexToToggle
00300ee4   _initEffects
00301efb   _initFFT
00301a62   _initINTS
0030147c   _initLCD
00008925   _init_adc_spi
0000893d   _init_mcbsp_spi
0000c411   _inputNumber
0000c41c   _inputs
0000c42c   _list
0000c417   _load
000082d2   _loadPreset
003012f2   _loadPresetScreen
0000883b   _load_preset
0000c420   _location
0000cba4   _lowpass_coefficients
003015a4   _main
0000c428   _mainDisplay
00008978   _mcbsp_xmit
0000cbe0   _messageIn
0000cbcb   _messageOut
003021c5   _modf
0000c416   _newLevel
0000ca40   _noteChart
0000ca00   _numInMainDisplay
0000c410   _numQueued
0000c40c   _oldLevel
0000c424   _on_off
0000c434   _pipeline
0000c400   _preset
0000c414   _presetNumber
0000ca02   _presetScreen
00008807   _preset_down
000087d2   _preset_up
0000c40d   _previous
0000c418   _previousInputs
003012c0   _printFlanger
000086c0   _printFreq
0000872c   _printLCD
00008435   _printReverb
00008416   _printTremolo
003012df   _printWah
00008000   _process
003012b4   _processChorus
003011d3   _processFlanger
0030107b   _processPhaser
003012ba   _processPitchShift
0000815e   _processReverb
0000810e   _processTremolo
00300f74   _processWah
00301754   _queueEffect
0000cbc2   _readDone
00008914   _read_adc
0000ca04   _reprint
0000c403   _resetTimer
0000cc80   _returnArray
0000d008   _rfft
0000d004   _rfft_adc
003019ba   _rfft_adc_f32_Stages4andUp
003020cb   _rotary
00300eda   _rsvd_ISR
0000c415   _save
000081ff   _savePreset
00008861   _save_preset
00000af0   _secureRamFuncs_loadsize
00300000   _secureRamFuncs_loadstart
00008000   _secureRamFuncs_runstart
00301f58   _sin
00302122   _sqrt
00301f3c   _storeFFT
0000c404   _sysStart
0000c406   _toggle
0000c409   _toggleDist
0030130c   _toggleDistortion
003017a4   _toggleEffectOnDisplay
00008691   _toggleLCD
00301712   _toggleOn_Off
0000c40b   _tuner
0000ca01   _tunerScreen
0000c412   _updateChange
0000c413   _updateCode
0000c40e   _updateFrequency
0000c40f   _updateInputs
00008497   _updateLCD
0000c402   _updateLcd
00008451   _updateLevel
00301b7e   _updateTimer0
0000cbc0   _writeDone
00008905   _write_dac
ffffffff   binit
0030234c   cinit
0033fff6   code_start
0000c000   end
00302248   etext
ffffffff   pinit


GLOBAL SYMBOLS: SORTED BY Symbol Address 

address    name
--------   ----
00000001   __TI_args_main
00000300   __STACK_SIZE
00000400   __SYSMEM_SIZE
00000400   __stack
00000700   __STACK_END
00000880   _DevEmuRegs
00000a80   _FlashRegs
00000ae0   _CsmRegs
00000af0   _secureRamFuncs_loadsize
00000b00   _AdcMirror
00000b20   _XintfRegs
00000c00   _CpuTimer0Regs
00000c08   _CpuTimer1Regs
00000c10   _CpuTimer2Regs
00000ce0   _PieCtrlRegs
00000d00   _PieVectTable
00001000   _DmaRegs
00005000   _McbspaRegs
00005040   _McbspbRegs
00006000   _ECanaRegs
00006040   _ECanaLAMRegs
00006080   _ECanaMOTSRegs
000060c0   _ECanaMOTORegs
00006100   _ECanaMboxes
00006200   _ECanbRegs
00006240   _ECanbLAMRegs
00006280   _ECanbMOTSRegs
000062c0   _ECanbMOTORegs
00006300   _ECanbMboxes
00006800   _EPwm1Regs
00006840   _EPwm2Regs
00006880   _EPwm3Regs
000068c0   _EPwm4Regs
00006900   _EPwm5Regs
00006940   _EPwm6Regs
00006a00   _ECap1Regs
00006a20   _ECap2Regs
00006a40   _ECap3Regs
00006a60   _ECap4Regs
00006a80   _ECap5Regs
00006aa0   _ECap6Regs
00006b00   _EQep1Regs
00006b40   _EQep2Regs
00006f80   _GpioCtrlRegs
00006fc0   _GpioDataRegs
00006fe0   _GpioIntRegs
00007010   _SysCtrlRegs
00007040   _SpiaRegs
00007050   _SciaRegs
00007070   _XIntruptRegs
00007100   _AdcRegs
00007750   _ScibRegs
00007770   _ScicRegs
00007900   _I2caRegs
00008000   _process
00008000   _secureRamFuncs_runstart
0000810e   _processTremolo
0000815e   _processReverb
000081ff   _savePreset
000082d2   _loadPreset
000083d1   _eepromWrite
000083ec   _eepromRead
00008416   _printTremolo
00008435   _printReverb
00008451   _updateLevel
00008497   _updateLCD
000085b2   _goToMain
00008658   _addToLCD
00008691   _toggleLCD
000086c0   _printFreq
0000870a   _controlLCD
0000872c   _printLCD
00008745   _cpu_timer0_isr
000087b0   _cpu_timer1_isr
000087d2   _preset_up
00008807   _preset_down
0000883b   _load_preset
00008861   _save_preset
00008887   _effects
00008905   _write_dac
00008914   _read_adc
00008925   _init_adc_spi
0000893d   _init_mcbsp_spi
00008978   _mcbsp_xmit
0000898b   _I2CA_Init
0000899e   _I2CA_WriteData
000089d1   _I2CA_ReadData
00008a03   _i2c_int1a_isr
00008a79   _findFrequency
00008ad1   _InitFlash
0000c000   .bss
0000c000   ___bss__
0000c000   ___end__
0000c000   __sys_memory
0000c000   end
0000c400   _preset
0000c401   _freq
0000c402   _updateLcd
0000c403   _resetTimer
0000c404   _sysStart
0000c405   _currentChangeScreen
0000c406   _toggle
0000c407   _distortion
0000c408   _effectToToggle
0000c409   _toggleDist
0000c40a   _indexToToggle
0000c40b   _tuner
0000c40c   _oldLevel
0000c40d   _previous
0000c40e   _updateFrequency
0000c40f   _updateInputs
0000c410   _numQueued
0000c411   _inputNumber
0000c412   _updateChange
0000c413   _updateCode
0000c414   _presetNumber
0000c415   _save
0000c416   _newLevel
0000c417   _load
0000c418   _previousInputs
0000c41c   _inputs
0000c420   _location
0000c424   _on_off
0000c428   _mainDisplay
0000c42c   _list
0000c434   _pipeline
0000c9e8   _CpuTimer1
0000c9f0   _CpuTimer2
0000c9f8   _CpuTimer0
0000ca00   _numInMainDisplay
0000ca01   _tunerScreen
0000ca02   _presetScreen
0000ca03   _currentPreset
0000ca04   _reprint
0000ca40   _noteChart
0000cba3   _errno
0000cba4   _lowpass_coefficients
0000cbc0   _writeDone
0000cbc1   _Error
0000cbc2   _readDone
0000cbc4   _CurrentMsgPtr
0000cbc6   _adcVal
0000cbcb   _messageOut
0000cbe0   _messageIn
0000cc80   _returnArray
0000cc9a   __unlock
0000cc9c   __lock
0000cc9e   ___TI_cleanup_ptr
0000cca0   ___TI_dtors_ptr
0000d000   _FFTStartFlag
0000d004   _rfft_adc
0000d008   _rfft
0000d040   _AdcBuf
0000d240   _RFFTmagBuff
0000d480   _RFFToutBuff
0000d880   _RFFTF32Coef
00300000   _secureRamFuncs_loadstart
00300af0   .text
00300af0   _INT13_ISR
00300af0   ___text__
00300afa   _INT14_ISR
00300b04   _DATALOG_ISR
00300b0e   _RTOSINT_ISR
00300b18   _EMUINT_ISR
00300b22   _NMI_ISR
00300b2c   _ILLEGAL_ISR
00300b36   _USER1_ISR
00300b40   _USER2_ISR
00300b4a   _USER3_ISR
00300b54   _USER4_ISR
00300b5e   _USER5_ISR
00300b68   _USER6_ISR
00300b72   _USER7_ISR
00300b7c   _USER8_ISR
00300b86   _USER9_ISR
00300b90   _USER10_ISR
00300b9a   _USER11_ISR
00300ba4   _USER12_ISR
00300bae   _SEQ1INT_ISR
00300bbc   _SEQ2INT_ISR
00300bca   _XINT1_ISR
00300bd8   _XINT2_ISR
00300be6   _ADCINT_ISR
00300bf4   _TINT0_ISR
00300c02   _WAKEINT_ISR
00300c10   _EPWM1_TZINT_ISR
00300c1e   _EPWM2_TZINT_ISR
00300c2c   _EPWM3_TZINT_ISR
00300c3a   _EPWM4_TZINT_ISR
00300c48   _EPWM5_TZINT_ISR
00300c56   _EPWM6_TZINT_ISR
00300c64   _EPWM1_INT_ISR
00300c72   _EPWM2_INT_ISR
00300c80   _EPWM3_INT_ISR
00300c8e   _EPWM4_INT_ISR
00300c9c   _EPWM5_INT_ISR
00300caa   _EPWM6_INT_ISR
00300cb8   _ECAP1_INT_ISR
00300cc6   _ECAP2_INT_ISR
00300cd4   _ECAP3_INT_ISR
00300ce2   _ECAP4_INT_ISR
00300cf0   _ECAP5_INT_ISR
00300cfe   _ECAP6_INT_ISR
00300d0c   _EQEP1_INT_ISR
00300d1a   _EQEP2_INT_ISR
00300d28   _SPIRXINTA_ISR
00300d36   _SPITXINTA_ISR
00300d44   _MRINTB_ISR
00300d52   _MXINTB_ISR
00300d60   _MRINTA_ISR
00300d6e   _MXINTA_ISR
00300d7c   _DINTCH1_ISR
00300d8a   _DINTCH2_ISR
00300d98   _DINTCH3_ISR
00300da6   _DINTCH4_ISR
00300db4   _DINTCH5_ISR
00300dc2   _DINTCH6_ISR
00300dd0   _I2CINT1A_ISR
00300dde   _I2CINT2A_ISR
00300dec   _SCIRXINTC_ISR
00300dfa   _SCITXINTC_ISR
00300e08   _SCIRXINTA_ISR
00300e16   _SCITXINTA_ISR
00300e24   _SCIRXINTB_ISR
00300e32   _SCITXINTB_ISR
00300e40   _ECAN0INTA_ISR
00300e4e   _ECAN1INTA_ISR
00300e5c   _ECAN0INTB_ISR
00300e6a   _ECAN1INTB_ISR
00300e78   _XINT3_ISR
00300e86   _XINT4_ISR
00300e94   _XINT5_ISR
00300ea2   _XINT6_ISR
00300eb0   _XINT7_ISR
00300ebe   _LVF_ISR
00300ecc   _LUF_ISR
00300eda   _rsvd_ISR
00300ee4   _initEffects
00300f74   _processWah
0030107b   _processPhaser
003011d3   _processFlanger
003012b4   _processChorus
003012ba   _processPitchShift
003012c0   _printFlanger
003012df   _printWah
003012f2   _loadPresetScreen
0030130c   _toggleDistortion
00301377   _findNote
0030147c   _initLCD
003015a4   _main
003016ba   _getInputs
00301712   _toggleOn_Off
00301754   _queueEffect
0030177a   _clearPipeline
003017a4   _toggleEffectOnDisplay
003017ba   _indexLookup
003017d3   _InitMcbsp
003017d8   _InitMcbspa
00301804   _InitMcbspb
00301830   _InitMcbspa8bit
00301837   _InitMcbspa12bit
00301842   _InitMcbspa16bit
0030184d   _InitMcbspa20bit
00301858   _InitMcbspa24bit
00301863   _InitMcbspa32bit
0030186e   _InitMcbspb8bit
00301875   _InitMcbspb12bit
00301880   _InitMcbspb16bit
0030188b   _InitMcbspb20bit
00301896   _InitMcbspb24bit
003018a1   _InitMcbspb32bit
003018ac   _InitMcbspGpio
003018b1   _InitMcbspaGpio
003018eb   _InitMcbspbGpio
003018fe   _delay_loop
00301914   _clkg_delay_loop
0030192a   _RFFT_adc_f32
003019ba   _rfft_adc_f32_Stages4andUp
00301a62   _initINTS
00301b7e   _updateTimer0
00301b90   _RFFT_adc_f32u
00301c2e   FS$$DIV
00301cb6   FD$$MPY
00301d39   _InitSysCtrl
00301db8   _InitCpuTimers
00301df1   _ConfigCpuTimer
00301e2c   _RFFT_f32_sincostable
00301e9a   _cos
00301efb   _initFFT
00301f3c   _storeFFT
00301f58   _sin
00301fb0   _c_int00
00301ff6   _RFFT_f32_mag
0030203a   _IIR5BIQ16_init
0030204a   _IIR5BIQ16_calc
0030206d   _InitPieCtrl
0030209d   _fmod
003020cb   _rotary
003020f7   _InitSpi
003020f8   _InitSpiGpio
003020fb   _InitSpiaGpio
00302122   _sqrt
00302145   I$$DIV
00302156   I$$MOD
00302167   FD$$TOI
00302188   ___memcpy_ff
003021a9   FS$$TOFD
003021c5   _modf
003021df   __args_main
003021f8   C$$EXIT
003021f8   _abort
003021fa   _exit
00302211   _InitI2C
00302212   _InitI2CGpio
00302225   _DelayUs
00302235   __register_unlock
00302239   __register_lock
0030223d   __nop
00302245   _SetDBGIER
00302248   _PieVectTableInit
00302248   ___etext__
00302248   etext
0030234c   ___cinit__
0030234c   cinit
0033fff6   code_start
0033fff8   _CsmPwl
00380080   _ADC_cal
00380090   _PartIdRegs
ffffffff   ___binit__
ffffffff   ___c_args__
ffffffff   ___pinit__
ffffffff   binit
ffffffff   pinit

[333 symbols]
