******************************************************************************
             TMS320C2000 Linker PC v6.2.7                      
******************************************************************************
>> Linked Fri Sep 19 14:13:18 2014

OUTPUT FILE NAME:   <guitarEffects.out>
ENTRY POINT SYMBOL: "_c_int00"  address: 00009a7c


MEMORY CONFIGURATION

         name            origin    length      used     unused   attr    fill
----------------------  --------  ---------  --------  --------  ----  --------
PAGE 0:
  BEGIN                 00000000   00000002  00000002  00000000  RWIX
  BOOT_RSVD             00000002   0000004e  00000000  0000004e  RWIX
  RAMM0                 00000050   000003b0  0000010d  000002a3  RWIX
  RAML0                 00008000   00001000  00000004  00000ffc  RWIX
  RAML1                 00009000   00001000  00000cc1  0000033f  RWIX
  RAML2                 0000a000   00001000  00000000  00001000  RWIX
  RAML3                 0000b000   00001000  00000000  00001000  RWIX
  ZONE7A                00200000   0000fc00  00000000  0000fc00  RWIX
  CSM_RSVD              0033ff80   00000076  00000000  00000076  RWIX
  CSM_PWL               0033fff8   00000008  00000000  00000008  RWIX
  ADC_CAL               00380080   00000009  00000007  00000002  RWIX
  IQTABLES              003fe000   00000b50  00000000  00000b50  RWIX
  IQTABLES2             003feb50   0000008c  00000000  0000008c  RWIX
  FPUTABLES             003febdc   000006a0  00000000  000006a0  RWIX
  BOOTROM               003ff27c   00000d44  00000000  00000d44  RWIX
  RESET                 003fffc0   00000002  00000000  00000002  RWIX

PAGE 1:
  RAMM1                 00000400   00000400  00000300  00000100  RWIX
  DEV_EMU               00000880   00000180  000000d0  000000b0  RWIX
  FLASH_REGS            00000a80   00000060  00000008  00000058  RWIX
  CSM                   00000ae0   00000010  00000010  00000000  RWIX
  ADC_MIRROR            00000b00   00000010  00000010  00000000  RWIX
  XINTF                 00000b20   00000020  0000001e  00000002  RWIX
  CPU_TIMER0            00000c00   00000008  00000008  00000000  RWIX
  CPU_TIMER1            00000c08   00000008  00000008  00000000  RWIX
  CPU_TIMER2            00000c10   00000008  00000008  00000000  RWIX
  PIE_CTRL              00000ce0   00000020  0000001a  00000006  RWIX
  PIE_VECT              00000d00   00000100  00000100  00000000  RWIX
  DMA                   00001000   00000200  000000e0  00000120  RWIX
  MCBSPA                00005000   00000040  00000025  0000001b  RWIX
  MCBSPB                00005040   00000040  00000025  0000001b  RWIX
  ECANA                 00006000   00000040  00000034  0000000c  RWIX
  ECANA_LAM             00006040   00000040  00000040  00000000  RWIX
  ECANA_MOTS            00006080   00000040  00000040  00000000  RWIX
  ECANA_MOTO            000060c0   00000040  00000040  00000000  RWIX
  ECANA_MBOX            00006100   00000100  00000100  00000000  RWIX
  ECANB                 00006200   00000040  00000034  0000000c  RWIX
  ECANB_LAM             00006240   00000040  00000040  00000000  RWIX
  ECANB_MOTS            00006280   00000040  00000040  00000000  RWIX
  ECANB_MOTO            000062c0   00000040  00000040  00000000  RWIX
  ECANB_MBOX            00006300   00000100  00000100  00000000  RWIX
  EPWM1                 00006800   00000022  00000022  00000000  RWIX
  EPWM2                 00006840   00000022  00000022  00000000  RWIX
  EPWM3                 00006880   00000022  00000022  00000000  RWIX
  EPWM4                 000068c0   00000022  00000022  00000000  RWIX
  EPWM5                 00006900   00000022  00000022  00000000  RWIX
  EPWM6                 00006940   00000022  00000022  00000000  RWIX
  ECAP1                 00006a00   00000020  00000020  00000000  RWIX
  ECAP2                 00006a20   00000020  00000020  00000000  RWIX
  ECAP3                 00006a40   00000020  00000020  00000000  RWIX
  ECAP4                 00006a60   00000020  00000020  00000000  RWIX
  ECAP5                 00006a80   00000020  00000020  00000000  RWIX
  ECAP6                 00006aa0   00000020  00000020  00000000  RWIX
  EQEP1                 00006b00   00000040  00000040  00000000  RWIX
  EQEP2                 00006b40   00000040  00000040  00000000  RWIX
  GPIOCTRL              00006f80   00000040  0000002e  00000012  RWIX
  GPIODAT               00006fc0   00000020  00000020  00000000  RWIX
  GPIOINT               00006fe0   00000020  0000000a  00000016  RWIX
  SYSTEM                00007010   00000020  00000020  00000000  RWIX
  SPIA                  00007040   00000010  00000010  00000000  RWIX
  SCIA                  00007050   00000010  00000010  00000000  RWIX
  XINTRUPT              00007070   00000010  00000010  00000000  RWIX
  ADC                   00007100   00000020  0000001e  00000002  RWIX
  SCIB                  00007750   00000010  00000010  00000000  RWIX
  SCIC                  00007770   00000010  00000010  00000000  RWIX
  I2CA                  00007900   00000040  00000022  0000001e  RWIX
  RAML4                 0000c000   00001000  00000dde  00000222  RWIX
  RAML5                 0000d000   00001000  00000104  00000efc  RWIX
  RAML6                 0000e000   00001000  00000000  00001000  RWIX
  RAML7                 0000f000   00001000  00000000  00001000  RWIX
  ZONE7B                0020fc00   00000400  00000000  00000400  RWIX
  CSM_PWL               0033fff8   00000008  00000008  00000000  RWIX
  PARTID                00380090   00000001  00000001  00000000  RWIX


SECTION ALLOCATION MAP

 output                                  attributes/
section   page    origin      length       input sections
--------  ----  ----------  ----------   ----------------
codestart 
*          0    00000000    00000002     
                  00000000    00000002     DSP2833x_CodeStartBranch.obj (codestart)

.cinit     0    00000050    0000010d     
                  00000050    000000c4     bp_iir.obj (.cinit)
                  00000114    0000001e     effect.obj (.cinit)
                  00000132    0000000d     fft.obj (.cinit)
                  0000013f    0000000a     rts2800_fpu32.lib : _lock.obj (.cinit)
                  00000149    0000000a                       : exit.obj (.cinit)
                  00000153    00000004     lcd.obj (.cinit)
                  00000157    00000004     rts2800_fpu32.lib : errno.obj (.cinit)
                  0000015b    00000002     --HOLE-- [fill = 0]

ramfuncs   0    00008000    00000004     
                  00008000    00000004     DSP2833x_usDelay.obj (ramfuncs)

.text      0    00009000    00000cc1     
                  00009000    00000319     DSP2833x_DefaultIsr.obj (.text:retain)
                  00009319    00000001     --HOLE-- [fill = 0]
                  0000931a    00000138     C28x_FPU_Lib.lib : RFFT_adc_f32.obj (.text)
                  00009452    000000f7     DSP2833x_SysCtrl.obj (.text)
                  00009549    000000ae     effect.obj (.text)
                  000095f7    00000001     --HOLE-- [fill = 0]
                  000095f8    0000009e     RFFT_adc_f32u.obj (.text)
                  00009696    00000088     rts2800_fpu32.lib : fs_div.obj (.text)
                  0000971e    00000083                       : fd_mpy.obj (.text)
                  000097a1    00000074     DSP2833x_CpuTimers.obj (.text)
                  00009815    00000073     main.obj (.text:retain)
                  00009888    00000072     sys.obj (.text)
                  000098fa    00000068     C28x_FPU_Lib.lib : RFFT_f32_sincostable.obj (.text)
                  00009962    00000061     rts2800_fpu32.lib : cos.obj (.text)
                  000099c3    00000061                       : log.obj (.text)
                  00009a24    00000058                       : sin.obj (.text)
                  00009a7c    00000046                       : boot.obj (.text)
                  00009ac2    00000044     C28x_FPU_Lib.lib : RFFT_f32_mag.obj (.text)
                  00009b06    0000002b     spi.obj (.text)
                  00009b31    00000028     DSP2833x_PieCtrl.obj (.text)
                  00009b59    00000026     DSP2833x_Spi.obj (.text)
                  00009b7f    00000001     --HOLE-- [fill = 0]
                  00009b80    00000023     rts2800_fpu32.lib : sqrt.obj (.text)
                  00009ba3    00000022                       : i_div.obj (.text)
                  00009bc5    00000021                       : fd_toi.obj (.text)
                  00009be6    00000020     DSP2833x_PieVect.obj (.text)
                  00009c06    0000001e     adc.obj (.text)
                  00009c24    0000001c     rts2800_fpu32.lib : fs_tofd.obj (.text)
                  00009c40    00000019                       : args_main.obj (.text)
                  00009c59    00000019                       : exit.obj (.text)
                  00009c72    00000016                       : frexp.obj (.text)
                  00009c88    00000014     DSP2833x_Adc.obj (.text)
                  00009c9c    00000011     main.obj (.text)
                  00009cad    00000009     rts2800_fpu32.lib : _lock.obj (.text)
                  00009cb6    00000008     DSP2833x_CodeStartBranch.obj (.text)
                  00009cbe    00000003     DSP2833x_DBGIER.obj (.text)

.data      0    0000a000    00000000     UNINITIALIZED

.bss       0    0000b000    00000000     UNINITIALIZED

csm_rsvd   0    0033ff80    00000000     DSECT

csmpasswds 
*          0    0033fff8    00000000     DSECT

.adc_cal   0    00380080    00000007     NOLOAD SECTION
                  00380080    00000007     DSP2833x_ADC_cal.obj (.adc_cal)

.reset     0    003fffc0    00000002     DSECT
                  003fffc0    00000002     rts2800_fpu32.lib : boot.obj (.reset)

.stack     1    00000400    00000300     UNINITIALIZED
                  00000400    00000300     --HOLE--

DevEmuRegsFile 
*          1    00000880    000000d0     UNINITIALIZED
                  00000880    000000d0     DSP2833x_GlobalVariableDefs.obj (DevEmuRegsFile)

FlashRegsFile 
*          1    00000a80    00000008     UNINITIALIZED
                  00000a80    00000008     DSP2833x_GlobalVariableDefs.obj (FlashRegsFile)

CsmRegsFile 
*          1    00000ae0    00000010     UNINITIALIZED
                  00000ae0    00000010     DSP2833x_GlobalVariableDefs.obj (CsmRegsFile)

AdcMirrorFile 
*          1    00000b00    00000010     UNINITIALIZED
                  00000b00    00000010     DSP2833x_GlobalVariableDefs.obj (AdcMirrorFile)

XintfRegsFile 
*          1    00000b20    0000001e     UNINITIALIZED
                  00000b20    0000001e     DSP2833x_GlobalVariableDefs.obj (XintfRegsFile)

CpuTimer0RegsFile 
*          1    00000c00    00000008     UNINITIALIZED
                  00000c00    00000008     DSP2833x_GlobalVariableDefs.obj (CpuTimer0RegsFile)

CpuTimer1RegsFile 
*          1    00000c08    00000008     UNINITIALIZED
                  00000c08    00000008     DSP2833x_GlobalVariableDefs.obj (CpuTimer1RegsFile)

CpuTimer2RegsFile 
*          1    00000c10    00000008     UNINITIALIZED
                  00000c10    00000008     DSP2833x_GlobalVariableDefs.obj (CpuTimer2RegsFile)

PieCtrlRegsFile 
*          1    00000ce0    0000001a     UNINITIALIZED
                  00000ce0    0000001a     DSP2833x_GlobalVariableDefs.obj (PieCtrlRegsFile)

PieVectTableFile 
*          1    00000d00    00000100     UNINITIALIZED
                  00000d00    00000100     DSP2833x_GlobalVariableDefs.obj (PieVectTableFile)

DmaRegsFile 
*          1    00001000    000000e0     UNINITIALIZED
                  00001000    000000e0     DSP2833x_GlobalVariableDefs.obj (DmaRegsFile)

McbspaRegsFile 
*          1    00005000    00000025     UNINITIALIZED
                  00005000    00000025     DSP2833x_GlobalVariableDefs.obj (McbspaRegsFile)

McbspbRegsFile 
*          1    00005040    00000025     UNINITIALIZED
                  00005040    00000025     DSP2833x_GlobalVariableDefs.obj (McbspbRegsFile)

ECanaRegsFile 
*          1    00006000    00000034     UNINITIALIZED
                  00006000    00000034     DSP2833x_GlobalVariableDefs.obj (ECanaRegsFile)

ECanaLAMRegsFile 
*          1    00006040    00000040     UNINITIALIZED
                  00006040    00000040     DSP2833x_GlobalVariableDefs.obj (ECanaLAMRegsFile)

ECanaMOTSRegsFile 
*          1    00006080    00000040     UNINITIALIZED
                  00006080    00000040     DSP2833x_GlobalVariableDefs.obj (ECanaMOTSRegsFile)

ECanaMOTORegsFile 
*          1    000060c0    00000040     UNINITIALIZED
                  000060c0    00000040     DSP2833x_GlobalVariableDefs.obj (ECanaMOTORegsFile)

ECanaMboxesFile 
*          1    00006100    00000100     UNINITIALIZED
                  00006100    00000100     DSP2833x_GlobalVariableDefs.obj (ECanaMboxesFile)

ECanbRegsFile 
*          1    00006200    00000034     UNINITIALIZED
                  00006200    00000034     DSP2833x_GlobalVariableDefs.obj (ECanbRegsFile)

ECanbLAMRegsFile 
*          1    00006240    00000040     UNINITIALIZED
                  00006240    00000040     DSP2833x_GlobalVariableDefs.obj (ECanbLAMRegsFile)

ECanbMOTSRegsFile 
*          1    00006280    00000040     UNINITIALIZED
                  00006280    00000040     DSP2833x_GlobalVariableDefs.obj (ECanbMOTSRegsFile)

ECanbMOTORegsFile 
*          1    000062c0    00000040     UNINITIALIZED
                  000062c0    00000040     DSP2833x_GlobalVariableDefs.obj (ECanbMOTORegsFile)

ECanbMboxesFile 
*          1    00006300    00000100     UNINITIALIZED
                  00006300    00000100     DSP2833x_GlobalVariableDefs.obj (ECanbMboxesFile)

EPwm1RegsFile 
*          1    00006800    00000022     UNINITIALIZED
                  00006800    00000022     DSP2833x_GlobalVariableDefs.obj (EPwm1RegsFile)

EPwm2RegsFile 
*          1    00006840    00000022     UNINITIALIZED
                  00006840    00000022     DSP2833x_GlobalVariableDefs.obj (EPwm2RegsFile)

EPwm3RegsFile 
*          1    00006880    00000022     UNINITIALIZED
                  00006880    00000022     DSP2833x_GlobalVariableDefs.obj (EPwm3RegsFile)

EPwm4RegsFile 
*          1    000068c0    00000022     UNINITIALIZED
                  000068c0    00000022     DSP2833x_GlobalVariableDefs.obj (EPwm4RegsFile)

EPwm5RegsFile 
*          1    00006900    00000022     UNINITIALIZED
                  00006900    00000022     DSP2833x_GlobalVariableDefs.obj (EPwm5RegsFile)

EPwm6RegsFile 
*          1    00006940    00000022     UNINITIALIZED
                  00006940    00000022     DSP2833x_GlobalVariableDefs.obj (EPwm6RegsFile)

ECap1RegsFile 
*          1    00006a00    00000020     UNINITIALIZED
                  00006a00    00000020     DSP2833x_GlobalVariableDefs.obj (ECap1RegsFile)

ECap2RegsFile 
*          1    00006a20    00000020     UNINITIALIZED
                  00006a20    00000020     DSP2833x_GlobalVariableDefs.obj (ECap2RegsFile)

ECap3RegsFile 
*          1    00006a40    00000020     UNINITIALIZED
                  00006a40    00000020     DSP2833x_GlobalVariableDefs.obj (ECap3RegsFile)

ECap4RegsFile 
*          1    00006a60    00000020     UNINITIALIZED
                  00006a60    00000020     DSP2833x_GlobalVariableDefs.obj (ECap4RegsFile)

ECap5RegsFile 
*          1    00006a80    00000020     UNINITIALIZED
                  00006a80    00000020     DSP2833x_GlobalVariableDefs.obj (ECap5RegsFile)

ECap6RegsFile 
*          1    00006aa0    00000020     UNINITIALIZED
                  00006aa0    00000020     DSP2833x_GlobalVariableDefs.obj (ECap6RegsFile)

EQep1RegsFile 
*          1    00006b00    00000040     UNINITIALIZED
                  00006b00    00000040     DSP2833x_GlobalVariableDefs.obj (EQep1RegsFile)

EQep2RegsFile 
*          1    00006b40    00000040     UNINITIALIZED
                  00006b40    00000040     DSP2833x_GlobalVariableDefs.obj (EQep2RegsFile)

GpioCtrlRegsFile 
*          1    00006f80    0000002e     UNINITIALIZED
                  00006f80    0000002e     DSP2833x_GlobalVariableDefs.obj (GpioCtrlRegsFile)

GpioDataRegsFile 
*          1    00006fc0    00000020     UNINITIALIZED
                  00006fc0    00000020     DSP2833x_GlobalVariableDefs.obj (GpioDataRegsFile)

GpioIntRegsFile 
*          1    00006fe0    0000000a     UNINITIALIZED
                  00006fe0    0000000a     DSP2833x_GlobalVariableDefs.obj (GpioIntRegsFile)

SysCtrlRegsFile 
*          1    00007010    00000020     UNINITIALIZED
                  00007010    00000020     DSP2833x_GlobalVariableDefs.obj (SysCtrlRegsFile)

SpiaRegsFile 
*          1    00007040    00000010     UNINITIALIZED
                  00007040    00000010     DSP2833x_GlobalVariableDefs.obj (SpiaRegsFile)

SciaRegsFile 
*          1    00007050    00000010     UNINITIALIZED
                  00007050    00000010     DSP2833x_GlobalVariableDefs.obj (SciaRegsFile)

XIntruptRegsFile 
*          1    00007070    00000010     UNINITIALIZED
                  00007070    00000010     DSP2833x_GlobalVariableDefs.obj (XIntruptRegsFile)

AdcRegsFile 
*          1    00007100    0000001e     UNINITIALIZED
                  00007100    0000001e     DSP2833x_GlobalVariableDefs.obj (AdcRegsFile)

ScibRegsFile 
*          1    00007750    00000010     UNINITIALIZED
                  00007750    00000010     DSP2833x_GlobalVariableDefs.obj (ScibRegsFile)

ScicRegsFile 
*          1    00007770    00000010     UNINITIALIZED
                  00007770    00000010     DSP2833x_GlobalVariableDefs.obj (ScicRegsFile)

I2caRegsFile 
*          1    00007900    00000022     UNINITIALIZED
                  00007900    00000022     DSP2833x_GlobalVariableDefs.obj (I2caRegsFile)

.ebss      1    0000c000    00000dde     UNINITIALIZED
                  0000c000    00000c80     fft.obj (.ebss)
                  0000cc80    00000115     bp_iir.obj (.ebss)
                  0000cd95    00000001     lcd.obj (.ebss)
                  0000cd96    00000018     DSP2833x_CpuTimers.obj (.ebss)
                  0000cdae    00000011     wah.obj (.ebss)
                  0000cdbf    00000001     rts2800_fpu32.lib : errno.obj (.ebss)
                  0000cdc0    00000016     effect.obj (.ebss)
                  0000cdd6    00000004     rts2800_fpu32.lib : _lock.obj (.ebss)
                  0000cdda    00000004                       : exit.obj (.ebss)

.econst    1    0000d000    00000104     
                  0000d000    00000100     DSP2833x_PieVect.obj (.econst)
                  0000d100    00000004     fft.obj (.econst)

CsmPwlFile 
*          1    0033fff8    00000008     UNINITIALIZED
                  0033fff8    00000008     DSP2833x_GlobalVariableDefs.obj (CsmPwlFile)

PartIdRegsFile 
*          1    00380090    00000001     UNINITIALIZED
                  00380090    00000001     DSP2833x_GlobalVariableDefs.obj (PartIdRegsFile)


GLOBAL DATA SYMBOLS: SORTED BY DATA PAGE

address     data page           name
--------    ----------------    ----
00000400      10 (00000400)     __stack

00000880      22 (00000880)     _DevEmuRegs

00000a80      2a (00000a80)     _FlashRegs

00000ae0      2b (00000ac0)     _CsmRegs

00000b00      2c (00000b00)     _AdcMirror
00000b20      2c (00000b00)     _XintfRegs

00000c00      30 (00000c00)     _CpuTimer0Regs
00000c08      30 (00000c00)     _CpuTimer1Regs
00000c10      30 (00000c00)     _CpuTimer2Regs

00000ce0      33 (00000cc0)     _PieCtrlRegs

00000d00      34 (00000d00)     _PieVectTable

00001000      40 (00001000)     _DmaRegs

00005000     140 (00005000)     _McbspaRegs

00005040     141 (00005040)     _McbspbRegs

00006000     180 (00006000)     _ECanaRegs

00006040     181 (00006040)     _ECanaLAMRegs

00006080     182 (00006080)     _ECanaMOTSRegs

000060c0     183 (000060c0)     _ECanaMOTORegs

00006100     184 (00006100)     _ECanaMboxes

00006200     188 (00006200)     _ECanbRegs

00006240     189 (00006240)     _ECanbLAMRegs

00006280     18a (00006280)     _ECanbMOTSRegs

000062c0     18b (000062c0)     _ECanbMOTORegs

00006300     18c (00006300)     _ECanbMboxes

00006800     1a0 (00006800)     _EPwm1Regs

00006840     1a1 (00006840)     _EPwm2Regs

00006880     1a2 (00006880)     _EPwm3Regs

000068c0     1a3 (000068c0)     _EPwm4Regs

00006900     1a4 (00006900)     _EPwm5Regs

00006940     1a5 (00006940)     _EPwm6Regs

00006a00     1a8 (00006a00)     _ECap1Regs
00006a20     1a8 (00006a00)     _ECap2Regs

00006a40     1a9 (00006a40)     _ECap3Regs
00006a60     1a9 (00006a40)     _ECap4Regs

00006a80     1aa (00006a80)     _ECap5Regs
00006aa0     1aa (00006a80)     _ECap6Regs

00006b00     1ac (00006b00)     _EQep1Regs

00006b40     1ad (00006b40)     _EQep2Regs

00006f80     1be (00006f80)     _GpioCtrlRegs

00006fc0     1bf (00006fc0)     _GpioDataRegs
00006fe0     1bf (00006fc0)     _GpioIntRegs

00007010     1c0 (00007000)     _SysCtrlRegs

00007040     1c1 (00007040)     _SpiaRegs
00007050     1c1 (00007040)     _SciaRegs
00007070     1c1 (00007040)     _XIntruptRegs

00007100     1c4 (00007100)     _AdcRegs

00007750     1dd (00007740)     _ScibRegs
00007770     1dd (00007740)     _ScicRegs

00007900     1e4 (00007900)     _I2caRegs

0000c000     300 (0000c000)     _FFTStartFlag
0000c001     300 (0000c000)     _DEBUG_TOGGLE
0000c004     300 (0000c000)     _rfft_adc
0000c008     300 (0000c000)     _rfft

0000c040     301 (0000c040)     _AdcBuf

0000c240     309 (0000c240)     _RFFTmagBuff

0000c480     312 (0000c480)     _RFFToutBuff

0000c880     322 (0000c880)     _RFFTF32Coef

0000cd95     336 (0000cd80)     _delay
0000cd96     336 (0000cd80)     _CpuTimer1
0000cd9e     336 (0000cd80)     _CpuTimer2
0000cda6     336 (0000cd80)     _CpuTimer0
0000cdbf     336 (0000cd80)     _errno

0000cdc1     337 (0000cdc0)     _numEffects
0000cdc2     337 (0000cdc0)     _on_off
0000cdcc     337 (0000cdc0)     _pipeline
0000cdd6     337 (0000cdc0)     __unlock
0000cdd8     337 (0000cdc0)     __lock
0000cdda     337 (0000cdc0)     ___TI_cleanup_ptr
0000cddc     337 (0000cdc0)     ___TI_dtors_ptr

0000d000     340 (0000d000)     _PieVectTableInit

0033fff8    cfff (0033ffc0)     _CsmPwl

00380090    e002 (00380080)     _PartIdRegs


GLOBAL SYMBOLS: SORTED ALPHABETICALLY BY Name 

address    name
--------   ----
0000b000   .bss
0000a000   .data
00009000   .text
00009c59   C$$EXIT
0000971e   FD$$MPY
00009bc5   FD$$TOI
00009696   FS$$DIV
00009c24   FS$$TOFD
00009ba3   I$$DIV
00009bb4   I$$MOD
000090e6   _ADCINT_ISR
00380080   _ADC_cal
0000c040   _AdcBuf
00000b00   _AdcMirror
00007100   _AdcRegs
000097da   _ConfigCpuTimer
0000cda6   _CpuTimer0
00000c00   _CpuTimer0Regs
0000cd96   _CpuTimer1
00000c08   _CpuTimer1Regs
0000cd9e   _CpuTimer2
00000c10   _CpuTimer2Regs
0033fff8   _CsmPwl
00000ae0   _CsmRegs
00009518   _CsmUnlock
00009014   _DATALOG_ISR
0000c001   _DEBUG_TOGGLE
0000920b   _DINTCH1_ISR
00009215   _DINTCH2_ISR
0000921f   _DINTCH3_ISR
00009229   _DINTCH4_ISR
00009233   _DINTCH5_ISR
0000923d   _DINTCH6_ISR
00008000   _DSP28x_usDelay
00000880   _DevEmuRegs
00009465   _DisableDog
00001000   _DmaRegs
00009297   _ECAN0INTA_ISR
000092ab   _ECAN0INTB_ISR
000092a1   _ECAN1INTA_ISR
000092b5   _ECAN1INTB_ISR
0000917f   _ECAP1_INT_ISR
00009189   _ECAP2_INT_ISR
00009193   _ECAP3_INT_ISR
0000919d   _ECAP4_INT_ISR
000091a7   _ECAP5_INT_ISR
000091b1   _ECAP6_INT_ISR
00006040   _ECanaLAMRegs
000060c0   _ECanaMOTORegs
00006080   _ECanaMOTSRegs
00006100   _ECanaMboxes
00006000   _ECanaRegs
00006240   _ECanbLAMRegs
000062c0   _ECanbMOTORegs
00006280   _ECanbMOTSRegs
00006300   _ECanbMboxes
00006200   _ECanbRegs
00006a00   _ECap1Regs
00006a20   _ECap2Regs
00006a40   _ECap3Regs
00006a60   _ECap4Regs
00006a80   _ECap5Regs
00006aa0   _ECap6Regs
00009028   _EMUINT_ISR
00009143   _EPWM1_INT_ISR
00009107   _EPWM1_TZINT_ISR
0000914d   _EPWM2_INT_ISR
00009111   _EPWM2_TZINT_ISR
00009157   _EPWM3_INT_ISR
0000911b   _EPWM3_TZINT_ISR
00009161   _EPWM4_INT_ISR
00009125   _EPWM4_TZINT_ISR
0000916b   _EPWM5_INT_ISR
0000912f   _EPWM5_TZINT_ISR
00009175   _EPWM6_INT_ISR
00009139   _EPWM6_TZINT_ISR
00006800   _EPwm1Regs
00006840   _EPwm2Regs
00006880   _EPwm3Regs
000068c0   _EPwm4Regs
00006900   _EPwm5Regs
00006940   _EPwm6Regs
000091bb   _EQEP1_INT_ISR
000091c5   _EQEP2_INT_ISR
00006b00   _EQep1Regs
00006b40   _EQep2Regs
00009b50   _EnableInterrupts
0000c000   _FFTStartFlag
00000a80   _FlashRegs
00006f80   _GpioCtrlRegs
00006fc0   _GpioDataRegs
00006fe0   _GpioIntRegs
00009247   _I2CINT1A_ISR
00009251   _I2CINT2A_ISR
00007900   _I2caRegs
0000903c   _ILLEGAL_ISR
00009c9c   _INITIALIZE
00009000   _INT13_ISR
0000900a   _INT14_ISR
00009c88   _InitAdc
000097a1   _InitCpuTimers
000094bd   _InitPeripheralClocks
00009b31   _InitPieCtrl
00009be6   _InitPieVectTable
0000946d   _InitPll
00009b59   _InitSpi
00009b5a   _InitSpiGpio
00009b5d   _InitSpiaGpio
00009452   _InitSysCtrl
000092fb   _LUF_ISR
000092f1   _LVF_ISR
000091f7   _MRINTA_ISR
000091e3   _MRINTB_ISR
00009201   _MXINTA_ISR
000091ed   _MXINTB_ISR
00005000   _McbspaRegs
00005040   _McbspbRegs
00009032   _NMI_ISR
00009305   _PIE_RESERVED
00380090   _PartIdRegs
00000ce0   _PieCtrlRegs
00000d00   _PieVectTable
0000d000   _PieVectTableInit
0000c880   _RFFTF32Coef
0000931a   _RFFT_adc_f32
000095f8   _RFFT_adc_f32u
00009ac2   _RFFT_f32_mag
000098fa   _RFFT_f32_sincostable
0000c240   _RFFTmagBuff
0000c480   _RFFToutBuff
0000901e   _RTOSINT_ISR
0000926f   _SCIRXINTA_ISR
00009283   _SCIRXINTB_ISR
0000925b   _SCIRXINTC_ISR
00009279   _SCITXINTA_ISR
0000928d   _SCITXINTB_ISR
00009265   _SCITXINTC_ISR
000090be   _SEQ1INT_ISR
000090c8   _SEQ2INT_ISR
000091cf   _SPIRXINTA_ISR
000091d9   _SPITXINTA_ISR
00007050   _SciaRegs
00007750   _ScibRegs
00007770   _ScicRegs
0000945b   _ServiceDog
00009cbe   _SetDBGIER
00007040   _SpiaRegs
00007010   _SysCtrlRegs
000090f0   _TINT0_ISR
000090a0   _USER10_ISR
000090aa   _USER11_ISR
000090b4   _USER12_ISR
00009046   _USER1_ISR
00009050   _USER2_ISR
0000905a   _USER3_ISR
00009064   _USER4_ISR
0000906e   _USER5_ISR
00009078   _USER6_ISR
00009082   _USER7_ISR
0000908c   _USER8_ISR
00009096   _USER9_ISR
000090fa   _WAKEINT_ISR
000090d2   _XINT1_ISR
000090dc   _XINT2_ISR
000092bf   _XINT3_ISR
000092c9   _XINT4_ISR
000092d3   _XINT5_ISR
000092dd   _XINT6_ISR
000092e7   _XINT7_ISR
00007070   _XIntruptRegs
00000b20   _XintfRegs
00000700   __STACK_END
00000300   __STACK_SIZE
00000001   __TI_args_main
0000cdda   ___TI_cleanup_ptr
0000cddc   ___TI_dtors_ptr
ffffffff   ___binit__
0000b000   ___bss__
ffffffff   ___c_args__
00000050   ___cinit__
0000a000   ___data__
0000a000   ___edata__
0000b000   ___end__
00009cc1   ___etext__
ffffffff   ___pinit__
00009000   ___text__
00009c40   __args_main
0000cdd8   __lock
00009cb5   __nop
00009cb1   __register_lock
00009cad   __register_unlock
00000400   __stack
0000cdd6   __unlock
00009c59   _abort
00009a7c   _c_int00
000095a5   _clearPipeline
00009962   _cos
00009815   _cpu_timer0_isr
0000cd95   _delay
0000cdbf   _errno
00009c5b   _exit
00009c72   _frexp
00009c20   _getAdc
00009549   _handleInput
00009c06   _initADC
00009888   _initINTS
00009b1a   _initSPI
000098d9   _initTIMER0
00009895   _initXINT1
000099c3   _log
00009caa   _main
0000cdc1   _numEffects
0000cdc2   _on_off
0000cdcc   _pipeline
00009b06   _printSPI
000095ba   _processEffect
0000959e   _queueEffect
0000c008   _rfft
0000c004   _rfft_adc
000093aa   _rfft_adc_f32_Stages4andUp
0000930f   _rsvd_ISR
00009a24   _sin
00009b80   _sqrt
000098ba   _updateTIMER0
00009849   _xint1_isr
ffffffff   binit
00000050   cinit
00000000   code_start
0000a000   edata
0000b000   end
00009cc1   etext
ffffffff   pinit


GLOBAL SYMBOLS: SORTED BY Symbol Address 

address    name
--------   ----
00000000   code_start
00000001   __TI_args_main
00000050   ___cinit__
00000050   cinit
00000300   __STACK_SIZE
00000400   __stack
00000700   __STACK_END
00000880   _DevEmuRegs
00000a80   _FlashRegs
00000ae0   _CsmRegs
00000b00   _AdcMirror
00000b20   _XintfRegs
00000c00   _CpuTimer0Regs
00000c08   _CpuTimer1Regs
00000c10   _CpuTimer2Regs
00000ce0   _PieCtrlRegs
00000d00   _PieVectTable
00001000   _DmaRegs
00005000   _McbspaRegs
00005040   _McbspbRegs
00006000   _ECanaRegs
00006040   _ECanaLAMRegs
00006080   _ECanaMOTSRegs
000060c0   _ECanaMOTORegs
00006100   _ECanaMboxes
00006200   _ECanbRegs
00006240   _ECanbLAMRegs
00006280   _ECanbMOTSRegs
000062c0   _ECanbMOTORegs
00006300   _ECanbMboxes
00006800   _EPwm1Regs
00006840   _EPwm2Regs
00006880   _EPwm3Regs
000068c0   _EPwm4Regs
00006900   _EPwm5Regs
00006940   _EPwm6Regs
00006a00   _ECap1Regs
00006a20   _ECap2Regs
00006a40   _ECap3Regs
00006a60   _ECap4Regs
00006a80   _ECap5Regs
00006aa0   _ECap6Regs
00006b00   _EQep1Regs
00006b40   _EQep2Regs
00006f80   _GpioCtrlRegs
00006fc0   _GpioDataRegs
00006fe0   _GpioIntRegs
00007010   _SysCtrlRegs
00007040   _SpiaRegs
00007050   _SciaRegs
00007070   _XIntruptRegs
00007100   _AdcRegs
00007750   _ScibRegs
00007770   _ScicRegs
00007900   _I2caRegs
00008000   _DSP28x_usDelay
00009000   .text
00009000   _INT13_ISR
00009000   ___text__
0000900a   _INT14_ISR
00009014   _DATALOG_ISR
0000901e   _RTOSINT_ISR
00009028   _EMUINT_ISR
00009032   _NMI_ISR
0000903c   _ILLEGAL_ISR
00009046   _USER1_ISR
00009050   _USER2_ISR
0000905a   _USER3_ISR
00009064   _USER4_ISR
0000906e   _USER5_ISR
00009078   _USER6_ISR
00009082   _USER7_ISR
0000908c   _USER8_ISR
00009096   _USER9_ISR
000090a0   _USER10_ISR
000090aa   _USER11_ISR
000090b4   _USER12_ISR
000090be   _SEQ1INT_ISR
000090c8   _SEQ2INT_ISR
000090d2   _XINT1_ISR
000090dc   _XINT2_ISR
000090e6   _ADCINT_ISR
000090f0   _TINT0_ISR
000090fa   _WAKEINT_ISR
00009107   _EPWM1_TZINT_ISR
00009111   _EPWM2_TZINT_ISR
0000911b   _EPWM3_TZINT_ISR
00009125   _EPWM4_TZINT_ISR
0000912f   _EPWM5_TZINT_ISR
00009139   _EPWM6_TZINT_ISR
00009143   _EPWM1_INT_ISR
0000914d   _EPWM2_INT_ISR
00009157   _EPWM3_INT_ISR
00009161   _EPWM4_INT_ISR
0000916b   _EPWM5_INT_ISR
00009175   _EPWM6_INT_ISR
0000917f   _ECAP1_INT_ISR
00009189   _ECAP2_INT_ISR
00009193   _ECAP3_INT_ISR
0000919d   _ECAP4_INT_ISR
000091a7   _ECAP5_INT_ISR
000091b1   _ECAP6_INT_ISR
000091bb   _EQEP1_INT_ISR
000091c5   _EQEP2_INT_ISR
000091cf   _SPIRXINTA_ISR
000091d9   _SPITXINTA_ISR
000091e3   _MRINTB_ISR
000091ed   _MXINTB_ISR
000091f7   _MRINTA_ISR
00009201   _MXINTA_ISR
0000920b   _DINTCH1_ISR
00009215   _DINTCH2_ISR
0000921f   _DINTCH3_ISR
00009229   _DINTCH4_ISR
00009233   _DINTCH5_ISR
0000923d   _DINTCH6_ISR
00009247   _I2CINT1A_ISR
00009251   _I2CINT2A_ISR
0000925b   _SCIRXINTC_ISR
00009265   _SCITXINTC_ISR
0000926f   _SCIRXINTA_ISR
00009279   _SCITXINTA_ISR
00009283   _SCIRXINTB_ISR
0000928d   _SCITXINTB_ISR
00009297   _ECAN0INTA_ISR
000092a1   _ECAN1INTA_ISR
000092ab   _ECAN0INTB_ISR
000092b5   _ECAN1INTB_ISR
000092bf   _XINT3_ISR
000092c9   _XINT4_ISR
000092d3   _XINT5_ISR
000092dd   _XINT6_ISR
000092e7   _XINT7_ISR
000092f1   _LVF_ISR
000092fb   _LUF_ISR
00009305   _PIE_RESERVED
0000930f   _rsvd_ISR
0000931a   _RFFT_adc_f32
000093aa   _rfft_adc_f32_Stages4andUp
00009452   _InitSysCtrl
0000945b   _ServiceDog
00009465   _DisableDog
0000946d   _InitPll
000094bd   _InitPeripheralClocks
00009518   _CsmUnlock
00009549   _handleInput
0000959e   _queueEffect
000095a5   _clearPipeline
000095ba   _processEffect
000095f8   _RFFT_adc_f32u
00009696   FS$$DIV
0000971e   FD$$MPY
000097a1   _InitCpuTimers
000097da   _ConfigCpuTimer
00009815   _cpu_timer0_isr
00009849   _xint1_isr
00009888   _initINTS
00009895   _initXINT1
000098ba   _updateTIMER0
000098d9   _initTIMER0
000098fa   _RFFT_f32_sincostable
00009962   _cos
000099c3   _log
00009a24   _sin
00009a7c   _c_int00
00009ac2   _RFFT_f32_mag
00009b06   _printSPI
00009b1a   _initSPI
00009b31   _InitPieCtrl
00009b50   _EnableInterrupts
00009b59   _InitSpi
00009b5a   _InitSpiGpio
00009b5d   _InitSpiaGpio
00009b80   _sqrt
00009ba3   I$$DIV
00009bb4   I$$MOD
00009bc5   FD$$TOI
00009be6   _InitPieVectTable
00009c06   _initADC
00009c20   _getAdc
00009c24   FS$$TOFD
00009c40   __args_main
00009c59   C$$EXIT
00009c59   _abort
00009c5b   _exit
00009c72   _frexp
00009c88   _InitAdc
00009c9c   _INITIALIZE
00009caa   _main
00009cad   __register_unlock
00009cb1   __register_lock
00009cb5   __nop
00009cbe   _SetDBGIER
00009cc1   ___etext__
00009cc1   etext
0000a000   .data
0000a000   ___data__
0000a000   ___edata__
0000a000   edata
0000b000   .bss
0000b000   ___bss__
0000b000   ___end__
0000b000   end
0000c000   _FFTStartFlag
0000c001   _DEBUG_TOGGLE
0000c004   _rfft_adc
0000c008   _rfft
0000c040   _AdcBuf
0000c240   _RFFTmagBuff
0000c480   _RFFToutBuff
0000c880   _RFFTF32Coef
0000cd95   _delay
0000cd96   _CpuTimer1
0000cd9e   _CpuTimer2
0000cda6   _CpuTimer0
0000cdbf   _errno
0000cdc1   _numEffects
0000cdc2   _on_off
0000cdcc   _pipeline
0000cdd6   __unlock
0000cdd8   __lock
0000cdda   ___TI_cleanup_ptr
0000cddc   ___TI_dtors_ptr
0000d000   _PieVectTableInit
0033fff8   _CsmPwl
00380080   _ADC_cal
00380090   _PartIdRegs
ffffffff   ___binit__
ffffffff   ___c_args__
ffffffff   ___pinit__
ffffffff   binit
ffffffff   pinit

[232 symbols]
