******************************************************************************
             TMS320C2000 Linker PC v6.2.7                      
******************************************************************************
>> Linked Tue Dec 02 14:28:13 2014

OUTPUT FILE NAME:   <guitarEffects.out>
ENTRY POINT SYMBOL: "_c_int00"  address: 00301fd7


MEMORY CONFIGURATION

         name            origin    length      used     unused   attr    fill
----------------------  --------  ---------  --------  --------  ----  --------
PAGE 0:
  BEGIN_M0              00000000   00000002  00000000  00000002  RWIX
  L0123SARAM            00008000   00004000  00000abf  00003541  RWIX
  FLASH_ABCDEFGH        00300000   0003ff80  000023a9  0003dbd7  R   
  CSM_RSVD              0033ff80   00000076  00000076  00000000  R   
  BEGIN_FLASH           0033fff6   00000002  00000002  00000000  R   
  PASSWORDS             0033fff8   00000008  00000008  00000000  R   
  ADC_CAL               00380080   00000009  00000007  00000002  RWIX
  OTP                   00380400   00000400  00000000  00000400  R   
  IQTABLES              003fe000   00000b50  00000000  00000b50  R   
  IQTABLES2             003feb50   0000008c  00000000  0000008c  R   
  FPUTABLES             003febdc   000006a0  00000000  000006a0  R   
  RESET                 003fffc0   00000002  00000000  00000002  R   

PAGE 1:
  M0SARAM               00000002   000003fe  00000000  000003fe  RWIX
  M1SARAM               00000400   00000400  00000300  00000100  RWIX
  DEV_EMU               00000880   00000180  000000d0  000000b0  RWIX
  FLASH_REGS            00000a80   00000060  00000008  00000058  RWIX
  CSM                   00000ae0   00000010  00000010  00000000  RWIX
  ADC_MIRROR            00000b00   00000010  00000010  00000000  RWIX
  XINTF                 00000b20   00000020  0000001e  00000002  RWIX
  CPU_TIMER0            00000c00   00000008  00000008  00000000  RWIX
  CPU_TIMER1            00000c08   00000008  00000008  00000000  RWIX
  CPU_TIMER2            00000c10   00000008  00000008  00000000  RWIX
  PIE_CTRL              00000ce0   00000020  0000001a  00000006  RWIX
  PIE_VECT              00000d00   00000100  00000100  00000000  RWIX
  DMA                   00001000   00000200  000000e0  00000120  RWIX
  MCBSPA                00005000   00000040  00000025  0000001b  RWIX
  MCBSPB                00005040   00000040  00000025  0000001b  RWIX
  ECANA                 00006000   00000040  00000034  0000000c  RWIX
  ECANA_LAM             00006040   00000040  00000040  00000000  RWIX
  ECANA_MOTS            00006080   00000040  00000040  00000000  RWIX
  ECANA_MOTO            000060c0   00000040  00000040  00000000  RWIX
  ECANA_MBOX            00006100   00000100  00000100  00000000  RWIX
  ECANB                 00006200   00000040  00000034  0000000c  RWIX
  ECANB_LAM             00006240   00000040  00000040  00000000  RWIX
  ECANB_MOTS            00006280   00000040  00000040  00000000  RWIX
  ECANB_MOTO            000062c0   00000040  00000040  00000000  RWIX
  ECANB_MBOX            00006300   00000100  00000100  00000000  RWIX
  EPWM1                 00006800   00000022  00000022  00000000  RWIX
  EPWM2                 00006840   00000022  00000022  00000000  RWIX
  EPWM3                 00006880   00000022  00000022  00000000  RWIX
  EPWM4                 000068c0   00000022  00000022  00000000  RWIX
  EPWM5                 00006900   00000022  00000022  00000000  RWIX
  EPWM6                 00006940   00000022  00000022  00000000  RWIX
  ECAP1                 00006a00   00000020  00000020  00000000  RWIX
  ECAP2                 00006a20   00000020  00000020  00000000  RWIX
  ECAP3                 00006a40   00000020  00000020  00000000  RWIX
  ECAP4                 00006a60   00000020  00000020  00000000  RWIX
  ECAP5                 00006a80   00000020  00000020  00000000  RWIX
  ECAP6                 00006aa0   00000020  00000020  00000000  RWIX
  EQEP1                 00006b00   00000040  00000040  00000000  RWIX
  EQEP2                 00006b40   00000040  00000040  00000000  RWIX
  GPIOCTRL              00006f80   00000040  0000002e  00000012  RWIX
  GPIODAT               00006fc0   00000020  00000020  00000000  RWIX
  GPIOINT               00006fe0   00000020  0000000a  00000016  RWIX
  SYSTEM                00007010   00000020  00000020  00000000  RWIX
  SPIA                  00007040   00000010  00000010  00000000  RWIX
  SCIA                  00007050   00000010  00000010  00000000  RWIX
  XINTRUPT              00007070   00000010  00000010  00000000  RWIX
  ADC                   00007100   00000020  0000001e  00000002  RWIX
  SCIB                  00007750   00000010  00000010  00000000  RWIX
  SCIC                  00007770   00000010  00000010  00000000  RWIX
  I2CA                  00007900   00000040  00000022  0000001e  RWIX
  L4SARAM               0000c000   00001000  00000e9e  00000162  RWIX
  L5SARAM               0000d000   00001000  000005e8  00000a18  RWIX
  L6SARAM               0000e000   00001000  00000000  00001000  RWIX
  L7SARAM               0000f000   00001000  00000000  00001000  RWIX
  CSM_PWL               0033fff8   00000008  00000008  00000000  RWIX
  PARTID                00380090   00000001  00000001  00000000  RWIX


SECTION ALLOCATION MAP

 output                                  attributes/
section   page    origin      length       input sections
--------  ----  ----------  ----------   ----------------
.pinit     0    00300000    00000000     UNINITIALIZED

secureRamFuncs 
*          0    00300000    00000abf     RUN ADDR = 00008000
                  00300000    0000032f     lcd.obj (secureRamFuncs)
                  0030032f    00000301     effect.obj (secureRamFuncs)
                  00300630    000002a4     main.obj (secureRamFuncs:retain)
                  003008d4    00000086     spi.obj (secureRamFuncs)
                  0030095a    00000078     eeprom.obj (secureRamFuncs)
                  003009d2    00000076     effect.obj (secureRamFuncs:retain)
                  00300a48    00000058     fft.obj (secureRamFuncs)
                  00300aa0    0000001f     Flash.obj (secureRamFuncs)

.text      0    00300ac0    00001750     
                  00300ac0    000003f4     DefaultIsr_nonBIOS.obj (.text:retain)
                  00300eb4    000003b5     effect.obj (.text)
                  00301269    000002e4     lcd.obj (.text)
                  0030154d    00000245     main.obj (.text)
                  00301792    00000157     DSP2833x_Mcbsp.obj (.text)
                  003018e9    00000140     interrupts.obj (.text)
                  00301a29    00000001     --HOLE-- [fill = 0]
                  00301a2a    00000138     RFFT_adc_f32.obj (.text)
                  00301b62    0000009e     RFFT_adc_f32u.obj (.text)
                  00301c00    00000088     rts2800_fpu32.lib : fs_div.obj (.text)
                  00301c88    00000083                       : fd_mpy.obj (.text)
                  00301d0b    0000007f     SysCtrl.obj (.text)
                  00301d8a    00000074     DSP2833x_CpuTimers.obj (.text)
                  00301dfe    0000006e     RFFT_f32_sincostable.obj (.text)
                  00301e6c    00000061     rts2800_fpu32.lib : cos.obj (.text)
                  00301ecd    0000005d     fft.obj (.text)
                  00301f2a    00000058     rts2800_fpu32.lib : sin.obj (.text)
                  00301f82    00000055     main.obj (.text:retain)
                  00301fd7    00000046     rts2800_fpu32.lib : boot.obj (.text)
                  0030201d    00000044     RFFT_f32_mag.obj (.text)
                  00302061    00000030     PieCtrl_nonBIOS.obj (.text)
                  00302091    0000002e     rts2800_fpu32.lib : fmod.obj (.text)
                  003020bf    0000002a     DSP2833x_Spi.obj (.text)
                  003020e9    00000001     --HOLE-- [fill = 0]
                  003020ea    00000023     rts2800_fpu32.lib : sqrt.obj (.text)
                  0030210d    00000022                       : i_div.obj (.text)
                  0030212f    00000021                       : fd_toi.obj (.text)
                  00302150    00000021                       : memcpy_ff.obj (.text)
                  00302171    0000001c                       : fs_tofd.obj (.text)
                  0030218d    0000001a                       : modf.obj (.text)
                  003021a7    00000019                       : args_main.obj (.text)
                  003021c0    00000019                       : exit.obj (.text)
                  003021d9    00000014     DSP2833x_I2C.obj (.text)
                  003021ed    00000010     DelayUs.obj (.text)
                  003021fd    00000009     rts2800_fpu32.lib : _lock.obj (.text)
                  00302206    00000007     CodeStartBranch.obj (.text)
                  0030220d    00000003     SetDBGIER.obj (.text)

.econst    0    00302210    00000104     
                  00302210    00000100     PieVect_nonBIOS.obj (.econst)
                  00302310    00000004     fft.obj (.econst)

.cinit     0    00302314    00000096     
                  00302314    0000006f     main.obj (.cinit)
                  00302383    0000000a     rts2800_fpu32.lib : _lock.obj (.cinit)
                  0030238d    0000000a                       : exit.obj (.cinit)
                  00302397    00000009     fft.obj (.cinit)
                  003023a0    00000004     effect.obj (.cinit)
                  003023a4    00000004     rts2800_fpu32.lib : errno.obj (.cinit)
                  003023a8    00000002     --HOLE-- [fill = 0]

csm_rsvd   0    0033ff80    00000076     
                  0033ff80    00000076     Passwords.obj (csm_rsvd)

codestart 
*          0    0033fff6    00000002     
                  0033fff6    00000002     CodeStartBranch.obj (codestart)

passwords 
*          0    0033fff8    00000008     
                  0033fff8    00000008     Passwords.obj (passwords)

.adc_cal   0    00380080    00000007     NOLOAD SECTION
                  00380080    00000007     DSP2833x_ADC_cal.obj (.adc_cal)

.reset     0    003fffc0    00000002     DSECT
                  003fffc0    00000002     rts2800_fpu32.lib : boot.obj (.reset)

.stack     1    00000400    00000300     UNINITIALIZED
                  00000400    00000300     --HOLE--

DevEmuRegsFile 
*          1    00000880    000000d0     UNINITIALIZED
                  00000880    000000d0     DSP2833x_GlobalVariableDefs.obj (DevEmuRegsFile)

FlashRegsFile 
*          1    00000a80    00000008     UNINITIALIZED
                  00000a80    00000008     DSP2833x_GlobalVariableDefs.obj (FlashRegsFile)

CsmRegsFile 
*          1    00000ae0    00000010     UNINITIALIZED
                  00000ae0    00000010     DSP2833x_GlobalVariableDefs.obj (CsmRegsFile)

AdcMirrorFile 
*          1    00000b00    00000010     UNINITIALIZED
                  00000b00    00000010     DSP2833x_GlobalVariableDefs.obj (AdcMirrorFile)

XintfRegsFile 
*          1    00000b20    0000001e     UNINITIALIZED
                  00000b20    0000001e     DSP2833x_GlobalVariableDefs.obj (XintfRegsFile)

CpuTimer0RegsFile 
*          1    00000c00    00000008     UNINITIALIZED
                  00000c00    00000008     DSP2833x_GlobalVariableDefs.obj (CpuTimer0RegsFile)

CpuTimer1RegsFile 
*          1    00000c08    00000008     UNINITIALIZED
                  00000c08    00000008     DSP2833x_GlobalVariableDefs.obj (CpuTimer1RegsFile)

CpuTimer2RegsFile 
*          1    00000c10    00000008     UNINITIALIZED
                  00000c10    00000008     DSP2833x_GlobalVariableDefs.obj (CpuTimer2RegsFile)

PieCtrlRegsFile 
*          1    00000ce0    0000001a     UNINITIALIZED
                  00000ce0    0000001a     DSP2833x_GlobalVariableDefs.obj (PieCtrlRegsFile)

PieVectTableFile 
*          1    00000d00    00000100     UNINITIALIZED
                  00000d00    00000100     DSP2833x_GlobalVariableDefs.obj (PieVectTableFile)

DmaRegsFile 
*          1    00001000    000000e0     UNINITIALIZED
                  00001000    000000e0     DSP2833x_GlobalVariableDefs.obj (DmaRegsFile)

McbspaRegsFile 
*          1    00005000    00000025     UNINITIALIZED
                  00005000    00000025     DSP2833x_GlobalVariableDefs.obj (McbspaRegsFile)

McbspbRegsFile 
*          1    00005040    00000025     UNINITIALIZED
                  00005040    00000025     DSP2833x_GlobalVariableDefs.obj (McbspbRegsFile)

ECanaRegsFile 
*          1    00006000    00000034     UNINITIALIZED
                  00006000    00000034     DSP2833x_GlobalVariableDefs.obj (ECanaRegsFile)

ECanaLAMRegsFile 
*          1    00006040    00000040     UNINITIALIZED
                  00006040    00000040     DSP2833x_GlobalVariableDefs.obj (ECanaLAMRegsFile)

ECanaMOTSRegsFile 
*          1    00006080    00000040     UNINITIALIZED
                  00006080    00000040     DSP2833x_GlobalVariableDefs.obj (ECanaMOTSRegsFile)

ECanaMOTORegsFile 
*          1    000060c0    00000040     UNINITIALIZED
                  000060c0    00000040     DSP2833x_GlobalVariableDefs.obj (ECanaMOTORegsFile)

ECanaMboxesFile 
*          1    00006100    00000100     UNINITIALIZED
                  00006100    00000100     DSP2833x_GlobalVariableDefs.obj (ECanaMboxesFile)

ECanbRegsFile 
*          1    00006200    00000034     UNINITIALIZED
                  00006200    00000034     DSP2833x_GlobalVariableDefs.obj (ECanbRegsFile)

ECanbLAMRegsFile 
*          1    00006240    00000040     UNINITIALIZED
                  00006240    00000040     DSP2833x_GlobalVariableDefs.obj (ECanbLAMRegsFile)

ECanbMOTSRegsFile 
*          1    00006280    00000040     UNINITIALIZED
                  00006280    00000040     DSP2833x_GlobalVariableDefs.obj (ECanbMOTSRegsFile)

ECanbMOTORegsFile 
*          1    000062c0    00000040     UNINITIALIZED
                  000062c0    00000040     DSP2833x_GlobalVariableDefs.obj (ECanbMOTORegsFile)

ECanbMboxesFile 
*          1    00006300    00000100     UNINITIALIZED
                  00006300    00000100     DSP2833x_GlobalVariableDefs.obj (ECanbMboxesFile)

EPwm1RegsFile 
*          1    00006800    00000022     UNINITIALIZED
                  00006800    00000022     DSP2833x_GlobalVariableDefs.obj (EPwm1RegsFile)

EPwm2RegsFile 
*          1    00006840    00000022     UNINITIALIZED
                  00006840    00000022     DSP2833x_GlobalVariableDefs.obj (EPwm2RegsFile)

EPwm3RegsFile 
*          1    00006880    00000022     UNINITIALIZED
                  00006880    00000022     DSP2833x_GlobalVariableDefs.obj (EPwm3RegsFile)

EPwm4RegsFile 
*          1    000068c0    00000022     UNINITIALIZED
                  000068c0    00000022     DSP2833x_GlobalVariableDefs.obj (EPwm4RegsFile)

EPwm5RegsFile 
*          1    00006900    00000022     UNINITIALIZED
                  00006900    00000022     DSP2833x_GlobalVariableDefs.obj (EPwm5RegsFile)

EPwm6RegsFile 
*          1    00006940    00000022     UNINITIALIZED
                  00006940    00000022     DSP2833x_GlobalVariableDefs.obj (EPwm6RegsFile)

ECap1RegsFile 
*          1    00006a00    00000020     UNINITIALIZED
                  00006a00    00000020     DSP2833x_GlobalVariableDefs.obj (ECap1RegsFile)

ECap2RegsFile 
*          1    00006a20    00000020     UNINITIALIZED
                  00006a20    00000020     DSP2833x_GlobalVariableDefs.obj (ECap2RegsFile)

ECap3RegsFile 
*          1    00006a40    00000020     UNINITIALIZED
                  00006a40    00000020     DSP2833x_GlobalVariableDefs.obj (ECap3RegsFile)

ECap4RegsFile 
*          1    00006a60    00000020     UNINITIALIZED
                  00006a60    00000020     DSP2833x_GlobalVariableDefs.obj (ECap4RegsFile)

ECap5RegsFile 
*          1    00006a80    00000020     UNINITIALIZED
                  00006a80    00000020     DSP2833x_GlobalVariableDefs.obj (ECap5RegsFile)

ECap6RegsFile 
*          1    00006aa0    00000020     UNINITIALIZED
                  00006aa0    00000020     DSP2833x_GlobalVariableDefs.obj (ECap6RegsFile)

EQep1RegsFile 
*          1    00006b00    00000040     UNINITIALIZED
                  00006b00    00000040     DSP2833x_GlobalVariableDefs.obj (EQep1RegsFile)

EQep2RegsFile 
*          1    00006b40    00000040     UNINITIALIZED
                  00006b40    00000040     DSP2833x_GlobalVariableDefs.obj (EQep2RegsFile)

GpioCtrlRegsFile 
*          1    00006f80    0000002e     UNINITIALIZED
                  00006f80    0000002e     DSP2833x_GlobalVariableDefs.obj (GpioCtrlRegsFile)

GpioDataRegsFile 
*          1    00006fc0    00000020     UNINITIALIZED
                  00006fc0    00000020     DSP2833x_GlobalVariableDefs.obj (GpioDataRegsFile)

GpioIntRegsFile 
*          1    00006fe0    0000000a     UNINITIALIZED
                  00006fe0    0000000a     DSP2833x_GlobalVariableDefs.obj (GpioIntRegsFile)

SysCtrlRegsFile 
*          1    00007010    00000020     UNINITIALIZED
                  00007010    00000020     DSP2833x_GlobalVariableDefs.obj (SysCtrlRegsFile)

SpiaRegsFile 
*          1    00007040    00000010     UNINITIALIZED
                  00007040    00000010     DSP2833x_GlobalVariableDefs.obj (SpiaRegsFile)

SciaRegsFile 
*          1    00007050    00000010     UNINITIALIZED
                  00007050    00000010     DSP2833x_GlobalVariableDefs.obj (SciaRegsFile)

XIntruptRegsFile 
*          1    00007070    00000010     UNINITIALIZED
                  00007070    00000010     DSP2833x_GlobalVariableDefs.obj (XIntruptRegsFile)

AdcRegsFile 
*          1    00007100    0000001e     UNINITIALIZED
                  00007100    0000001e     DSP2833x_GlobalVariableDefs.obj (AdcRegsFile)

ScibRegsFile 
*          1    00007750    00000010     UNINITIALIZED
                  00007750    00000010     DSP2833x_GlobalVariableDefs.obj (ScibRegsFile)

ScicRegsFile 
*          1    00007770    00000010     UNINITIALIZED
                  00007770    00000010     DSP2833x_GlobalVariableDefs.obj (ScicRegsFile)

I2caRegsFile 
*          1    00007900    00000022     UNINITIALIZED
                  00007900    00000022     DSP2833x_GlobalVariableDefs.obj (I2caRegsFile)

.bss       1    0000c000    00000000     UNINITIALIZED

.ebss.1    1    0000c000    00000e9e     UNINITIALIZED
                  0000c000    00000c80     fft.obj (.ebss)
                  0000cc80    000001a3     lcd.obj (.ebss)
                  0000ce23    00000001     rts2800_fpu32.lib : errno.obj (.ebss)
                  0000ce24    00000018     DSP2833x_CpuTimers.obj (.ebss)
                  0000ce3c    00000004     rts2800_fpu32.lib : _lock.obj (.ebss)
                  0000ce40    0000005a     effect.obj (.ebss)
                  0000ce9a    00000004     rts2800_fpu32.lib : exit.obj (.ebss)

.ebss.2    1    0000d000    000005e8     UNINITIALIZED
                  0000d000    000005e8     main.obj (.ebss)

CsmPwlFile 
*          1    0033fff8    00000008     UNINITIALIZED
                  0033fff8    00000008     DSP2833x_GlobalVariableDefs.obj (CsmPwlFile)

PartIdRegsFile 
*          1    00380090    00000001     UNINITIALIZED
                  00380090    00000001     DSP2833x_GlobalVariableDefs.obj (PartIdRegsFile)


GLOBAL DATA SYMBOLS: SORTED BY DATA PAGE

address     data page           name
--------    ----------------    ----
00000400      10 (00000400)     __stack

00000880      22 (00000880)     _DevEmuRegs

00000a80      2a (00000a80)     _FlashRegs

00000ae0      2b (00000ac0)     _CsmRegs

00000b00      2c (00000b00)     _AdcMirror
00000b20      2c (00000b00)     _XintfRegs

00000c00      30 (00000c00)     _CpuTimer0Regs
00000c08      30 (00000c00)     _CpuTimer1Regs
00000c10      30 (00000c00)     _CpuTimer2Regs

00000ce0      33 (00000cc0)     _PieCtrlRegs

00000d00      34 (00000d00)     _PieVectTable

00001000      40 (00001000)     _DmaRegs

00005000     140 (00005000)     _McbspaRegs

00005040     141 (00005040)     _McbspbRegs

00006000     180 (00006000)     _ECanaRegs

00006040     181 (00006040)     _ECanaLAMRegs

00006080     182 (00006080)     _ECanaMOTSRegs

000060c0     183 (000060c0)     _ECanaMOTORegs

00006100     184 (00006100)     _ECanaMboxes

00006200     188 (00006200)     _ECanbRegs

00006240     189 (00006240)     _ECanbLAMRegs

00006280     18a (00006280)     _ECanbMOTSRegs

000062c0     18b (000062c0)     _ECanbMOTORegs

00006300     18c (00006300)     _ECanbMboxes

00006800     1a0 (00006800)     _EPwm1Regs

00006840     1a1 (00006840)     _EPwm2Regs

00006880     1a2 (00006880)     _EPwm3Regs

000068c0     1a3 (000068c0)     _EPwm4Regs

00006900     1a4 (00006900)     _EPwm5Regs

00006940     1a5 (00006940)     _EPwm6Regs

00006a00     1a8 (00006a00)     _ECap1Regs
00006a20     1a8 (00006a00)     _ECap2Regs

00006a40     1a9 (00006a40)     _ECap3Regs
00006a60     1a9 (00006a40)     _ECap4Regs

00006a80     1aa (00006a80)     _ECap5Regs
00006aa0     1aa (00006a80)     _ECap6Regs

00006b00     1ac (00006b00)     _EQep1Regs

00006b40     1ad (00006b40)     _EQep2Regs

00006f80     1be (00006f80)     _GpioCtrlRegs

00006fc0     1bf (00006fc0)     _GpioDataRegs
00006fe0     1bf (00006fc0)     _GpioIntRegs

00007010     1c0 (00007000)     _SysCtrlRegs

00007040     1c1 (00007040)     _SpiaRegs
00007050     1c1 (00007040)     _SciaRegs
00007070     1c1 (00007040)     _XIntruptRegs

00007100     1c4 (00007100)     _AdcRegs

00007750     1dd (00007740)     _ScibRegs
00007770     1dd (00007740)     _ScicRegs

00007900     1e4 (00007900)     _I2caRegs

0000c000     300 (0000c000)     _FFTStartFlag
0000c004     300 (0000c000)     _rfft_adc
0000c008     300 (0000c000)     _rfft

0000c040     301 (0000c040)     _AdcBuf

0000c240     309 (0000c240)     _RFFTmagBuff

0000c480     312 (0000c480)     _RFFToutBuff

0000c880     322 (0000c880)     _RFFTF32Coef

0000cc80     332 (0000cc80)     _numInMainDisplay
0000cc81     332 (0000cc80)     _tunerScreen
0000cc82     332 (0000cc80)     _presetScreen
0000cc83     332 (0000cc80)     _currentPreset
0000cc84     332 (0000cc80)     _reprint

0000ccc0     333 (0000ccc0)     _noteChart

0000ce23     338 (0000ce00)     _errno
0000ce24     338 (0000ce00)     _CpuTimer1
0000ce2c     338 (0000ce00)     _CpuTimer2
0000ce34     338 (0000ce00)     _CpuTimer0
0000ce3c     338 (0000ce00)     __unlock
0000ce3e     338 (0000ce00)     __lock

0000ce40     339 (0000ce40)     _writeDone
0000ce41     339 (0000ce40)     _readDone
0000ce42     339 (0000ce40)     _Error
0000ce44     339 (0000ce40)     _CurrentMsgPtr
0000ce46     339 (0000ce40)     _adcVal
0000ce4b     339 (0000ce40)     _messageOut
0000ce60     339 (0000ce40)     _messageIn

0000ce80     33a (0000ce80)     _returnArray
0000ce9a     33a (0000ce80)     ___TI_cleanup_ptr
0000ce9c     33a (0000ce80)     ___TI_dtors_ptr

0000d000     340 (0000d000)     _resetTimer
0000d001     340 (0000d000)     _sysStart
0000d002     340 (0000d000)     _freq
0000d003     340 (0000d000)     _updateChange
0000d004     340 (0000d000)     _newLevel
0000d005     340 (0000d000)     _updateLcd
0000d006     340 (0000d000)     _updateCode
0000d007     340 (0000d000)     _indexToToggle
0000d008     340 (0000d000)     _toggleDist
0000d009     340 (0000d000)     _toggle
0000d00a     340 (0000d000)     _preset
0000d00b     340 (0000d000)     _currentChangeScreen
0000d00c     340 (0000d000)     _effectToToggle
0000d00d     340 (0000d000)     _load
0000d00e     340 (0000d000)     _blocked
0000d00f     340 (0000d000)     _save
0000d010     340 (0000d000)     _inputNumber
0000d011     340 (0000d000)     _updateInputs
0000d012     340 (0000d000)     _iCount
0000d013     340 (0000d000)     _previous
0000d014     340 (0000d000)     _updateFrequency
0000d015     340 (0000d000)     _startTimeout
0000d016     340 (0000d000)     _tuner
0000d017     340 (0000d000)     _numQueued
0000d018     340 (0000d000)     _presetNumber
0000d019     340 (0000d000)     _oldLevel
0000d01a     340 (0000d000)     _sample
0000d01b     340 (0000d000)     _distortion
0000d01c     340 (0000d000)     _location
0000d020     340 (0000d000)     _mainDisplay
0000d024     340 (0000d000)     _inputs
0000d028     340 (0000d000)     _previousInputs
0000d02c     340 (0000d000)     _on_off
0000d030     340 (0000d000)     _list
0000d038     340 (0000d000)     _pipeline

00302210    c088 (00302200)     _PieVectTableInit

0033fff8    cfff (0033ffc0)     _CsmPwl

00380090    e002 (00380080)     _PartIdRegs


GLOBAL SYMBOLS: SORTED ALPHABETICALLY BY Name 

address    name
--------   ----
0000c000   .bss
00300ac0   .text
003021c0   C$$EXIT
00301c88   FD$$MPY
0030212f   FD$$TOI
00301c00   FS$$DIV
00302171   FS$$TOFD
0030210d   I$$DIV
0030211e   I$$MOD
00300bb6   _ADCINT_ISR
00380080   _ADC_cal
0000c040   _AdcBuf
00000b00   _AdcMirror
00007100   _AdcRegs
00301dc3   _ConfigCpuTimer
0000ce34   _CpuTimer0
00000c00   _CpuTimer0Regs
0000ce24   _CpuTimer1
00000c08   _CpuTimer1Regs
0000ce2c   _CpuTimer2
00000c10   _CpuTimer2Regs
0033fff8   _CsmPwl
00000ae0   _CsmRegs
0000ce44   _CurrentMsgPtr
00300ad4   _DATALOG_ISR
00300d4c   _DINTCH1_ISR
00300d5a   _DINTCH2_ISR
00300d68   _DINTCH3_ISR
00300d76   _DINTCH4_ISR
00300d84   _DINTCH5_ISR
00300d92   _DINTCH6_ISR
003021ed   _DelayUs
00000880   _DevEmuRegs
00001000   _DmaRegs
00300e10   _ECAN0INTA_ISR
00300e2c   _ECAN0INTB_ISR
00300e1e   _ECAN1INTA_ISR
00300e3a   _ECAN1INTB_ISR
00300c88   _ECAP1_INT_ISR
00300c96   _ECAP2_INT_ISR
00300ca4   _ECAP3_INT_ISR
00300cb2   _ECAP4_INT_ISR
00300cc0   _ECAP5_INT_ISR
00300cce   _ECAP6_INT_ISR
00006040   _ECanaLAMRegs
000060c0   _ECanaMOTORegs
00006080   _ECanaMOTSRegs
00006100   _ECanaMboxes
00006000   _ECanaRegs
00006240   _ECanbLAMRegs
000062c0   _ECanbMOTORegs
00006280   _ECanbMOTSRegs
00006300   _ECanbMboxes
00006200   _ECanbRegs
00006a00   _ECap1Regs
00006a20   _ECap2Regs
00006a40   _ECap3Regs
00006a60   _ECap4Regs
00006a80   _ECap5Regs
00006aa0   _ECap6Regs
00300ae8   _EMUINT_ISR
00300c34   _EPWM1_INT_ISR
00300be0   _EPWM1_TZINT_ISR
00300c42   _EPWM2_INT_ISR
00300bee   _EPWM2_TZINT_ISR
00300c50   _EPWM3_INT_ISR
00300bfc   _EPWM3_TZINT_ISR
00300c5e   _EPWM4_INT_ISR
00300c0a   _EPWM4_TZINT_ISR
00300c6c   _EPWM5_INT_ISR
00300c18   _EPWM5_TZINT_ISR
00300c7a   _EPWM6_INT_ISR
00300c26   _EPWM6_TZINT_ISR
00006800   _EPwm1Regs
00006840   _EPwm2Regs
00006880   _EPwm3Regs
000068c0   _EPwm4Regs
00006900   _EPwm5Regs
00006940   _EPwm6Regs
00300cdc   _EQEP1_INT_ISR
00300cea   _EQEP2_INT_ISR
00006b00   _EQep1Regs
00006b40   _EQep2Regs
0000ce42   _Error
0000c000   _FFTStartFlag
00000a80   _FlashRegs
00006f80   _GpioCtrlRegs
00006fc0   _GpioDataRegs
00006fe0   _GpioIntRegs
0000895a   _I2CA_Init
000089a0   _I2CA_ReadData
0000896d   _I2CA_WriteData
00300da0   _I2CINT1A_ISR
00300dae   _I2CINT2A_ISR
00007900   _I2caRegs
00300afc   _ILLEGAL_ISR
00300ac0   _INT13_ISR
00300aca   _INT14_ISR
00301d8a   _InitCpuTimers
00008aa0   _InitFlash
003021d9   _InitI2C
003021da   _InitI2CGpio
00301792   _InitMcbsp
0030186b   _InitMcbspGpio
00301797   _InitMcbspa
003017f6   _InitMcbspa12bit
00301801   _InitMcbspa16bit
0030180c   _InitMcbspa20bit
00301817   _InitMcbspa24bit
00301822   _InitMcbspa32bit
003017ef   _InitMcbspa8bit
00301870   _InitMcbspaGpio
003017c3   _InitMcbspb
00301834   _InitMcbspb12bit
0030183f   _InitMcbspb16bit
0030184a   _InitMcbspb20bit
00301855   _InitMcbspb24bit
00301860   _InitMcbspb32bit
0030182d   _InitMcbspb8bit
003018aa   _InitMcbspbGpio
00302061   _InitPieCtrl
003020bf   _InitSpi
003020c0   _InitSpiGpio
003020c3   _InitSpiaGpio
00301d0b   _InitSysCtrl
00300e9c   _LUF_ISR
00300e8e   _LVF_ISR
00300d30   _MRINTA_ISR
00300d14   _MRINTB_ISR
00300d3e   _MXINTA_ISR
00300d22   _MXINTB_ISR
00005000   _McbspaRegs
00005040   _McbspbRegs
00300af2   _NMI_ISR
00380090   _PartIdRegs
00000ce0   _PieCtrlRegs
00000d00   _PieVectTable
00302210   _PieVectTableInit
0000c880   _RFFTF32Coef
00301a2a   _RFFT_adc_f32
00301b62   _RFFT_adc_f32u
0030201d   _RFFT_f32_mag
00301dfe   _RFFT_f32_sincostable
0000c240   _RFFTmagBuff
0000c480   _RFFToutBuff
00300ade   _RTOSINT_ISR
00300dd8   _SCIRXINTA_ISR
00300df4   _SCIRXINTB_ISR
00300dbc   _SCIRXINTC_ISR
00300de6   _SCITXINTA_ISR
00300e02   _SCITXINTB_ISR
00300dca   _SCITXINTC_ISR
00300b7e   _SEQ1INT_ISR
00300b8c   _SEQ2INT_ISR
00300cf8   _SPIRXINTA_ISR
00300d06   _SPITXINTA_ISR
00007050   _SciaRegs
00007750   _ScibRegs
00007770   _ScicRegs
0030220d   _SetDBGIER
00007040   _SpiaRegs
00007010   _SysCtrlRegs
00300bc4   _TINT0_ISR
00300b60   _USER10_ISR
00300b6a   _USER11_ISR
00300b74   _USER12_ISR
00300b06   _USER1_ISR
00300b10   _USER2_ISR
00300b1a   _USER3_ISR
00300b24   _USER4_ISR
00300b2e   _USER5_ISR
00300b38   _USER6_ISR
00300b42   _USER7_ISR
00300b4c   _USER8_ISR
00300b56   _USER9_ISR
00300bd2   _WAKEINT_ISR
00300b9a   _XINT1_ISR
00300ba8   _XINT2_ISR
00300e48   _XINT3_ISR
00300e56   _XINT4_ISR
00300e64   _XINT5_ISR
00300e72   _XINT6_ISR
00300e80   _XINT7_ISR
00007070   _XIntruptRegs
00000b20   _XintfRegs
00000700   __STACK_END
00000300   __STACK_SIZE
00000001   __TI_args_main
0000ce9a   ___TI_cleanup_ptr
0000ce9c   ___TI_dtors_ptr
ffffffff   ___binit__
0000c000   ___bss__
ffffffff   ___c_args__
00302314   ___cinit__
0000c000   ___end__
00302210   ___etext__
00302150   ___memcpy_ff
ffffffff   ___pinit__
00300ac0   ___text__
003021a7   __args_main
0000ce3e   __lock
00302205   __nop
00302201   __register_lock
003021fd   __register_unlock
00000400   __stack
0000ce3c   __unlock
003021c0   _abort
0000ce46   _adcVal
00008242   _addToLCD
0000d00e   _blocked
00301fd7   _c_int00
00301739   _clearPipeline
003018d3   _clkg_delay_loop
000082f4   _controlLCD
00301e6c   _cos
00008630   _cpu_timer0_isr
0000d00b   _currentChangeScreen
0000cc83   _currentPreset
003018bd   _delay_loop
0000d01b   _distortion
00008606   _eepromRead
000085eb   _eepromWrite
0000d00c   _effectToToggle
00008833   _effects
0000ce23   _errno
003021c2   _exit
00008a48   _findFrequency
00301320   _findNote
00302091   _fmod
0000d002   _freq
0030167d   _getInputs
0000819c   _goToMain
000089d2   _i2c_int1a_isr
0000d012   _iCount
00301779   _indexLookup
0000d007   _indexToToggle
00300eb4   _initEffects
00301ecd   _initFFT
003018e9   _initINTS
00301425   _initLCD
000088f4   _init_adc_spi
0000890c   _init_mcbsp_spi
0000d010   _inputNumber
0000d024   _inputs
0000d030   _list
0000d00d   _load
000084ec   _loadPreset
0030129b   _loadPresetScreen
000087a1   _load_preset
0000d01c   _location
0030154d   _main
0000d020   _mainDisplay
00008947   _mcbsp_xmit
0000ce60   _messageIn
0000ce4b   _messageOut
0030218d   _modf
0000d004   _newLevel
0000ccc0   _noteChart
0000cc80   _numInMainDisplay
0000d017   _numQueued
0000d019   _oldLevel
0000d02c   _on_off
0000d038   _pipeline
0000d00a   _preset
0000d018   _presetNumber
0000cc82   _presetScreen
00008748   _preset_down
000086ee   _preset_up
0000d013   _previous
0000d028   _previousInputs
00301269   _printFlanger
000082aa   _printFreq
00008316   _printLCD
0000801f   _printReverb
00008000   _printTremolo
00301288   _printWah
0000832f   _process
00301188   _processFlanger
00301039   _processPhaser
000083a3   _processReverb
00008353   _processTremolo
00300f45   _processWah
00301713   _queueEffect
0000ce41   _readDone
000088e3   _read_adc
0000cc84   _reprint
0000d000   _resetTimer
0000ce80   _returnArray
0000c008   _rfft
0000c004   _rfft_adc
00301aba   _rfft_adc_f32_Stages4andUp
00301f82   _rotary
00300eaa   _rsvd_ISR
0000d01a   _sample
0000d00f   _save
00008419   _savePreset
000087ea   _save_preset
00000abf   _secureRamFuncs_loadsize
00300000   _secureRamFuncs_loadstart
00008000   _secureRamFuncs_runstart
00301f2a   _sin
003020ea   _sqrt
0000d015   _startTimeout
00301f0e   _storeFFT
0000d001   _sysStart
000086c3   _timeout
0000d009   _toggle
0000d008   _toggleDist
003012b5   _toggleDistortion
00301763   _toggleEffectOnDisplay
0000827b   _toggleLCD
003016d1   _toggleOn_Off
0000d016   _tuner
0000cc81   _tunerScreen
0000d003   _updateChange
0000d006   _updateCode
0000d014   _updateFrequency
0000d011   _updateInputs
00008081   _updateLCD
0000d005   _updateLcd
0000803b   _updateLevel
00301a05   _updateTimer0
00301a16   _updateTimer1
0000ce40   _writeDone
000088d4   _write_dac
ffffffff   binit
00302314   cinit
0033fff6   code_start
0000c000   end
00302210   etext
ffffffff   pinit


GLOBAL SYMBOLS: SORTED BY Symbol Address 

address    name
--------   ----
00000001   __TI_args_main
00000300   __STACK_SIZE
00000400   __stack
00000700   __STACK_END
00000880   _DevEmuRegs
00000a80   _FlashRegs
00000abf   _secureRamFuncs_loadsize
00000ae0   _CsmRegs
00000b00   _AdcMirror
00000b20   _XintfRegs
00000c00   _CpuTimer0Regs
00000c08   _CpuTimer1Regs
00000c10   _CpuTimer2Regs
00000ce0   _PieCtrlRegs
00000d00   _PieVectTable
00001000   _DmaRegs
00005000   _McbspaRegs
00005040   _McbspbRegs
00006000   _ECanaRegs
00006040   _ECanaLAMRegs
00006080   _ECanaMOTSRegs
000060c0   _ECanaMOTORegs
00006100   _ECanaMboxes
00006200   _ECanbRegs
00006240   _ECanbLAMRegs
00006280   _ECanbMOTSRegs
000062c0   _ECanbMOTORegs
00006300   _ECanbMboxes
00006800   _EPwm1Regs
00006840   _EPwm2Regs
00006880   _EPwm3Regs
000068c0   _EPwm4Regs
00006900   _EPwm5Regs
00006940   _EPwm6Regs
00006a00   _ECap1Regs
00006a20   _ECap2Regs
00006a40   _ECap3Regs
00006a60   _ECap4Regs
00006a80   _ECap5Regs
00006aa0   _ECap6Regs
00006b00   _EQep1Regs
00006b40   _EQep2Regs
00006f80   _GpioCtrlRegs
00006fc0   _GpioDataRegs
00006fe0   _GpioIntRegs
00007010   _SysCtrlRegs
00007040   _SpiaRegs
00007050   _SciaRegs
00007070   _XIntruptRegs
00007100   _AdcRegs
00007750   _ScibRegs
00007770   _ScicRegs
00007900   _I2caRegs
00008000   _printTremolo
00008000   _secureRamFuncs_runstart
0000801f   _printReverb
0000803b   _updateLevel
00008081   _updateLCD
0000819c   _goToMain
00008242   _addToLCD
0000827b   _toggleLCD
000082aa   _printFreq
000082f4   _controlLCD
00008316   _printLCD
0000832f   _process
00008353   _processTremolo
000083a3   _processReverb
00008419   _savePreset
000084ec   _loadPreset
000085eb   _eepromWrite
00008606   _eepromRead
00008630   _cpu_timer0_isr
000086c3   _timeout
000086ee   _preset_up
00008748   _preset_down
000087a1   _load_preset
000087ea   _save_preset
00008833   _effects
000088d4   _write_dac
000088e3   _read_adc
000088f4   _init_adc_spi
0000890c   _init_mcbsp_spi
00008947   _mcbsp_xmit
0000895a   _I2CA_Init
0000896d   _I2CA_WriteData
000089a0   _I2CA_ReadData
000089d2   _i2c_int1a_isr
00008a48   _findFrequency
00008aa0   _InitFlash
0000c000   .bss
0000c000   _FFTStartFlag
0000c000   ___bss__
0000c000   ___end__
0000c000   end
0000c004   _rfft_adc
0000c008   _rfft
0000c040   _AdcBuf
0000c240   _RFFTmagBuff
0000c480   _RFFToutBuff
0000c880   _RFFTF32Coef
0000cc80   _numInMainDisplay
0000cc81   _tunerScreen
0000cc82   _presetScreen
0000cc83   _currentPreset
0000cc84   _reprint
0000ccc0   _noteChart
0000ce23   _errno
0000ce24   _CpuTimer1
0000ce2c   _CpuTimer2
0000ce34   _CpuTimer0
0000ce3c   __unlock
0000ce3e   __lock
0000ce40   _writeDone
0000ce41   _readDone
0000ce42   _Error
0000ce44   _CurrentMsgPtr
0000ce46   _adcVal
0000ce4b   _messageOut
0000ce60   _messageIn
0000ce80   _returnArray
0000ce9a   ___TI_cleanup_ptr
0000ce9c   ___TI_dtors_ptr
0000d000   _resetTimer
0000d001   _sysStart
0000d002   _freq
0000d003   _updateChange
0000d004   _newLevel
0000d005   _updateLcd
0000d006   _updateCode
0000d007   _indexToToggle
0000d008   _toggleDist
0000d009   _toggle
0000d00a   _preset
0000d00b   _currentChangeScreen
0000d00c   _effectToToggle
0000d00d   _load
0000d00e   _blocked
0000d00f   _save
0000d010   _inputNumber
0000d011   _updateInputs
0000d012   _iCount
0000d013   _previous
0000d014   _updateFrequency
0000d015   _startTimeout
0000d016   _tuner
0000d017   _numQueued
0000d018   _presetNumber
0000d019   _oldLevel
0000d01a   _sample
0000d01b   _distortion
0000d01c   _location
0000d020   _mainDisplay
0000d024   _inputs
0000d028   _previousInputs
0000d02c   _on_off
0000d030   _list
0000d038   _pipeline
00300000   _secureRamFuncs_loadstart
00300ac0   .text
00300ac0   _INT13_ISR
00300ac0   ___text__
00300aca   _INT14_ISR
00300ad4   _DATALOG_ISR
00300ade   _RTOSINT_ISR
00300ae8   _EMUINT_ISR
00300af2   _NMI_ISR
00300afc   _ILLEGAL_ISR
00300b06   _USER1_ISR
00300b10   _USER2_ISR
00300b1a   _USER3_ISR
00300b24   _USER4_ISR
00300b2e   _USER5_ISR
00300b38   _USER6_ISR
00300b42   _USER7_ISR
00300b4c   _USER8_ISR
00300b56   _USER9_ISR
00300b60   _USER10_ISR
00300b6a   _USER11_ISR
00300b74   _USER12_ISR
00300b7e   _SEQ1INT_ISR
00300b8c   _SEQ2INT_ISR
00300b9a   _XINT1_ISR
00300ba8   _XINT2_ISR
00300bb6   _ADCINT_ISR
00300bc4   _TINT0_ISR
00300bd2   _WAKEINT_ISR
00300be0   _EPWM1_TZINT_ISR
00300bee   _EPWM2_TZINT_ISR
00300bfc   _EPWM3_TZINT_ISR
00300c0a   _EPWM4_TZINT_ISR
00300c18   _EPWM5_TZINT_ISR
00300c26   _EPWM6_TZINT_ISR
00300c34   _EPWM1_INT_ISR
00300c42   _EPWM2_INT_ISR
00300c50   _EPWM3_INT_ISR
00300c5e   _EPWM4_INT_ISR
00300c6c   _EPWM5_INT_ISR
00300c7a   _EPWM6_INT_ISR
00300c88   _ECAP1_INT_ISR
00300c96   _ECAP2_INT_ISR
00300ca4   _ECAP3_INT_ISR
00300cb2   _ECAP4_INT_ISR
00300cc0   _ECAP5_INT_ISR
00300cce   _ECAP6_INT_ISR
00300cdc   _EQEP1_INT_ISR
00300cea   _EQEP2_INT_ISR
00300cf8   _SPIRXINTA_ISR
00300d06   _SPITXINTA_ISR
00300d14   _MRINTB_ISR
00300d22   _MXINTB_ISR
00300d30   _MRINTA_ISR
00300d3e   _MXINTA_ISR
00300d4c   _DINTCH1_ISR
00300d5a   _DINTCH2_ISR
00300d68   _DINTCH3_ISR
00300d76   _DINTCH4_ISR
00300d84   _DINTCH5_ISR
00300d92   _DINTCH6_ISR
00300da0   _I2CINT1A_ISR
00300dae   _I2CINT2A_ISR
00300dbc   _SCIRXINTC_ISR
00300dca   _SCITXINTC_ISR
00300dd8   _SCIRXINTA_ISR
00300de6   _SCITXINTA_ISR
00300df4   _SCIRXINTB_ISR
00300e02   _SCITXINTB_ISR
00300e10   _ECAN0INTA_ISR
00300e1e   _ECAN1INTA_ISR
00300e2c   _ECAN0INTB_ISR
00300e3a   _ECAN1INTB_ISR
00300e48   _XINT3_ISR
00300e56   _XINT4_ISR
00300e64   _XINT5_ISR
00300e72   _XINT6_ISR
00300e80   _XINT7_ISR
00300e8e   _LVF_ISR
00300e9c   _LUF_ISR
00300eaa   _rsvd_ISR
00300eb4   _initEffects
00300f45   _processWah
00301039   _processPhaser
00301188   _processFlanger
00301269   _printFlanger
00301288   _printWah
0030129b   _loadPresetScreen
003012b5   _toggleDistortion
00301320   _findNote
00301425   _initLCD
0030154d   _main
0030167d   _getInputs
003016d1   _toggleOn_Off
00301713   _queueEffect
00301739   _clearPipeline
00301763   _toggleEffectOnDisplay
00301779   _indexLookup
00301792   _InitMcbsp
00301797   _InitMcbspa
003017c3   _InitMcbspb
003017ef   _InitMcbspa8bit
003017f6   _InitMcbspa12bit
00301801   _InitMcbspa16bit
0030180c   _InitMcbspa20bit
00301817   _InitMcbspa24bit
00301822   _InitMcbspa32bit
0030182d   _InitMcbspb8bit
00301834   _InitMcbspb12bit
0030183f   _InitMcbspb16bit
0030184a   _InitMcbspb20bit
00301855   _InitMcbspb24bit
00301860   _InitMcbspb32bit
0030186b   _InitMcbspGpio
00301870   _InitMcbspaGpio
003018aa   _InitMcbspbGpio
003018bd   _delay_loop
003018d3   _clkg_delay_loop
003018e9   _initINTS
00301a05   _updateTimer0
00301a16   _updateTimer1
00301a2a   _RFFT_adc_f32
00301aba   _rfft_adc_f32_Stages4andUp
00301b62   _RFFT_adc_f32u
00301c00   FS$$DIV
00301c88   FD$$MPY
00301d0b   _InitSysCtrl
00301d8a   _InitCpuTimers
00301dc3   _ConfigCpuTimer
00301dfe   _RFFT_f32_sincostable
00301e6c   _cos
00301ecd   _initFFT
00301f0e   _storeFFT
00301f2a   _sin
00301f82   _rotary
00301fd7   _c_int00
0030201d   _RFFT_f32_mag
00302061   _InitPieCtrl
00302091   _fmod
003020bf   _InitSpi
003020c0   _InitSpiGpio
003020c3   _InitSpiaGpio
003020ea   _sqrt
0030210d   I$$DIV
0030211e   I$$MOD
0030212f   FD$$TOI
00302150   ___memcpy_ff
00302171   FS$$TOFD
0030218d   _modf
003021a7   __args_main
003021c0   C$$EXIT
003021c0   _abort
003021c2   _exit
003021d9   _InitI2C
003021da   _InitI2CGpio
003021ed   _DelayUs
003021fd   __register_unlock
00302201   __register_lock
00302205   __nop
0030220d   _SetDBGIER
00302210   _PieVectTableInit
00302210   ___etext__
00302210   etext
00302314   ___cinit__
00302314   cinit
0033fff6   code_start
0033fff8   _CsmPwl
00380080   _ADC_cal
00380090   _PartIdRegs
ffffffff   ___binit__
ffffffff   ___c_args__
ffffffff   ___pinit__
ffffffff   binit
ffffffff   pinit

[331 symbols]
