******************************************************************************
             TMS320C2000 Linker PC v6.2.7                      
******************************************************************************
>> Linked Thu Nov 06 00:37:03 2014

OUTPUT FILE NAME:   <guitarEffects.out>
ENTRY POINT SYMBOL: "_c_int00"  address: 00301c1c


MEMORY CONFIGURATION

         name            origin    length      used     unused   attr    fill
----------------------  --------  ---------  --------  --------  ----  --------
PAGE 0:
  BEGIN_M0              00000000   00000002  00000000  00000002  RWIX
  L0123SARAM            00008000   00004000  00000a44  000035bc  RWIX
  FLASH_ABCDEFGH        00300000   0003ff80  0000203e  0003df42  R   
  CSM_RSVD              0033ff80   00000076  00000076  00000000  R   
  BEGIN_FLASH           0033fff6   00000002  00000002  00000000  R   
  PASSWORDS             0033fff8   00000008  00000008  00000000  R   
  ADC_CAL               00380080   00000009  00000007  00000002  RWIX
  OTP                   00380400   00000400  00000000  00000400  R   
  IQTABLES              003fe000   00000b50  00000000  00000b50  R   
  IQTABLES2             003feb50   0000008c  00000000  0000008c  R   
  FPUTABLES             003febdc   000006a0  00000000  000006a0  R   
  RESET                 003fffc0   00000002  00000000  00000002  R   

PAGE 1:
  M0SARAM               00000002   000003fe  00000000  000003fe  RWIX
  M1SARAM               00000400   00000400  00000300  00000100  RWIX
  DEV_EMU               00000880   00000180  000000d0  000000b0  RWIX
  FLASH_REGS            00000a80   00000060  00000008  00000058  RWIX
  CSM                   00000ae0   00000010  00000010  00000000  RWIX
  ADC_MIRROR            00000b00   00000010  00000010  00000000  RWIX
  XINTF                 00000b20   00000020  0000001e  00000002  RWIX
  CPU_TIMER0            00000c00   00000008  00000008  00000000  RWIX
  CPU_TIMER1            00000c08   00000008  00000008  00000000  RWIX
  CPU_TIMER2            00000c10   00000008  00000008  00000000  RWIX
  PIE_CTRL              00000ce0   00000020  0000001a  00000006  RWIX
  PIE_VECT              00000d00   00000100  00000100  00000000  RWIX
  DMA                   00001000   00000200  000000e0  00000120  RWIX
  MCBSPA                00005000   00000040  00000025  0000001b  RWIX
  MCBSPB                00005040   00000040  00000025  0000001b  RWIX
  ECANA                 00006000   00000040  00000034  0000000c  RWIX
  ECANA_LAM             00006040   00000040  00000040  00000000  RWIX
  ECANA_MOTS            00006080   00000040  00000040  00000000  RWIX
  ECANA_MOTO            000060c0   00000040  00000040  00000000  RWIX
  ECANA_MBOX            00006100   00000100  00000100  00000000  RWIX
  ECANB                 00006200   00000040  00000034  0000000c  RWIX
  ECANB_LAM             00006240   00000040  00000040  00000000  RWIX
  ECANB_MOTS            00006280   00000040  00000040  00000000  RWIX
  ECANB_MOTO            000062c0   00000040  00000040  00000000  RWIX
  ECANB_MBOX            00006300   00000100  00000100  00000000  RWIX
  EPWM1                 00006800   00000022  00000022  00000000  RWIX
  EPWM2                 00006840   00000022  00000022  00000000  RWIX
  EPWM3                 00006880   00000022  00000022  00000000  RWIX
  EPWM4                 000068c0   00000022  00000022  00000000  RWIX
  EPWM5                 00006900   00000022  00000022  00000000  RWIX
  EPWM6                 00006940   00000022  00000022  00000000  RWIX
  ECAP1                 00006a00   00000020  00000020  00000000  RWIX
  ECAP2                 00006a20   00000020  00000020  00000000  RWIX
  ECAP3                 00006a40   00000020  00000020  00000000  RWIX
  ECAP4                 00006a60   00000020  00000020  00000000  RWIX
  ECAP5                 00006a80   00000020  00000020  00000000  RWIX
  ECAP6                 00006aa0   00000020  00000020  00000000  RWIX
  EQEP1                 00006b00   00000040  00000040  00000000  RWIX
  EQEP2                 00006b40   00000040  00000040  00000000  RWIX
  GPIOCTRL              00006f80   00000040  0000002e  00000012  RWIX
  GPIODAT               00006fc0   00000020  00000020  00000000  RWIX
  GPIOINT               00006fe0   00000020  0000000a  00000016  RWIX
  SYSTEM                00007010   00000020  00000020  00000000  RWIX
  SPIA                  00007040   00000010  00000010  00000000  RWIX
  SCIA                  00007050   00000010  00000010  00000000  RWIX
  XINTRUPT              00007070   00000010  00000010  00000000  RWIX
  ADC                   00007100   00000020  0000001e  00000002  RWIX
  SCIB                  00007750   00000010  00000010  00000000  RWIX
  SCIC                  00007770   00000010  00000010  00000000  RWIX
  I2CA                  00007900   00000040  00000022  0000001e  RWIX
  L4SARAM               0000c000   00001000  00000d24  000002dc  RWIX
  L5SARAM               0000d000   00001000  00000000  00001000  RWIX
  L6SARAM               0000e000   00001000  00000000  00001000  RWIX
  L7SARAM               0000f000   00001000  00000000  00001000  RWIX
  CSM_PWL               0033fff8   00000008  00000008  00000000  RWIX
  PARTID                00380090   00000001  00000001  00000000  RWIX


SECTION ALLOCATION MAP

 output                                  attributes/
section   page    origin      length       input sections
--------  ----  ----------  ----------   ----------------
.pinit     0    00300000    00000000     UNINITIALIZED

secureRamFuncs 
*          0    00300000    00000a44     RUN ADDR = 00008000
                  00300000    0000041b     effect.obj (secureRamFuncs)
                  0030041b    000002fc     lcd.obj (secureRamFuncs)
                  00300717    00000197     main.obj (secureRamFuncs:retain)
                  003008ae    00000089     spi.obj (secureRamFuncs)
                  00300937    00000078     eeprom.obj (secureRamFuncs)
                  003009af    00000076     effect.obj (secureRamFuncs:retain)
                  00300a25    0000001f     Flash.obj (secureRamFuncs)

.text      0    00300a44    0000141e     
                  00300a44    000003f4     DefaultIsr_nonBIOS.obj (.text:retain)
                  00300e38    0000030a     main.obj (.text)
                  00301142    0000015a     DSP2833x_Mcbsp.obj (.text)
                  0030129c    00000150     bp_iir.obj (.text)
                  003013ec    00000138     RFFT_adc_f32.obj (.text)
                  00301524    00000110     sys.obj (.text)
                  00301634    0000010c     autoWah.obj (.text)
                  00301740    000000a2     lcd.obj (.text)
                  003017e2    0000009e     RFFT_adc_f32u.obj (.text)
                  00301880    00000088     rts2800_fpu32.lib : fs_div.obj (.text)
                  00301908    0000007f     SysCtrl.obj (.text)
                  00301987    00000074     DSP2833x_CpuTimers.obj (.text)
                  003019fb    00000068     rts2800_fpu32.lib : exp.obj (.text)
                  00301a63    00000061                       : cos.obj (.text)
                  00301ac4    00000061                       : tan.obj (.text)
                  00301b25    0000005a                       : pow.obj (.text)
                  00301b7f    00000050                       : _log.obj (.text)
                  00301bcf    0000004d     effect.obj (.text)
                  00301c1c    00000046     rts2800_fpu32.lib : boot.obj (.text)
                  00301c62    00000044     RFFT_f32_mag.obj (.text)
                  00301ca6    00000031     rts2800_fpu32.lib : ldexp.obj (.text)
                  00301cd7    00000030     PieCtrl_nonBIOS.obj (.text)
                  00301d07    0000002e     rts2800_fpu32.lib : fmod.obj (.text)
                  00301d35    0000002a     DSP2833x_Spi.obj (.text)
                  00301d5f    00000001     --HOLE-- [fill = 0]
                  00301d60    00000023     rts2800_fpu32.lib : sqrt.obj (.text)
                  00301d83    00000022                       : i_div.obj (.text)
                  00301da5    00000021                       : memcpy_ff.obj (.text)
                  00301dc6    0000001a                       : modf.obj (.text)
                  00301de0    00000019                       : args_main.obj (.text)
                  00301df9    00000019                       : exit.obj (.text)
                  00301e12    00000017     DSP2833x_I2C.obj (.text)
                  00301e29    00000016     rts2800_fpu32.lib : frexp.obj (.text)
                  00301e3f    00000010     DelayUs.obj (.text)
                  00301e4f    00000009     rts2800_fpu32.lib : _lock.obj (.text)
                  00301e58    00000007     CodeStartBranch.obj (.text)
                  00301e5f    00000003     SetDBGIER.obj (.text)

.econst    0    00301e62    00000100     
                  00301e62    00000100     PieVect_nonBIOS.obj (.econst)

.cinit     0    00301f62    000000dc     
                  00301f62    000000a3     main.obj (.cinit)
                  00302005    00000017     lowpass.obj (.cinit)
                  0030201c    0000000a     rts2800_fpu32.lib : _lock.obj (.cinit)
                  00302026    0000000a                       : exit.obj (.cinit)
                  00302030    00000004     effect.obj (.cinit)
                  00302034    00000004     rts2800_fpu32.lib : errno.obj (.cinit)
                  00302038    00000004                       : memory.obj (.cinit)
                  0030203c    00000002     --HOLE-- [fill = 0]

csm_rsvd   0    0033ff80    00000076     
                  0033ff80    00000076     Passwords.obj (csm_rsvd)

codestart 
*          0    0033fff6    00000002     
                  0033fff6    00000002     CodeStartBranch.obj (codestart)

passwords 
*          0    0033fff8    00000008     
                  0033fff8    00000008     Passwords.obj (passwords)

.adc_cal   0    00380080    00000007     NOLOAD SECTION
                  00380080    00000007     DSP2833x_ADC_cal.obj (.adc_cal)

.reset     0    003fffc0    00000002     DSECT
                  003fffc0    00000002     rts2800_fpu32.lib : boot.obj (.reset)

.stack     1    00000400    00000300     UNINITIALIZED
                  00000400    00000300     --HOLE--

DevEmuRegsFile 
*          1    00000880    000000d0     UNINITIALIZED
                  00000880    000000d0     DSP2833x_GlobalVariableDefs.obj (DevEmuRegsFile)

FlashRegsFile 
*          1    00000a80    00000008     UNINITIALIZED
                  00000a80    00000008     DSP2833x_GlobalVariableDefs.obj (FlashRegsFile)

CsmRegsFile 
*          1    00000ae0    00000010     UNINITIALIZED
                  00000ae0    00000010     DSP2833x_GlobalVariableDefs.obj (CsmRegsFile)

AdcMirrorFile 
*          1    00000b00    00000010     UNINITIALIZED
                  00000b00    00000010     DSP2833x_GlobalVariableDefs.obj (AdcMirrorFile)

XintfRegsFile 
*          1    00000b20    0000001e     UNINITIALIZED
                  00000b20    0000001e     DSP2833x_GlobalVariableDefs.obj (XintfRegsFile)

CpuTimer0RegsFile 
*          1    00000c00    00000008     UNINITIALIZED
                  00000c00    00000008     DSP2833x_GlobalVariableDefs.obj (CpuTimer0RegsFile)

CpuTimer1RegsFile 
*          1    00000c08    00000008     UNINITIALIZED
                  00000c08    00000008     DSP2833x_GlobalVariableDefs.obj (CpuTimer1RegsFile)

CpuTimer2RegsFile 
*          1    00000c10    00000008     UNINITIALIZED
                  00000c10    00000008     DSP2833x_GlobalVariableDefs.obj (CpuTimer2RegsFile)

PieCtrlRegsFile 
*          1    00000ce0    0000001a     UNINITIALIZED
                  00000ce0    0000001a     DSP2833x_GlobalVariableDefs.obj (PieCtrlRegsFile)

PieVectTableFile 
*          1    00000d00    00000100     UNINITIALIZED
                  00000d00    00000100     DSP2833x_GlobalVariableDefs.obj (PieVectTableFile)

DmaRegsFile 
*          1    00001000    000000e0     UNINITIALIZED
                  00001000    000000e0     DSP2833x_GlobalVariableDefs.obj (DmaRegsFile)

McbspaRegsFile 
*          1    00005000    00000025     UNINITIALIZED
                  00005000    00000025     DSP2833x_GlobalVariableDefs.obj (McbspaRegsFile)

McbspbRegsFile 
*          1    00005040    00000025     UNINITIALIZED
                  00005040    00000025     DSP2833x_GlobalVariableDefs.obj (McbspbRegsFile)

ECanaRegsFile 
*          1    00006000    00000034     UNINITIALIZED
                  00006000    00000034     DSP2833x_GlobalVariableDefs.obj (ECanaRegsFile)

ECanaLAMRegsFile 
*          1    00006040    00000040     UNINITIALIZED
                  00006040    00000040     DSP2833x_GlobalVariableDefs.obj (ECanaLAMRegsFile)

ECanaMOTSRegsFile 
*          1    00006080    00000040     UNINITIALIZED
                  00006080    00000040     DSP2833x_GlobalVariableDefs.obj (ECanaMOTSRegsFile)

ECanaMOTORegsFile 
*          1    000060c0    00000040     UNINITIALIZED
                  000060c0    00000040     DSP2833x_GlobalVariableDefs.obj (ECanaMOTORegsFile)

ECanaMboxesFile 
*          1    00006100    00000100     UNINITIALIZED
                  00006100    00000100     DSP2833x_GlobalVariableDefs.obj (ECanaMboxesFile)

ECanbRegsFile 
*          1    00006200    00000034     UNINITIALIZED
                  00006200    00000034     DSP2833x_GlobalVariableDefs.obj (ECanbRegsFile)

ECanbLAMRegsFile 
*          1    00006240    00000040     UNINITIALIZED
                  00006240    00000040     DSP2833x_GlobalVariableDefs.obj (ECanbLAMRegsFile)

ECanbMOTSRegsFile 
*          1    00006280    00000040     UNINITIALIZED
                  00006280    00000040     DSP2833x_GlobalVariableDefs.obj (ECanbMOTSRegsFile)

ECanbMOTORegsFile 
*          1    000062c0    00000040     UNINITIALIZED
                  000062c0    00000040     DSP2833x_GlobalVariableDefs.obj (ECanbMOTORegsFile)

ECanbMboxesFile 
*          1    00006300    00000100     UNINITIALIZED
                  00006300    00000100     DSP2833x_GlobalVariableDefs.obj (ECanbMboxesFile)

EPwm1RegsFile 
*          1    00006800    00000022     UNINITIALIZED
                  00006800    00000022     DSP2833x_GlobalVariableDefs.obj (EPwm1RegsFile)

EPwm2RegsFile 
*          1    00006840    00000022     UNINITIALIZED
                  00006840    00000022     DSP2833x_GlobalVariableDefs.obj (EPwm2RegsFile)

EPwm3RegsFile 
*          1    00006880    00000022     UNINITIALIZED
                  00006880    00000022     DSP2833x_GlobalVariableDefs.obj (EPwm3RegsFile)

EPwm4RegsFile 
*          1    000068c0    00000022     UNINITIALIZED
                  000068c0    00000022     DSP2833x_GlobalVariableDefs.obj (EPwm4RegsFile)

EPwm5RegsFile 
*          1    00006900    00000022     UNINITIALIZED
                  00006900    00000022     DSP2833x_GlobalVariableDefs.obj (EPwm5RegsFile)

EPwm6RegsFile 
*          1    00006940    00000022     UNINITIALIZED
                  00006940    00000022     DSP2833x_GlobalVariableDefs.obj (EPwm6RegsFile)

ECap1RegsFile 
*          1    00006a00    00000020     UNINITIALIZED
                  00006a00    00000020     DSP2833x_GlobalVariableDefs.obj (ECap1RegsFile)

ECap2RegsFile 
*          1    00006a20    00000020     UNINITIALIZED
                  00006a20    00000020     DSP2833x_GlobalVariableDefs.obj (ECap2RegsFile)

ECap3RegsFile 
*          1    00006a40    00000020     UNINITIALIZED
                  00006a40    00000020     DSP2833x_GlobalVariableDefs.obj (ECap3RegsFile)

ECap4RegsFile 
*          1    00006a60    00000020     UNINITIALIZED
                  00006a60    00000020     DSP2833x_GlobalVariableDefs.obj (ECap4RegsFile)

ECap5RegsFile 
*          1    00006a80    00000020     UNINITIALIZED
                  00006a80    00000020     DSP2833x_GlobalVariableDefs.obj (ECap5RegsFile)

ECap6RegsFile 
*          1    00006aa0    00000020     UNINITIALIZED
                  00006aa0    00000020     DSP2833x_GlobalVariableDefs.obj (ECap6RegsFile)

EQep1RegsFile 
*          1    00006b00    00000040     UNINITIALIZED
                  00006b00    00000040     DSP2833x_GlobalVariableDefs.obj (EQep1RegsFile)

EQep2RegsFile 
*          1    00006b40    00000040     UNINITIALIZED
                  00006b40    00000040     DSP2833x_GlobalVariableDefs.obj (EQep2RegsFile)

GpioCtrlRegsFile 
*          1    00006f80    0000002e     UNINITIALIZED
                  00006f80    0000002e     DSP2833x_GlobalVariableDefs.obj (GpioCtrlRegsFile)

GpioDataRegsFile 
*          1    00006fc0    00000020     UNINITIALIZED
                  00006fc0    00000020     DSP2833x_GlobalVariableDefs.obj (GpioDataRegsFile)

GpioIntRegsFile 
*          1    00006fe0    0000000a     UNINITIALIZED
                  00006fe0    0000000a     DSP2833x_GlobalVariableDefs.obj (GpioIntRegsFile)

SysCtrlRegsFile 
*          1    00007010    00000020     UNINITIALIZED
                  00007010    00000020     DSP2833x_GlobalVariableDefs.obj (SysCtrlRegsFile)

SpiaRegsFile 
*          1    00007040    00000010     UNINITIALIZED
                  00007040    00000010     DSP2833x_GlobalVariableDefs.obj (SpiaRegsFile)

SciaRegsFile 
*          1    00007050    00000010     UNINITIALIZED
                  00007050    00000010     DSP2833x_GlobalVariableDefs.obj (SciaRegsFile)

XIntruptRegsFile 
*          1    00007070    00000010     UNINITIALIZED
                  00007070    00000010     DSP2833x_GlobalVariableDefs.obj (XIntruptRegsFile)

AdcRegsFile 
*          1    00007100    0000001e     UNINITIALIZED
                  00007100    0000001e     DSP2833x_GlobalVariableDefs.obj (AdcRegsFile)

ScibRegsFile 
*          1    00007750    00000010     UNINITIALIZED
                  00007750    00000010     DSP2833x_GlobalVariableDefs.obj (ScibRegsFile)

ScicRegsFile 
*          1    00007770    00000010     UNINITIALIZED
                  00007770    00000010     DSP2833x_GlobalVariableDefs.obj (ScicRegsFile)

I2caRegsFile 
*          1    00007900    00000022     UNINITIALIZED
                  00007900    00000022     DSP2833x_GlobalVariableDefs.obj (I2caRegsFile)

.bss       1    0000c000    00000000     UNINITIALIZED

.sysmem    1    0000c000    00000400     UNINITIALIZED
                  0000c000    00000001     rts2800_fpu32.lib : memory.obj (.sysmem)
                  0000c001    000003ff     --HOLE--

.ebss.1    1    0000c400    000004be     UNINITIALIZED
                  0000c400    000004b0     bp_iir.obj (.ebss)
                  0000c8b0    00000008     rts2800_fpu32.lib : memory.obj (.ebss)
                  0000c8b8    00000005     lcd.obj (.ebss)
                  0000c8bd    00000001     rts2800_fpu32.lib : errno.obj (.ebss)

.ebss.2    1    0000c8c0    000003be     UNINITIALIZED
                  0000c8c0    000003a6     main.obj (.ebss)
                  0000cc66    00000018     DSP2833x_CpuTimers.obj (.ebss)

.ebss.3    1    0000cc80    00000076     UNINITIALIZED
                  0000cc80    0000005a     effect.obj (.ebss)
                  0000ccda    00000014     lowpass.obj (.ebss)
                  0000ccee    00000004     rts2800_fpu32.lib : _lock.obj (.ebss)
                  0000ccf2    00000004                       : exit.obj (.ebss)

.ebss.4    1    0000cd00    00000032     UNINITIALIZED
                  0000cd00    00000032     autoWah.obj (.ebss)

CsmPwlFile 
*          1    0033fff8    00000008     UNINITIALIZED
                  0033fff8    00000008     DSP2833x_GlobalVariableDefs.obj (CsmPwlFile)

PartIdRegsFile 
*          1    00380090    00000001     UNINITIALIZED
                  00380090    00000001     DSP2833x_GlobalVariableDefs.obj (PartIdRegsFile)


GLOBAL DATA SYMBOLS: SORTED BY DATA PAGE

address     data page           name
--------    ----------------    ----
00000400      10 (00000400)     __stack

00000880      22 (00000880)     _DevEmuRegs

00000a80      2a (00000a80)     _FlashRegs

00000ae0      2b (00000ac0)     _CsmRegs

00000b00      2c (00000b00)     _AdcMirror
00000b20      2c (00000b00)     _XintfRegs

00000c00      30 (00000c00)     _CpuTimer0Regs
00000c08      30 (00000c00)     _CpuTimer1Regs
00000c10      30 (00000c00)     _CpuTimer2Regs

00000ce0      33 (00000cc0)     _PieCtrlRegs

00000d00      34 (00000d00)     _PieVectTable

00001000      40 (00001000)     _DmaRegs

00005000     140 (00005000)     _McbspaRegs

00005040     141 (00005040)     _McbspbRegs

00006000     180 (00006000)     _ECanaRegs

00006040     181 (00006040)     _ECanaLAMRegs

00006080     182 (00006080)     _ECanaMOTSRegs

000060c0     183 (000060c0)     _ECanaMOTORegs

00006100     184 (00006100)     _ECanaMboxes

00006200     188 (00006200)     _ECanbRegs

00006240     189 (00006240)     _ECanbLAMRegs

00006280     18a (00006280)     _ECanbMOTSRegs

000062c0     18b (000062c0)     _ECanbMOTORegs

00006300     18c (00006300)     _ECanbMboxes

00006800     1a0 (00006800)     _EPwm1Regs

00006840     1a1 (00006840)     _EPwm2Regs

00006880     1a2 (00006880)     _EPwm3Regs

000068c0     1a3 (000068c0)     _EPwm4Regs

00006900     1a4 (00006900)     _EPwm5Regs

00006940     1a5 (00006940)     _EPwm6Regs

00006a00     1a8 (00006a00)     _ECap1Regs
00006a20     1a8 (00006a00)     _ECap2Regs

00006a40     1a9 (00006a40)     _ECap3Regs
00006a60     1a9 (00006a40)     _ECap4Regs

00006a80     1aa (00006a80)     _ECap5Regs
00006aa0     1aa (00006a80)     _ECap6Regs

00006b00     1ac (00006b00)     _EQep1Regs

00006b40     1ad (00006b40)     _EQep2Regs

00006f80     1be (00006f80)     _GpioCtrlRegs

00006fc0     1bf (00006fc0)     _GpioDataRegs
00006fe0     1bf (00006fc0)     _GpioIntRegs

00007010     1c0 (00007000)     _SysCtrlRegs

00007040     1c1 (00007040)     _SpiaRegs
00007050     1c1 (00007040)     _SciaRegs
00007070     1c1 (00007040)     _XIntruptRegs

00007100     1c4 (00007100)     _AdcRegs

00007750     1dd (00007740)     _ScibRegs
00007770     1dd (00007740)     _ScicRegs

00007900     1e4 (00007900)     _I2caRegs

0000c000     300 (0000c000)     __sys_memory

0000c8b8     322 (0000c880)     _tunerScreen
0000c8b9     322 (0000c880)     _numInMainDisplay
0000c8ba     322 (0000c880)     _presetScreen
0000c8bb     322 (0000c880)     _reprint
0000c8bc     322 (0000c880)     _currentPreset
0000c8bd     322 (0000c880)     _errno

0000c8c0     323 (0000c8c0)     _oldLevel
0000c8c1     323 (0000c8c0)     _numQueued
0000c8c2     323 (0000c8c0)     _updateChange
0000c8c3     323 (0000c8c0)     _newLevel
0000c8c4     323 (0000c8c0)     _midLevel
0000c8c5     323 (0000c8c0)     _trebleLevel
0000c8c6     323 (0000c8c0)     _volumeLevel
0000c8c7     323 (0000c8c0)     _bassLevel
0000c8c8     323 (0000c8c0)     _preset
0000c8c9     323 (0000c8c0)     _currentChangeScreen
0000c8ca     323 (0000c8c0)     _indexToToggle
0000c8cb     323 (0000c8c0)     _tuner
0000c8cc     323 (0000c8c0)     _updateLcd
0000c8cd     323 (0000c8c0)     _updateCode
0000c8ce     323 (0000c8c0)     _resetTimer
0000c8cf     323 (0000c8c0)     _sysStart
0000c8d0     323 (0000c8c0)     _volumeChange
0000c8d1     323 (0000c8c0)     _tremoloChange
0000c8d2     323 (0000c8c0)     _midChange
0000c8d3     323 (0000c8c0)     _trebleChange
0000c8d4     323 (0000c8c0)     _flangeLevel
0000c8d5     323 (0000c8c0)     _chorusLevel
0000c8d6     323 (0000c8c0)     _delayLevel
0000c8d7     323 (0000c8c0)     _bassChange
0000c8d8     323 (0000c8c0)     _updateVolume
0000c8d9     323 (0000c8c0)     _tremoloLevel
0000c8da     323 (0000c8c0)     _reverbLevel
0000c8db     323 (0000c8c0)     _newVolumeLevel
0000c8dc     323 (0000c8c0)     _delayChange
0000c8dd     323 (0000c8c0)     _flangeChange
0000c8de     323 (0000c8c0)     _reverbChange
0000c8df     323 (0000c8c0)     _chorusChange
0000c8e0     323 (0000c8c0)     _hungry
0000c8e1     323 (0000c8c0)     _toggle
0000c8e2     323 (0000c8c0)     _effectToToggle
0000c8e3     323 (0000c8c0)     _save
0000c8e4     323 (0000c8c0)     _presetNumber
0000c8e5     323 (0000c8c0)     _load
0000c8e6     323 (0000c8c0)     _mainDisplay
0000c8f0     323 (0000c8c0)     _adcVals

0000c900     324 (0000c900)     _on_off
0000c90a     324 (0000c900)     _location
0000c914     324 (0000c900)     _pipeline
0000c928     324 (0000c900)     _list

0000cc66     331 (0000cc40)     _CpuTimer1
0000cc6e     331 (0000cc40)     _CpuTimer2
0000cc76     331 (0000cc40)     _CpuTimer0

0000cc80     332 (0000cc80)     _writeDone
0000cc81     332 (0000cc80)     _readDone
0000cc82     332 (0000cc80)     _Error
0000cc84     332 (0000cc80)     _CurrentMsgPtr
0000cc86     332 (0000cc80)     _adcVal
0000cc8b     332 (0000cc80)     _messageIn
0000cca0     332 (0000cc80)     _messageOut

0000ccc0     333 (0000ccc0)     _returnArray
0000ccda     333 (0000ccc0)     _lowpass_coefficients
0000ccee     333 (0000ccc0)     __unlock
0000ccf0     333 (0000ccc0)     __lock
0000ccf2     333 (0000ccc0)     ___TI_cleanup_ptr
0000ccf4     333 (0000ccc0)     ___TI_dtors_ptr

0000cd04     334 (0000cd00)     _x
0000cd0a     334 (0000cd00)     _y

00301e62    c079 (00301e40)     _PieVectTableInit

0033fff8    cfff (0033ffc0)     _CsmPwl

00380090    e002 (00380080)     _PartIdRegs


GLOBAL SYMBOLS: SORTED ALPHABETICALLY BY Name 

address    name
--------   ----
0000c000   .bss
00300a44   .text
00301df9   C$$EXIT
00301880   FS$$DIV
00301d83   I$$DIV
00301d94   I$$MOD
00300b3a   _ADCINT_ISR
00380080   _ADC_cal
00000b00   _AdcMirror
00007100   _AdcRegs
00301634   _AutoWah_init
003016ad   _AutoWah_process
003016be   _AutoWah_sweep
003019c0   _ConfigCpuTimer
0000cc76   _CpuTimer0
00000c00   _CpuTimer0Regs
0000cc66   _CpuTimer1
00000c08   _CpuTimer1Regs
0000cc6e   _CpuTimer2
00000c10   _CpuTimer2Regs
0033fff8   _CsmPwl
00000ae0   _CsmRegs
0000cc84   _CurrentMsgPtr
00300a58   _DATALOG_ISR
00300cd0   _DINTCH1_ISR
00300cde   _DINTCH2_ISR
00300cec   _DINTCH3_ISR
00300cfa   _DINTCH4_ISR
00300d08   _DINTCH5_ISR
00300d16   _DINTCH6_ISR
00301e3f   _DelayUs
00000880   _DevEmuRegs
00001000   _DmaRegs
00300d94   _ECAN0INTA_ISR
00300db0   _ECAN0INTB_ISR
00300da2   _ECAN1INTA_ISR
00300dbe   _ECAN1INTB_ISR
00300c0c   _ECAP1_INT_ISR
00300c1a   _ECAP2_INT_ISR
00300c28   _ECAP3_INT_ISR
00300c36   _ECAP4_INT_ISR
00300c44   _ECAP5_INT_ISR
00300c52   _ECAP6_INT_ISR
00006040   _ECanaLAMRegs
000060c0   _ECanaMOTORegs
00006080   _ECanaMOTSRegs
00006100   _ECanaMboxes
00006000   _ECanaRegs
00006240   _ECanbLAMRegs
000062c0   _ECanbMOTORegs
00006280   _ECanbMOTSRegs
00006300   _ECanbMboxes
00006200   _ECanbRegs
00006a00   _ECap1Regs
00006a20   _ECap2Regs
00006a40   _ECap3Regs
00006a60   _ECap4Regs
00006a80   _ECap5Regs
00006aa0   _ECap6Regs
00300a6c   _EMUINT_ISR
00300bb8   _EPWM1_INT_ISR
00300b64   _EPWM1_TZINT_ISR
00300bc6   _EPWM2_INT_ISR
00300b72   _EPWM2_TZINT_ISR
00300bd4   _EPWM3_INT_ISR
00300b80   _EPWM3_TZINT_ISR
00300be2   _EPWM4_INT_ISR
00300b8e   _EPWM4_TZINT_ISR
00300bf0   _EPWM5_INT_ISR
00300b9c   _EPWM5_TZINT_ISR
00300bfe   _EPWM6_INT_ISR
00300baa   _EPWM6_TZINT_ISR
00006800   _EPwm1Regs
00006840   _EPwm2Regs
00006880   _EPwm3Regs
000068c0   _EPwm4Regs
00006900   _EPwm5Regs
00006940   _EPwm6Regs
00300c60   _EQEP1_INT_ISR
00300c6e   _EQEP2_INT_ISR
00006b00   _EQep1Regs
00006b40   _EQep2Regs
0000cc82   _Error
00000a80   _FlashRegs
00006f80   _GpioCtrlRegs
00006fc0   _GpioDataRegs
00006fe0   _GpioIntRegs
00008937   _I2CA_Init
0000897d   _I2CA_ReadData
0000894a   _I2CA_WriteData
00300d24   _I2CINT1A_ISR
00300d32   _I2CINT2A_ISR
00007900   _I2caRegs
00300a80   _ILLEGAL_ISR
00300a44   _INT13_ISR
00300a4e   _INT14_ISR
00301987   _InitCpuTimers
00008a25   _InitFlash
00301e12   _InitI2C
00301e13   _InitI2CGpio
00301142   _InitMcbsp
0030121b   _InitMcbspGpio
00301147   _InitMcbspa
003011a6   _InitMcbspa12bit
003011b1   _InitMcbspa16bit
003011bc   _InitMcbspa20bit
003011c7   _InitMcbspa24bit
003011d2   _InitMcbspa32bit
0030119f   _InitMcbspa8bit
00301220   _InitMcbspaGpio
00301173   _InitMcbspb
003011e4   _InitMcbspb12bit
003011ef   _InitMcbspb16bit
003011fa   _InitMcbspb20bit
00301205   _InitMcbspb24bit
00301210   _InitMcbspb32bit
003011dd   _InitMcbspb8bit
0030125a   _InitMcbspbGpio
00301cd7   _InitPieCtrl
00301d35   _InitSpi
00301d36   _InitSpiGpio
00301d39   _InitSpiaGpio
00301908   _InitSysCtrl
00300e20   _LUF_ISR
00300e12   _LVF_ISR
00300cb4   _MRINTA_ISR
00300c98   _MRINTB_ISR
00300cc2   _MXINTA_ISR
00300ca6   _MXINTB_ISR
00005000   _McbspaRegs
00005040   _McbspbRegs
00300a76   _NMI_ISR
00380090   _PartIdRegs
00000ce0   _PieCtrlRegs
00000d00   _PieVectTable
00301e62   _PieVectTableInit
003013ec   _RFFT_adc_f32
003017e2   _RFFT_adc_f32u
00301c62   _RFFT_f32_mag
00300a62   _RTOSINT_ISR
00300d5c   _SCIRXINTA_ISR
00300d78   _SCIRXINTB_ISR
00300d40   _SCIRXINTC_ISR
00300d6a   _SCITXINTA_ISR
00300d86   _SCITXINTB_ISR
00300d4e   _SCITXINTC_ISR
00300b02   _SEQ1INT_ISR
00300b10   _SEQ2INT_ISR
00300c7c   _SPIRXINTA_ISR
00300c8a   _SPITXINTA_ISR
00007050   _SciaRegs
00007750   _ScibRegs
00007770   _ScicRegs
00301e5f   _SetDBGIER
00007040   _SpiaRegs
00007010   _SysCtrlRegs
00300b48   _TINT0_ISR
00300ae4   _USER10_ISR
00300aee   _USER11_ISR
00300af8   _USER12_ISR
00300a8a   _USER1_ISR
00300a94   _USER2_ISR
00300a9e   _USER3_ISR
00300aa8   _USER4_ISR
00300ab2   _USER5_ISR
00300abc   _USER6_ISR
00300ac6   _USER7_ISR
00300ad0   _USER8_ISR
00300ada   _USER9_ISR
00300b56   _WAKEINT_ISR
00300b1e   _XINT1_ISR
00300b2c   _XINT2_ISR
00300dcc   _XINT3_ISR
00300dda   _XINT4_ISR
00300de8   _XINT5_ISR
00300df6   _XINT6_ISR
00300e04   _XINT7_ISR
00007070   _XIntruptRegs
00000b20   _XintfRegs
00000700   __STACK_END
00000300   __STACK_SIZE
00000400   __SYSMEM_SIZE
00000001   __TI_args_main
0000ccf2   ___TI_cleanup_ptr
0000ccf4   ___TI_dtors_ptr
ffffffff   ___binit__
0000c000   ___bss__
ffffffff   ___c_args__
00301f62   ___cinit__
0000c000   ___end__
00301e62   ___etext__
00301da5   ___memcpy_ff
ffffffff   ___pinit__
00300a44   ___text__
00301de0   __args_main
0000ccf0   __lock
00301b7f   __log
00301e57   __nop
00301e53   __register_lock
00301e4f   __register_unlock
00000400   __stack
0000c000   __sys_memory
0000ccee   __unlock
00301df9   _abort
0000cc86   _adcVal
0000c8f0   _adcVals
00008605   _addToLCD
0000c8d7   _bassChange
0000c8c7   _bassLevel
0030138c   _bp_iir_filter
0030129c   _bp_iir_init
00301359   _bp_iir_setup
00301c1c   _c_int00
0000c8df   _chorusChange
0000c8d5   _chorusLevel
003010e4   _clearPipeline
00301286   _clkg_delay_loop
000086dc   _controlLCD
00301a63   _cos
00008717   _cpu_timer0_isr
0000875f   _cpu_timer1_isr
0000c8c9   _currentChangeScreen
0000c8bc   _currentPreset
0000c8dc   _delayChange
0000c8d6   _delayLevel
00301270   _delay_loop
000083f1   _eepromRead
000083d6   _eepromWrite
0000c8e2   _effectToToggle
00008830   _effects
0000c8bd   _errno
00301dfb   _exit
003019fb   _exp
0000c8dd   _flangeChange
0000c8d4   _flangeLevel
00301d07   _fmod
00301e29   _frexp
00300efa   _getPot
000085b6   _goToMain
0000c8e0   _hungry
000089af   _i2c_int1a_isr
0030111d   _indexLookup
0000c8ca   _indexToToggle
00301bcf   _initEffects
00301524   _initINTS
003017b4   _initLCD
000088d1   _init_adc_spi
000088e9   _init_mcbsp_spi
00301ca6   _ldexp
0000c928   _list
0000c8e5   _load
00008262   _loadPreset
00301791   _loadPresetScreen
000087ec   _load_preset
0000c90a   _location
0000ccda   _lowpass_coefficients
00300e38   _main
0000c8e6   _mainDisplay
00008924   _mcbsp_xmit
0000cc8b   _messageIn
0000cca0   _messageOut
0000c8d2   _midChange
0000c8c4   _midLevel
00301dc6   _modf
0000c8c3   _newLevel
0000c8db   _newVolumeLevel
0000c8b9   _numInMainDisplay
0000c8c1   _numQueued
0000c8c0   _oldLevel
0000c900   _on_off
0000c914   _pipeline
00301b25   _pow
0000c8c8   _preset
0000c8e4   _presetNumber
0000c8ba   _presetScreen
000087bb   _preset_down
00008789   _preset_up
00301775   _printChorus
00301740   _printDelay
00301759   _printFlange
00008696   _printFreq
000086fe   _printLCD
0000843a   _printReverb
0000841b   _printTremolo
00008000   _process
00301c12   _processChorus
00008035   _processCrunch
00301bfa   _processDelay
00008021   _processDistortion
00301c0d   _processFlange
00301c08   _processPhaser
00301c17   _processPitchShift
000080a2   _processReverb
00008049   _processTremolo
00301bff   _processWah
003010c0   _queueEffect
0000cc81   _readDone
000088bd   _read_adc
0000c8bb   _reprint
0000c8ce   _resetTimer
0000ccc0   _returnArray
0000c8de   _reverbChange
0000c8da   _reverbLevel
0030147c   _rfft_adc_f32_Stages4andUp
00300e2e   _rsvd_ISR
0000c8e3   _save
00008129   _savePreset
0000880e   _save_preset
00000a44   _secureRamFuncs_loadsize
00300000   _secureRamFuncs_loadstart
00008000   _secureRamFuncs_runstart
000085f7   _shiftCursor
00301d60   _sqrt
0000c8cf   _sysStart
00301ac4   _tan
0000c8e1   _toggle
00301107   _toggleEffectOnDisplay
0000866b   _toggleLCD
003010a4   _toggleOn_Off
0000c8d3   _trebleChange
0000c8c5   _trebleLevel
0000c8d1   _tremoloChange
0000c8d9   _tremoloLevel
0000c8cb   _tuner
0000c8b8   _tunerScreen
0000c8c2   _updateChange
0000c8cd   _updateCode
0000849c   _updateLCD
0000c8cc   _updateLcd
00008456   _updateLevel
00301623   _updateTimer0
0000c8d8   _updateVolume
0000c8d0   _volumeChange
0000c8c6   _volumeLevel
003017ab   _wait
0000cc80   _writeDone
000088ae   _write_dac
0000cd04   _x
0000cd0a   _y
ffffffff   binit
00301f62   cinit
0033fff6   code_start
0000c000   end
00301e62   etext
ffffffff   pinit


GLOBAL SYMBOLS: SORTED BY Symbol Address 

address    name
--------   ----
00000001   __TI_args_main
00000300   __STACK_SIZE
00000400   __SYSMEM_SIZE
00000400   __stack
00000700   __STACK_END
00000880   _DevEmuRegs
00000a44   _secureRamFuncs_loadsize
00000a80   _FlashRegs
00000ae0   _CsmRegs
00000b00   _AdcMirror
00000b20   _XintfRegs
00000c00   _CpuTimer0Regs
00000c08   _CpuTimer1Regs
00000c10   _CpuTimer2Regs
00000ce0   _PieCtrlRegs
00000d00   _PieVectTable
00001000   _DmaRegs
00005000   _McbspaRegs
00005040   _McbspbRegs
00006000   _ECanaRegs
00006040   _ECanaLAMRegs
00006080   _ECanaMOTSRegs
000060c0   _ECanaMOTORegs
00006100   _ECanaMboxes
00006200   _ECanbRegs
00006240   _ECanbLAMRegs
00006280   _ECanbMOTSRegs
000062c0   _ECanbMOTORegs
00006300   _ECanbMboxes
00006800   _EPwm1Regs
00006840   _EPwm2Regs
00006880   _EPwm3Regs
000068c0   _EPwm4Regs
00006900   _EPwm5Regs
00006940   _EPwm6Regs
00006a00   _ECap1Regs
00006a20   _ECap2Regs
00006a40   _ECap3Regs
00006a60   _ECap4Regs
00006a80   _ECap5Regs
00006aa0   _ECap6Regs
00006b00   _EQep1Regs
00006b40   _EQep2Regs
00006f80   _GpioCtrlRegs
00006fc0   _GpioDataRegs
00006fe0   _GpioIntRegs
00007010   _SysCtrlRegs
00007040   _SpiaRegs
00007050   _SciaRegs
00007070   _XIntruptRegs
00007100   _AdcRegs
00007750   _ScibRegs
00007770   _ScicRegs
00007900   _I2caRegs
00008000   _process
00008000   _secureRamFuncs_runstart
00008021   _processDistortion
00008035   _processCrunch
00008049   _processTremolo
000080a2   _processReverb
00008129   _savePreset
00008262   _loadPreset
000083d6   _eepromWrite
000083f1   _eepromRead
0000841b   _printTremolo
0000843a   _printReverb
00008456   _updateLevel
0000849c   _updateLCD
000085b6   _goToMain
000085f7   _shiftCursor
00008605   _addToLCD
0000866b   _toggleLCD
00008696   _printFreq
000086dc   _controlLCD
000086fe   _printLCD
00008717   _cpu_timer0_isr
0000875f   _cpu_timer1_isr
00008789   _preset_up
000087bb   _preset_down
000087ec   _load_preset
0000880e   _save_preset
00008830   _effects
000088ae   _write_dac
000088bd   _read_adc
000088d1   _init_adc_spi
000088e9   _init_mcbsp_spi
00008924   _mcbsp_xmit
00008937   _I2CA_Init
0000894a   _I2CA_WriteData
0000897d   _I2CA_ReadData
000089af   _i2c_int1a_isr
00008a25   _InitFlash
0000c000   .bss
0000c000   ___bss__
0000c000   ___end__
0000c000   __sys_memory
0000c000   end
0000c8b8   _tunerScreen
0000c8b9   _numInMainDisplay
0000c8ba   _presetScreen
0000c8bb   _reprint
0000c8bc   _currentPreset
0000c8bd   _errno
0000c8c0   _oldLevel
0000c8c1   _numQueued
0000c8c2   _updateChange
0000c8c3   _newLevel
0000c8c4   _midLevel
0000c8c5   _trebleLevel
0000c8c6   _volumeLevel
0000c8c7   _bassLevel
0000c8c8   _preset
0000c8c9   _currentChangeScreen
0000c8ca   _indexToToggle
0000c8cb   _tuner
0000c8cc   _updateLcd
0000c8cd   _updateCode
0000c8ce   _resetTimer
0000c8cf   _sysStart
0000c8d0   _volumeChange
0000c8d1   _tremoloChange
0000c8d2   _midChange
0000c8d3   _trebleChange
0000c8d4   _flangeLevel
0000c8d5   _chorusLevel
0000c8d6   _delayLevel
0000c8d7   _bassChange
0000c8d8   _updateVolume
0000c8d9   _tremoloLevel
0000c8da   _reverbLevel
0000c8db   _newVolumeLevel
0000c8dc   _delayChange
0000c8dd   _flangeChange
0000c8de   _reverbChange
0000c8df   _chorusChange
0000c8e0   _hungry
0000c8e1   _toggle
0000c8e2   _effectToToggle
0000c8e3   _save
0000c8e4   _presetNumber
0000c8e5   _load
0000c8e6   _mainDisplay
0000c8f0   _adcVals
0000c900   _on_off
0000c90a   _location
0000c914   _pipeline
0000c928   _list
0000cc66   _CpuTimer1
0000cc6e   _CpuTimer2
0000cc76   _CpuTimer0
0000cc80   _writeDone
0000cc81   _readDone
0000cc82   _Error
0000cc84   _CurrentMsgPtr
0000cc86   _adcVal
0000cc8b   _messageIn
0000cca0   _messageOut
0000ccc0   _returnArray
0000ccda   _lowpass_coefficients
0000ccee   __unlock
0000ccf0   __lock
0000ccf2   ___TI_cleanup_ptr
0000ccf4   ___TI_dtors_ptr
0000cd04   _x
0000cd0a   _y
00300000   _secureRamFuncs_loadstart
00300a44   .text
00300a44   _INT13_ISR
00300a44   ___text__
00300a4e   _INT14_ISR
00300a58   _DATALOG_ISR
00300a62   _RTOSINT_ISR
00300a6c   _EMUINT_ISR
00300a76   _NMI_ISR
00300a80   _ILLEGAL_ISR
00300a8a   _USER1_ISR
00300a94   _USER2_ISR
00300a9e   _USER3_ISR
00300aa8   _USER4_ISR
00300ab2   _USER5_ISR
00300abc   _USER6_ISR
00300ac6   _USER7_ISR
00300ad0   _USER8_ISR
00300ada   _USER9_ISR
00300ae4   _USER10_ISR
00300aee   _USER11_ISR
00300af8   _USER12_ISR
00300b02   _SEQ1INT_ISR
00300b10   _SEQ2INT_ISR
00300b1e   _XINT1_ISR
00300b2c   _XINT2_ISR
00300b3a   _ADCINT_ISR
00300b48   _TINT0_ISR
00300b56   _WAKEINT_ISR
00300b64   _EPWM1_TZINT_ISR
00300b72   _EPWM2_TZINT_ISR
00300b80   _EPWM3_TZINT_ISR
00300b8e   _EPWM4_TZINT_ISR
00300b9c   _EPWM5_TZINT_ISR
00300baa   _EPWM6_TZINT_ISR
00300bb8   _EPWM1_INT_ISR
00300bc6   _EPWM2_INT_ISR
00300bd4   _EPWM3_INT_ISR
00300be2   _EPWM4_INT_ISR
00300bf0   _EPWM5_INT_ISR
00300bfe   _EPWM6_INT_ISR
00300c0c   _ECAP1_INT_ISR
00300c1a   _ECAP2_INT_ISR
00300c28   _ECAP3_INT_ISR
00300c36   _ECAP4_INT_ISR
00300c44   _ECAP5_INT_ISR
00300c52   _ECAP6_INT_ISR
00300c60   _EQEP1_INT_ISR
00300c6e   _EQEP2_INT_ISR
00300c7c   _SPIRXINTA_ISR
00300c8a   _SPITXINTA_ISR
00300c98   _MRINTB_ISR
00300ca6   _MXINTB_ISR
00300cb4   _MRINTA_ISR
00300cc2   _MXINTA_ISR
00300cd0   _DINTCH1_ISR
00300cde   _DINTCH2_ISR
00300cec   _DINTCH3_ISR
00300cfa   _DINTCH4_ISR
00300d08   _DINTCH5_ISR
00300d16   _DINTCH6_ISR
00300d24   _I2CINT1A_ISR
00300d32   _I2CINT2A_ISR
00300d40   _SCIRXINTC_ISR
00300d4e   _SCITXINTC_ISR
00300d5c   _SCIRXINTA_ISR
00300d6a   _SCITXINTA_ISR
00300d78   _SCIRXINTB_ISR
00300d86   _SCITXINTB_ISR
00300d94   _ECAN0INTA_ISR
00300da2   _ECAN1INTA_ISR
00300db0   _ECAN0INTB_ISR
00300dbe   _ECAN1INTB_ISR
00300dcc   _XINT3_ISR
00300dda   _XINT4_ISR
00300de8   _XINT5_ISR
00300df6   _XINT6_ISR
00300e04   _XINT7_ISR
00300e12   _LVF_ISR
00300e20   _LUF_ISR
00300e2e   _rsvd_ISR
00300e38   _main
00300efa   _getPot
003010a4   _toggleOn_Off
003010c0   _queueEffect
003010e4   _clearPipeline
00301107   _toggleEffectOnDisplay
0030111d   _indexLookup
00301142   _InitMcbsp
00301147   _InitMcbspa
00301173   _InitMcbspb
0030119f   _InitMcbspa8bit
003011a6   _InitMcbspa12bit
003011b1   _InitMcbspa16bit
003011bc   _InitMcbspa20bit
003011c7   _InitMcbspa24bit
003011d2   _InitMcbspa32bit
003011dd   _InitMcbspb8bit
003011e4   _InitMcbspb12bit
003011ef   _InitMcbspb16bit
003011fa   _InitMcbspb20bit
00301205   _InitMcbspb24bit
00301210   _InitMcbspb32bit
0030121b   _InitMcbspGpio
00301220   _InitMcbspaGpio
0030125a   _InitMcbspbGpio
00301270   _delay_loop
00301286   _clkg_delay_loop
0030129c   _bp_iir_init
00301359   _bp_iir_setup
0030138c   _bp_iir_filter
003013ec   _RFFT_adc_f32
0030147c   _rfft_adc_f32_Stages4andUp
00301524   _initINTS
00301623   _updateTimer0
00301634   _AutoWah_init
003016ad   _AutoWah_process
003016be   _AutoWah_sweep
00301740   _printDelay
00301759   _printFlange
00301775   _printChorus
00301791   _loadPresetScreen
003017ab   _wait
003017b4   _initLCD
003017e2   _RFFT_adc_f32u
00301880   FS$$DIV
00301908   _InitSysCtrl
00301987   _InitCpuTimers
003019c0   _ConfigCpuTimer
003019fb   _exp
00301a63   _cos
00301ac4   _tan
00301b25   _pow
00301b7f   __log
00301bcf   _initEffects
00301bfa   _processDelay
00301bff   _processWah
00301c08   _processPhaser
00301c0d   _processFlange
00301c12   _processChorus
00301c17   _processPitchShift
00301c1c   _c_int00
00301c62   _RFFT_f32_mag
00301ca6   _ldexp
00301cd7   _InitPieCtrl
00301d07   _fmod
00301d35   _InitSpi
00301d36   _InitSpiGpio
00301d39   _InitSpiaGpio
00301d60   _sqrt
00301d83   I$$DIV
00301d94   I$$MOD
00301da5   ___memcpy_ff
00301dc6   _modf
00301de0   __args_main
00301df9   C$$EXIT
00301df9   _abort
00301dfb   _exit
00301e12   _InitI2C
00301e13   _InitI2CGpio
00301e29   _frexp
00301e3f   _DelayUs
00301e4f   __register_unlock
00301e53   __register_lock
00301e57   __nop
00301e5f   _SetDBGIER
00301e62   _PieVectTableInit
00301e62   ___etext__
00301e62   etext
00301f62   ___cinit__
00301f62   cinit
0033fff6   code_start
0033fff8   _CsmPwl
00380080   _ADC_cal
00380090   _PartIdRegs
ffffffff   ___binit__
ffffffff   ___c_args__
ffffffff   ___pinit__
ffffffff   binit
ffffffff   pinit

[345 symbols]
