******************************************************************************
             TMS320C2000 Linker PC v6.2.7                      
******************************************************************************
>> Linked Fri Oct 31 00:00:16 2014

OUTPUT FILE NAME:   <guitarEffects.out>
ENTRY POINT SYMBOL: "_c_int00"  address: 00301c95


MEMORY CONFIGURATION

         name            origin    length      used     unused   attr    fill
----------------------  --------  ---------  --------  --------  ----  --------
PAGE 0:
  BEGIN_M0              00000000   00000002  00000000  00000002  RWIX
  L0123SARAM            00008000   00004000  0000001f  00003fe1  RWIX
  FLASH_ABCDEFGH        00300000   0003ff80  00002070  0003df10  R   
  CSM_RSVD              0033ff80   00000076  00000000  00000076  R   
  BEGIN_FLASH           0033fff6   00000002  00000002  00000000  R   
  PASSWORDS             0033fff8   00000008  00000000  00000008  R   
  ADC_CAL               00380080   00000009  00000007  00000002  RWIX
  OTP                   00380400   00000400  00000000  00000400  R   
  IQTABLES              003fe000   00000b50  00000000  00000b50  R   
  IQTABLES2             003feb50   0000008c  00000000  0000008c  R   
  FPUTABLES             003febdc   000006a0  00000000  000006a0  R   
  RESET                 003fffc0   00000002  00000000  00000002  R   

PAGE 1:
  M0SARAM               00000002   000003fe  00000000  000003fe  RWIX
  M1SARAM               00000400   00000400  00000300  00000100  RWIX
  DEV_EMU               00000880   00000180  000000d0  000000b0  RWIX
  FLASH_REGS            00000a80   00000060  00000008  00000058  RWIX
  CSM                   00000ae0   00000010  00000010  00000000  RWIX
  ADC_MIRROR            00000b00   00000010  00000010  00000000  RWIX
  XINTF                 00000b20   00000020  0000001e  00000002  RWIX
  CPU_TIMER0            00000c00   00000008  00000008  00000000  RWIX
  CPU_TIMER1            00000c08   00000008  00000008  00000000  RWIX
  CPU_TIMER2            00000c10   00000008  00000008  00000000  RWIX
  PIE_CTRL              00000ce0   00000020  0000001a  00000006  RWIX
  PIE_VECT              00000d00   00000100  00000100  00000000  RWIX
  DMA                   00001000   00000200  000000e0  00000120  RWIX
  MCBSPA                00005000   00000040  00000025  0000001b  RWIX
  MCBSPB                00005040   00000040  00000025  0000001b  RWIX
  ECANA                 00006000   00000040  00000034  0000000c  RWIX
  ECANA_LAM             00006040   00000040  00000040  00000000  RWIX
  ECANA_MOTS            00006080   00000040  00000040  00000000  RWIX
  ECANA_MOTO            000060c0   00000040  00000040  00000000  RWIX
  ECANA_MBOX            00006100   00000100  00000100  00000000  RWIX
  ECANB                 00006200   00000040  00000034  0000000c  RWIX
  ECANB_LAM             00006240   00000040  00000040  00000000  RWIX
  ECANB_MOTS            00006280   00000040  00000040  00000000  RWIX
  ECANB_MOTO            000062c0   00000040  00000040  00000000  RWIX
  ECANB_MBOX            00006300   00000100  00000100  00000000  RWIX
  EPWM1                 00006800   00000022  00000022  00000000  RWIX
  EPWM2                 00006840   00000022  00000022  00000000  RWIX
  EPWM3                 00006880   00000022  00000022  00000000  RWIX
  EPWM4                 000068c0   00000022  00000022  00000000  RWIX
  EPWM5                 00006900   00000022  00000022  00000000  RWIX
  EPWM6                 00006940   00000022  00000022  00000000  RWIX
  ECAP1                 00006a00   00000020  00000020  00000000  RWIX
  ECAP2                 00006a20   00000020  00000020  00000000  RWIX
  ECAP3                 00006a40   00000020  00000020  00000000  RWIX
  ECAP4                 00006a60   00000020  00000020  00000000  RWIX
  ECAP5                 00006a80   00000020  00000020  00000000  RWIX
  ECAP6                 00006aa0   00000020  00000020  00000000  RWIX
  EQEP1                 00006b00   00000040  00000040  00000000  RWIX
  EQEP2                 00006b40   00000040  00000040  00000000  RWIX
  GPIOCTRL              00006f80   00000040  0000002e  00000012  RWIX
  GPIODAT               00006fc0   00000020  00000020  00000000  RWIX
  GPIOINT               00006fe0   00000020  0000000a  00000016  RWIX
  SYSTEM                00007010   00000020  00000020  00000000  RWIX
  SPIA                  00007040   00000010  00000010  00000000  RWIX
  SCIA                  00007050   00000010  00000010  00000000  RWIX
  XINTRUPT              00007070   00000010  00000010  00000000  RWIX
  ADC                   00007100   00000020  0000001e  00000002  RWIX
  SCIB                  00007750   00000010  00000010  00000000  RWIX
  SCIC                  00007770   00000010  00000010  00000000  RWIX
  I2CA                  00007900   00000040  00000022  0000001e  RWIX
  L4SARAM               0000c000   00001000  00000d0a  000002f6  RWIX
  L5SARAM               0000d000   00001000  00000000  00001000  RWIX
  L6SARAM               0000e000   00001000  00000000  00001000  RWIX
  L7SARAM               0000f000   00001000  00000000  00001000  RWIX
  CSM_PWL               0033fff8   00000008  00000008  00000000  RWIX
  PARTID                00380090   00000001  00000001  00000000  RWIX


SECTION ALLOCATION MAP

 output                                  attributes/
section   page    origin      length       input sections
--------  ----  ----------  ----------   ----------------
.pinit     0    00300000    00000000     UNINITIALIZED

secureRamFuncs 
*          0    00008000    00000000     UNINITIALIZED

ramfuncs   0    00008000    0000001f     
                  00008000    0000001b     DSP2833x_SysCtrl.obj (ramfuncs)
                  0000801b    00000004     DSP2833x_usDelay.obj (ramfuncs)

.text      0    00300000    00001eb0     
                  00300000    000004a8     effect.obj (.text)
                  003004a8    000003be     lcd.obj (.text)
                  00300866    00000345     DSP2833x_DefaultIsr.obj (.text:retain)
                  00300bab    000002e6     main.obj (.text:retain)
                  00300e91    000001d7     rts2800_fpu32.lib : memory.obj (.text)
                  00301068    0000015a     DSP2833x_Mcbsp.obj (.text)
                  003011c2    00000150     bp_iir.obj (.text)
                  00301312    00000138     C28x_FPU_Lib.lib : RFFT_adc_f32.obj (.text)
                  0030144a    00000115     autoWah.obj (.text)
                  0030155f    000000f7     DSP2833x_SysCtrl.obj (.text)
                  00301656    000000da     lowpass.obj (.text)
                  00301730    0000009e     RFFT_adc_f32u.obj (.text)
                  003017ce    0000008b     spi.obj (.text)
                  00301859    00000088     rts2800_fpu32.lib : fs_div.obj (.text)
                  003018e1    0000007d     sys.obj (.text)
                  0030195e    00000078     eeprom.obj (.text)
                  003019d6    00000077     main.obj (.text)
                  00301a4d    00000074     DSP2833x_CpuTimers.obj (.text)
                  00301ac1    00000068     rts2800_fpu32.lib : exp.obj (.text)
                  00301b29    00000061                       : cos.obj (.text)
                  00301b8a    00000061                       : tan.obj (.text)
                  00301beb    0000005a                       : pow.obj (.text)
                  00301c45    00000050                       : _log.obj (.text)
                  00301c95    00000046                       : boot.obj (.text)
                  00301cdb    00000031                       : ldexp.obj (.text)
                  00301d0c    0000002e                       : fmod.obj (.text)
                  00301d3a    0000002d     adc.obj (.text)
                  00301d67    00000028     DSP2833x_PieCtrl.obj (.text)
                  00301d8f    00000001     --HOLE-- [fill = 0]
                  00301d90    00000023     rts2800_fpu32.lib : sqrt.obj (.text)
                  00301db3    00000022                       : i_div.obj (.text)
                  00301dd5    00000021                       : memcpy_ff.obj (.text)
                  00301df6    0000001a                       : modf.obj (.text)
                  00301e10    00000019     DSP2833x_Spi.obj (.text)
                  00301e29    00000019     rts2800_fpu32.lib : args_main.obj (.text)
                  00301e42    00000019                       : exit.obj (.text)
                  00301e5b    00000017     DSP2833x_I2C.obj (.text)
                  00301e72    00000016     rts2800_fpu32.lib : frexp.obj (.text)
                  00301e88    00000014     DSP2833x_Adc.obj (.text)
                  00301e9c    00000009     rts2800_fpu32.lib : _lock.obj (.text)
                  00301ea5    00000008     DSP2833x_CodeStartBranch.obj (.text)
                  00301ead    00000003     DSP2833x_DBGIER.obj (.text)

.econst    0    00301eb0    00000100     
                  00301eb0    00000100     DSP2833x_PieVect.obj (.econst)

.cinit     0    00301fb0    000000c0     
                  00301fb0    00000070     main.obj (.cinit)
                  00302020    0000001b     effect.obj (.cinit)
                  0030203b    00000017     lowpass.obj (.cinit)
                  00302052    0000000a     rts2800_fpu32.lib : _lock.obj (.cinit)
                  0030205c    0000000a                       : exit.obj (.cinit)
                  00302066    00000004                       : errno.obj (.cinit)
                  0030206a    00000004                       : memory.obj (.cinit)
                  0030206e    00000002     --HOLE-- [fill = 0]

codestart 
*          0    0033fff6    00000002     
                  0033fff6    00000002     DSP2833x_CodeStartBranch.obj (codestart)

.adc_cal   0    00380080    00000007     NOLOAD SECTION
                  00380080    00000007     DSP2833x_ADC_cal.obj (.adc_cal)

.reset     0    003fffc0    00000002     DSECT
                  003fffc0    00000002     rts2800_fpu32.lib : boot.obj (.reset)

.stack     1    00000400    00000300     UNINITIALIZED
                  00000400    00000300     --HOLE--

DevEmuRegsFile 
*          1    00000880    000000d0     UNINITIALIZED
                  00000880    000000d0     DSP2833x_GlobalVariableDefs.obj (DevEmuRegsFile)

FlashRegsFile 
*          1    00000a80    00000008     UNINITIALIZED
                  00000a80    00000008     DSP2833x_GlobalVariableDefs.obj (FlashRegsFile)

CsmRegsFile 
*          1    00000ae0    00000010     UNINITIALIZED
                  00000ae0    00000010     DSP2833x_GlobalVariableDefs.obj (CsmRegsFile)

AdcMirrorFile 
*          1    00000b00    00000010     UNINITIALIZED
                  00000b00    00000010     DSP2833x_GlobalVariableDefs.obj (AdcMirrorFile)

XintfRegsFile 
*          1    00000b20    0000001e     UNINITIALIZED
                  00000b20    0000001e     DSP2833x_GlobalVariableDefs.obj (XintfRegsFile)

CpuTimer0RegsFile 
*          1    00000c00    00000008     UNINITIALIZED
                  00000c00    00000008     DSP2833x_GlobalVariableDefs.obj (CpuTimer0RegsFile)

CpuTimer1RegsFile 
*          1    00000c08    00000008     UNINITIALIZED
                  00000c08    00000008     DSP2833x_GlobalVariableDefs.obj (CpuTimer1RegsFile)

CpuTimer2RegsFile 
*          1    00000c10    00000008     UNINITIALIZED
                  00000c10    00000008     DSP2833x_GlobalVariableDefs.obj (CpuTimer2RegsFile)

PieCtrlRegsFile 
*          1    00000ce0    0000001a     UNINITIALIZED
                  00000ce0    0000001a     DSP2833x_GlobalVariableDefs.obj (PieCtrlRegsFile)

PieVectTableFile 
*          1    00000d00    00000100     UNINITIALIZED
                  00000d00    00000100     DSP2833x_GlobalVariableDefs.obj (PieVectTableFile)

DmaRegsFile 
*          1    00001000    000000e0     UNINITIALIZED
                  00001000    000000e0     DSP2833x_GlobalVariableDefs.obj (DmaRegsFile)

McbspaRegsFile 
*          1    00005000    00000025     UNINITIALIZED
                  00005000    00000025     DSP2833x_GlobalVariableDefs.obj (McbspaRegsFile)

McbspbRegsFile 
*          1    00005040    00000025     UNINITIALIZED
                  00005040    00000025     DSP2833x_GlobalVariableDefs.obj (McbspbRegsFile)

ECanaRegsFile 
*          1    00006000    00000034     UNINITIALIZED
                  00006000    00000034     DSP2833x_GlobalVariableDefs.obj (ECanaRegsFile)

ECanaLAMRegsFile 
*          1    00006040    00000040     UNINITIALIZED
                  00006040    00000040     DSP2833x_GlobalVariableDefs.obj (ECanaLAMRegsFile)

ECanaMOTSRegsFile 
*          1    00006080    00000040     UNINITIALIZED
                  00006080    00000040     DSP2833x_GlobalVariableDefs.obj (ECanaMOTSRegsFile)

ECanaMOTORegsFile 
*          1    000060c0    00000040     UNINITIALIZED
                  000060c0    00000040     DSP2833x_GlobalVariableDefs.obj (ECanaMOTORegsFile)

ECanaMboxesFile 
*          1    00006100    00000100     UNINITIALIZED
                  00006100    00000100     DSP2833x_GlobalVariableDefs.obj (ECanaMboxesFile)

ECanbRegsFile 
*          1    00006200    00000034     UNINITIALIZED
                  00006200    00000034     DSP2833x_GlobalVariableDefs.obj (ECanbRegsFile)

ECanbLAMRegsFile 
*          1    00006240    00000040     UNINITIALIZED
                  00006240    00000040     DSP2833x_GlobalVariableDefs.obj (ECanbLAMRegsFile)

ECanbMOTSRegsFile 
*          1    00006280    00000040     UNINITIALIZED
                  00006280    00000040     DSP2833x_GlobalVariableDefs.obj (ECanbMOTSRegsFile)

ECanbMOTORegsFile 
*          1    000062c0    00000040     UNINITIALIZED
                  000062c0    00000040     DSP2833x_GlobalVariableDefs.obj (ECanbMOTORegsFile)

ECanbMboxesFile 
*          1    00006300    00000100     UNINITIALIZED
                  00006300    00000100     DSP2833x_GlobalVariableDefs.obj (ECanbMboxesFile)

EPwm1RegsFile 
*          1    00006800    00000022     UNINITIALIZED
                  00006800    00000022     DSP2833x_GlobalVariableDefs.obj (EPwm1RegsFile)

EPwm2RegsFile 
*          1    00006840    00000022     UNINITIALIZED
                  00006840    00000022     DSP2833x_GlobalVariableDefs.obj (EPwm2RegsFile)

EPwm3RegsFile 
*          1    00006880    00000022     UNINITIALIZED
                  00006880    00000022     DSP2833x_GlobalVariableDefs.obj (EPwm3RegsFile)

EPwm4RegsFile 
*          1    000068c0    00000022     UNINITIALIZED
                  000068c0    00000022     DSP2833x_GlobalVariableDefs.obj (EPwm4RegsFile)

EPwm5RegsFile 
*          1    00006900    00000022     UNINITIALIZED
                  00006900    00000022     DSP2833x_GlobalVariableDefs.obj (EPwm5RegsFile)

EPwm6RegsFile 
*          1    00006940    00000022     UNINITIALIZED
                  00006940    00000022     DSP2833x_GlobalVariableDefs.obj (EPwm6RegsFile)

ECap1RegsFile 
*          1    00006a00    00000020     UNINITIALIZED
                  00006a00    00000020     DSP2833x_GlobalVariableDefs.obj (ECap1RegsFile)

ECap2RegsFile 
*          1    00006a20    00000020     UNINITIALIZED
                  00006a20    00000020     DSP2833x_GlobalVariableDefs.obj (ECap2RegsFile)

ECap3RegsFile 
*          1    00006a40    00000020     UNINITIALIZED
                  00006a40    00000020     DSP2833x_GlobalVariableDefs.obj (ECap3RegsFile)

ECap4RegsFile 
*          1    00006a60    00000020     UNINITIALIZED
                  00006a60    00000020     DSP2833x_GlobalVariableDefs.obj (ECap4RegsFile)

ECap5RegsFile 
*          1    00006a80    00000020     UNINITIALIZED
                  00006a80    00000020     DSP2833x_GlobalVariableDefs.obj (ECap5RegsFile)

ECap6RegsFile 
*          1    00006aa0    00000020     UNINITIALIZED
                  00006aa0    00000020     DSP2833x_GlobalVariableDefs.obj (ECap6RegsFile)

EQep1RegsFile 
*          1    00006b00    00000040     UNINITIALIZED
                  00006b00    00000040     DSP2833x_GlobalVariableDefs.obj (EQep1RegsFile)

EQep2RegsFile 
*          1    00006b40    00000040     UNINITIALIZED
                  00006b40    00000040     DSP2833x_GlobalVariableDefs.obj (EQep2RegsFile)

GpioCtrlRegsFile 
*          1    00006f80    0000002e     UNINITIALIZED
                  00006f80    0000002e     DSP2833x_GlobalVariableDefs.obj (GpioCtrlRegsFile)

GpioDataRegsFile 
*          1    00006fc0    00000020     UNINITIALIZED
                  00006fc0    00000020     DSP2833x_GlobalVariableDefs.obj (GpioDataRegsFile)

GpioIntRegsFile 
*          1    00006fe0    0000000a     UNINITIALIZED
                  00006fe0    0000000a     DSP2833x_GlobalVariableDefs.obj (GpioIntRegsFile)

SysCtrlRegsFile 
*          1    00007010    00000020     UNINITIALIZED
                  00007010    00000020     DSP2833x_GlobalVariableDefs.obj (SysCtrlRegsFile)

SpiaRegsFile 
*          1    00007040    00000010     UNINITIALIZED
                  00007040    00000010     DSP2833x_GlobalVariableDefs.obj (SpiaRegsFile)

SciaRegsFile 
*          1    00007050    00000010     UNINITIALIZED
                  00007050    00000010     DSP2833x_GlobalVariableDefs.obj (SciaRegsFile)

XIntruptRegsFile 
*          1    00007070    00000010     UNINITIALIZED
                  00007070    00000010     DSP2833x_GlobalVariableDefs.obj (XIntruptRegsFile)

AdcRegsFile 
*          1    00007100    0000001e     UNINITIALIZED
                  00007100    0000001e     DSP2833x_GlobalVariableDefs.obj (AdcRegsFile)

ScibRegsFile 
*          1    00007750    00000010     UNINITIALIZED
                  00007750    00000010     DSP2833x_GlobalVariableDefs.obj (ScibRegsFile)

ScicRegsFile 
*          1    00007770    00000010     UNINITIALIZED
                  00007770    00000010     DSP2833x_GlobalVariableDefs.obj (ScicRegsFile)

I2caRegsFile 
*          1    00007900    00000022     UNINITIALIZED
                  00007900    00000022     DSP2833x_GlobalVariableDefs.obj (I2caRegsFile)

.bss       1    0000c000    00000000     UNINITIALIZED

.sysmem    1    0000c000    00000400     UNINITIALIZED
                  0000c000    00000001     rts2800_fpu32.lib : memory.obj (.sysmem)
                  0000c001    000003ff     --HOLE--

.ebss.1    1    0000c400    000008b6     UNINITIALIZED
                  0000c400    000004b0     bp_iir.obj (.ebss)
                  0000c8b0    00000008     rts2800_fpu32.lib : memory.obj (.ebss)
                  0000c8b8    00000004                       : _lock.obj (.ebss)
                  0000c8bc    00000004                       : exit.obj (.ebss)
                  0000c8c0    000003a6     effect.obj (.ebss)
                  0000cc66    00000018     DSP2833x_CpuTimers.obj (.ebss)
                  0000cc7e    00000001     rts2800_fpu32.lib : errno.obj (.ebss)
                  0000cc7f    00000001     --HOLE--
                  0000cc80    00000036     autoWah.obj (.ebss)

.ebss.2    1    0000ccc0    00000054     UNINITIALIZED
                  0000ccc0    00000028     main.obj (.ebss)
                  0000cce8    00000018     lcd.obj (.ebss)
                  0000cd00    00000014     lowpass.obj (.ebss)

CsmPwlFile 
*          1    0033fff8    00000008     UNINITIALIZED
                  0033fff8    00000008     DSP2833x_GlobalVariableDefs.obj (CsmPwlFile)

PartIdRegsFile 
*          1    00380090    00000001     UNINITIALIZED
                  00380090    00000001     DSP2833x_GlobalVariableDefs.obj (PartIdRegsFile)


GLOBAL DATA SYMBOLS: SORTED BY DATA PAGE

address     data page           name
--------    ----------------    ----
00000400      10 (00000400)     __stack

00000880      22 (00000880)     _DevEmuRegs

00000a80      2a (00000a80)     _FlashRegs

00000ae0      2b (00000ac0)     _CsmRegs

00000b00      2c (00000b00)     _AdcMirror
00000b20      2c (00000b00)     _XintfRegs

00000c00      30 (00000c00)     _CpuTimer0Regs
00000c08      30 (00000c00)     _CpuTimer1Regs
00000c10      30 (00000c00)     _CpuTimer2Regs

00000ce0      33 (00000cc0)     _PieCtrlRegs

00000d00      34 (00000d00)     _PieVectTable

00001000      40 (00001000)     _DmaRegs

00005000     140 (00005000)     _McbspaRegs

00005040     141 (00005040)     _McbspbRegs

00006000     180 (00006000)     _ECanaRegs

00006040     181 (00006040)     _ECanaLAMRegs

00006080     182 (00006080)     _ECanaMOTSRegs

000060c0     183 (000060c0)     _ECanaMOTORegs

00006100     184 (00006100)     _ECanaMboxes

00006200     188 (00006200)     _ECanbRegs

00006240     189 (00006240)     _ECanbLAMRegs

00006280     18a (00006280)     _ECanbMOTSRegs

000062c0     18b (000062c0)     _ECanbMOTORegs

00006300     18c (00006300)     _ECanbMboxes

00006800     1a0 (00006800)     _EPwm1Regs

00006840     1a1 (00006840)     _EPwm2Regs

00006880     1a2 (00006880)     _EPwm3Regs

000068c0     1a3 (000068c0)     _EPwm4Regs

00006900     1a4 (00006900)     _EPwm5Regs

00006940     1a5 (00006940)     _EPwm6Regs

00006a00     1a8 (00006a00)     _ECap1Regs
00006a20     1a8 (00006a00)     _ECap2Regs

00006a40     1a9 (00006a40)     _ECap3Regs
00006a60     1a9 (00006a40)     _ECap4Regs

00006a80     1aa (00006a80)     _ECap5Regs
00006aa0     1aa (00006a80)     _ECap6Regs

00006b00     1ac (00006b00)     _EQep1Regs

00006b40     1ad (00006b40)     _EQep2Regs

00006f80     1be (00006f80)     _GpioCtrlRegs

00006fc0     1bf (00006fc0)     _GpioDataRegs
00006fe0     1bf (00006fc0)     _GpioIntRegs

00007010     1c0 (00007000)     _SysCtrlRegs

00007040     1c1 (00007040)     _SpiaRegs
00007050     1c1 (00007040)     _SciaRegs
00007070     1c1 (00007040)     _XIntruptRegs

00007100     1c4 (00007100)     _AdcRegs

00007750     1dd (00007740)     _ScibRegs
00007770     1dd (00007740)     _ScicRegs

00007900     1e4 (00007900)     _I2caRegs

0000c000     300 (0000c000)     __sys_memory

0000c8b8     322 (0000c880)     __unlock
0000c8ba     322 (0000c880)     __lock
0000c8bc     322 (0000c880)     ___TI_cleanup_ptr
0000c8be     322 (0000c880)     ___TI_dtors_ptr

0000c8c0     323 (0000c8c0)     _Error
0000c8c1     323 (0000c8c0)     _numQueued
0000c8c2     323 (0000c8c0)     _readDone
0000c8c3     323 (0000c8c0)     _writeDone
0000c8c4     323 (0000c8c0)     _CurrentMsgPtr
0000c8c6     323 (0000c8c0)     _lowpass
0000c8c8     323 (0000c8c0)     _adcVal
0000c8cd     323 (0000c8c0)     _location
0000c8d7     323 (0000c8c0)     _on_off
0000c8e2     323 (0000c8c0)     _list

0000c900     324 (0000c900)     _pipeline
0000c914     324 (0000c900)     _messageIn
0000c929     324 (0000c900)     _messageOut

0000cc66     331 (0000cc40)     _CpuTimer1
0000cc6e     331 (0000cc40)     _CpuTimer2
0000cc76     331 (0000cc40)     _CpuTimer0
0000cc7e     331 (0000cc40)     _errno

0000cc88     332 (0000cc80)     _x
0000cc8e     332 (0000cc80)     _y

0000ccc0     333 (0000ccc0)     _flangeLevel
0000ccc1     333 (0000ccc0)     _bassChange
0000ccc2     333 (0000ccc0)     _trebleChange
0000ccc3     333 (0000ccc0)     _midChange
0000ccc4     333 (0000ccc0)     _volumeChange
0000ccc5     333 (0000ccc0)     _flangeChange
0000ccc6     333 (0000ccc0)     _trebleLevel
0000ccc7     333 (0000ccc0)     _midLevel
0000ccc8     333 (0000ccc0)     _reverbLevel
0000ccc9     333 (0000ccc0)     _delayLevel
0000ccca     333 (0000ccc0)     _tremoloLevel
0000cccb     333 (0000ccc0)     _updateVolume
0000cccc     333 (0000ccc0)     _newVolumeLevel
0000cccd     333 (0000ccc0)     _updateCode
0000ccce     333 (0000ccc0)     _newLevel
0000cccf     333 (0000ccc0)     _updateChange
0000ccd0     333 (0000ccc0)     _oldLevel
0000ccd1     333 (0000ccc0)     _delayChange
0000ccd2     333 (0000ccc0)     _chorusLevel
0000ccd3     333 (0000ccc0)     _chorusChange
0000ccd4     333 (0000ccc0)     _tremoloChange
0000ccd5     333 (0000ccc0)     _reverbChange
0000ccd6     333 (0000ccc0)     _bassLevel
0000ccd7     333 (0000ccc0)     _currentChangeScreen
0000ccd8     333 (0000ccc0)     _sysStart
0000ccd9     333 (0000ccc0)     _resetTimer
0000ccda     333 (0000ccc0)     _volumeLevel
0000ccdb     333 (0000ccc0)     _tuner
0000ccdc     333 (0000ccc0)     _updateLcd
0000ccdd     333 (0000ccc0)     _preset
0000ccde     333 (0000ccc0)     _adcVals
0000cce8     333 (0000ccc0)     _tunerScreen
0000cce9     333 (0000ccc0)     _numInMainDisplay
0000ccea     333 (0000ccc0)     _currentPreset
0000cceb     333 (0000ccc0)     _presetScreen
0000ccec     333 (0000ccc0)     _mainDisplay_show
0000ccf6     333 (0000ccc0)     _mainDisplay

0000cd00     334 (0000cd00)     _lowpass_coefficients

00301eb0    c07a (00301e80)     _PieVectTableInit

0033fff8    cfff (0033ffc0)     _CsmPwl

00380090    e002 (00380080)     _PartIdRegs


GLOBAL SYMBOLS: SORTED ALPHABETICALLY BY Name 

address    name
--------   ----
0000c000   .bss
00300000   .text
00301e42   C$$EXIT
00301859   FS$$DIV
00301db3   I$$DIV
00301dc4   I$$MOD
0030094c   _ADCINT_ISR
00380080   _ADC_cal
00000b00   _AdcMirror
00007100   _AdcRegs
0030144a   _AutoWah_init
003014cc   _AutoWah_process
003014dd   _AutoWah_sweep
00301a86   _ConfigCpuTimer
0000cc76   _CpuTimer0
00000c00   _CpuTimer0Regs
0000cc66   _CpuTimer1
00000c08   _CpuTimer1Regs
0000cc6e   _CpuTimer2
00000c10   _CpuTimer2Regs
0033fff8   _CsmPwl
00000ae0   _CsmRegs
00301625   _CsmUnlock
0000c8c4   _CurrentMsgPtr
0030087a   _DATALOG_ISR
00300a9d   _DINTCH1_ISR
00300aa7   _DINTCH2_ISR
00300ab1   _DINTCH3_ISR
00300abb   _DINTCH4_ISR
00300ac5   _DINTCH5_ISR
00300acf   _DINTCH6_ISR
0000801b   _DSP28x_usDelay
00000880   _DevEmuRegs
00301572   _DisableDog
00001000   _DmaRegs
00300b29   _ECAN0INTA_ISR
00300b3d   _ECAN0INTB_ISR
00300b33   _ECAN1INTA_ISR
00300b47   _ECAN1INTB_ISR
003009e5   _ECAP1_INT_ISR
003009ef   _ECAP2_INT_ISR
003009f9   _ECAP3_INT_ISR
00300a03   _ECAP4_INT_ISR
00300a0d   _ECAP5_INT_ISR
00300a17   _ECAP6_INT_ISR
00006040   _ECanaLAMRegs
000060c0   _ECanaMOTORegs
00006080   _ECanaMOTSRegs
00006100   _ECanaMboxes
00006000   _ECanaRegs
00006240   _ECanbLAMRegs
000062c0   _ECanbMOTORegs
00006280   _ECanbMOTSRegs
00006300   _ECanbMboxes
00006200   _ECanbRegs
00006a00   _ECap1Regs
00006a20   _ECap2Regs
00006a40   _ECap3Regs
00006a60   _ECap4Regs
00006a80   _ECap5Regs
00006aa0   _ECap6Regs
0030088e   _EMUINT_ISR
003009a9   _EPWM1_INT_ISR
0030096d   _EPWM1_TZINT_ISR
003009b3   _EPWM2_INT_ISR
00300977   _EPWM2_TZINT_ISR
003009bd   _EPWM3_INT_ISR
00300981   _EPWM3_TZINT_ISR
003009c7   _EPWM4_INT_ISR
0030098b   _EPWM4_TZINT_ISR
003009d1   _EPWM5_INT_ISR
00300995   _EPWM5_TZINT_ISR
003009db   _EPWM6_INT_ISR
0030099f   _EPWM6_TZINT_ISR
00006800   _EPwm1Regs
00006840   _EPwm2Regs
00006880   _EPwm3Regs
000068c0   _EPwm4Regs
00006900   _EPwm5Regs
00006940   _EPwm6Regs
00300a21   _EQEP1_INT_ISR
00300a2b   _EQEP2_INT_ISR
00006b00   _EQep1Regs
00006b40   _EQep2Regs
00301d86   _EnableInterrupts
0000c8c0   _Error
00000a80   _FlashRegs
00006f80   _GpioCtrlRegs
00006fc0   _GpioDataRegs
00006fe0   _GpioIntRegs
0030195e   _I2CA_Init
003019a4   _I2CA_ReadData
00301971   _I2CA_WriteData
00300ad9   _I2CINT1A_ISR
00300ae3   _I2CINT2A_ISR
00007900   _I2caRegs
003008a2   _ILLEGAL_ISR
00300866   _INT13_ISR
00300870   _INT14_ISR
00301e88   _InitAdc
00301a4d   _InitCpuTimers
00008000   _InitFlash
00301e5b   _InitI2C
00301e5c   _InitI2CGpio
00301068   _InitMcbsp
00301141   _InitMcbspGpio
0030106d   _InitMcbspa
003010cc   _InitMcbspa12bit
003010d7   _InitMcbspa16bit
003010e2   _InitMcbspa20bit
003010ed   _InitMcbspa24bit
003010f8   _InitMcbspa32bit
003010c5   _InitMcbspa8bit
00301146   _InitMcbspaGpio
00301099   _InitMcbspb
0030110a   _InitMcbspb12bit
00301115   _InitMcbspb16bit
00301120   _InitMcbspb20bit
0030112b   _InitMcbspb24bit
00301136   _InitMcbspb32bit
00301103   _InitMcbspb8bit
00301180   _InitMcbspbGpio
003015ca   _InitPeripheralClocks
00301d67   _InitPieCtrl
0030157a   _InitPll
00301e10   _InitSpi
00301e11   _InitSpiGpio
00301e14   _InitSpiaGpio
0030155f   _InitSysCtrl
00300b8d   _LUF_ISR
00300b83   _LVF_ISR
00300a72   _MRINTA_ISR
00300a49   _MRINTB_ISR
00300a83   _MXINTA_ISR
00300a60   _MXINTB_ISR
00005000   _McbspaRegs
00005040   _McbspbRegs
00300898   _NMI_ISR
00300b97   _PIE_RESERVED
00380090   _PartIdRegs
00000ce0   _PieCtrlRegs
00000d00   _PieVectTable
00301eb0   _PieVectTableInit
00301312   _RFFT_adc_f32
00301730   _RFFT_adc_f32u
00300884   _RTOSINT_ISR
00300b01   _SCIRXINTA_ISR
00300b15   _SCIRXINTB_ISR
00300aed   _SCIRXINTC_ISR
00300b0b   _SCITXINTA_ISR
00300b1f   _SCITXINTB_ISR
00300af7   _SCITXINTC_ISR
00300924   _SEQ1INT_ISR
0030092e   _SEQ2INT_ISR
00300a35   _SPIRXINTA_ISR
00300a3f   _SPITXINTA_ISR
00007050   _SciaRegs
00007750   _ScibRegs
00007770   _ScicRegs
00301568   _ServiceDog
00301ead   _SetDBGIER
00007040   _SpiaRegs
00007010   _SysCtrlRegs
00300956   _TINT0_ISR
00300906   _USER10_ISR
00300910   _USER11_ISR
0030091a   _USER12_ISR
003008ac   _USER1_ISR
003008b6   _USER2_ISR
003008c0   _USER3_ISR
003008ca   _USER4_ISR
003008d4   _USER5_ISR
003008de   _USER6_ISR
003008e8   _USER7_ISR
003008f2   _USER8_ISR
003008fc   _USER9_ISR
00300960   _WAKEINT_ISR
00300938   _XINT1_ISR
00300942   _XINT2_ISR
00300b51   _XINT3_ISR
00300b5b   _XINT4_ISR
00300b65   _XINT5_ISR
00300b6f   _XINT6_ISR
00300b79   _XINT7_ISR
00007070   _XIntruptRegs
00000b20   _XintfRegs
00000700   __STACK_END
00000300   __STACK_SIZE
00000400   __SYSMEM_SIZE
00000001   __TI_args_main
0000c8bc   ___TI_cleanup_ptr
0000c8be   ___TI_dtors_ptr
ffffffff   ___binit__
0000c000   ___bss__
ffffffff   ___c_args__
00301fb0   ___cinit__
0000c000   ___end__
00301eb0   ___etext__
00301dd5   ___memcpy_ff
ffffffff   ___pinit__
00300000   ___text__
00301e29   __args_main
0000c8ba   __lock
00301c45   __log
00301ea4   __nop
00301ea0   __register_lock
00301e9c   __register_unlock
00000400   __stack
0000c000   __sys_memory
0000c8b8   __unlock
00301e42   _abort
0000c8c8   _adcVal
0000ccde   _adcVals
00300c0d   _adc_isr
003006e9   _addToLCD
0000ccc1   _bassChange
0000ccd6   _bassLevel
003012b2   _bp_iir_filter
003011c2   _bp_iir_init
0030127f   _bp_iir_setup
00301c95   _c_int00
00301050   _calloc
0030104e   _chkheap
0000ccd3   _chorusChange
0000ccd2   _chorusLevel
00300066   _clearPipeline
003011ac   _clkg_delay_loop
00300826   _controlLCD
00301b29   _cos
00300bab   _cpu_timer0_isr
00300be3   _cpu_timer1_isr
0000ccd7   _currentChangeScreen
0000ccea   _currentPreset
0000ccd1   _delayChange
0000ccc9   _delayLevel
00301196   _delay_loop
00300476   _eepromRead
00300455   _eepromWrite
0000cc7e   _errno
00301e44   _exit
00301ac1   _exp
0000ccc5   _flangeChange
0000ccc0   _flangeLevel
00301d0c   _fmod
00300e91   _free
00301030   _free_memory
00301e72   _frexp
00301d62   _getAdc
0030069b   _goToMain
00301a28   _indexLookup
00301d3a   _initAdc
00300000   _initEffects
003018e1   _initINTS
003007de   _initLCD
003017f1   _init_adc_spi
00301809   _init_mcbsp_spi
00301cdb   _ldexp
0000c8e2   _list
003002f9   _loadPreset
0000c8cd   _location
0000c8c6   _lowpass
0000cd00   _lowpass_coefficients
00301656   _lowpass_create
00301661   _lowpass_destroy
0030169b   _lowpass_filterBiquad
0030167b   _lowpass_filterBlock
00301668   _lowpass_init
0030166f   _lowpass_reset
003019d6   _main
0000ccf6   _mainDisplay
0000ccec   _mainDisplay_show
00300efa   _malloc
0030100e   _max_free
00301844   _mcbsp_xmit
0000c914   _messageIn
0000c929   _messageOut
0000ccc3   _midChange
0000ccc7   _midLevel
00300ed4   _minit
00301df6   _modf
0000ccce   _newLevel
0000cccc   _newVolumeLevel
0000cce9   _numInMainDisplay
0000c8c1   _numQueued
0000ccd0   _oldLevel
0000c8d7   _on_off
0000c900   _pipeline
00301beb   _pow
0000ccdd   _preset
0000cceb   _presetScreen
00300518   _printChorus
003004e3   _printDelay
003004fc   _printFlange
0030078f   _printFreq
00300846   _printLCD
003004c7   _printReverb
003004a8   _printTremolo
00300082   _process
003001c7   _processChorus
003000c0   _processCrunch
003000a7   _processDelay
003000ac   _processDistortion
0030013b   _processFlange
00300136   _processPhaser
003001cc   _processPitchShift
00300140   _processReverb
003000d4   _processTremolo
0030012d   _processWah
00300042   _queueEffect
0000c8c2   _readDone
003017dd   _read_adc
00300f59   _realloc
0000ccd9   _resetTimer
0000ccd5   _reverbChange
0000ccc8   _reverbLevel
003013a2   _rfft_adc_f32_Stages4andUp
00300ba1   _rsvd_ISR
003001d1   _savePreset
00000000   _secureRamFuncs_loadsize
00008000   _secureRamFuncs_loadstart
00008000   _secureRamFuncs_runstart
003006db   _shiftCursor
00301d90   _sqrt
0000ccd8   _sysStart
00301b8a   _tan
0030074f   _toggleLCD
00300026   _toggleOn_Off
0000ccc2   _trebleChange
0000ccc6   _trebleLevel
0000ccd4   _tremoloChange
0000ccca   _tremoloLevel
0000ccdb   _tuner
0000cce8   _tunerScreen
0000cccf   _updateChange
0000cccd   _updateCode
00300551   _updateLCD
0000ccdc   _updateLcd
00300534   _updateLevel
0030194d   _updateTimer0
0000cccb   _updateVolume
0000ccc4   _volumeChange
0000ccda   _volumeLevel
003007d5   _wait
0000c8c3   _writeDone
003017ce   _write_dac
0000cc88   _x
00300dd6   _xint1_isr
0000cc8e   _y
ffffffff   binit
00301fb0   cinit
0033fff6   code_start
0000c000   end
00301eb0   etext
ffffffff   pinit


GLOBAL SYMBOLS: SORTED BY Symbol Address 

address    name
--------   ----
00000000   _secureRamFuncs_loadsize
00000001   __TI_args_main
00000300   __STACK_SIZE
00000400   __SYSMEM_SIZE
00000400   __stack
00000700   __STACK_END
00000880   _DevEmuRegs
00000a80   _FlashRegs
00000ae0   _CsmRegs
00000b00   _AdcMirror
00000b20   _XintfRegs
00000c00   _CpuTimer0Regs
00000c08   _CpuTimer1Regs
00000c10   _CpuTimer2Regs
00000ce0   _PieCtrlRegs
00000d00   _PieVectTable
00001000   _DmaRegs
00005000   _McbspaRegs
00005040   _McbspbRegs
00006000   _ECanaRegs
00006040   _ECanaLAMRegs
00006080   _ECanaMOTSRegs
000060c0   _ECanaMOTORegs
00006100   _ECanaMboxes
00006200   _ECanbRegs
00006240   _ECanbLAMRegs
00006280   _ECanbMOTSRegs
000062c0   _ECanbMOTORegs
00006300   _ECanbMboxes
00006800   _EPwm1Regs
00006840   _EPwm2Regs
00006880   _EPwm3Regs
000068c0   _EPwm4Regs
00006900   _EPwm5Regs
00006940   _EPwm6Regs
00006a00   _ECap1Regs
00006a20   _ECap2Regs
00006a40   _ECap3Regs
00006a60   _ECap4Regs
00006a80   _ECap5Regs
00006aa0   _ECap6Regs
00006b00   _EQep1Regs
00006b40   _EQep2Regs
00006f80   _GpioCtrlRegs
00006fc0   _GpioDataRegs
00006fe0   _GpioIntRegs
00007010   _SysCtrlRegs
00007040   _SpiaRegs
00007050   _SciaRegs
00007070   _XIntruptRegs
00007100   _AdcRegs
00007750   _ScibRegs
00007770   _ScicRegs
00007900   _I2caRegs
00008000   _InitFlash
00008000   _secureRamFuncs_loadstart
00008000   _secureRamFuncs_runstart
0000801b   _DSP28x_usDelay
0000c000   .bss
0000c000   ___bss__
0000c000   ___end__
0000c000   __sys_memory
0000c000   end
0000c8b8   __unlock
0000c8ba   __lock
0000c8bc   ___TI_cleanup_ptr
0000c8be   ___TI_dtors_ptr
0000c8c0   _Error
0000c8c1   _numQueued
0000c8c2   _readDone
0000c8c3   _writeDone
0000c8c4   _CurrentMsgPtr
0000c8c6   _lowpass
0000c8c8   _adcVal
0000c8cd   _location
0000c8d7   _on_off
0000c8e2   _list
0000c900   _pipeline
0000c914   _messageIn
0000c929   _messageOut
0000cc66   _CpuTimer1
0000cc6e   _CpuTimer2
0000cc76   _CpuTimer0
0000cc7e   _errno
0000cc88   _x
0000cc8e   _y
0000ccc0   _flangeLevel
0000ccc1   _bassChange
0000ccc2   _trebleChange
0000ccc3   _midChange
0000ccc4   _volumeChange
0000ccc5   _flangeChange
0000ccc6   _trebleLevel
0000ccc7   _midLevel
0000ccc8   _reverbLevel
0000ccc9   _delayLevel
0000ccca   _tremoloLevel
0000cccb   _updateVolume
0000cccc   _newVolumeLevel
0000cccd   _updateCode
0000ccce   _newLevel
0000cccf   _updateChange
0000ccd0   _oldLevel
0000ccd1   _delayChange
0000ccd2   _chorusLevel
0000ccd3   _chorusChange
0000ccd4   _tremoloChange
0000ccd5   _reverbChange
0000ccd6   _bassLevel
0000ccd7   _currentChangeScreen
0000ccd8   _sysStart
0000ccd9   _resetTimer
0000ccda   _volumeLevel
0000ccdb   _tuner
0000ccdc   _updateLcd
0000ccdd   _preset
0000ccde   _adcVals
0000cce8   _tunerScreen
0000cce9   _numInMainDisplay
0000ccea   _currentPreset
0000cceb   _presetScreen
0000ccec   _mainDisplay_show
0000ccf6   _mainDisplay
0000cd00   _lowpass_coefficients
00300000   .text
00300000   ___text__
00300000   _initEffects
00300026   _toggleOn_Off
00300042   _queueEffect
00300066   _clearPipeline
00300082   _process
003000a7   _processDelay
003000ac   _processDistortion
003000c0   _processCrunch
003000d4   _processTremolo
0030012d   _processWah
00300136   _processPhaser
0030013b   _processFlange
00300140   _processReverb
003001c7   _processChorus
003001cc   _processPitchShift
003001d1   _savePreset
003002f9   _loadPreset
00300455   _eepromWrite
00300476   _eepromRead
003004a8   _printTremolo
003004c7   _printReverb
003004e3   _printDelay
003004fc   _printFlange
00300518   _printChorus
00300534   _updateLevel
00300551   _updateLCD
0030069b   _goToMain
003006db   _shiftCursor
003006e9   _addToLCD
0030074f   _toggleLCD
0030078f   _printFreq
003007d5   _wait
003007de   _initLCD
00300826   _controlLCD
00300846   _printLCD
00300866   _INT13_ISR
00300870   _INT14_ISR
0030087a   _DATALOG_ISR
00300884   _RTOSINT_ISR
0030088e   _EMUINT_ISR
00300898   _NMI_ISR
003008a2   _ILLEGAL_ISR
003008ac   _USER1_ISR
003008b6   _USER2_ISR
003008c0   _USER3_ISR
003008ca   _USER4_ISR
003008d4   _USER5_ISR
003008de   _USER6_ISR
003008e8   _USER7_ISR
003008f2   _USER8_ISR
003008fc   _USER9_ISR
00300906   _USER10_ISR
00300910   _USER11_ISR
0030091a   _USER12_ISR
00300924   _SEQ1INT_ISR
0030092e   _SEQ2INT_ISR
00300938   _XINT1_ISR
00300942   _XINT2_ISR
0030094c   _ADCINT_ISR
00300956   _TINT0_ISR
00300960   _WAKEINT_ISR
0030096d   _EPWM1_TZINT_ISR
00300977   _EPWM2_TZINT_ISR
00300981   _EPWM3_TZINT_ISR
0030098b   _EPWM4_TZINT_ISR
00300995   _EPWM5_TZINT_ISR
0030099f   _EPWM6_TZINT_ISR
003009a9   _EPWM1_INT_ISR
003009b3   _EPWM2_INT_ISR
003009bd   _EPWM3_INT_ISR
003009c7   _EPWM4_INT_ISR
003009d1   _EPWM5_INT_ISR
003009db   _EPWM6_INT_ISR
003009e5   _ECAP1_INT_ISR
003009ef   _ECAP2_INT_ISR
003009f9   _ECAP3_INT_ISR
00300a03   _ECAP4_INT_ISR
00300a0d   _ECAP5_INT_ISR
00300a17   _ECAP6_INT_ISR
00300a21   _EQEP1_INT_ISR
00300a2b   _EQEP2_INT_ISR
00300a35   _SPIRXINTA_ISR
00300a3f   _SPITXINTA_ISR
00300a49   _MRINTB_ISR
00300a60   _MXINTB_ISR
00300a72   _MRINTA_ISR
00300a83   _MXINTA_ISR
00300a9d   _DINTCH1_ISR
00300aa7   _DINTCH2_ISR
00300ab1   _DINTCH3_ISR
00300abb   _DINTCH4_ISR
00300ac5   _DINTCH5_ISR
00300acf   _DINTCH6_ISR
00300ad9   _I2CINT1A_ISR
00300ae3   _I2CINT2A_ISR
00300aed   _SCIRXINTC_ISR
00300af7   _SCITXINTC_ISR
00300b01   _SCIRXINTA_ISR
00300b0b   _SCITXINTA_ISR
00300b15   _SCIRXINTB_ISR
00300b1f   _SCITXINTB_ISR
00300b29   _ECAN0INTA_ISR
00300b33   _ECAN1INTA_ISR
00300b3d   _ECAN0INTB_ISR
00300b47   _ECAN1INTB_ISR
00300b51   _XINT3_ISR
00300b5b   _XINT4_ISR
00300b65   _XINT5_ISR
00300b6f   _XINT6_ISR
00300b79   _XINT7_ISR
00300b83   _LVF_ISR
00300b8d   _LUF_ISR
00300b97   _PIE_RESERVED
00300ba1   _rsvd_ISR
00300bab   _cpu_timer0_isr
00300be3   _cpu_timer1_isr
00300c0d   _adc_isr
00300dd6   _xint1_isr
00300e91   _free
00300ed4   _minit
00300efa   _malloc
00300f59   _realloc
0030100e   _max_free
00301030   _free_memory
0030104e   _chkheap
00301050   _calloc
00301068   _InitMcbsp
0030106d   _InitMcbspa
00301099   _InitMcbspb
003010c5   _InitMcbspa8bit
003010cc   _InitMcbspa12bit
003010d7   _InitMcbspa16bit
003010e2   _InitMcbspa20bit
003010ed   _InitMcbspa24bit
003010f8   _InitMcbspa32bit
00301103   _InitMcbspb8bit
0030110a   _InitMcbspb12bit
00301115   _InitMcbspb16bit
00301120   _InitMcbspb20bit
0030112b   _InitMcbspb24bit
00301136   _InitMcbspb32bit
00301141   _InitMcbspGpio
00301146   _InitMcbspaGpio
00301180   _InitMcbspbGpio
00301196   _delay_loop
003011ac   _clkg_delay_loop
003011c2   _bp_iir_init
0030127f   _bp_iir_setup
003012b2   _bp_iir_filter
00301312   _RFFT_adc_f32
003013a2   _rfft_adc_f32_Stages4andUp
0030144a   _AutoWah_init
003014cc   _AutoWah_process
003014dd   _AutoWah_sweep
0030155f   _InitSysCtrl
00301568   _ServiceDog
00301572   _DisableDog
0030157a   _InitPll
003015ca   _InitPeripheralClocks
00301625   _CsmUnlock
00301656   _lowpass_create
00301661   _lowpass_destroy
00301668   _lowpass_init
0030166f   _lowpass_reset
0030167b   _lowpass_filterBlock
0030169b   _lowpass_filterBiquad
00301730   _RFFT_adc_f32u
003017ce   _write_dac
003017dd   _read_adc
003017f1   _init_adc_spi
00301809   _init_mcbsp_spi
00301844   _mcbsp_xmit
00301859   FS$$DIV
003018e1   _initINTS
0030194d   _updateTimer0
0030195e   _I2CA_Init
00301971   _I2CA_WriteData
003019a4   _I2CA_ReadData
003019d6   _main
00301a28   _indexLookup
00301a4d   _InitCpuTimers
00301a86   _ConfigCpuTimer
00301ac1   _exp
00301b29   _cos
00301b8a   _tan
00301beb   _pow
00301c45   __log
00301c95   _c_int00
00301cdb   _ldexp
00301d0c   _fmod
00301d3a   _initAdc
00301d62   _getAdc
00301d67   _InitPieCtrl
00301d86   _EnableInterrupts
00301d90   _sqrt
00301db3   I$$DIV
00301dc4   I$$MOD
00301dd5   ___memcpy_ff
00301df6   _modf
00301e10   _InitSpi
00301e11   _InitSpiGpio
00301e14   _InitSpiaGpio
00301e29   __args_main
00301e42   C$$EXIT
00301e42   _abort
00301e44   _exit
00301e5b   _InitI2C
00301e5c   _InitI2CGpio
00301e72   _frexp
00301e88   _InitAdc
00301e9c   __register_unlock
00301ea0   __register_lock
00301ea4   __nop
00301ead   _SetDBGIER
00301eb0   _PieVectTableInit
00301eb0   ___etext__
00301eb0   etext
00301fb0   ___cinit__
00301fb0   cinit
0033fff6   code_start
0033fff8   _CsmPwl
00380080   _ADC_cal
00380090   _PartIdRegs
ffffffff   ___binit__
ffffffff   ___c_args__
ffffffff   ___pinit__
ffffffff   binit
ffffffff   pinit

[354 symbols]
