Analysis & Synthesis report for guitarEffects
Mon Sep 29 14:20:10 2014
Quartus II Version 9.1 Build 350 03/24/2010 Service Pack 2 SJ Web Edition


---------------------
; Table of Contents ;
---------------------
  1. Legal Notice
  2. Analysis & Synthesis Summary
  3. Analysis & Synthesis Settings
  4. Parallel Compilation
  5. Analysis & Synthesis Source Files Read
  6. Analysis & Synthesis Resource Usage Summary
  7. Analysis & Synthesis Resource Utilization by Entity
  8. Source assignments for clk_div:inst|lpm_add_sub:Add0|addcore:adder[3]
  9. Source assignments for clk_div:inst|lpm_add_sub:Add0|addcore:adder[2]
 10. Source assignments for clk_div:inst|lpm_add_sub:Add0|addcore:adder[1]
 11. Source assignments for clk_div:inst|lpm_add_sub:Add0|addcore:adder[0]
 12. Source assignments for debounce:inst9|lpm_add_sub:Add0|addcore:adder[1]
 13. Source assignments for debounce:inst9|lpm_add_sub:Add0|addcore:adder[0]
 14. Parameter Settings for User Entity Instance: debounce:inst9
 15. Parameter Settings for User Entity Instance: clk_div:inst
 16. Parameter Settings for Inferred Entity Instance: clk_div:inst|lpm_add_sub:Add0
 17. Parameter Settings for Inferred Entity Instance: debounce:inst9|lpm_add_sub:Add0
 18. Analysis & Synthesis Messages



----------------
; Legal Notice ;
----------------
Copyright (C) 1991-2010 Altera Corporation
Your use of Altera Corporation's design tools, logic functions 
and other software and tools, and its AMPP partner logic 
functions, and any output files from any of the foregoing 
(including device programming or simulation files), and any 
associated documentation or information are expressly subject 
to the terms and conditions of the Altera Program License 
Subscription Agreement, Altera MegaCore Function License 
Agreement, or other applicable license agreement, including, 
without limitation, that your use is for the sole purpose of 
programming logic devices manufactured by Altera and sold by 
Altera or its authorized distributors.  Please refer to the 
applicable agreement for further details.



+----------------------------------------------------------------------------+
; Analysis & Synthesis Summary                                               ;
+-----------------------------+----------------------------------------------+
; Analysis & Synthesis Status ; Successful - Mon Sep 29 14:20:10 2014        ;
; Quartus II Version          ; 9.1 Build 350 03/24/2010 SP 2 SJ Web Edition ;
; Revision Name               ; guitarEffects                                ;
; Top-level Entity Name       ; gutiarEffects                                ;
; Family                      ; MAX3000A                                     ;
; Total macrocells            ; 66                                           ;
; Total pins                  ; 10                                           ;
+-----------------------------+----------------------------------------------+


+--------------------------------------------------------------------------------------------------------------+
; Analysis & Synthesis Settings                                                                                ;
+----------------------------------------------------------------------------+-----------------+---------------+
; Option                                                                     ; Setting         ; Default Value ;
+----------------------------------------------------------------------------+-----------------+---------------+
; Device                                                                     ; EPM3064ALC44-10 ;               ;
; Top-level entity name                                                      ; gutiarEffects   ; guitarEffects ;
; Family name                                                                ; MAX3000A        ; Stratix II    ;
; Use Generated Physical Constraints File                                    ; Off             ;               ;
; Use smart compilation                                                      ; Off             ; Off           ;
; Enable parallel Assembler and TimeQuest Timing Analyzer during compilation ; On              ; On            ;
; Enable compact report table                                                ; Off             ; Off           ;
; Create Debugging Nodes for IP Cores                                        ; Off             ; Off           ;
; Preserve fewer node names                                                  ; On              ; On            ;
; Disable OpenCore Plus hardware evaluation                                  ; Off             ; Off           ;
; Verilog Version                                                            ; Verilog_2001    ; Verilog_2001  ;
; VHDL Version                                                               ; VHDL_1993       ; VHDL_1993     ;
; State Machine Processing                                                   ; Auto            ; Auto          ;
; Safe State Machine                                                         ; Off             ; Off           ;
; Extract Verilog State Machines                                             ; On              ; On            ;
; Extract VHDL State Machines                                                ; On              ; On            ;
; Ignore Verilog initial constructs                                          ; Off             ; Off           ;
; Iteration limit for constant Verilog loops                                 ; 5000            ; 5000          ;
; Iteration limit for non-constant Verilog loops                             ; 250             ; 250           ;
; Add Pass-Through Logic to Inferred RAMs                                    ; On              ; On            ;
; Parallel Synthesis                                                         ; On              ; On            ;
; NOT Gate Push-Back                                                         ; On              ; On            ;
; Power-Up Don't Care                                                        ; On              ; On            ;
; Remove Duplicate Registers                                                 ; On              ; On            ;
; Ignore CARRY Buffers                                                       ; Off             ; Off           ;
; Ignore CASCADE Buffers                                                     ; Off             ; Off           ;
; Ignore GLOBAL Buffers                                                      ; Off             ; Off           ;
; Ignore ROW GLOBAL Buffers                                                  ; Off             ; Off           ;
; Ignore LCELL Buffers                                                       ; Auto            ; Auto          ;
; Ignore SOFT Buffers                                                        ; Off             ; Off           ;
; Limit AHDL Integers to 32 Bits                                             ; Off             ; Off           ;
; Optimization Technique                                                     ; Speed           ; Speed         ;
; Allow XOR Gate Usage                                                       ; On              ; On            ;
; Auto Logic Cell Insertion                                                  ; On              ; On            ;
; Parallel Expander Chain Length                                             ; 4               ; 4             ;
; Auto Parallel Expanders                                                    ; On              ; On            ;
; Auto Open-Drain Pins                                                       ; On              ; On            ;
; Auto Resource Sharing                                                      ; Off             ; Off           ;
; Maximum Fan-in Per Macrocell                                               ; 100             ; 100           ;
; Use LogicLock Constraints during Resource Balancing                        ; On              ; On            ;
; Ignore translate_off and synthesis_off directives                          ; Off             ; Off           ;
; Show Parameter Settings Tables in Synthesis Report                         ; On              ; On            ;
; HDL message level                                                          ; Level2          ; Level2        ;
; Suppress Register Optimization Related Messages                            ; Off             ; Off           ;
; Number of Removed Registers Reported in Synthesis Report                   ; 5000            ; 5000          ;
; Number of Inverted Registers Reported in Synthesis Report                  ; 100             ; 100           ;
; Block Design Naming                                                        ; Auto            ; Auto          ;
; Synthesis Effort                                                           ; Auto            ; Auto          ;
; Shift Register Replacement - Allow Asynchronous Clear Signal               ; On              ; On            ;
; Analysis & Synthesis Message Level                                         ; Medium          ; Medium        ;
; Disable Register Merging Across Hierarchies                                ; Auto            ; Auto          ;
+----------------------------------------------------------------------------+-----------------+---------------+


Parallel compilation was disabled, but you have multiple processors available. Enable parallel compilation to reduce compilation time.
+-------------------------------------+
; Parallel Compilation                ;
+----------------------------+--------+
; Processors                 ; Number ;
+----------------------------+--------+
; Number detected on machine ; 4      ;
; Maximum allowed            ; 1      ;
+----------------------------+--------+


+-----------------------------------------------------------------------------------------------------------------------------------------------------------+
; Analysis & Synthesis Source Files Read                                                                                                                    ;
+----------------------------------+-----------------+------------------------------------+-----------------------------------------------------------------+
; File Name with User-Entered Path ; Used in Netlist ; File Type                          ; File Name with Absolute Path                                    ;
+----------------------------------+-----------------+------------------------------------+-----------------------------------------------------------------+
; debounce.vhd                     ; yes             ; User VHDL File                     ; E:/Documents/Clone/guitarEffects/Quartus/debounce.vhd           ;
; gutiarEffects.bdf                ; yes             ; User Block Diagram/Schematic File  ; E:/Documents/Clone/guitarEffects/Quartus/gutiarEffects.bdf      ;
; clk_div.vhd                      ; yes             ; User VHDL File                     ; E:/Documents/Clone/guitarEffects/Quartus/clk_div.vhd            ;
; xor8.bdf                         ; yes             ; Megafunction                       ; e:/altera/91sp2/quartus/libraries/others/maxplus2/xor8.bdf      ;
; lpm_add_sub.tdf                  ; yes             ; Megafunction                       ; e:/altera/91sp2/quartus/libraries/megafunctions/lpm_add_sub.tdf ;
; addcore.tdf                      ; yes             ; Megafunction                       ; e:/altera/91sp2/quartus/libraries/megafunctions/addcore.tdf     ;
; a_csnbuffer.tdf                  ; yes             ; Megafunction                       ; e:/altera/91sp2/quartus/libraries/megafunctions/a_csnbuffer.tdf ;
; look_add.tdf                     ; yes             ; Megafunction                       ; e:/altera/91sp2/quartus/libraries/megafunctions/look_add.tdf    ;
; altshift.tdf                     ; yes             ; Megafunction                       ; e:/altera/91sp2/quartus/libraries/megafunctions/altshift.tdf    ;
+----------------------------------+-----------------+------------------------------------+-----------------------------------------------------------------+


+------------------------------------------------+
; Analysis & Synthesis Resource Usage Summary    ;
+----------------------+-------------------------+
; Resource             ; Usage                   ;
+----------------------+-------------------------+
; Logic cells          ; 66                      ;
; Total registers      ; 52                      ;
; I/O pins             ; 10                      ;
; Shareable expanders  ; 17                      ;
; Parallel expanders   ; 2                       ;
; Maximum fan-out node ; clk_div:inst|counter[0] ;
; Maximum fan-out      ; 45                      ;
; Total fan-out        ; 1046                    ;
; Average fan-out      ; 11.25                   ;
+----------------------+-------------------------+


+------------------------------------------------------------------------------------------------------------------------------------------------------------------+
; Analysis & Synthesis Resource Utilization by Entity                                                                                                              ;
+---------------------------------------+------------+------+---------------------------------------------------------------------------------------+--------------+
; Compilation Hierarchy Node            ; Macrocells ; Pins ; Full Hierarchy Name                                                                   ; Library Name ;
+---------------------------------------+------------+------+---------------------------------------------------------------------------------------+--------------+
; |gutiarEffects                        ; 66         ; 10   ; |gutiarEffects                                                                        ; work         ;
;    |clk_div:inst|                     ; 44         ; 0    ; |gutiarEffects|clk_div:inst                                                           ; work         ;
;       |lpm_add_sub:Add0|              ; 4          ; 0    ; |gutiarEffects|clk_div:inst|lpm_add_sub:Add0                                          ; work         ;
;          |addcore:adder[0]|           ; 2          ; 0    ; |gutiarEffects|clk_div:inst|lpm_add_sub:Add0|addcore:adder[0]                         ; work         ;
;             |a_csnbuffer:result_node| ; 2          ; 0    ; |gutiarEffects|clk_div:inst|lpm_add_sub:Add0|addcore:adder[0]|a_csnbuffer:result_node ; work         ;
;          |addcore:adder[3]|           ; 2          ; 0    ; |gutiarEffects|clk_div:inst|lpm_add_sub:Add0|addcore:adder[3]                         ; work         ;
;             |a_csnbuffer:result_node| ; 1          ; 0    ; |gutiarEffects|clk_div:inst|lpm_add_sub:Add0|addcore:adder[3]|a_csnbuffer:result_node ; work         ;
;    |debounce:inst9|                   ; 20         ; 0    ; |gutiarEffects|debounce:inst9                                                         ; work         ;
;    |xor8:inst11|                      ; 2          ; 0    ; |gutiarEffects|xor8:inst11                                                            ; work         ;
+---------------------------------------+------------+------+---------------------------------------------------------------------------------------+--------------+


+-----------------------------------------------------------------------+
; Source assignments for clk_div:inst|lpm_add_sub:Add0|addcore:adder[3] ;
+---------------------------+-------+------+----------------------------+
; Assignment                ; Value ; From ; To                         ;
+---------------------------+-------+------+----------------------------+
; SUPPRESS_DA_RULE_INTERNAL ; A103  ; -    ; -                          ;
+---------------------------+-------+------+----------------------------+


+-----------------------------------------------------------------------+
; Source assignments for clk_div:inst|lpm_add_sub:Add0|addcore:adder[2] ;
+---------------------------+-------+------+----------------------------+
; Assignment                ; Value ; From ; To                         ;
+---------------------------+-------+------+----------------------------+
; SUPPRESS_DA_RULE_INTERNAL ; A103  ; -    ; -                          ;
+---------------------------+-------+------+----------------------------+


+-----------------------------------------------------------------------+
; Source assignments for clk_div:inst|lpm_add_sub:Add0|addcore:adder[1] ;
+---------------------------+-------+------+----------------------------+
; Assignment                ; Value ; From ; To                         ;
+---------------------------+-------+------+----------------------------+
; SUPPRESS_DA_RULE_INTERNAL ; A103  ; -    ; -                          ;
+---------------------------+-------+------+----------------------------+


+-----------------------------------------------------------------------+
; Source assignments for clk_div:inst|lpm_add_sub:Add0|addcore:adder[0] ;
+---------------------------+-------+------+----------------------------+
; Assignment                ; Value ; From ; To                         ;
+---------------------------+-------+------+----------------------------+
; SUPPRESS_DA_RULE_INTERNAL ; A103  ; -    ; -                          ;
+---------------------------+-------+------+----------------------------+


+-------------------------------------------------------------------------+
; Source assignments for debounce:inst9|lpm_add_sub:Add0|addcore:adder[1] ;
+---------------------------+-------+------+------------------------------+
; Assignment                ; Value ; From ; To                           ;
+---------------------------+-------+------+------------------------------+
; SUPPRESS_DA_RULE_INTERNAL ; A103  ; -    ; -                            ;
+---------------------------+-------+------+------------------------------+


+-------------------------------------------------------------------------+
; Source assignments for debounce:inst9|lpm_add_sub:Add0|addcore:adder[0] ;
+---------------------------+-------+------+------------------------------+
; Assignment                ; Value ; From ; To                           ;
+---------------------------+-------+------+------------------------------+
; SUPPRESS_DA_RULE_INTERNAL ; A103  ; -    ; -                            ;
+---------------------------+-------+------+------------------------------+


+-------------------------------------------------------------+
; Parameter Settings for User Entity Instance: debounce:inst9 ;
+----------------+-------+------------------------------------+
; Parameter Name ; Value ; Type                               ;
+----------------+-------+------------------------------------+
; counter_size   ; 15    ; Signed Integer                     ;
+----------------+-------+------------------------------------+
Note: In order to hide this table in the UI and the text report file, please set the "Show Parameter Settings Tables in Synthesis Report" option in "Analysis and Synthesis Settings -> More Settings" to "Off".


+-----------------------------------------------------------+
; Parameter Settings for User Entity Instance: clk_div:inst ;
+----------------+-------+----------------------------------+
; Parameter Name ; Value ; Type                             ;
+----------------+-------+----------------------------------+
; divider        ; 70    ; Signed Integer                   ;
+----------------+-------+----------------------------------+
Note: In order to hide this table in the UI and the text report file, please set the "Show Parameter Settings Tables in Synthesis Report" option in "Analysis and Synthesis Settings -> More Settings" to "Off".


+--------------------------------------------------------------------------------+
; Parameter Settings for Inferred Entity Instance: clk_div:inst|lpm_add_sub:Add0 ;
+------------------------+-------------+-----------------------------------------+
; Parameter Name         ; Value       ; Type                                    ;
+------------------------+-------------+-----------------------------------------+
; LPM_WIDTH              ; 32          ; Untyped                                 ;
; LPM_REPRESENTATION     ; UNSIGNED    ; Untyped                                 ;
; LPM_DIRECTION          ; ADD         ; Untyped                                 ;
; ONE_INPUT_IS_CONSTANT  ; YES         ; Untyped                                 ;
; LPM_PIPELINE           ; 0           ; Untyped                                 ;
; MAXIMIZE_SPEED         ; 5           ; Untyped                                 ;
; REGISTERED_AT_END      ; 0           ; Untyped                                 ;
; OPTIMIZE_FOR_SPEED     ; 9           ; Untyped                                 ;
; USE_CS_BUFFERS         ; 1           ; Untyped                                 ;
; CARRY_CHAIN            ; MANUAL      ; Untyped                                 ;
; CARRY_CHAIN_LENGTH     ; 48          ; CARRY_CHAIN_LENGTH                      ;
; DEVICE_FAMILY          ; MAX3000A    ; Untyped                                 ;
; USE_WYS                ; OFF         ; Untyped                                 ;
; STYLE                  ; FAST        ; Untyped                                 ;
; CBXI_PARAMETER         ; add_sub_loh ; Untyped                                 ;
; AUTO_CARRY_CHAINS      ; ON          ; AUTO_CARRY                              ;
; IGNORE_CARRY_BUFFERS   ; OFF         ; IGNORE_CARRY                            ;
; AUTO_CASCADE_CHAINS    ; ON          ; AUTO_CASCADE                            ;
; IGNORE_CASCADE_BUFFERS ; OFF         ; IGNORE_CASCADE                          ;
+------------------------+-------------+-----------------------------------------+
Note: In order to hide this table in the UI and the text report file, please set the "Show Parameter Settings Tables in Synthesis Report" option in "Analysis and Synthesis Settings -> More Settings" to "Off".


+----------------------------------------------------------------------------------+
; Parameter Settings for Inferred Entity Instance: debounce:inst9|lpm_add_sub:Add0 ;
+------------------------+-------------+-------------------------------------------+
; Parameter Name         ; Value       ; Type                                      ;
+------------------------+-------------+-------------------------------------------+
; LPM_WIDTH              ; 16          ; Untyped                                   ;
; LPM_REPRESENTATION     ; UNSIGNED    ; Untyped                                   ;
; LPM_DIRECTION          ; ADD         ; Untyped                                   ;
; ONE_INPUT_IS_CONSTANT  ; YES         ; Untyped                                   ;
; LPM_PIPELINE           ; 0           ; Untyped                                   ;
; MAXIMIZE_SPEED         ; 5           ; Untyped                                   ;
; REGISTERED_AT_END      ; 0           ; Untyped                                   ;
; OPTIMIZE_FOR_SPEED     ; 9           ; Untyped                                   ;
; USE_CS_BUFFERS         ; 1           ; Untyped                                   ;
; CARRY_CHAIN            ; MANUAL      ; Untyped                                   ;
; CARRY_CHAIN_LENGTH     ; 48          ; CARRY_CHAIN_LENGTH                        ;
; DEVICE_FAMILY          ; MAX3000A    ; Untyped                                   ;
; USE_WYS                ; OFF         ; Untyped                                   ;
; STYLE                  ; FAST        ; Untyped                                   ;
; CBXI_PARAMETER         ; add_sub_koh ; Untyped                                   ;
; AUTO_CARRY_CHAINS      ; ON          ; AUTO_CARRY                                ;
; IGNORE_CARRY_BUFFERS   ; OFF         ; IGNORE_CARRY                              ;
; AUTO_CASCADE_CHAINS    ; ON          ; AUTO_CASCADE                              ;
; IGNORE_CASCADE_BUFFERS ; OFF         ; IGNORE_CASCADE                            ;
+------------------------+-------------+-------------------------------------------+
Note: In order to hide this table in the UI and the text report file, please set the "Show Parameter Settings Tables in Synthesis Report" option in "Analysis and Synthesis Settings -> More Settings" to "Off".


+-------------------------------+
; Analysis & Synthesis Messages ;
+-------------------------------+
Info: *******************************************************************
Info: Running Quartus II Analysis & Synthesis
    Info: Version 9.1 Build 350 03/24/2010 Service Pack 2 SJ Web Edition
    Info: Processing started: Mon Sep 29 14:20:08 2014
Info: Command: quartus_map --read_settings_files=on --write_settings_files=off guitarEffects -c guitarEffects
Info: Found 2 design units, including 1 entities, in source file debounce.vhd
    Info: Found design unit 1: debounce-logic
    Info: Found entity 1: debounce
Info: Found 1 design units, including 1 entities, in source file gutiareffects.bdf
    Info: Found entity 1: gutiarEffects
Info: Found 2 design units, including 1 entities, in source file clk_div.vhd
    Info: Found design unit 1: clk_div-BHV
    Info: Found entity 1: clk_div
Info: Elaborating entity "gutiarEffects" for the top level hierarchy
Info: Elaborating entity "debounce" for hierarchy "debounce:inst9"
Info: Elaborating entity "clk_div" for hierarchy "clk_div:inst"
Info: Elaborating entity "XOR8" for hierarchy "XOR8:inst11"
Info: Elaborated megafunction instantiation "XOR8:inst11"
Info: Inferred 2 megafunctions from design logic
    Info: Inferred adder/subtractor megafunction ("lpm_add_sub") from the following logic: "clk_div:inst|Add0"
    Info: Inferred adder/subtractor megafunction ("lpm_add_sub") from the following logic: "debounce:inst9|Add0"
Info: Elaborated megafunction instantiation "clk_div:inst|lpm_add_sub:Add0"
Info: Instantiated megafunction "clk_div:inst|lpm_add_sub:Add0" with the following parameter:
    Info: Parameter "LPM_WIDTH" = "32"
    Info: Parameter "LPM_DIRECTION" = "ADD"
    Info: Parameter "LPM_REPRESENTATION" = "UNSIGNED"
    Info: Parameter "ONE_INPUT_IS_CONSTANT" = "YES"
Info: Elaborated megafunction instantiation "clk_div:inst|lpm_add_sub:Add0|addcore:adder[3]", which is child of megafunction instantiation "clk_div:inst|lpm_add_sub:Add0"
Info: Elaborated megafunction instantiation "clk_div:inst|lpm_add_sub:Add0|addcore:adder[3]|a_csnbuffer:oflow_node", which is child of megafunction instantiation "clk_div:inst|lpm_add_sub:Add0"
Info: Elaborated megafunction instantiation "clk_div:inst|lpm_add_sub:Add0|addcore:adder[3]|a_csnbuffer:result_node", which is child of megafunction instantiation "clk_div:inst|lpm_add_sub:Add0"
Info: Elaborated megafunction instantiation "clk_div:inst|lpm_add_sub:Add0|look_add:look_ahead_unit", which is child of megafunction instantiation "clk_div:inst|lpm_add_sub:Add0"
Info: Elaborated megafunction instantiation "clk_div:inst|lpm_add_sub:Add0|altshift:result_ext_latency_ffs", which is child of megafunction instantiation "clk_div:inst|lpm_add_sub:Add0"
Info: Elaborated megafunction instantiation "clk_div:inst|lpm_add_sub:Add0|altshift:carry_ext_latency_ffs", which is child of megafunction instantiation "clk_div:inst|lpm_add_sub:Add0"
Info: Elaborated megafunction instantiation "debounce:inst9|lpm_add_sub:Add0"
Info: Instantiated megafunction "debounce:inst9|lpm_add_sub:Add0" with the following parameter:
    Info: Parameter "LPM_WIDTH" = "16"
    Info: Parameter "LPM_DIRECTION" = "ADD"
    Info: Parameter "LPM_REPRESENTATION" = "UNSIGNED"
    Info: Parameter "ONE_INPUT_IS_CONSTANT" = "YES"
Info: Elaborated megafunction instantiation "debounce:inst9|lpm_add_sub:Add0|look_add:look_ahead_unit", which is child of megafunction instantiation "debounce:inst9|lpm_add_sub:Add0"
Info: Elaborated megafunction instantiation "debounce:inst9|lpm_add_sub:Add0|altshift:result_ext_latency_ffs", which is child of megafunction instantiation "debounce:inst9|lpm_add_sub:Add0"
Info: Ignored 48 buffer(s)
    Info: Ignored 48 SOFT buffer(s)
Info: Implemented 93 device resources after synthesis - the final resource count might be different
    Info: Implemented 9 input pins
    Info: Implemented 1 output pins
    Info: Implemented 66 macrocells
    Info: Implemented 17 shareable expanders
Info: Quartus II Analysis & Synthesis was successful. 0 errors, 0 warnings
    Info: Peak virtual memory: 239 megabytes
    Info: Processing ended: Mon Sep 29 14:20:10 2014
    Info: Elapsed time: 00:00:02
    Info: Total CPU time (on all processors): 00:00:02


